[PeriodicReload] Scheduled reload starting...
Carregando dados para API...
Carregando dados para API...
Applied Node Paradigm logic: Cities assigned to CIDADE column.
Applied Node Paradigm logic: Cities assigned to CIDADE column.
Carregados 16 lotes de eventos exógenos.
Aplicando eventos exógenos na malha...
Carregados 16 lotes de eventos exógenos.
Aplicando eventos exógenos na malha...
Malha adaptada: 25 modificações aplicadas.
Malha adaptada: 25 modificações aplicadas.
Carregando modelo UNIFICADO de /app/models/stgcn_model.pth...
Carregando modelo UNIFICADO de /app/models/stgcn_model.pth...
[PeriodicReload] Scheduled reload finished.
Enriching regions...
 * Serving Flask app 'app'
 * Debug mode: on
INFO:werkzeug:[31m[1mWARNING: This is a development server. Do not use it in a production deployment. Use a production WSGI server instead.[0m
 * Running on all addresses (0.0.0.0)
 * Running on http://127.0.0.1:5000
 * Running on http://192.168.0.2:5000
INFO:werkzeug:[33mPress CTRL+C to quit[0m
INFO:werkzeug: * Restarting with stat
WARNING:werkzeug: * Debugger is active!
INFO:werkzeug: * Debugger PIN: 410-907-091
INFO:werkzeug:127.0.0.1 - - [31/Jan/2026 23:32:59] "GET /api/risk HTTP/1.1" 200 -
