2026-02-13 20:05:04,148 INFO: --- INICIANDO LABORATÓRIO FORTALEZA (ESTRATÉGIA DINÂMICA) ---
2026-02-13 20:05:05,066 INFO: Base carregada: 138 bairros de Fortaleza | 1000 dias.
2026-02-13 20:05:53,165 INFO: EP 001 | P@10 Val: 0.1381 | Loss: 96.96 | 46.0s/ep
2026-02-13 20:05:53,181 INFO:   >>> RECORDE EM FORTALEZA: 0.1381
2026-02-13 20:06:38,322 INFO: EP 002 | P@10 Val: 0.1433 | Loss: 92.00 | 45.1s/ep
2026-02-13 20:06:38,332 INFO:   >>> RECORDE EM FORTALEZA: 0.1433
2026-02-13 20:07:26,175 INFO: EP 003 | P@10 Val: 0.1443 | Loss: 87.30 | 47.8s/ep
2026-02-13 20:07:26,191 INFO:   >>> RECORDE EM FORTALEZA: 0.1443
2026-02-13 20:08:11,820 INFO: EP 004 | P@10 Val: 0.1464 | Loss: 83.27 | 45.6s/ep
2026-02-13 20:08:11,831 INFO:   >>> RECORDE EM FORTALEZA: 0.1464
2026-02-13 20:08:53,949 INFO: EP 005 | P@10 Val: 0.1485 | Loss: 82.29 | 42.1s/ep
2026-02-13 20:08:53,951 INFO:   >>> RECORDE EM FORTALEZA: 0.1485
2026-02-13 20:09:31,582 INFO: EP 006 | P@10 Val: 0.1521 | Loss: 81.43 | 37.6s/ep
2026-02-13 20:09:31,590 INFO:   >>> RECORDE EM FORTALEZA: 0.1521
2026-02-13 20:09:55,072 INFO: EP 007 | P@10 Val: 0.1515 | Loss: 81.17 | 23.5s/ep
2026-02-13 20:10:19,177 INFO: EP 008 | P@10 Val: 0.1531 | Loss: 81.37 | 24.1s/ep
2026-02-13 20:10:19,179 INFO:   >>> RECORDE EM FORTALEZA: 0.1531
2026-02-13 20:10:44,598 INFO: EP 009 | P@10 Val: 0.1474 | Loss: 80.42 | 25.4s/ep
2026-02-13 20:11:11,843 INFO: EP 010 | P@10 Val: 0.1485 | Loss: 79.62 | 27.2s/ep
2026-02-13 20:11:39,407 INFO: EP 011 | P@10 Val: 0.1567 | Loss: 78.21 | 27.6s/ep
2026-02-13 20:11:39,415 INFO:   >>> RECORDE EM FORTALEZA: 0.1567
2026-02-13 20:12:06,780 INFO: EP 012 | P@10 Val: 0.1495 | Loss: 78.16 | 27.4s/ep
2026-02-13 20:12:26,825 INFO: --- INICIANDO LABORATÓRIO FORTALEZA (ESTRATÉGIA DINÂMICA) ---
2026-02-13 20:12:27,274 INFO: Base carregada: 121 bairros de Fortaleza | 1000 dias.
2026-02-13 20:12:54,819 INFO: EP 001 | P@10 Val: 0.0796 | Loss: 73.68 | 26.6s/ep
2026-02-13 20:12:54,834 INFO:   >>> RECORDE EM FORTALEZA: 0.0796
2026-02-13 20:13:24,116 INFO: EP 002 | P@10 Val: 0.0840 | Loss: 71.54 | 29.3s/ep
2026-02-13 20:13:24,116 INFO:   >>> RECORDE EM FORTALEZA: 0.0840
2026-02-13 20:13:53,057 INFO: EP 003 | P@10 Val: 0.0989 | Loss: 67.71 | 28.9s/ep
2026-02-13 20:13:53,057 INFO:   >>> RECORDE EM FORTALEZA: 0.0989
2026-02-13 20:14:21,839 INFO: EP 004 | P@10 Val: 0.1055 | Loss: 66.23 | 28.8s/ep
2026-02-13 20:14:21,839 INFO:   >>> RECORDE EM FORTALEZA: 0.1055
2026-02-13 20:14:50,960 INFO: EP 005 | P@10 Val: 0.1017 | Loss: 65.05 | 29.1s/ep
2026-02-13 20:15:20,253 INFO: EP 006 | P@10 Val: 0.1033 | Loss: 63.69 | 29.3s/ep
2026-02-13 20:15:51,051 INFO: EP 007 | P@10 Val: 0.1033 | Loss: 62.48 | 30.8s/ep
2026-02-13 20:16:20,438 INFO: EP 008 | P@10 Val: 0.1105 | Loss: 60.87 | 29.4s/ep
2026-02-13 20:16:20,454 INFO:   >>> RECORDE EM FORTALEZA: 0.1105
2026-02-13 20:16:50,202 INFO: EP 009 | P@10 Val: 0.1155 | Loss: 60.85 | 29.7s/ep
2026-02-13 20:16:50,202 INFO:   >>> RECORDE EM FORTALEZA: 0.1155
2026-02-13 20:17:20,133 INFO: EP 010 | P@10 Val: 0.1072 | Loss: 59.21 | 29.9s/ep
2026-02-13 20:17:49,767 INFO: EP 011 | P@10 Val: 0.1061 | Loss: 59.00 | 29.6s/ep
2026-02-13 20:18:22,015 INFO: EP 012 | P@10 Val: 0.1105 | Loss: 58.23 | 32.2s/ep
2026-02-13 20:18:52,112 INFO: EP 013 | P@10 Val: 0.1022 | Loss: 59.35 | 30.1s/ep
2026-02-13 20:19:22,917 INFO: EP 014 | P@10 Val: 0.1022 | Loss: 57.49 | 30.8s/ep
2026-02-13 20:19:53,781 INFO: EP 015 | P@10 Val: 0.0912 | Loss: 55.77 | 30.9s/ep
2026-02-13 20:20:27,031 INFO: EP 016 | P@10 Val: 0.0851 | Loss: 55.10 | 33.2s/ep
2026-02-13 20:21:01,002 INFO: EP 017 | P@10 Val: 0.0939 | Loss: 56.35 | 34.0s/ep
2026-02-13 20:21:33,554 INFO: EP 018 | P@10 Val: 0.0923 | Loss: 55.00 | 32.5s/ep
2026-02-13 20:22:06,419 INFO: EP 019 | P@10 Val: 0.0994 | Loss: 56.20 | 32.9s/ep
2026-02-13 20:22:39,959 INFO: EP 020 | P@10 Val: 0.0961 | Loss: 52.97 | 33.5s/ep
2026-02-13 20:23:13,537 INFO: EP 021 | P@10 Val: 0.0961 | Loss: 51.53 | 33.6s/ep
2026-02-13 20:23:47,318 INFO: EP 022 | P@10 Val: 0.0967 | Loss: 53.57 | 33.8s/ep
2026-02-13 20:24:21,640 INFO: EP 023 | P@10 Val: 0.0823 | Loss: 50.81 | 34.3s/ep
2026-02-13 20:24:56,814 INFO: EP 024 | P@10 Val: 0.0945 | Loss: 50.05 | 35.2s/ep
2026-02-13 20:25:32,430 INFO: EP 025 | P@10 Val: 0.0785 | Loss: 49.39 | 35.6s/ep
2026-02-13 20:26:07,470 INFO: EP 026 | P@10 Val: 0.0762 | Loss: 47.40 | 35.0s/ep
2026-02-13 20:26:42,242 INFO: EP 027 | P@10 Val: 0.0840 | Loss: 45.75 | 34.8s/ep
2026-02-13 20:27:16,873 INFO: EP 028 | P@10 Val: 0.0796 | Loss: 45.18 | 34.6s/ep
2026-02-13 20:27:51,749 INFO: EP 029 | P@10 Val: 0.0807 | Loss: 45.53 | 34.9s/ep
2026-02-13 20:28:26,879 INFO: EP 030 | P@10 Val: 0.0707 | Loss: 45.16 | 35.1s/ep
2026-02-13 20:28:59,442 INFO: EP 031 | P@10 Val: 0.0961 | Loss: 42.70 | 32.6s/ep
2026-02-13 20:29:31,548 INFO: EP 032 | P@10 Val: 0.0751 | Loss: 38.94 | 32.1s/ep
2026-02-13 20:30:01,624 INFO: EP 033 | P@10 Val: 0.0691 | Loss: 36.91 | 30.1s/ep
2026-02-13 20:30:31,437 INFO: EP 034 | P@10 Val: 0.0801 | Loss: 36.46 | 29.8s/ep
2026-02-13 20:31:00,184 INFO: EP 035 | P@10 Val: 0.0624 | Loss: 32.77 | 28.7s/ep
2026-02-13 20:31:29,591 INFO: EP 036 | P@10 Val: 0.0669 | Loss: 32.92 | 29.4s/ep
2026-02-13 20:32:01,245 INFO: EP 037 | P@10 Val: 0.0669 | Loss: 31.93 | 31.7s/ep
2026-02-13 20:32:34,795 INFO: EP 038 | P@10 Val: 0.0740 | Loss: 32.31 | 33.5s/ep
2026-02-13 20:33:08,405 INFO: EP 039 | P@10 Val: 0.0707 | Loss: 31.48 | 33.6s/ep
2026-02-13 20:33:42,063 INFO: EP 040 | P@10 Val: 0.0718 | Loss: 31.96 | 33.7s/ep
2026-02-13 20:34:15,446 INFO: EP 041 | P@10 Val: 0.0807 | Loss: 30.47 | 33.4s/ep
2026-02-13 20:34:49,293 INFO: EP 042 | P@10 Val: 0.0685 | Loss: 25.80 | 33.8s/ep
2026-02-13 20:35:22,911 INFO: EP 043 | P@10 Val: 0.0718 | Loss: 26.99 | 33.6s/ep
2026-02-13 20:35:57,156 INFO: EP 044 | P@10 Val: 0.0779 | Loss: 24.32 | 34.2s/ep
2026-02-13 20:36:30,855 INFO: EP 045 | P@10 Val: 0.0746 | Loss: 24.93 | 33.7s/ep
2026-02-13 20:37:04,337 INFO: EP 046 | P@10 Val: 0.0823 | Loss: 23.23 | 33.5s/ep
2026-02-13 20:37:38,728 INFO: EP 047 | P@10 Val: 0.0696 | Loss: 23.12 | 34.4s/ep
2026-02-13 20:38:12,120 INFO: EP 048 | P@10 Val: 0.0834 | Loss: 21.25 | 33.4s/ep
2026-02-13 20:38:45,460 INFO: EP 049 | P@10 Val: 0.0624 | Loss: 18.47 | 33.3s/ep
2026-02-13 20:39:18,944 INFO: EP 050 | P@10 Val: 0.0707 | Loss: 21.31 | 33.5s/ep
2026-02-13 20:39:52,984 INFO: EP 051 | P@10 Val: 0.0785 | Loss: 18.74 | 34.0s/ep
2026-02-13 20:40:27,455 INFO: EP 052 | P@10 Val: 0.0707 | Loss: 19.62 | 34.5s/ep
2026-02-13 20:41:00,649 INFO: EP 053 | P@10 Val: 0.0807 | Loss: 19.36 | 33.2s/ep
2026-02-13 20:41:34,424 INFO: EP 054 | P@10 Val: 0.0608 | Loss: 17.34 | 33.8s/ep
2026-02-13 20:42:08,397 INFO: EP 055 | P@10 Val: 0.0740 | Loss: 15.72 | 34.0s/ep
2026-02-13 20:42:42,533 INFO: EP 056 | P@10 Val: 0.0713 | Loss: 18.29 | 34.1s/ep
2026-02-13 20:43:16,993 INFO: EP 057 | P@10 Val: 0.0724 | Loss: 14.25 | 34.5s/ep
2026-02-13 20:43:51,322 INFO: EP 058 | P@10 Val: 0.0591 | Loss: 12.63 | 34.3s/ep
2026-02-13 20:44:25,712 INFO: EP 059 | P@10 Val: 0.0613 | Loss: 13.14 | 34.4s/ep
2026-02-13 20:45:00,440 INFO: EP 060 | P@10 Val: 0.0646 | Loss: 13.11 | 34.7s/ep
2026-02-13 20:45:34,334 INFO: EP 061 | P@10 Val: 0.0757 | Loss: 13.21 | 33.9s/ep
2026-02-13 20:46:08,032 INFO: EP 062 | P@10 Val: 0.0696 | Loss: 15.37 | 33.7s/ep
2026-02-13 20:46:41,978 INFO: EP 063 | P@10 Val: 0.0702 | Loss: 11.82 | 33.9s/ep
2026-02-13 20:47:16,201 INFO: EP 064 | P@10 Val: 0.0746 | Loss: 10.52 | 34.2s/ep
2026-02-13 20:47:49,971 INFO: EP 065 | P@10 Val: 0.0691 | Loss: 11.42 | 33.8s/ep
2026-02-13 20:48:23,616 INFO: EP 066 | P@10 Val: 0.0729 | Loss: 10.27 | 33.6s/ep
2026-02-13 20:48:57,391 INFO: EP 067 | P@10 Val: 0.0729 | Loss: 10.30 | 33.8s/ep
2026-02-13 20:49:32,053 INFO: EP 068 | P@10 Val: 0.0702 | Loss: 8.95 | 34.7s/ep
2026-02-13 20:50:06,495 INFO: EP 069 | P@10 Val: 0.0624 | Loss: 9.33 | 34.4s/ep
2026-02-13 20:50:41,070 INFO: EP 070 | P@10 Val: 0.0624 | Loss: 8.43 | 34.6s/ep
2026-02-13 20:51:15,157 INFO: EP 071 | P@10 Val: 0.0751 | Loss: 8.28 | 34.1s/ep
2026-02-13 20:51:49,514 INFO: EP 072 | P@10 Val: 0.0707 | Loss: 7.18 | 34.4s/ep
2026-02-13 20:52:23,576 INFO: EP 073 | P@10 Val: 0.0635 | Loss: 7.16 | 34.1s/ep
2026-02-13 20:52:58,134 INFO: EP 074 | P@10 Val: 0.0669 | Loss: 5.62 | 34.6s/ep
2026-02-13 20:53:32,504 INFO: EP 075 | P@10 Val: 0.0707 | Loss: 5.10 | 34.4s/ep
2026-02-13 20:54:06,852 INFO: EP 076 | P@10 Val: 0.0669 | Loss: 5.13 | 34.3s/ep
2026-02-13 20:54:41,815 INFO: EP 077 | P@10 Val: 0.0657 | Loss: 4.54 | 35.0s/ep
2026-02-13 20:55:17,000 INFO: EP 078 | P@10 Val: 0.0619 | Loss: 4.62 | 35.2s/ep
2026-02-13 20:55:52,064 INFO: EP 079 | P@10 Val: 0.0630 | Loss: 4.61 | 35.1s/ep
2026-02-13 20:56:26,824 INFO: EP 080 | P@10 Val: 0.0657 | Loss: 5.44 | 34.8s/ep
2026-02-13 20:57:02,176 INFO: EP 081 | P@10 Val: 0.0624 | Loss: 4.31 | 35.4s/ep
2026-02-13 20:57:36,980 INFO: EP 082 | P@10 Val: 0.0641 | Loss: 4.10 | 34.8s/ep
2026-02-13 20:58:11,379 INFO: EP 083 | P@10 Val: 0.0602 | Loss: 4.71 | 34.4s/ep
2026-02-13 20:58:47,327 INFO: EP 084 | P@10 Val: 0.0624 | Loss: 3.84 | 35.9s/ep
2026-02-13 20:59:22,587 INFO: EP 085 | P@10 Val: 0.0624 | Loss: 4.32 | 35.3s/ep
2026-02-13 20:59:57,721 INFO: EP 086 | P@10 Val: 0.0602 | Loss: 4.13 | 35.1s/ep
2026-02-13 21:00:34,870 INFO: EP 087 | P@10 Val: 0.0608 | Loss: 4.12 | 37.1s/ep
2026-02-13 21:01:09,843 INFO: EP 088 | P@10 Val: 0.0630 | Loss: 3.39 | 35.0s/ep
2026-02-13 21:01:46,151 INFO: EP 089 | P@10 Val: 0.0624 | Loss: 4.21 | 36.3s/ep
2026-02-13 21:02:23,607 INFO: EP 090 | P@10 Val: 0.0619 | Loss: 3.59 | 37.5s/ep
2026-02-13 21:02:57,918 INFO: EP 091 | P@10 Val: 0.0624 | Loss: 3.86 | 34.3s/ep
2026-02-13 21:03:32,405 INFO: EP 092 | P@10 Val: 0.0635 | Loss: 3.45 | 34.5s/ep
2026-02-13 21:04:07,235 INFO: EP 093 | P@10 Val: 0.0630 | Loss: 3.73 | 34.8s/ep
2026-02-13 21:04:44,062 INFO: EP 094 | P@10 Val: 0.0630 | Loss: 3.59 | 36.8s/ep
2026-02-13 21:05:25,235 INFO: EP 095 | P@10 Val: 0.0624 | Loss: 3.93 | 41.2s/ep
2026-02-13 21:06:10,948 INFO: EP 096 | P@10 Val: 0.0624 | Loss: 3.42 | 45.7s/ep
2026-02-13 21:06:45,422 INFO: EP 097 | P@10 Val: 0.0619 | Loss: 3.84 | 34.5s/ep
2026-02-13 21:07:19,361 INFO: EP 098 | P@10 Val: 0.0613 | Loss: 4.07 | 33.9s/ep
2026-02-13 21:07:52,631 INFO: EP 099 | P@10 Val: 0.0608 | Loss: 3.69 | 33.3s/ep
2026-02-13 21:08:33,200 INFO: EP 100 | P@10 Val: 0.0613 | Loss: 4.20 | 40.6s/ep
2026-02-13 21:11:24,341 INFO: --- INICIANDO LABORATÓRIO DE PULSO (CONTRASTE DIA BOM VS DIA RUIM) ---
2026-02-13 21:11:57,885 INFO: EP 001 | Taxa de Captura: 29.37% | Loss: 70.14 | 32.1s/ep
2026-02-13 21:11:57,901 INFO:   >>> NOVO RECORDE DE CAPTURA (PULSO): 29.37%
2026-02-13 21:12:29,772 INFO: EP 002 | Taxa de Captura: 34.77% | Loss: 64.99 | 31.9s/ep
2026-02-13 21:12:29,780 INFO:   >>> NOVO RECORDE DE CAPTURA (PULSO): 34.77%
2026-02-13 21:13:02,040 INFO: EP 003 | Taxa de Captura: 32.79% | Loss: 63.01 | 32.3s/ep
2026-02-13 21:13:31,596 INFO: EP 004 | Taxa de Captura: 35.20% | Loss: 59.29 | 29.6s/ep
2026-02-13 21:13:31,600 INFO:   >>> NOVO RECORDE DE CAPTURA (PULSO): 35.20%
2026-02-13 21:14:01,927 INFO: EP 005 | Taxa de Captura: 34.94% | Loss: 53.73 | 30.3s/ep
2026-02-13 21:14:34,027 INFO: EP 006 | Taxa de Captura: 36.36% | Loss: 51.75 | 32.1s/ep
2026-02-13 21:14:34,036 INFO:   >>> NOVO RECORDE DE CAPTURA (PULSO): 36.36%
2026-02-13 21:15:05,977 INFO: EP 007 | Taxa de Captura: 36.90% | Loss: 50.29 | 31.9s/ep
2026-02-13 21:15:05,986 INFO:   >>> NOVO RECORDE DE CAPTURA (PULSO): 36.90%
2026-02-13 21:15:38,629 INFO: EP 008 | Taxa de Captura: 39.19% | Loss: 48.35 | 32.6s/ep
2026-02-13 21:15:38,639 INFO:   >>> NOVO RECORDE DE CAPTURA (PULSO): 39.19%
2026-02-13 21:16:11,297 INFO: EP 009 | Taxa de Captura: 40.93% | Loss: 45.86 | 32.7s/ep
2026-02-13 21:16:11,306 INFO:   >>> NOVO RECORDE DE CAPTURA (PULSO): 40.93%
2026-02-13 21:16:43,972 INFO: EP 010 | Taxa de Captura: 38.68% | Loss: 43.16 | 32.7s/ep
2026-02-13 21:17:16,447 INFO: EP 011 | Taxa de Captura: 42.48% | Loss: 47.02 | 32.5s/ep
2026-02-13 21:17:16,457 INFO:   >>> NOVO RECORDE DE CAPTURA (PULSO): 42.48%
2026-02-13 21:17:49,480 INFO: EP 012 | Taxa de Captura: 41.96% | Loss: 43.63 | 33.0s/ep
2026-02-13 21:18:22,659 INFO: EP 013 | Taxa de Captura: 39.95% | Loss: 43.54 | 33.2s/ep
2026-02-13 21:18:56,072 INFO: EP 014 | Taxa de Captura: 39.94% | Loss: 41.38 | 33.4s/ep
2026-02-13 21:19:30,223 INFO: EP 015 | Taxa de Captura: 39.25% | Loss: 43.61 | 34.1s/ep
2026-02-13 21:20:05,836 INFO: EP 016 | Taxa de Captura: 39.03% | Loss: 44.09 | 35.6s/ep
2026-02-13 21:20:40,743 INFO: EP 017 | Taxa de Captura: 41.43% | Loss: 40.23 | 34.9s/ep
2026-02-13 21:21:15,492 INFO: EP 018 | Taxa de Captura: 39.87% | Loss: 41.04 | 34.7s/ep
2026-02-13 21:21:50,399 INFO: EP 019 | Taxa de Captura: 37.08% | Loss: 40.20 | 34.9s/ep
2026-02-13 21:22:25,478 INFO: EP 020 | Taxa de Captura: 39.79% | Loss: 40.17 | 35.1s/ep
2026-02-13 21:23:01,031 INFO: EP 021 | Taxa de Captura: 37.85% | Loss: 40.69 | 35.6s/ep
2026-02-13 21:23:37,436 INFO: EP 022 | Taxa de Captura: 41.28% | Loss: 38.69 | 36.4s/ep
2026-02-13 21:24:13,933 INFO: EP 023 | Taxa de Captura: 38.82% | Loss: 38.93 | 36.5s/ep
2026-02-13 21:24:51,016 INFO: EP 024 | Taxa de Captura: 35.75% | Loss: 40.12 | 37.1s/ep
2026-02-13 21:25:27,664 INFO: EP 025 | Taxa de Captura: 40.99% | Loss: 41.23 | 36.6s/ep
2026-02-13 21:26:05,071 INFO: EP 026 | Taxa de Captura: 37.92% | Loss: 37.35 | 37.4s/ep
2026-02-13 21:26:42,204 INFO: EP 027 | Taxa de Captura: 37.06% | Loss: 39.68 | 37.1s/ep
2026-02-13 21:27:19,246 INFO: EP 028 | Taxa de Captura: 40.97% | Loss: 36.09 | 37.0s/ep
2026-02-13 21:27:56,727 INFO: EP 029 | Taxa de Captura: 38.89% | Loss: 37.99 | 37.5s/ep
2026-02-13 21:28:33,219 INFO: EP 030 | Taxa de Captura: 40.43% | Loss: 35.85 | 36.5s/ep
2026-02-13 21:29:09,993 INFO: EP 031 | Taxa de Captura: 39.21% | Loss: 37.01 | 36.8s/ep
2026-02-13 21:29:46,880 INFO: EP 032 | Taxa de Captura: 34.26% | Loss: 37.19 | 36.9s/ep
2026-02-13 21:30:26,326 INFO: EP 033 | Taxa de Captura: 39.24% | Loss: 33.88 | 39.4s/ep
2026-02-13 21:31:04,379 INFO: EP 034 | Taxa de Captura: 39.39% | Loss: 35.28 | 38.1s/ep
2026-02-13 21:31:44,201 INFO: EP 035 | Taxa de Captura: 34.37% | Loss: 31.95 | 39.8s/ep
2026-02-13 21:32:30,856 INFO: EP 036 | Taxa de Captura: 34.83% | Loss: 32.93 | 46.7s/ep
2026-02-13 21:33:15,997 INFO: EP 037 | Taxa de Captura: 35.13% | Loss: 30.92 | 45.1s/ep
2026-02-13 21:33:56,961 INFO: EP 038 | Taxa de Captura: 30.63% | Loss: 30.24 | 41.0s/ep
2026-02-13 21:34:36,057 INFO: EP 039 | Taxa de Captura: 35.39% | Loss: 30.19 | 39.1s/ep
2026-02-13 21:35:13,377 INFO: EP 040 | Taxa de Captura: 34.71% | Loss: 30.67 | 37.3s/ep
2026-02-13 21:35:51,501 INFO: EP 041 | Taxa de Captura: 32.56% | Loss: 29.37 | 38.1s/ep
2026-02-13 21:36:43,056 INFO: EP 042 | Taxa de Captura: 35.41% | Loss: 27.35 | 51.6s/ep
2026-02-13 21:38:43,918 INFO: EP 043 | Taxa de Captura: 34.41% | Loss: 27.52 | 120.9s/ep
2026-02-13 21:41:16,663 INFO: EP 044 | Taxa de Captura: 31.66% | Loss: 28.67 | 152.7s/ep
2026-02-13 21:42:17,552 INFO: EP 045 | Taxa de Captura: 36.34% | Loss: 26.01 | 60.9s/ep
2026-02-13 21:43:44,328 INFO: EP 046 | Taxa de Captura: 35.78% | Loss: 26.79 | 86.8s/ep
2026-02-13 21:45:15,768 INFO: EP 047 | Taxa de Captura: 34.89% | Loss: 24.73 | 91.4s/ep
2026-02-13 21:46:14,222 INFO: EP 048 | Taxa de Captura: 32.82% | Loss: 23.74 | 58.5s/ep
2026-02-13 21:47:11,567 INFO: EP 049 | Taxa de Captura: 33.03% | Loss: 25.78 | 57.3s/ep
2026-02-13 21:48:15,191 INFO: EP 050 | Taxa de Captura: 35.85% | Loss: 22.96 | 63.6s/ep
2026-02-13 21:49:19,986 INFO: EP 051 | Taxa de Captura: 35.64% | Loss: 23.62 | 64.8s/ep
2026-02-13 21:49:56,545 INFO: --- INICIANDO LABORATÓRIO DE PULSO (CONTRASTE DIA BOM VS DIA RUIM) ---
2026-02-13 21:51:33,262 INFO: EP 001 | Taxa de Captura: 33.92% | Loss: 71.35 | 93.8s/ep
2026-02-13 21:51:33,300 INFO:   >>> NOVO RECORDE DE CAPTURA (PULSO): 33.92%
2026-02-13 21:54:05,794 INFO: EP 002 | Taxa de Captura: 34.32% | Loss: 67.13 | 152.5s/ep
2026-02-13 21:54:05,810 INFO:   >>> NOVO RECORDE DE CAPTURA (PULSO): 34.32%
2026-02-13 21:56:41,629 INFO: EP 003 | Taxa de Captura: 38.91% | Loss: 64.39 | 155.8s/ep
2026-02-13 21:56:41,645 INFO:   >>> NOVO RECORDE DE CAPTURA (PULSO): 38.91%
2026-02-13 21:59:14,286 INFO: EP 004 | Taxa de Captura: 38.25% | Loss: 60.70 | 152.6s/ep
2026-02-13 22:01:48,014 INFO: EP 005 | Taxa de Captura: 41.84% | Loss: 56.84 | 153.7s/ep
2026-02-13 22:01:48,028 INFO:   >>> NOVO RECORDE DE CAPTURA (PULSO): 41.84%
2026-02-13 22:04:24,662 INFO: EP 006 | Taxa de Captura: 37.57% | Loss: 56.19 | 156.6s/ep
2026-02-13 22:07:00,418 INFO: EP 007 | Taxa de Captura: 40.54% | Loss: 52.86 | 155.8s/ep
2026-02-13 22:09:34,071 INFO: EP 008 | Taxa de Captura: 41.76% | Loss: 52.15 | 153.7s/ep
2026-02-13 22:12:11,284 INFO: EP 009 | Taxa de Captura: 38.97% | Loss: 48.70 | 157.2s/ep
2026-02-13 22:14:47,190 INFO: EP 010 | Taxa de Captura: 38.10% | Loss: 48.48 | 155.9s/ep
2026-02-13 22:17:22,500 INFO: EP 011 | Taxa de Captura: 42.70% | Loss: 48.01 | 155.3s/ep
2026-02-13 22:17:22,525 INFO:   >>> NOVO RECORDE DE CAPTURA (PULSO): 42.70%
2026-02-13 22:19:58,690 INFO: EP 012 | Taxa de Captura: 40.62% | Loss: 45.66 | 156.2s/ep
2026-02-13 22:22:36,789 INFO: EP 013 | Taxa de Captura: 40.33% | Loss: 48.15 | 158.1s/ep
2026-02-13 22:25:11,086 INFO: EP 014 | Taxa de Captura: 40.29% | Loss: 48.90 | 154.3s/ep
2026-02-13 22:27:47,730 INFO: EP 015 | Taxa de Captura: 40.82% | Loss: 47.78 | 156.6s/ep
2026-02-13 22:30:21,457 INFO: EP 016 | Taxa de Captura: 42.13% | Loss: 45.37 | 153.7s/ep
2026-02-13 22:33:00,365 INFO: EP 017 | Taxa de Captura: 39.34% | Loss: 41.29 | 158.9s/ep
2026-02-13 22:35:34,119 INFO: EP 018 | Taxa de Captura: 40.93% | Loss: 43.06 | 153.8s/ep
2026-02-13 22:38:14,633 INFO: EP 019 | Taxa de Captura: 37.43% | Loss: 44.93 | 160.5s/ep
2026-02-13 22:40:51,721 INFO: EP 020 | Taxa de Captura: 40.96% | Loss: 40.96 | 157.1s/ep
2026-02-13 22:43:26,303 INFO: EP 021 | Taxa de Captura: 40.05% | Loss: 40.89 | 154.6s/ep
2026-02-13 22:46:04,736 INFO: EP 022 | Taxa de Captura: 40.15% | Loss: 44.55 | 158.4s/ep
2026-02-13 22:48:37,083 INFO: EP 023 | Taxa de Captura: 39.67% | Loss: 41.49 | 152.3s/ep
2026-02-13 22:51:11,401 INFO: EP 024 | Taxa de Captura: 36.17% | Loss: 42.31 | 154.3s/ep
2026-02-13 22:53:45,935 INFO: EP 025 | Taxa de Captura: 40.19% | Loss: 40.21 | 154.5s/ep
2026-02-13 22:56:18,016 INFO: EP 026 | Taxa de Captura: 38.80% | Loss: 36.23 | 152.1s/ep
2026-02-13 22:57:24,569 INFO: EP 027 | Taxa de Captura: 33.11% | Loss: 36.78 | 66.5s/ep
2026-02-13 22:58:00,416 INFO: EP 028 | Taxa de Captura: 34.77% | Loss: 38.39 | 35.8s/ep
2026-02-13 22:58:34,983 INFO: EP 029 | Taxa de Captura: 38.51% | Loss: 39.76 | 34.6s/ep
2026-02-13 22:59:07,144 INFO: EP 030 | Taxa de Captura: 36.72% | Loss: 37.45 | 32.2s/ep
2026-02-13 22:59:39,278 INFO: EP 031 | Taxa de Captura: 36.73% | Loss: 38.75 | 32.1s/ep
2026-02-13 23:00:12,015 INFO: EP 032 | Taxa de Captura: 35.70% | Loss: 36.91 | 32.7s/ep
2026-02-13 23:00:47,619 INFO: EP 033 | Taxa de Captura: 33.18% | Loss: 36.00 | 35.6s/ep
2026-02-13 23:01:22,534 INFO: EP 034 | Taxa de Captura: 38.08% | Loss: 33.59 | 34.9s/ep
2026-02-13 23:01:56,182 INFO: EP 035 | Taxa de Captura: 38.41% | Loss: 34.29 | 33.6s/ep
2026-02-13 23:02:30,109 INFO: EP 036 | Taxa de Captura: 37.02% | Loss: 32.78 | 33.9s/ep
2026-02-13 23:03:03,995 INFO: EP 037 | Taxa de Captura: 34.72% | Loss: 33.80 | 33.9s/ep
2026-02-13 23:03:38,217 INFO: EP 038 | Taxa de Captura: 32.91% | Loss: 29.35 | 34.2s/ep
2026-02-13 23:04:12,899 INFO: EP 039 | Taxa de Captura: 35.61% | Loss: 33.89 | 34.7s/ep
2026-02-13 23:04:48,161 INFO: EP 040 | Taxa de Captura: 36.35% | Loss: 32.80 | 35.3s/ep
2026-02-13 23:05:25,854 INFO: EP 041 | Taxa de Captura: 35.95% | Loss: 29.70 | 37.7s/ep
2026-02-13 23:06:04,404 INFO: EP 042 | Taxa de Captura: 33.87% | Loss: 30.10 | 38.5s/ep
2026-02-13 23:06:23,082 INFO: --- INICIANDO TREINO DE REGIME (PRIORIDADE 2024-2026) ---
2026-02-13 23:07:08,728 INFO: EP 001 | Recall (Recente): 23.26% | Loss: 217.63 | 44.2s/ep
2026-02-13 23:07:08,742 INFO:   >>> NOVO RECORDE (REGIME ATUAL): 23.26%
2026-02-13 23:07:57,214 INFO: EP 002 | Recall (Recente): 39.24% | Loss: 210.32 | 48.5s/ep
2026-02-13 23:07:57,225 INFO:   >>> NOVO RECORDE (REGIME ATUAL): 39.24%
2026-02-13 23:08:39,931 INFO: EP 003 | Recall (Recente): 57.64% | Loss: 195.75 | 42.7s/ep
2026-02-13 23:08:39,942 INFO:   >>> NOVO RECORDE (REGIME ATUAL): 57.64%
2026-02-13 23:09:22,684 INFO: EP 004 | Recall (Recente): 64.24% | Loss: 185.96 | 42.7s/ep
2026-02-13 23:09:22,695 INFO:   >>> NOVO RECORDE (REGIME ATUAL): 64.24%
2026-02-13 23:10:06,833 INFO: EP 005 | Recall (Recente): 59.03% | Loss: 178.17 | 44.1s/ep
2026-02-13 23:10:56,908 INFO: EP 006 | Recall (Recente): 70.14% | Loss: 167.71 | 50.1s/ep
2026-02-13 23:10:56,917 INFO:   >>> NOVO RECORDE (REGIME ATUAL): 70.14%
2026-02-13 23:11:46,594 INFO: EP 007 | Recall (Recente): 75.35% | Loss: 146.96 | 49.7s/ep
2026-02-13 23:11:46,610 INFO:   >>> NOVO RECORDE (REGIME ATUAL): 75.35%
2026-02-13 23:12:35,683 INFO: EP 008 | Recall (Recente): 71.18% | Loss: 151.49 | 49.1s/ep
2026-02-13 23:13:44,276 INFO: EP 009 | Recall (Recente): 70.83% | Loss: 146.11 | 68.6s/ep
2026-02-13 23:14:42,604 INFO: EP 010 | Recall (Recente): 61.46% | Loss: 128.04 | 58.3s/ep
2026-02-13 23:15:35,923 INFO: EP 011 | Recall (Recente): 61.81% | Loss: 117.44 | 53.3s/ep
2026-02-13 23:16:28,920 INFO: EP 012 | Recall (Recente): 57.64% | Loss: 118.43 | 53.0s/ep
