2026-02-23 09:00:35,693 [INFO] 🚀 INICIANDO TREINO DE 'PENEIRA QUENTE' (APENAS MESES > 60 CRIMES)
2026-02-23 09:00:35,694 [INFO]    Amostras Criticas: 731 dias | Foco: Detectar Picos
2026-02-23 09:00:48,086 [INFO]    [Epoch 01] Step 100/555 | Loss: 3.490531
2026-02-23 09:00:58,040 [INFO]    [Epoch 01] Step 200/555 | Loss: 0.212763
2026-02-23 09:01:07,010 [INFO]    [Epoch 01] Step 300/555 | Loss: 0.214943
2026-02-23 09:01:16,908 [INFO]    [Epoch 01] Step 400/555 | Loss: 0.084787
2026-02-23 09:01:25,816 [INFO]    [Epoch 01] Step 500/555 | Loss: 0.074486
2026-02-23 09:01:37,245 [INFO] 📈 EPOCH 01 FINAL | Loss: 3.956932 | Recall@40: 51.6%
2026-02-23 09:01:37,266 [INFO] 🏆 NOVO RECORDE UNIVERSAL: Recall@40 = 51.6%
2026-02-23 09:01:48,262 [INFO]    [Epoch 02] Step 100/555 | Loss: 0.074497
2026-02-23 09:01:58,724 [INFO]    [Epoch 02] Step 200/555 | Loss: 0.310295
2026-02-23 09:02:10,195 [INFO]    [Epoch 02] Step 300/555 | Loss: 0.295333
2026-02-23 09:02:22,428 [INFO]    [Epoch 02] Step 400/555 | Loss: 0.267729
2026-02-23 09:02:32,180 [INFO]    [Epoch 02] Step 500/555 | Loss: 0.239206
2026-02-23 09:02:41,823 [INFO] 📈 EPOCH 02 FINAL | Loss: 0.386388 | Recall@40: 28.2%
2026-02-23 09:02:51,061 [INFO]    [Epoch 03] Step 100/555 | Loss: 0.166108
2026-02-23 09:03:00,888 [INFO]    [Epoch 03] Step 200/555 | Loss: 0.141888
2026-02-23 09:03:10,603 [INFO]    [Epoch 03] Step 300/555 | Loss: 0.150752
2026-02-23 09:03:20,092 [INFO]    [Epoch 03] Step 400/555 | Loss: 0.149579
2026-02-23 09:03:29,862 [INFO]    [Epoch 03] Step 500/555 | Loss: 0.143658
2026-02-23 09:03:40,010 [INFO] 📈 EPOCH 03 FINAL | Loss: 0.161470 | Recall@40: 28.2%
2026-02-23 09:03:51,452 [INFO]    [Epoch 04] Step 100/555 | Loss: 0.145909
2026-02-23 09:04:01,810 [INFO]    [Epoch 04] Step 200/555 | Loss: 0.145309
2026-02-23 09:04:12,467 [INFO]    [Epoch 04] Step 300/555 | Loss: 0.147674
2026-02-23 09:04:24,170 [INFO]    [Epoch 04] Step 400/555 | Loss: 0.150083
2026-02-23 09:04:34,611 [INFO]    [Epoch 04] Step 500/555 | Loss: 0.156947
2026-02-23 09:04:45,617 [INFO] 📈 EPOCH 04 FINAL | Loss: 0.193410 | Recall@40: 28.2%
2026-02-23 09:04:56,256 [INFO]    [Epoch 05] Step 100/555 | Loss: 0.141861
2026-02-23 09:05:06,501 [INFO]    [Epoch 05] Step 200/555 | Loss: 0.135893
2026-02-23 09:05:17,580 [INFO]    [Epoch 05] Step 300/555 | Loss: 0.145922
2026-02-23 09:05:27,211 [INFO]    [Epoch 05] Step 400/555 | Loss: 0.156713
2026-02-23 09:05:37,049 [INFO]    [Epoch 05] Step 500/555 | Loss: 0.135929
2026-02-23 09:05:47,652 [INFO] 📈 EPOCH 05 FINAL | Loss: 0.145701 | Recall@40: 28.2%
2026-02-23 09:06:01,423 [INFO]    [Epoch 06] Step 100/555 | Loss: 0.136817
2026-02-23 09:06:12,480 [INFO]    [Epoch 06] Step 200/555 | Loss: 0.151190
2026-02-23 09:06:22,189 [INFO]    [Epoch 06] Step 300/555 | Loss: 0.140599
2026-02-23 09:06:32,381 [INFO]    [Epoch 06] Step 400/555 | Loss: 0.146681
2026-02-23 09:06:42,097 [INFO]    [Epoch 06] Step 500/555 | Loss: 0.141633
2026-02-23 09:06:52,668 [INFO] 📈 EPOCH 06 FINAL | Loss: 0.208574 | Recall@40: 28.2%
2026-02-23 09:07:02,346 [INFO]    [Epoch 07] Step 100/555 | Loss: 0.139132
2026-02-23 09:07:12,242 [INFO]    [Epoch 07] Step 200/555 | Loss: 0.143200
2026-02-23 09:07:21,928 [INFO]    [Epoch 07] Step 300/555 | Loss: 0.135987
2026-02-23 09:07:33,237 [INFO]    [Epoch 07] Step 400/555 | Loss: 0.143993
2026-02-23 09:07:42,640 [INFO]    [Epoch 07] Step 500/555 | Loss: 0.141508
2026-02-23 09:07:52,241 [INFO] 📈 EPOCH 07 FINAL | Loss: 0.145240 | Recall@40: 28.2%
2026-02-23 09:08:01,780 [INFO]    [Epoch 08] Step 100/555 | Loss: 0.137207
2026-02-23 09:08:15,110 [INFO]    [Epoch 08] Step 200/555 | Loss: 0.148603
2026-02-23 09:08:24,793 [INFO]    [Epoch 08] Step 300/555 | Loss: 0.146630
2026-02-23 09:08:34,748 [INFO]    [Epoch 08] Step 400/555 | Loss: 0.150113
2026-02-23 09:08:44,448 [INFO]    [Epoch 08] Step 500/555 | Loss: 0.146223
2026-02-23 09:08:54,645 [INFO] 📈 EPOCH 08 FINAL | Loss: 0.145203 | Recall@40: 28.2%
2026-02-23 09:09:04,205 [INFO]    [Epoch 09] Step 100/555 | Loss: 0.135992
2026-02-23 09:09:14,618 [INFO]    [Epoch 09] Step 200/555 | Loss: 0.142091
2026-02-23 09:09:24,084 [INFO]    [Epoch 09] Step 300/555 | Loss: 0.136573
2026-02-23 09:09:35,630 [INFO]    [Epoch 09] Step 400/555 | Loss: 0.141461
2026-02-23 09:09:45,569 [INFO]    [Epoch 09] Step 500/555 | Loss: 0.147767
2026-02-23 09:09:56,154 [INFO] 📈 EPOCH 09 FINAL | Loss: 0.145153 | Recall@40: 28.2%
2026-02-23 09:10:07,521 [INFO]    [Epoch 10] Step 100/555 | Loss: 0.140052
2026-02-23 09:10:24,716 [INFO]    [Epoch 10] Step 200/555 | Loss: 0.145388
2026-02-23 09:10:35,911 [INFO]    [Epoch 10] Step 300/555 | Loss: 0.142276
2026-02-23 09:10:45,592 [INFO]    [Epoch 10] Step 400/555 | Loss: 0.155675
2026-02-23 09:10:55,181 [INFO]    [Epoch 10] Step 500/555 | Loss: 0.149703
2026-02-23 09:11:04,737 [INFO] 📈 EPOCH 10 FINAL | Loss: 0.145185 | Recall@40: 28.2%
2026-02-23 09:11:15,235 [INFO]    [Epoch 11] Step 100/555 | Loss: 0.136127
2026-02-23 09:11:24,993 [INFO]    [Epoch 11] Step 200/555 | Loss: 0.144192
2026-02-23 09:11:35,638 [INFO]    [Epoch 11] Step 300/555 | Loss: 0.143279
2026-02-23 09:11:45,964 [INFO]    [Epoch 11] Step 400/555 | Loss: 0.145379
2026-02-23 09:11:58,592 [INFO]    [Epoch 11] Step 500/555 | Loss: 0.145687
2026-02-23 09:12:09,005 [INFO] 📈 EPOCH 11 FINAL | Loss: 0.145275 | Recall@40: 28.2%
2026-02-23 09:12:18,719 [INFO]    [Epoch 12] Step 100/555 | Loss: 0.147714
2026-02-23 09:12:28,589 [INFO]    [Epoch 12] Step 200/555 | Loss: 0.146125
2026-02-23 09:12:44,954 [INFO]    [Epoch 12] Step 300/555 | Loss: 0.136204
2026-02-23 09:12:57,250 [INFO]    [Epoch 12] Step 400/555 | Loss: 0.153446
2026-02-23 09:13:06,550 [INFO]    [Epoch 12] Step 500/555 | Loss: 0.140854
2026-02-23 09:13:15,713 [INFO] 📈 EPOCH 12 FINAL | Loss: 0.145263 | Recall@40: 28.2%
2026-02-23 09:13:25,028 [INFO]    [Epoch 13] Step 100/555 | Loss: 0.146133
2026-02-23 09:13:34,374 [INFO]    [Epoch 13] Step 200/555 | Loss: 0.143026
2026-02-23 09:13:43,817 [INFO]    [Epoch 13] Step 300/555 | Loss: 0.168163
2026-02-23 09:13:53,446 [INFO]    [Epoch 13] Step 400/555 | Loss: 0.146484
2026-02-23 09:14:02,721 [INFO]    [Epoch 13] Step 500/555 | Loss: 0.145798
2026-02-23 09:14:12,747 [INFO] 📈 EPOCH 13 FINAL | Loss: 0.145291 | Recall@40: 28.2%
2026-02-23 09:14:23,916 [INFO]    [Epoch 14] Step 100/555 | Loss: 0.151093
2026-02-23 09:14:34,324 [INFO]    [Epoch 14] Step 200/555 | Loss: 0.154825
2026-02-23 09:14:47,124 [INFO]    [Epoch 14] Step 300/555 | Loss: 0.145655
