2026-02-23 09:59:34,723 [INFO] 🚀 INICIANDO TREINO DE 'PENEIRA QUENTE' (APENAS MESES > 60 CRIMES)
2026-02-23 09:59:34,723 [INFO]    Amostras Criticas: 731 dias | Foco: Detectar Picos
2026-02-23 09:59:53,735 [INFO]    [Epoch 01] Step 100/555 | Loss: 0.739554
2026-02-23 10:00:05,999 [INFO]    [Epoch 01] Step 200/555 | Loss: 0.443842
2026-02-23 10:00:20,502 [INFO]    [Epoch 01] Step 300/555 | Loss: 0.521669
2026-02-23 10:00:31,566 [INFO]    [Epoch 01] Step 400/555 | Loss: 0.425107
2026-02-23 10:00:41,268 [INFO]    [Epoch 01] Step 500/555 | Loss: 0.491996
2026-02-23 10:00:49,958 [INFO] 📈 EPOCH 01 FINAL | Loss: 0.723946 | Recall@40: 53.8%
2026-02-23 10:00:49,989 [INFO] 🏆 NOVO RECORDE UNIVERSAL: Recall@40 = 53.8%
2026-02-23 10:00:59,651 [INFO]    [Epoch 02] Step 100/555 | Loss: 0.472474
2026-02-23 10:01:09,424 [INFO]    [Epoch 02] Step 200/555 | Loss: 0.196334
2026-02-23 10:01:19,297 [INFO]    [Epoch 02] Step 300/555 | Loss: 0.640568
2026-02-23 10:01:29,156 [INFO]    [Epoch 02] Step 400/555 | Loss: 0.300444
2026-02-23 10:01:40,429 [INFO]    [Epoch 02] Step 500/555 | Loss: 0.398634
2026-02-23 10:01:50,949 [INFO] 📈 EPOCH 02 FINAL | Loss: 0.433022 | Recall@40: 54.4%
2026-02-23 10:01:50,965 [INFO] 🏆 NOVO RECORDE UNIVERSAL: Recall@40 = 54.4%
2026-02-23 10:02:00,775 [INFO]    [Epoch 03] Step 100/555 | Loss: 0.423333
2026-02-23 10:02:11,517 [INFO]    [Epoch 03] Step 200/555 | Loss: 0.338279
2026-02-23 10:02:20,632 [INFO]    [Epoch 03] Step 300/555 | Loss: 0.446869
2026-02-23 10:02:30,047 [INFO]    [Epoch 03] Step 400/555 | Loss: 0.430538
2026-02-23 10:02:39,100 [INFO]    [Epoch 03] Step 500/555 | Loss: 0.448937
2026-02-23 10:02:47,254 [INFO] 📈 EPOCH 03 FINAL | Loss: 0.394235 | Recall@40: 54.4%
2026-02-23 10:02:47,269 [INFO] 🏆 NOVO RECORDE UNIVERSAL: Recall@40 = 54.4%
2026-02-23 10:02:56,203 [INFO]    [Epoch 04] Step 100/555 | Loss: 0.440958
2026-02-23 10:03:05,165 [INFO]    [Epoch 04] Step 200/555 | Loss: 0.289124
2026-02-23 10:03:15,566 [INFO]    [Epoch 04] Step 300/555 | Loss: 0.311015
2026-02-23 10:03:25,343 [INFO]    [Epoch 04] Step 400/555 | Loss: 0.292423
2026-02-23 10:03:34,477 [INFO]    [Epoch 04] Step 500/555 | Loss: 0.606359
2026-02-23 10:03:42,626 [INFO] 📈 EPOCH 04 FINAL | Loss: 0.370340 | Recall@40: 54.4%
2026-02-23 10:03:51,640 [INFO]    [Epoch 05] Step 100/555 | Loss: 0.208081
2026-02-23 10:04:00,817 [INFO]    [Epoch 05] Step 200/555 | Loss: 0.354054
2026-02-23 10:04:12,970 [INFO]    [Epoch 05] Step 300/555 | Loss: 0.480916
2026-02-23 10:04:22,915 [INFO]    [Epoch 05] Step 400/555 | Loss: 0.293157
2026-02-23 10:04:33,238 [INFO]    [Epoch 05] Step 500/555 | Loss: 0.539359
2026-02-23 10:04:42,210 [INFO] 📈 EPOCH 05 FINAL | Loss: 0.351865 | Recall@40: 54.1%
2026-02-23 10:04:52,655 [INFO]    [Epoch 06] Step 100/555 | Loss: 0.340733
2026-02-23 10:05:03,001 [INFO]    [Epoch 06] Step 200/555 | Loss: 0.434532
2026-02-23 10:05:13,112 [INFO]    [Epoch 06] Step 300/555 | Loss: 0.440720
2026-02-23 10:05:22,848 [INFO]    [Epoch 06] Step 400/555 | Loss: 0.333313
2026-02-23 10:05:32,777 [INFO]    [Epoch 06] Step 500/555 | Loss: 0.348581
2026-02-23 10:05:41,551 [INFO] 📈 EPOCH 06 FINAL | Loss: 0.330051 | Recall@40: 53.1%
2026-02-23 10:05:50,541 [INFO]    [Epoch 07] Step 100/555 | Loss: 0.407768
2026-02-23 10:05:59,592 [INFO]    [Epoch 07] Step 200/555 | Loss: 0.324721
2026-02-23 10:06:08,803 [INFO]    [Epoch 07] Step 300/555 | Loss: 0.398526
2026-02-23 10:06:19,852 [INFO]    [Epoch 07] Step 400/555 | Loss: 0.399196
2026-02-23 10:06:29,198 [INFO]    [Epoch 07] Step 500/555 | Loss: 0.306605
2026-02-23 10:06:37,493 [INFO] 📈 EPOCH 07 FINAL | Loss: 0.315695 | Recall@40: 53.7%
2026-02-23 10:06:46,734 [INFO]    [Epoch 08] Step 100/555 | Loss: 0.332222
2026-02-23 10:06:55,757 [INFO]    [Epoch 08] Step 200/555 | Loss: 0.278002
2026-02-23 10:07:04,906 [INFO]    [Epoch 08] Step 300/555 | Loss: 0.444041
2026-02-23 10:07:13,859 [INFO]    [Epoch 08] Step 400/555 | Loss: 0.261197
2026-02-23 10:07:22,660 [INFO]    [Epoch 08] Step 500/555 | Loss: 0.322982
2026-02-23 10:07:30,868 [INFO] 📈 EPOCH 08 FINAL | Loss: 0.307331 | Recall@40: 54.4%
2026-02-23 10:07:39,957 [INFO]    [Epoch 09] Step 100/555 | Loss: 0.290186
2026-02-23 10:07:48,872 [INFO]    [Epoch 09] Step 200/555 | Loss: 0.416530
2026-02-23 10:07:57,827 [INFO]    [Epoch 09] Step 300/555 | Loss: 0.359883
2026-02-23 10:08:06,759 [INFO]    [Epoch 09] Step 400/555 | Loss: 0.319476
2026-02-23 10:08:18,253 [INFO]    [Epoch 09] Step 500/555 | Loss: 0.171860
2026-02-23 10:08:29,237 [INFO] 📈 EPOCH 09 FINAL | Loss: 0.297099 | Recall@40: 54.6%
2026-02-23 10:08:29,256 [INFO] 🏆 NOVO RECORDE UNIVERSAL: Recall@40 = 54.6%
2026-02-23 10:08:38,583 [INFO]    [Epoch 10] Step 100/555 | Loss: 0.222523
2026-02-23 10:08:47,696 [INFO]    [Epoch 10] Step 200/555 | Loss: 0.337507
2026-02-23 10:08:57,096 [INFO]    [Epoch 10] Step 300/555 | Loss: 0.230892
2026-02-23 10:09:07,682 [INFO]    [Epoch 10] Step 400/555 | Loss: 0.208964
2026-02-23 10:09:18,181 [INFO]    [Epoch 10] Step 500/555 | Loss: 0.280064
2026-02-23 10:09:27,406 [INFO] 📈 EPOCH 10 FINAL | Loss: 0.288877 | Recall@40: 54.1%
2026-02-23 10:09:37,720 [INFO]    [Epoch 11] Step 100/555 | Loss: 0.368931
2026-02-23 10:09:47,858 [INFO]    [Epoch 11] Step 200/555 | Loss: 0.260941
2026-02-23 10:09:57,080 [INFO]    [Epoch 11] Step 300/555 | Loss: 0.230951
2026-02-23 10:10:06,290 [INFO]    [Epoch 11] Step 400/555 | Loss: 0.313922
2026-02-23 10:10:15,434 [INFO]    [Epoch 11] Step 500/555 | Loss: 0.373168
2026-02-23 10:10:26,647 [INFO] 📈 EPOCH 11 FINAL | Loss: 0.278897 | Recall@40: 55.3%
2026-02-23 10:10:26,672 [INFO] 🏆 NOVO RECORDE UNIVERSAL: Recall@40 = 55.3%
2026-02-23 10:10:36,753 [INFO]    [Epoch 12] Step 100/555 | Loss: 0.105844
2026-02-23 10:10:49,713 [INFO]    [Epoch 12] Step 200/555 | Loss: 0.234190
2026-02-23 10:11:03,568 [INFO]    [Epoch 12] Step 300/555 | Loss: 0.420611
2026-02-23 10:11:13,800 [INFO]    [Epoch 12] Step 400/555 | Loss: 0.289439
2026-02-23 10:11:24,210 [INFO]    [Epoch 12] Step 500/555 | Loss: 0.403094
2026-02-23 10:11:33,227 [INFO] 📈 EPOCH 12 FINAL | Loss: 0.275381 | Recall@40: 53.7%
2026-02-23 10:11:43,259 [INFO]    [Epoch 13] Step 100/555 | Loss: 0.467942
2026-02-23 10:11:53,249 [INFO]    [Epoch 13] Step 200/555 | Loss: 0.273231
2026-02-23 10:12:02,939 [INFO]    [Epoch 13] Step 300/555 | Loss: 0.224468
2026-02-23 10:12:13,487 [INFO]    [Epoch 13] Step 400/555 | Loss: 0.306378
2026-02-23 10:12:25,313 [INFO]    [Epoch 13] Step 500/555 | Loss: 0.273550
2026-02-23 10:12:37,762 [INFO] 📈 EPOCH 13 FINAL | Loss: 0.272006 | Recall@40: 54.7%
2026-02-23 10:12:49,666 [INFO]    [Epoch 14] Step 100/555 | Loss: 0.305929
2026-02-23 10:12:59,294 [INFO]    [Epoch 14] Step 200/555 | Loss: 0.226141
2026-02-23 10:13:10,422 [INFO]    [Epoch 14] Step 300/555 | Loss: 0.326285
2026-02-23 10:13:20,432 [INFO]    [Epoch 14] Step 400/555 | Loss: 0.283193
2026-02-23 10:13:29,713 [INFO]    [Epoch 14] Step 500/555 | Loss: 0.297489
2026-02-23 10:13:37,957 [INFO] 📈 EPOCH 14 FINAL | Loss: 0.268318 | Recall@40: 54.5%
2026-02-23 10:13:47,016 [INFO]    [Epoch 15] Step 100/555 | Loss: 0.215181
2026-02-23 10:13:56,016 [INFO]    [Epoch 15] Step 200/555 | Loss: 0.169806
2026-02-23 10:14:04,946 [INFO]    [Epoch 15] Step 300/555 | Loss: 0.351152
2026-02-23 10:14:13,910 [INFO]    [Epoch 15] Step 400/555 | Loss: 0.366478
2026-02-23 10:14:22,959 [INFO]    [Epoch 15] Step 500/555 | Loss: 0.236416
2026-02-23 10:14:31,241 [INFO] 📈 EPOCH 15 FINAL | Loss: 0.266077 | Recall@40: 55.0%
2026-02-23 10:14:40,569 [INFO]    [Epoch 16] Step 100/555 | Loss: 0.184639
2026-02-23 10:14:52,672 [INFO]    [Epoch 16] Step 200/555 | Loss: 0.291894
2026-02-23 10:15:01,838 [INFO]    [Epoch 16] Step 300/555 | Loss: 0.288367
2026-02-23 10:15:10,890 [INFO]    [Epoch 16] Step 400/555 | Loss: 0.240605
2026-02-23 10:15:20,338 [INFO]    [Epoch 16] Step 500/555 | Loss: 0.217950
2026-02-23 10:15:28,917 [INFO] 📈 EPOCH 16 FINAL | Loss: 0.263764 | Recall@40: 54.2%
2026-02-23 10:15:38,068 [INFO]    [Epoch 17] Step 100/555 | Loss: 0.266811
2026-02-23 10:15:47,198 [INFO]    [Epoch 17] Step 200/555 | Loss: 0.216223
2026-02-23 10:15:56,213 [INFO]    [Epoch 17] Step 300/555 | Loss: 0.420050
2026-02-23 10:16:05,336 [INFO]    [Epoch 17] Step 400/555 | Loss: 0.381786
2026-02-23 10:16:16,036 [INFO]    [Epoch 17] Step 500/555 | Loss: 0.309450
2026-02-23 10:16:24,680 [INFO] 📈 EPOCH 17 FINAL | Loss: 0.265006 | Recall@40: 53.0%
2026-02-23 10:16:33,759 [INFO]    [Epoch 18] Step 100/555 | Loss: 0.217800
2026-02-23 10:16:42,708 [INFO]    [Epoch 18] Step 200/555 | Loss: 0.262037
2026-02-23 10:16:51,672 [INFO]    [Epoch 18] Step 300/555 | Loss: 0.127580
2026-02-23 10:17:02,854 [INFO]    [Epoch 18] Step 400/555 | Loss: 0.191438
2026-02-23 10:17:11,910 [INFO]    [Epoch 18] Step 500/555 | Loss: 0.183214
2026-02-23 10:17:20,051 [INFO] 📈 EPOCH 18 FINAL | Loss: 0.261703 | Recall@40: 54.2%
2026-02-23 10:17:29,064 [INFO]    [Epoch 19] Step 100/555 | Loss: 0.131587
2026-02-23 10:17:38,187 [INFO]    [Epoch 19] Step 200/555 | Loss: 0.244286
2026-02-23 10:17:47,240 [INFO]    [Epoch 19] Step 300/555 | Loss: 0.240124
2026-02-23 10:17:56,278 [INFO]    [Epoch 19] Step 400/555 | Loss: 0.319898
2026-02-23 10:18:05,221 [INFO]    [Epoch 19] Step 500/555 | Loss: 0.151500
2026-02-23 10:18:13,660 [INFO] 📈 EPOCH 19 FINAL | Loss: 0.259412 | Recall@40: 53.6%
2026-02-23 10:18:22,690 [INFO]    [Epoch 20] Step 100/555 | Loss: 0.170685
2026-02-23 10:18:31,832 [INFO]    [Epoch 20] Step 200/555 | Loss: 0.366200
2026-02-23 10:18:41,171 [INFO]    [Epoch 20] Step 300/555 | Loss: 0.208939
2026-02-23 10:18:52,591 [INFO]    [Epoch 20] Step 400/555 | Loss: 0.334016
2026-02-23 10:19:03,493 [INFO]    [Epoch 20] Step 500/555 | Loss: 0.146569
2026-02-23 10:19:14,955 [INFO] 📈 EPOCH 20 FINAL | Loss: 0.257251 | Recall@40: 53.7%
2026-02-23 10:19:24,640 [INFO]    [Epoch 21] Step 100/555 | Loss: 0.169130
2026-02-23 10:19:34,428 [INFO]    [Epoch 21] Step 200/555 | Loss: 0.245737
2026-02-23 10:19:44,246 [INFO]    [Epoch 21] Step 300/555 | Loss: 0.257800
2026-02-23 10:19:53,878 [INFO]    [Epoch 21] Step 400/555 | Loss: 0.235108
2026-02-23 10:20:03,625 [INFO]    [Epoch 21] Step 500/555 | Loss: 0.218517
2026-02-23 10:20:12,497 [INFO] 📈 EPOCH 21 FINAL | Loss: 0.260545 | Recall@40: 51.7%
2026-02-23 10:20:22,841 [INFO]    [Epoch 22] Step 100/555 | Loss: 0.229955
2026-02-23 10:20:32,550 [INFO]    [Epoch 22] Step 200/555 | Loss: 0.218095
2026-02-23 10:20:41,915 [INFO]    [Epoch 22] Step 300/555 | Loss: 0.267574
2026-02-23 10:20:51,425 [INFO]    [Epoch 22] Step 400/555 | Loss: 0.207409
2026-02-23 10:21:01,626 [INFO]    [Epoch 22] Step 500/555 | Loss: 0.200194
2026-02-23 10:21:10,367 [INFO] 📈 EPOCH 22 FINAL | Loss: 0.260326 | Recall@40: 55.4%
2026-02-23 10:21:10,398 [INFO] 🏆 NOVO RECORDE UNIVERSAL: Recall@40 = 55.4%
2026-02-23 10:21:20,710 [INFO]    [Epoch 23] Step 100/555 | Loss: 0.291743
2026-02-23 10:21:30,778 [INFO]    [Epoch 23] Step 200/555 | Loss: 0.203036
2026-02-23 10:21:40,269 [INFO]    [Epoch 23] Step 300/555 | Loss: 0.253014
2026-02-23 10:21:49,649 [INFO]    [Epoch 23] Step 400/555 | Loss: 0.281901
2026-02-23 10:21:58,968 [INFO]    [Epoch 23] Step 500/555 | Loss: 0.339321
2026-02-23 10:22:07,648 [INFO] 📈 EPOCH 23 FINAL | Loss: 0.256989 | Recall@40: 54.3%
2026-02-23 10:22:17,389 [INFO]    [Epoch 24] Step 100/555 | Loss: 0.144688
2026-02-23 10:22:27,184 [INFO]    [Epoch 24] Step 200/555 | Loss: 0.155408
2026-02-23 10:22:36,984 [INFO]    [Epoch 24] Step 300/555 | Loss: 0.270875
2026-02-23 10:22:46,484 [INFO]    [Epoch 24] Step 400/555 | Loss: 0.220406
2026-02-23 10:22:56,237 [INFO]    [Epoch 24] Step 500/555 | Loss: 0.242232
2026-02-23 10:23:04,978 [INFO] 📈 EPOCH 24 FINAL | Loss: 0.257062 | Recall@40: 53.0%
2026-02-23 10:23:15,775 [INFO]    [Epoch 25] Step 100/555 | Loss: 0.199145
2026-02-23 10:23:25,515 [INFO]    [Epoch 25] Step 200/555 | Loss: 0.268819
2026-02-23 10:23:35,833 [INFO]    [Epoch 25] Step 300/555 | Loss: 0.274468
2026-02-23 10:23:45,605 [INFO]    [Epoch 25] Step 400/555 | Loss: 0.372916
2026-02-23 10:23:55,131 [INFO]    [Epoch 25] Step 500/555 | Loss: 0.264509
2026-02-23 10:24:04,005 [INFO] 📈 EPOCH 25 FINAL | Loss: 0.263655 | Recall@40: 54.2%
2026-02-23 10:24:13,780 [INFO]    [Epoch 26] Step 100/555 | Loss: 0.214819
2026-02-23 10:24:23,557 [INFO]    [Epoch 26] Step 200/555 | Loss: 0.244654
2026-02-23 10:24:33,063 [INFO]    [Epoch 26] Step 300/555 | Loss: 0.205750
2026-02-23 10:24:42,865 [INFO]    [Epoch 26] Step 400/555 | Loss: 0.252475
2026-02-23 10:24:52,654 [INFO]    [Epoch 26] Step 500/555 | Loss: 0.328040
2026-02-23 10:25:01,536 [INFO] 📈 EPOCH 26 FINAL | Loss: 0.255394 | Recall@40: 51.7%
2026-02-23 10:25:11,456 [INFO]    [Epoch 27] Step 100/555 | Loss: 0.340962
2026-02-23 10:25:22,764 [INFO]    [Epoch 27] Step 200/555 | Loss: 0.142373
2026-02-23 10:25:32,617 [INFO]    [Epoch 27] Step 300/555 | Loss: 0.317875
2026-02-23 10:25:42,007 [INFO]    [Epoch 27] Step 400/555 | Loss: 0.214526
2026-02-23 10:25:51,488 [INFO]    [Epoch 27] Step 500/555 | Loss: 0.188138
2026-02-23 10:26:00,404 [INFO] 📈 EPOCH 27 FINAL | Loss: 0.258111 | Recall@40: 52.2%
2026-02-23 10:26:10,097 [INFO]    [Epoch 28] Step 100/555 | Loss: 0.281889
2026-02-23 10:26:19,938 [INFO]    [Epoch 28] Step 200/555 | Loss: 0.226668
2026-02-23 10:26:30,979 [INFO]    [Epoch 28] Step 300/555 | Loss: 0.170396
2026-02-23 10:26:41,825 [INFO]    [Epoch 28] Step 400/555 | Loss: 0.372730
2026-02-23 10:26:52,253 [INFO]    [Epoch 28] Step 500/555 | Loss: 0.191820
2026-02-23 10:27:01,806 [INFO] 📈 EPOCH 28 FINAL | Loss: 0.255174 | Recall@40: 51.2%
2026-02-23 10:27:12,505 [INFO]    [Epoch 29] Step 100/555 | Loss: 0.238440
2026-02-23 10:27:23,532 [INFO]    [Epoch 29] Step 200/555 | Loss: 0.332765
2026-02-23 10:27:36,767 [INFO]    [Epoch 29] Step 300/555 | Loss: 0.152797
2026-02-23 10:27:47,192 [INFO]    [Epoch 29] Step 400/555 | Loss: 0.239972
2026-02-23 10:27:57,300 [INFO]    [Epoch 29] Step 500/555 | Loss: 0.319888
2026-02-23 10:28:06,239 [INFO] 📈 EPOCH 29 FINAL | Loss: 0.259537 | Recall@40: 52.3%
2026-02-23 10:28:15,974 [INFO]    [Epoch 30] Step 100/555 | Loss: 0.184418
2026-02-23 10:28:25,660 [INFO]    [Epoch 30] Step 200/555 | Loss: 0.255099
2026-02-23 10:28:35,478 [INFO]    [Epoch 30] Step 300/555 | Loss: 0.193768
2026-02-23 10:28:45,311 [INFO]    [Epoch 30] Step 400/555 | Loss: 0.313581
2026-02-23 10:28:55,180 [INFO]    [Epoch 30] Step 500/555 | Loss: 0.382311
2026-02-23 10:29:04,050 [INFO] 📈 EPOCH 30 FINAL | Loss: 0.253829 | Recall@40: 52.5%
2026-02-23 10:29:13,835 [INFO]    [Epoch 31] Step 100/555 | Loss: 0.267662
2026-02-23 10:29:23,686 [INFO]    [Epoch 31] Step 200/555 | Loss: 0.256614
2026-02-23 10:29:33,501 [INFO]    [Epoch 31] Step 300/555 | Loss: 0.328990
2026-02-23 10:29:46,245 [INFO]    [Epoch 31] Step 400/555 | Loss: 0.203014
2026-02-23 10:29:56,424 [INFO]    [Epoch 31] Step 500/555 | Loss: 0.330136
2026-02-23 10:30:05,817 [INFO] 📈 EPOCH 31 FINAL | Loss: 0.255055 | Recall@40: 51.7%
2026-02-23 10:30:15,704 [INFO]    [Epoch 32] Step 100/555 | Loss: 0.258761
2026-02-23 10:30:25,967 [INFO]    [Epoch 32] Step 200/555 | Loss: 0.252049
2026-02-23 10:30:36,152 [INFO]    [Epoch 32] Step 300/555 | Loss: 0.166045
2026-02-23 10:30:46,678 [INFO]    [Epoch 32] Step 400/555 | Loss: 0.254149
2026-02-23 10:30:57,116 [INFO]    [Epoch 32] Step 500/555 | Loss: 0.289401
2026-02-23 10:31:07,391 [INFO] 📈 EPOCH 32 FINAL | Loss: 0.260102 | Recall@40: 50.6%
2026-02-23 10:31:17,664 [INFO]    [Epoch 33] Step 100/555 | Loss: 0.127630
2026-02-23 10:31:28,220 [INFO]    [Epoch 33] Step 200/555 | Loss: 0.251828
2026-02-23 10:31:42,871 [INFO]    [Epoch 33] Step 300/555 | Loss: 0.270060
