2026-02-23 19:45:09,940 [INFO] 📅 FILTRO TEMPORAL: 775 dias (2024-2026)
2026-02-23 19:45:09,942 [INFO] 🏙️ FILTRO ESPACIAL: 99 bairros ativos (de 121)
2026-02-23 19:45:10,271 [INFO] 🚀 INICIANDO TREINO (2024-2026 | Diario > 3 Crimes)
2026-02-23 19:45:10,272 [INFO]    Amostras Criticas: 145 dias | Foco: Detectar Picos
2026-02-23 19:45:18,218 [INFO] 📈 EPOCH 01 | Loss: 3.6079 | P@10: 15.0% | P@20: 22.3%
2026-02-23 19:45:18,237 [INFO] 🏆 NOVO RECORDE: P@20 = 22.3%
2026-02-23 19:45:23,933 [INFO] 📈 EPOCH 02 | Loss: 0.8469 | P@10: 27.3% | P@20: 35.5%
2026-02-23 19:45:23,953 [INFO] 🏆 NOVO RECORDE: P@20 = 35.5%
2026-02-23 19:45:29,684 [INFO] 📈 EPOCH 03 | Loss: 0.7827 | P@10: 25.0% | P@20: 33.4%
2026-02-23 19:45:35,559 [INFO] 📈 EPOCH 04 | Loss: 0.7346 | P@10: 25.5% | P@20: 34.8%
2026-02-23 19:45:41,449 [INFO] 📈 EPOCH 05 | Loss: 0.7362 | P@10: 25.5% | P@20: 35.5%
2026-02-23 19:45:47,892 [INFO] 📈 EPOCH 06 | Loss: 0.6862 | P@10: 26.8% | P@20: 34.5%
2026-02-23 19:45:53,942 [INFO] 📈 EPOCH 07 | Loss: 0.6748 | P@10: 25.9% | P@20: 35.5%
2026-02-23 19:45:59,679 [INFO] 📈 EPOCH 08 | Loss: 0.6376 | P@10: 27.3% | P@20: 35.5%
2026-02-23 19:46:05,298 [INFO] 📈 EPOCH 09 | Loss: 0.6329 | P@10: 28.2% | P@20: 35.5%
2026-02-23 19:46:11,505 [INFO] 📈 EPOCH 10 | Loss: 0.6434 | P@10: 28.6% | P@20: 35.2%
2026-02-23 19:46:18,894 [INFO] 📈 EPOCH 11 | Loss: 0.6369 | P@10: 27.7% | P@20: 34.8%
2026-02-23 19:46:24,587 [INFO] 📈 EPOCH 12 | Loss: 0.6156 | P@10: 28.2% | P@20: 35.9%
2026-02-23 19:46:24,601 [INFO] 🏆 NOVO RECORDE: P@20 = 35.9%
2026-02-23 19:46:30,394 [INFO] 📈 EPOCH 13 | Loss: 0.6142 | P@10: 29.5% | P@20: 35.9%
2026-02-23 19:46:36,116 [INFO] 📈 EPOCH 14 | Loss: 0.5896 | P@10: 29.1% | P@20: 35.9%
2026-02-23 19:46:41,829 [INFO] 📈 EPOCH 15 | Loss: 0.5901 | P@10: 29.5% | P@20: 35.5%
2026-02-23 19:46:49,654 [INFO] 📈 EPOCH 16 | Loss: 0.5945 | P@10: 30.5% | P@20: 35.2%
2026-02-23 19:46:56,441 [INFO] 📈 EPOCH 17 | Loss: 0.5808 | P@10: 30.9% | P@20: 35.2%
2026-02-23 19:47:02,774 [INFO] 📈 EPOCH 18 | Loss: 0.5966 | P@10: 30.0% | P@20: 34.5%
2026-02-23 19:47:08,414 [INFO] 📈 EPOCH 19 | Loss: 0.5771 | P@10: 30.0% | P@20: 35.0%
2026-02-23 19:47:14,083 [INFO] 📈 EPOCH 20 | Loss: 0.5934 | P@10: 29.5% | P@20: 35.5%
2026-02-23 19:47:19,747 [INFO] 📈 EPOCH 21 | Loss: 0.5677 | P@10: 30.5% | P@20: 34.8%
2026-02-23 19:47:25,758 [INFO] 📈 EPOCH 22 | Loss: 0.5645 | P@10: 30.5% | P@20: 34.8%
2026-02-23 19:47:31,561 [INFO] 📈 EPOCH 23 | Loss: 0.5589 | P@10: 29.1% | P@20: 34.8%
2026-02-23 19:47:37,196 [INFO] 📈 EPOCH 24 | Loss: 0.5602 | P@10: 30.9% | P@20: 33.4%
2026-02-23 19:47:42,785 [INFO] 📈 EPOCH 25 | Loss: 0.5621 | P@10: 30.0% | P@20: 33.6%
2026-02-23 19:47:48,368 [INFO] 📈 EPOCH 26 | Loss: 0.5244 | P@10: 29.1% | P@20: 33.2%
2026-02-23 19:47:54,563 [INFO] 📈 EPOCH 27 | Loss: 0.5460 | P@10: 30.0% | P@20: 33.0%
2026-02-23 19:48:00,503 [INFO] 📈 EPOCH 28 | Loss: 0.5417 | P@10: 30.0% | P@20: 32.3%
2026-02-23 19:48:06,440 [INFO] 📈 EPOCH 29 | Loss: 0.5297 | P@10: 30.0% | P@20: 32.7%
2026-02-23 19:48:12,329 [INFO] 📈 EPOCH 30 | Loss: 0.5151 | P@10: 30.0% | P@20: 32.3%
2026-02-23 19:48:18,040 [INFO] 📈 EPOCH 31 | Loss: 0.5262 | P@10: 30.0% | P@20: 31.6%
2026-02-23 19:48:24,250 [INFO] 📈 EPOCH 32 | Loss: 0.5001 | P@10: 31.8% | P@20: 30.5%
2026-02-23 19:48:29,867 [INFO] 📈 EPOCH 33 | Loss: 0.4912 | P@10: 30.0% | P@20: 30.2%
2026-02-23 19:48:35,498 [INFO] 📈 EPOCH 34 | Loss: 0.5041 | P@10: 29.5% | P@20: 28.0%
2026-02-23 19:48:41,333 [INFO] 📈 EPOCH 35 | Loss: 0.5011 | P@10: 31.4% | P@20: 31.8%
2026-02-23 19:48:47,043 [INFO] 📈 EPOCH 36 | Loss: 0.4759 | P@10: 27.3% | P@20: 32.7%
2026-02-23 19:48:52,608 [INFO] 📈 EPOCH 37 | Loss: 0.4700 | P@10: 28.2% | P@20: 30.7%
2026-02-23 19:48:58,150 [INFO] 📈 EPOCH 38 | Loss: 0.4689 | P@10: 30.5% | P@20: 31.8%
2026-02-23 19:49:03,718 [INFO] 📈 EPOCH 39 | Loss: 0.4525 | P@10: 29.1% | P@20: 27.0%
2026-02-23 19:49:09,405 [INFO] 📈 EPOCH 40 | Loss: 0.4466 | P@10: 27.7% | P@20: 30.9%
2026-02-23 19:49:15,019 [INFO] 📈 EPOCH 41 | Loss: 0.4434 | P@10: 26.4% | P@20: 31.4%
2026-02-23 19:49:20,678 [INFO] 📈 EPOCH 42 | Loss: 0.4543 | P@10: 27.7% | P@20: 30.0%
2026-02-23 19:49:26,325 [INFO] 📈 EPOCH 43 | Loss: 0.4352 | P@10: 28.6% | P@20: 29.8%
2026-02-23 19:49:31,922 [INFO] 📈 EPOCH 44 | Loss: 0.4216 | P@10: 28.2% | P@20: 31.1%
2026-02-23 19:49:37,517 [INFO] 📈 EPOCH 45 | Loss: 0.4000 | P@10: 26.4% | P@20: 28.4%
2026-02-23 19:49:43,162 [INFO] 📈 EPOCH 46 | Loss: 0.4009 | P@10: 29.5% | P@20: 30.9%
2026-02-23 19:49:48,744 [INFO] 📈 EPOCH 47 | Loss: 0.3976 | P@10: 26.4% | P@20: 33.4%
2026-02-23 19:49:54,464 [INFO] 📈 EPOCH 48 | Loss: 0.3860 | P@10: 27.7% | P@20: 31.1%
2026-02-23 19:50:00,114 [INFO] 📈 EPOCH 49 | Loss: 0.3836 | P@10: 22.7% | P@20: 30.9%
2026-02-23 19:50:05,836 [INFO] 📈 EPOCH 50 | Loss: 0.3682 | P@10: 25.9% | P@20: 31.8%
2026-02-23 19:50:11,497 [INFO] 📈 EPOCH 51 | Loss: 0.3771 | P@10: 20.9% | P@20: 31.8%
2026-02-23 19:50:17,092 [INFO] 📈 EPOCH 52 | Loss: 0.3645 | P@10: 23.2% | P@20: 32.0%
2026-02-23 19:50:22,661 [INFO] 📈 EPOCH 53 | Loss: 0.3513 | P@10: 23.2% | P@20: 30.0%
2026-02-23 19:50:28,338 [INFO] 📈 EPOCH 54 | Loss: 0.3350 | P@10: 22.3% | P@20: 27.3%
2026-02-23 19:50:33,999 [INFO] 📈 EPOCH 55 | Loss: 0.3142 | P@10: 21.4% | P@20: 29.1%
2026-02-23 19:50:39,765 [INFO] 📈 EPOCH 56 | Loss: 0.3199 | P@10: 21.8% | P@20: 30.0%
2026-02-23 19:50:45,479 [INFO] 📈 EPOCH 57 | Loss: 0.3271 | P@10: 22.3% | P@20: 26.8%
2026-02-23 19:50:51,192 [INFO] 📈 EPOCH 58 | Loss: 0.3059 | P@10: 18.2% | P@20: 29.5%
2026-02-23 19:50:56,814 [INFO] 📈 EPOCH 59 | Loss: 0.3059 | P@10: 17.7% | P@20: 26.8%
2026-02-23 19:51:02,423 [INFO] 📈 EPOCH 60 | Loss: 0.2901 | P@10: 22.7% | P@20: 28.6%
2026-02-23 19:51:08,075 [INFO] 📈 EPOCH 61 | Loss: 0.2947 | P@10: 22.7% | P@20: 28.9%
2026-02-23 19:51:13,772 [INFO] 📈 EPOCH 62 | Loss: 0.2841 | P@10: 21.8% | P@20: 28.9%
2026-02-23 19:51:19,498 [INFO] 📈 EPOCH 63 | Loss: 0.2889 | P@10: 15.5% | P@20: 25.0%
2026-02-23 19:51:25,184 [INFO] 📈 EPOCH 64 | Loss: 0.2901 | P@10: 19.1% | P@20: 26.4%
2026-02-23 19:51:30,882 [INFO] 📈 EPOCH 65 | Loss: 0.2877 | P@10: 19.5% | P@20: 26.1%
2026-02-23 19:51:36,590 [INFO] 📈 EPOCH 66 | Loss: 0.2777 | P@10: 23.2% | P@20: 30.0%
2026-02-23 19:51:42,220 [INFO] 📈 EPOCH 67 | Loss: 0.2670 | P@10: 20.5% | P@20: 27.7%
2026-02-23 19:51:48,021 [INFO] 📈 EPOCH 68 | Loss: 0.2654 | P@10: 16.4% | P@20: 25.2%
2026-02-23 19:51:53,967 [INFO] 📈 EPOCH 69 | Loss: 0.2590 | P@10: 20.9% | P@20: 29.3%
2026-02-23 19:52:00,583 [INFO] 📈 EPOCH 70 | Loss: 0.2506 | P@10: 21.4% | P@20: 28.9%
2026-02-23 19:52:07,862 [INFO] 📈 EPOCH 71 | Loss: 0.2574 | P@10: 20.5% | P@20: 28.0%
