2026-02-23 18:00:46,594 [INFO] 🏙️ FILTRO ESPACIAL: 19 bairros ativos (de 121)
2026-02-23 18:00:46,870 [INFO] 🚀 INICIANDO TREINO FOCADO (19 Bairros | Diario > 2 Crimes)
2026-02-23 18:00:46,870 [INFO]    Amostras Criticas: 80 dias | Foco: Detectar Picos
2026-02-23 18:00:49,491 [INFO] 📈 EPOCH 01 | Loss: 3.6651 | P@5: 48.9% | P@10: 51.1%
2026-02-23 18:00:49,504 [INFO] 🏆 NOVO RECORDE: P@10 = 51.1%
2026-02-23 18:00:50,578 [INFO] 📈 EPOCH 02 | Loss: 1.8936 | P@5: 53.3% | P@10: 51.1%
2026-02-23 18:00:52,074 [INFO] 📈 EPOCH 03 | Loss: 1.5644 | P@5: 48.9% | P@10: 53.3%
2026-02-23 18:00:52,104 [INFO] 🏆 NOVO RECORDE: P@10 = 53.3%
2026-02-23 18:00:53,164 [INFO] 📈 EPOCH 04 | Loss: 1.3627 | P@5: 46.7% | P@10: 48.9%
2026-02-23 18:00:54,358 [INFO] 📈 EPOCH 05 | Loss: 1.0867 | P@5: 48.9% | P@10: 48.9%
2026-02-23 18:00:55,318 [INFO] 📈 EPOCH 06 | Loss: 1.0587 | P@5: 46.7% | P@10: 48.9%
2026-02-23 18:00:56,210 [INFO] 📈 EPOCH 07 | Loss: 1.0783 | P@5: 51.1% | P@10: 47.8%
2026-02-23 18:00:57,033 [INFO] 📈 EPOCH 08 | Loss: 0.8157 | P@5: 53.3% | P@10: 48.9%
2026-02-23 18:00:58,052 [INFO] 📈 EPOCH 09 | Loss: 0.7954 | P@5: 48.9% | P@10: 47.8%
2026-02-23 18:00:58,885 [INFO] 📈 EPOCH 10 | Loss: 0.8190 | P@5: 51.1% | P@10: 50.0%
2026-02-23 18:00:59,730 [INFO] 📈 EPOCH 11 | Loss: 0.8041 | P@5: 53.3% | P@10: 48.9%
2026-02-23 18:01:00,737 [INFO] 📈 EPOCH 12 | Loss: 0.8365 | P@5: 51.1% | P@10: 48.9%
2026-02-23 18:01:01,616 [INFO] 📈 EPOCH 13 | Loss: 0.7383 | P@5: 53.3% | P@10: 48.9%
2026-02-23 18:01:02,511 [INFO] 📈 EPOCH 14 | Loss: 0.7339 | P@5: 48.9% | P@10: 48.9%
2026-02-23 18:01:03,463 [INFO] 📈 EPOCH 15 | Loss: 0.7351 | P@5: 46.7% | P@10: 48.9%
2026-02-23 18:01:04,355 [INFO] 📈 EPOCH 16 | Loss: 0.6945 | P@5: 48.9% | P@10: 50.0%
2026-02-23 18:01:05,234 [INFO] 📈 EPOCH 17 | Loss: 0.6493 | P@5: 46.7% | P@10: 52.2%
2026-02-23 18:01:06,129 [INFO] 📈 EPOCH 18 | Loss: 0.6402 | P@5: 46.7% | P@10: 52.2%
2026-02-23 18:01:07,028 [INFO] 📈 EPOCH 19 | Loss: 0.6535 | P@5: 46.7% | P@10: 54.4%
2026-02-23 18:01:07,041 [INFO] 🏆 NOVO RECORDE: P@10 = 54.4%
2026-02-23 18:01:07,942 [INFO] 📈 EPOCH 20 | Loss: 0.6601 | P@5: 44.4% | P@10: 54.4%
2026-02-23 18:01:08,862 [INFO] 📈 EPOCH 21 | Loss: 0.5921 | P@5: 42.2% | P@10: 53.3%
2026-02-23 18:01:09,768 [INFO] 📈 EPOCH 22 | Loss: 0.6130 | P@5: 42.2% | P@10: 55.6%
2026-02-23 18:01:09,781 [INFO] 🏆 NOVO RECORDE: P@10 = 55.6%
2026-02-23 18:01:10,679 [INFO] 📈 EPOCH 23 | Loss: 0.5974 | P@5: 44.4% | P@10: 55.6%
2026-02-23 18:01:11,565 [INFO] 📈 EPOCH 24 | Loss: 0.5785 | P@5: 42.2% | P@10: 54.4%
2026-02-23 18:01:12,472 [INFO] 📈 EPOCH 25 | Loss: 0.5618 | P@5: 44.4% | P@10: 53.3%
2026-02-23 18:01:13,373 [INFO] 📈 EPOCH 26 | Loss: 0.5533 | P@5: 46.7% | P@10: 51.1%
2026-02-23 18:01:14,273 [INFO] 📈 EPOCH 27 | Loss: 0.5550 | P@5: 46.7% | P@10: 51.1%
2026-02-23 18:01:15,163 [INFO] 📈 EPOCH 28 | Loss: 0.5058 | P@5: 46.7% | P@10: 51.1%
2026-02-23 18:01:16,030 [INFO] 📈 EPOCH 29 | Loss: 0.5307 | P@5: 48.9% | P@10: 50.0%
2026-02-23 18:01:16,888 [INFO] 📈 EPOCH 30 | Loss: 0.5513 | P@5: 46.7% | P@10: 48.9%
2026-02-23 18:01:17,736 [INFO] 📈 EPOCH 31 | Loss: 0.5247 | P@5: 42.2% | P@10: 47.8%
2026-02-23 18:01:18,581 [INFO] 📈 EPOCH 32 | Loss: 0.5551 | P@5: 44.4% | P@10: 51.1%
2026-02-23 18:01:19,440 [INFO] 📈 EPOCH 33 | Loss: 0.5274 | P@5: 44.4% | P@10: 52.2%
2026-02-23 18:01:20,309 [INFO] 📈 EPOCH 34 | Loss: 0.5345 | P@5: 46.7% | P@10: 53.3%
2026-02-23 18:01:21,643 [INFO] 📈 EPOCH 35 | Loss: 0.4956 | P@5: 46.7% | P@10: 53.3%
2026-02-23 18:01:22,677 [INFO] 📈 EPOCH 36 | Loss: 0.4977 | P@5: 48.9% | P@10: 54.4%
2026-02-23 18:01:23,614 [INFO] 📈 EPOCH 37 | Loss: 0.4763 | P@5: 51.1% | P@10: 54.4%
2026-02-23 18:01:24,455 [INFO] 📈 EPOCH 38 | Loss: 0.5019 | P@5: 53.3% | P@10: 53.3%
2026-02-23 18:01:25,299 [INFO] 📈 EPOCH 39 | Loss: 0.4526 | P@5: 51.1% | P@10: 54.4%
2026-02-23 18:01:26,140 [INFO] 📈 EPOCH 40 | Loss: 0.5225 | P@5: 46.7% | P@10: 55.6%
2026-02-23 18:01:26,982 [INFO] 📈 EPOCH 41 | Loss: 0.4770 | P@5: 44.4% | P@10: 56.7%
2026-02-23 18:01:26,992 [INFO] 🏆 NOVO RECORDE: P@10 = 56.7%
2026-02-23 18:01:27,933 [INFO] 📈 EPOCH 42 | Loss: 0.4516 | P@5: 42.2% | P@10: 54.4%
2026-02-23 18:01:29,021 [INFO] 📈 EPOCH 43 | Loss: 0.4946 | P@5: 44.4% | P@10: 54.4%
2026-02-23 18:01:30,141 [INFO] 📈 EPOCH 44 | Loss: 0.4623 | P@5: 44.4% | P@10: 53.3%
2026-02-23 18:01:31,257 [INFO] 📈 EPOCH 45 | Loss: 0.4569 | P@5: 44.4% | P@10: 54.4%
2026-02-23 18:01:32,291 [INFO] 📈 EPOCH 46 | Loss: 0.4740 | P@5: 44.4% | P@10: 53.3%
2026-02-23 18:01:33,229 [INFO] 📈 EPOCH 47 | Loss: 0.4597 | P@5: 42.2% | P@10: 53.3%
2026-02-23 18:01:34,108 [INFO] 📈 EPOCH 48 | Loss: 0.4304 | P@5: 42.2% | P@10: 52.2%
2026-02-23 18:01:34,961 [INFO] 📈 EPOCH 49 | Loss: 0.4444 | P@5: 42.2% | P@10: 52.2%
2026-02-23 18:01:35,807 [INFO] 📈 EPOCH 50 | Loss: 0.4423 | P@5: 46.7% | P@10: 53.3%
2026-02-23 18:01:36,655 [INFO] 📈 EPOCH 51 | Loss: 0.4421 | P@5: 46.7% | P@10: 53.3%
2026-02-23 18:01:37,498 [INFO] 📈 EPOCH 52 | Loss: 0.4236 | P@5: 42.2% | P@10: 54.4%
2026-02-23 18:01:38,340 [INFO] 📈 EPOCH 53 | Loss: 0.4533 | P@5: 42.2% | P@10: 54.4%
2026-02-23 18:01:39,174 [INFO] 📈 EPOCH 54 | Loss: 0.4024 | P@5: 44.4% | P@10: 55.6%
2026-02-23 18:01:40,003 [INFO] 📈 EPOCH 55 | Loss: 0.4155 | P@5: 46.7% | P@10: 55.6%
2026-02-23 18:01:40,837 [INFO] 📈 EPOCH 56 | Loss: 0.4222 | P@5: 46.7% | P@10: 54.4%
2026-02-23 18:01:41,691 [INFO] 📈 EPOCH 57 | Loss: 0.3941 | P@5: 46.7% | P@10: 52.2%
2026-02-23 18:01:42,525 [INFO] 📈 EPOCH 58 | Loss: 0.3708 | P@5: 44.4% | P@10: 54.4%
2026-02-23 18:01:43,364 [INFO] 📈 EPOCH 59 | Loss: 0.4242 | P@5: 42.2% | P@10: 54.4%
2026-02-23 18:01:44,199 [INFO] 📈 EPOCH 60 | Loss: 0.4231 | P@5: 42.2% | P@10: 53.3%
2026-02-23 18:01:45,381 [INFO] 📈 EPOCH 61 | Loss: 0.3786 | P@5: 42.2% | P@10: 52.2%
2026-02-23 18:01:46,378 [INFO] 📈 EPOCH 62 | Loss: 0.4305 | P@5: 44.4% | P@10: 54.4%
2026-02-23 18:01:47,402 [INFO] 📈 EPOCH 63 | Loss: 0.3871 | P@5: 44.4% | P@10: 53.3%
2026-02-23 18:01:48,243 [INFO] 📈 EPOCH 64 | Loss: 0.3836 | P@5: 44.4% | P@10: 56.7%
2026-02-23 18:01:49,081 [INFO] 📈 EPOCH 65 | Loss: 0.3908 | P@5: 42.2% | P@10: 57.8%
2026-02-23 18:01:49,090 [INFO] 🏆 NOVO RECORDE: P@10 = 57.8%
2026-02-23 18:01:49,942 [INFO] 📈 EPOCH 66 | Loss: 0.3744 | P@5: 44.4% | P@10: 56.7%
2026-02-23 18:01:50,775 [INFO] 📈 EPOCH 67 | Loss: 0.3678 | P@5: 46.7% | P@10: 56.7%
2026-02-23 18:01:51,642 [INFO] 📈 EPOCH 68 | Loss: 0.3804 | P@5: 51.1% | P@10: 54.4%
2026-02-23 18:01:52,470 [INFO] 📈 EPOCH 69 | Loss: 0.3876 | P@5: 48.9% | P@10: 53.3%
2026-02-23 18:01:53,291 [INFO] 📈 EPOCH 70 | Loss: 0.3756 | P@5: 48.9% | P@10: 53.3%
2026-02-23 18:01:54,138 [INFO] 📈 EPOCH 71 | Loss: 0.3791 | P@5: 48.9% | P@10: 54.4%
2026-02-23 18:01:54,982 [INFO] 📈 EPOCH 72 | Loss: 0.3848 | P@5: 46.7% | P@10: 54.4%
2026-02-23 18:01:55,820 [INFO] 📈 EPOCH 73 | Loss: 0.3620 | P@5: 48.9% | P@10: 53.3%
2026-02-23 18:01:56,653 [INFO] 📈 EPOCH 74 | Loss: 0.3557 | P@5: 48.9% | P@10: 52.2%
2026-02-23 18:01:57,471 [INFO] 📈 EPOCH 75 | Loss: 0.3596 | P@5: 48.9% | P@10: 52.2%
2026-02-23 18:01:58,304 [INFO] 📈 EPOCH 76 | Loss: 0.3408 | P@5: 48.9% | P@10: 51.1%
2026-02-23 18:01:59,143 [INFO] 📈 EPOCH 77 | Loss: 0.3570 | P@5: 48.9% | P@10: 51.1%
2026-02-23 18:01:59,976 [INFO] 📈 EPOCH 78 | Loss: 0.3472 | P@5: 53.3% | P@10: 51.1%
2026-02-23 18:02:00,802 [INFO] 📈 EPOCH 79 | Loss: 0.3038 | P@5: 53.3% | P@10: 50.0%
2026-02-23 18:02:01,622 [INFO] 📈 EPOCH 80 | Loss: 0.3585 | P@5: 46.7% | P@10: 53.3%
2026-02-23 18:02:02,455 [INFO] 📈 EPOCH 81 | Loss: 0.3325 | P@5: 46.7% | P@10: 52.2%
2026-02-23 18:02:03,279 [INFO] 📈 EPOCH 82 | Loss: 0.3307 | P@5: 46.7% | P@10: 53.3%
2026-02-23 18:02:04,128 [INFO] 📈 EPOCH 83 | Loss: 0.2869 | P@5: 44.4% | P@10: 53.3%
2026-02-23 18:02:04,951 [INFO] 📈 EPOCH 84 | Loss: 0.3164 | P@5: 48.9% | P@10: 52.2%
2026-02-23 18:02:05,789 [INFO] 📈 EPOCH 85 | Loss: 0.3066 | P@5: 46.7% | P@10: 52.2%
2026-02-23 18:02:06,615 [INFO] 📈 EPOCH 86 | Loss: 0.3064 | P@5: 48.9% | P@10: 52.2%
2026-02-23 18:02:07,432 [INFO] 📈 EPOCH 87 | Loss: 0.2910 | P@5: 51.1% | P@10: 51.1%
2026-02-23 18:02:08,256 [INFO] 📈 EPOCH 88 | Loss: 0.2917 | P@5: 51.1% | P@10: 48.9%
2026-02-23 18:02:09,398 [INFO] 📈 EPOCH 89 | Loss: 0.3114 | P@5: 51.1% | P@10: 51.1%
2026-02-23 18:02:10,393 [INFO] 📈 EPOCH 90 | Loss: 0.2872 | P@5: 55.6% | P@10: 51.1%
2026-02-23 18:02:11,399 [INFO] 📈 EPOCH 91 | Loss: 0.2725 | P@5: 53.3% | P@10: 50.0%
2026-02-23 18:02:12,226 [INFO] 📈 EPOCH 92 | Loss: 0.2850 | P@5: 53.3% | P@10: 50.0%
2026-02-23 18:02:13,050 [INFO] 📈 EPOCH 93 | Loss: 0.2759 | P@5: 55.6% | P@10: 50.0%
2026-02-23 18:02:13,876 [INFO] 📈 EPOCH 94 | Loss: 0.2912 | P@5: 55.6% | P@10: 48.9%
2026-02-23 18:02:14,716 [INFO] 📈 EPOCH 95 | Loss: 0.2670 | P@5: 53.3% | P@10: 47.8%
2026-02-23 18:02:15,534 [INFO] 📈 EPOCH 96 | Loss: 0.2671 | P@5: 51.1% | P@10: 46.7%
2026-02-23 18:02:16,366 [INFO] 📈 EPOCH 97 | Loss: 0.2784 | P@5: 51.1% | P@10: 45.6%
2026-02-23 18:02:17,185 [INFO] 📈 EPOCH 98 | Loss: 0.2694 | P@5: 48.9% | P@10: 46.7%
2026-02-23 18:02:18,006 [INFO] 📈 EPOCH 99 | Loss: 0.2562 | P@5: 48.9% | P@10: 48.9%
2026-02-23 18:02:18,823 [INFO] 📈 EPOCH 100 | Loss: 0.2617 | P@5: 48.9% | P@10: 47.8%
2026-02-23 18:02:19,639 [INFO] 📈 EPOCH 101 | Loss: 0.2527 | P@5: 48.9% | P@10: 45.6%
2026-02-23 18:02:20,466 [INFO] 📈 EPOCH 102 | Loss: 0.2308 | P@5: 48.9% | P@10: 45.6%
2026-02-23 18:02:21,299 [INFO] 📈 EPOCH 103 | Loss: 0.2396 | P@5: 51.1% | P@10: 47.8%
2026-02-23 18:02:22,137 [INFO] 📈 EPOCH 104 | Loss: 0.2367 | P@5: 51.1% | P@10: 45.6%
2026-02-23 18:02:22,957 [INFO] 📈 EPOCH 105 | Loss: 0.2197 | P@5: 51.1% | P@10: 46.7%
2026-02-23 18:02:23,792 [INFO] 📈 EPOCH 106 | Loss: 0.2108 | P@5: 48.9% | P@10: 46.7%
2026-02-23 18:02:24,620 [INFO] 📈 EPOCH 107 | Loss: 0.2106 | P@5: 48.9% | P@10: 44.4%
2026-02-23 18:02:25,431 [INFO] 📈 EPOCH 108 | Loss: 0.2086 | P@5: 48.9% | P@10: 46.7%
2026-02-23 18:02:26,260 [INFO] 📈 EPOCH 109 | Loss: 0.2084 | P@5: 48.9% | P@10: 47.8%
2026-02-23 18:02:27,092 [INFO] 📈 EPOCH 110 | Loss: 0.2012 | P@5: 51.1% | P@10: 46.7%
2026-02-23 18:02:27,944 [INFO] 📈 EPOCH 111 | Loss: 0.2062 | P@5: 51.1% | P@10: 46.7%
2026-02-23 18:02:28,778 [INFO] 📈 EPOCH 112 | Loss: 0.2110 | P@5: 51.1% | P@10: 46.7%
2026-02-23 18:02:29,605 [INFO] 📈 EPOCH 113 | Loss: 0.2025 | P@5: 51.1% | P@10: 45.6%
2026-02-23 18:02:30,432 [INFO] 📈 EPOCH 114 | Loss: 0.1878 | P@5: 51.1% | P@10: 45.6%
2026-02-23 18:02:31,261 [INFO] 📈 EPOCH 115 | Loss: 0.1931 | P@5: 53.3% | P@10: 46.7%
2026-02-23 18:02:32,083 [INFO] 📈 EPOCH 116 | Loss: 0.1793 | P@5: 55.6% | P@10: 46.7%
2026-02-23 18:02:32,922 [INFO] 📈 EPOCH 117 | Loss: 0.1658 | P@5: 53.3% | P@10: 47.8%
2026-02-23 18:02:34,178 [INFO] 📈 EPOCH 118 | Loss: 0.1696 | P@5: 51.1% | P@10: 47.8%
2026-02-23 18:02:35,253 [INFO] 📈 EPOCH 119 | Loss: 0.1626 | P@5: 51.1% | P@10: 47.8%
2026-02-23 18:02:36,239 [INFO] 📈 EPOCH 120 | Loss: 0.1535 | P@5: 53.3% | P@10: 47.8%
2026-02-23 18:02:37,396 [INFO] 📈 EPOCH 121 | Loss: 0.1572 | P@5: 53.3% | P@10: 45.6%
2026-02-23 18:02:38,348 [INFO] 📈 EPOCH 122 | Loss: 0.1470 | P@5: 55.6% | P@10: 47.8%
2026-02-23 18:02:39,294 [INFO] 📈 EPOCH 123 | Loss: 0.1522 | P@5: 55.6% | P@10: 47.8%
2026-02-23 18:02:40,248 [INFO] 📈 EPOCH 124 | Loss: 0.1434 | P@5: 55.6% | P@10: 47.8%
2026-02-23 18:02:41,077 [INFO] 📈 EPOCH 125 | Loss: 0.1415 | P@5: 51.1% | P@10: 45.6%
2026-02-23 18:02:41,916 [INFO] 📈 EPOCH 126 | Loss: 0.1332 | P@5: 51.1% | P@10: 47.8%
2026-02-23 18:02:42,733 [INFO] 📈 EPOCH 127 | Loss: 0.1312 | P@5: 51.1% | P@10: 47.8%
2026-02-23 18:02:43,557 [INFO] 📈 EPOCH 128 | Loss: 0.1292 | P@5: 48.9% | P@10: 46.7%
2026-02-23 18:02:44,378 [INFO] 📈 EPOCH 129 | Loss: 0.1336 | P@5: 46.7% | P@10: 46.7%
2026-02-23 18:02:45,203 [INFO] 📈 EPOCH 130 | Loss: 0.1262 | P@5: 53.3% | P@10: 45.6%
2026-02-23 18:02:46,052 [INFO] 📈 EPOCH 131 | Loss: 0.1176 | P@5: 53.3% | P@10: 47.8%
2026-02-23 18:02:46,888 [INFO] 📈 EPOCH 132 | Loss: 0.1044 | P@5: 51.1% | P@10: 48.9%
2026-02-23 18:02:47,724 [INFO] 📈 EPOCH 133 | Loss: 0.1129 | P@5: 51.1% | P@10: 50.0%
2026-02-23 18:02:48,553 [INFO] 📈 EPOCH 134 | Loss: 0.1110 | P@5: 53.3% | P@10: 47.8%
2026-02-23 18:02:49,378 [INFO] 📈 EPOCH 135 | Loss: 0.1057 | P@5: 53.3% | P@10: 47.8%
2026-02-23 18:02:50,348 [INFO] 📈 EPOCH 136 | Loss: 0.1035 | P@5: 53.3% | P@10: 47.8%
2026-02-23 18:02:51,455 [INFO] 📈 EPOCH 137 | Loss: 0.1031 | P@5: 51.1% | P@10: 47.8%
2026-02-23 18:02:52,422 [INFO] 📈 EPOCH 138 | Loss: 0.0907 | P@5: 53.3% | P@10: 47.8%
2026-02-23 18:02:53,238 [INFO] 📈 EPOCH 139 | Loss: 0.0912 | P@5: 55.6% | P@10: 47.8%
2026-02-23 18:02:54,066 [INFO] 📈 EPOCH 140 | Loss: 0.0878 | P@5: 53.3% | P@10: 47.8%
2026-02-23 18:02:54,888 [INFO] 📈 EPOCH 141 | Loss: 0.0909 | P@5: 53.3% | P@10: 46.7%
2026-02-23 18:02:55,710 [INFO] 📈 EPOCH 142 | Loss: 0.0889 | P@5: 53.3% | P@10: 48.9%
2026-02-23 18:02:56,576 [INFO] 📈 EPOCH 143 | Loss: 0.0887 | P@5: 48.9% | P@10: 48.9%
2026-02-23 18:02:57,422 [INFO] 📈 EPOCH 144 | Loss: 0.0798 | P@5: 51.1% | P@10: 47.8%
2026-02-23 18:02:58,272 [INFO] 📈 EPOCH 145 | Loss: 0.0825 | P@5: 53.3% | P@10: 47.8%
2026-02-23 18:02:59,257 [INFO] 📈 EPOCH 146 | Loss: 0.0830 | P@5: 53.3% | P@10: 48.9%
2026-02-23 18:03:00,176 [INFO] 📈 EPOCH 147 | Loss: 0.0810 | P@5: 55.6% | P@10: 48.9%
2026-02-23 18:03:01,049 [INFO] 📈 EPOCH 148 | Loss: 0.0755 | P@5: 53.3% | P@10: 48.9%
2026-02-23 18:03:01,986 [INFO] 📈 EPOCH 149 | Loss: 0.0745 | P@5: 48.9% | P@10: 50.0%
2026-02-23 18:03:03,676 [INFO] 📈 EPOCH 150 | Loss: 0.0699 | P@5: 55.6% | P@10: 48.9%
2026-02-23 18:03:04,700 [INFO] 📈 EPOCH 151 | Loss: 0.0680 | P@5: 55.6% | P@10: 48.9%
2026-02-23 18:03:05,588 [INFO] 📈 EPOCH 152 | Loss: 0.0665 | P@5: 55.6% | P@10: 50.0%
2026-02-23 18:03:06,476 [INFO] 📈 EPOCH 153 | Loss: 0.0687 | P@5: 55.6% | P@10: 52.2%
2026-02-23 18:03:07,310 [INFO] 📈 EPOCH 154 | Loss: 0.0640 | P@5: 51.1% | P@10: 48.9%
2026-02-23 18:03:08,294 [INFO] 📈 EPOCH 155 | Loss: 0.0653 | P@5: 51.1% | P@10: 50.0%
2026-02-23 18:03:09,247 [INFO] 📈 EPOCH 156 | Loss: 0.0662 | P@5: 53.3% | P@10: 50.0%
2026-02-23 18:03:10,154 [INFO] 📈 EPOCH 157 | Loss: 0.0640 | P@5: 53.3% | P@10: 50.0%
2026-02-23 18:03:11,073 [INFO] 📈 EPOCH 158 | Loss: 0.0651 | P@5: 55.6% | P@10: 50.0%
2026-02-23 18:03:11,988 [INFO] 📈 EPOCH 159 | Loss: 0.0727 | P@5: 55.6% | P@10: 51.1%
2026-02-23 18:03:12,882 [INFO] 📈 EPOCH 160 | Loss: 0.0648 | P@5: 48.9% | P@10: 50.0%
2026-02-23 18:03:13,755 [INFO] 📈 EPOCH 161 | Loss: 0.0632 | P@5: 51.1% | P@10: 50.0%
2026-02-23 18:03:14,642 [INFO] 📈 EPOCH 162 | Loss: 0.0614 | P@5: 55.6% | P@10: 50.0%
2026-02-23 18:03:15,524 [INFO] 📈 EPOCH 163 | Loss: 0.0594 | P@5: 53.3% | P@10: 48.9%
2026-02-23 18:03:16,382 [INFO] 📈 EPOCH 164 | Loss: 0.0551 | P@5: 53.3% | P@10: 48.9%
2026-02-23 18:03:17,420 [INFO] 📈 EPOCH 165 | Loss: 0.0584 | P@5: 53.3% | P@10: 48.9%
2026-02-23 18:03:18,368 [INFO] 📈 EPOCH 166 | Loss: 0.0557 | P@5: 53.3% | P@10: 48.9%
2026-02-23 18:03:19,304 [INFO] 📈 EPOCH 167 | Loss: 0.0554 | P@5: 53.3% | P@10: 50.0%
2026-02-23 18:03:20,212 [INFO] 📈 EPOCH 168 | Loss: 0.0593 | P@5: 51.1% | P@10: 51.1%
2026-02-23 18:03:21,048 [INFO] 📈 EPOCH 169 | Loss: 0.0570 | P@5: 55.6% | P@10: 50.0%
2026-02-23 18:03:21,881 [INFO] 📈 EPOCH 170 | Loss: 0.0531 | P@5: 55.6% | P@10: 50.0%
2026-02-23 18:03:22,728 [INFO] 📈 EPOCH 171 | Loss: 0.0522 | P@5: 55.6% | P@10: 51.1%
2026-02-23 18:03:23,556 [INFO] 📈 EPOCH 172 | Loss: 0.0545 | P@5: 55.6% | P@10: 52.2%
2026-02-23 18:03:24,387 [INFO] 📈 EPOCH 173 | Loss: 0.0504 | P@5: 55.6% | P@10: 50.0%
2026-02-23 18:03:25,218 [INFO] 📈 EPOCH 174 | Loss: 0.0518 | P@5: 55.6% | P@10: 51.1%
2026-02-23 18:03:26,068 [INFO] 📈 EPOCH 175 | Loss: 0.0516 | P@5: 53.3% | P@10: 51.1%
2026-02-23 18:03:26,906 [INFO] 📈 EPOCH 176 | Loss: 0.0475 | P@5: 55.6% | P@10: 51.1%
2026-02-23 18:03:27,737 [INFO] 📈 EPOCH 177 | Loss: 0.0465 | P@5: 55.6% | P@10: 51.1%
2026-02-23 18:03:28,568 [INFO] 📈 EPOCH 178 | Loss: 0.0496 | P@5: 53.3% | P@10: 51.1%
2026-02-23 18:03:29,390 [INFO] 📈 EPOCH 179 | Loss: 0.0510 | P@5: 53.3% | P@10: 50.0%
2026-02-23 18:03:30,209 [INFO] 📈 EPOCH 180 | Loss: 0.0511 | P@5: 53.3% | P@10: 50.0%
2026-02-23 18:03:31,033 [INFO] 📈 EPOCH 181 | Loss: 0.0462 | P@5: 53.3% | P@10: 50.0%
2026-02-23 18:03:31,873 [INFO] 📈 EPOCH 182 | Loss: 0.0455 | P@5: 60.0% | P@10: 50.0%
2026-02-23 18:03:32,697 [INFO] 📈 EPOCH 183 | Loss: 0.0468 | P@5: 60.0% | P@10: 51.1%
2026-02-23 18:03:33,527 [INFO] 📈 EPOCH 184 | Loss: 0.0515 | P@5: 55.6% | P@10: 50.0%
2026-02-23 18:03:34,346 [INFO] 📈 EPOCH 185 | Loss: 0.0471 | P@5: 53.3% | P@10: 50.0%
2026-02-23 18:03:35,171 [INFO] 📈 EPOCH 186 | Loss: 0.0471 | P@5: 51.1% | P@10: 50.0%
2026-02-23 18:03:35,994 [INFO] 📈 EPOCH 187 | Loss: 0.0450 | P@5: 53.3% | P@10: 50.0%
2026-02-23 18:03:36,825 [INFO] 📈 EPOCH 188 | Loss: 0.0454 | P@5: 51.1% | P@10: 48.9%
2026-02-23 18:03:37,657 [INFO] 📈 EPOCH 189 | Loss: 0.0444 | P@5: 55.6% | P@10: 50.0%
2026-02-23 18:03:38,464 [INFO] 📈 EPOCH 190 | Loss: 0.0454 | P@5: 57.8% | P@10: 50.0%
2026-02-23 18:03:39,278 [INFO] 📈 EPOCH 191 | Loss: 0.0465 | P@5: 55.6% | P@10: 48.9%
2026-02-23 18:03:40,083 [INFO] 📈 EPOCH 192 | Loss: 0.0453 | P@5: 57.8% | P@10: 48.9%
2026-02-23 18:03:40,891 [INFO] 📈 EPOCH 193 | Loss: 0.0447 | P@5: 55.6% | P@10: 50.0%
2026-02-23 18:03:41,694 [INFO] 📈 EPOCH 194 | Loss: 0.0430 | P@5: 55.6% | P@10: 50.0%
2026-02-23 18:03:42,509 [INFO] 📈 EPOCH 195 | Loss: 0.0416 | P@5: 51.1% | P@10: 51.1%
2026-02-23 18:03:43,313 [INFO] 📈 EPOCH 196 | Loss: 0.0428 | P@5: 53.3% | P@10: 52.2%
2026-02-23 18:03:44,125 [INFO] 📈 EPOCH 197 | Loss: 0.0397 | P@5: 53.3% | P@10: 48.9%
2026-02-23 18:03:44,943 [INFO] 📈 EPOCH 198 | Loss: 0.0410 | P@5: 53.3% | P@10: 48.9%
2026-02-23 18:03:45,768 [INFO] 📈 EPOCH 199 | Loss: 0.0398 | P@5: 53.3% | P@10: 50.0%
2026-02-23 18:03:46,607 [INFO] 📈 EPOCH 200 | Loss: 0.0432 | P@5: 51.1% | P@10: 51.1%
