2026-02-23 09:16:55,571 [INFO] 🚀 INICIANDO TREINO DE 'PENEIRA QUENTE' (APENAS MESES > 60 CRIMES)
2026-02-23 09:16:55,571 [INFO]    Amostras Criticas: 731 dias | Foco: Detectar Picos
2026-02-23 09:17:09,627 [INFO]    [Epoch 01] Step 100/555 | Loss: 0.505011
2026-02-23 09:17:20,090 [INFO]    [Epoch 01] Step 200/555 | Loss: 0.306089
2026-02-23 09:17:29,634 [INFO]    [Epoch 01] Step 300/555 | Loss: 0.226801
2026-02-23 09:17:39,282 [INFO]    [Epoch 01] Step 400/555 | Loss: 0.401066
2026-02-23 09:17:49,140 [INFO]    [Epoch 01] Step 500/555 | Loss: 0.199098
2026-02-23 09:17:58,831 [INFO] 📈 EPOCH 01 FINAL | Loss: 0.654719 | Recall@40: 53.9%
2026-02-23 09:17:58,856 [INFO] 🏆 NOVO RECORDE UNIVERSAL: Recall@40 = 53.9%
2026-02-23 09:18:44,418 [INFO]    [Epoch 02] Step 100/555 | Loss: 0.208226
2026-02-23 09:18:56,264 [INFO]    [Epoch 02] Step 200/555 | Loss: 0.175858
2026-02-23 09:19:08,299 [INFO]    [Epoch 02] Step 300/555 | Loss: 0.241296
2026-02-23 09:19:23,114 [INFO]    [Epoch 02] Step 400/555 | Loss: 0.175927
2026-02-23 09:19:32,744 [INFO]    [Epoch 02] Step 500/555 | Loss: 0.162748
2026-02-23 09:19:42,333 [INFO] 📈 EPOCH 02 FINAL | Loss: 0.210313 | Recall@40: 54.2%
2026-02-23 09:19:42,360 [INFO] 🏆 NOVO RECORDE UNIVERSAL: Recall@40 = 54.2%
2026-02-23 09:19:52,262 [INFO]    [Epoch 03] Step 100/555 | Loss: 0.194416
2026-02-23 09:20:01,534 [INFO]    [Epoch 03] Step 200/555 | Loss: 0.103077
2026-02-23 09:20:11,729 [INFO]    [Epoch 03] Step 300/555 | Loss: 0.369813
2026-02-23 09:20:23,871 [INFO]    [Epoch 03] Step 400/555 | Loss: 0.274591
2026-02-23 09:20:32,829 [INFO]    [Epoch 03] Step 500/555 | Loss: 0.150152
2026-02-23 09:20:40,763 [INFO] 📈 EPOCH 03 FINAL | Loss: 0.192071 | Recall@40: 53.6%
2026-02-23 09:20:49,568 [INFO]    [Epoch 04] Step 100/555 | Loss: 0.268867
2026-02-23 09:20:59,532 [INFO]    [Epoch 04] Step 200/555 | Loss: 0.170281
2026-02-23 09:21:09,545 [INFO]    [Epoch 04] Step 300/555 | Loss: 0.250897
2026-02-23 09:21:19,054 [INFO]    [Epoch 04] Step 400/555 | Loss: 0.174578
2026-02-23 09:21:35,245 [INFO]    [Epoch 04] Step 500/555 | Loss: 0.248370
2026-02-23 09:21:49,732 [INFO] 📈 EPOCH 04 FINAL | Loss: 0.178889 | Recall@40: 54.5%
2026-02-23 09:21:49,746 [INFO] 🏆 NOVO RECORDE UNIVERSAL: Recall@40 = 54.5%
2026-02-23 09:21:59,180 [INFO]    [Epoch 05] Step 100/555 | Loss: 0.170765
2026-02-23 09:22:08,424 [INFO]    [Epoch 05] Step 200/555 | Loss: 0.085856
2026-02-23 09:22:17,416 [INFO]    [Epoch 05] Step 300/555 | Loss: 0.161190
2026-02-23 09:22:27,294 [INFO]    [Epoch 05] Step 400/555 | Loss: 0.121917
2026-02-23 09:22:37,648 [INFO]    [Epoch 05] Step 500/555 | Loss: 0.129987
2026-02-23 09:22:49,055 [INFO] 📈 EPOCH 05 FINAL | Loss: 0.163828 | Recall@40: 54.7%
2026-02-23 09:22:49,069 [INFO] 🏆 NOVO RECORDE UNIVERSAL: Recall@40 = 54.7%
2026-02-23 09:22:58,633 [INFO]    [Epoch 06] Step 100/555 | Loss: 0.159226
2026-02-23 09:23:07,607 [INFO]    [Epoch 06] Step 200/555 | Loss: 0.152162
2026-02-23 09:23:16,506 [INFO]    [Epoch 06] Step 300/555 | Loss: 0.199271
2026-02-23 09:23:25,427 [INFO]    [Epoch 06] Step 400/555 | Loss: 0.117415
2026-02-23 09:23:34,290 [INFO]    [Epoch 06] Step 500/555 | Loss: 0.186456
2026-02-23 09:23:42,439 [INFO] 📈 EPOCH 06 FINAL | Loss: 0.152578 | Recall@40: 54.9%
2026-02-23 09:23:42,453 [INFO] 🏆 NOVO RECORDE UNIVERSAL: Recall@40 = 54.9%
2026-02-23 09:23:53,521 [INFO]    [Epoch 07] Step 100/555 | Loss: 0.123557
2026-02-23 09:24:04,017 [INFO]    [Epoch 07] Step 200/555 | Loss: 0.145044
2026-02-23 09:24:13,054 [INFO]    [Epoch 07] Step 300/555 | Loss: 0.166910
2026-02-23 09:24:21,701 [INFO]    [Epoch 07] Step 400/555 | Loss: 0.107808
2026-02-23 09:24:30,402 [INFO]    [Epoch 07] Step 500/555 | Loss: 0.125569
2026-02-23 09:24:38,362 [INFO] 📈 EPOCH 07 FINAL | Loss: 0.151233 | Recall@40: 54.6%
2026-02-23 09:24:47,263 [INFO]    [Epoch 08] Step 100/555 | Loss: 0.123721
2026-02-23 09:24:56,382 [INFO]    [Epoch 08] Step 200/555 | Loss: 0.082198
2026-02-23 09:25:05,515 [INFO]    [Epoch 08] Step 300/555 | Loss: 0.141496
2026-02-23 09:25:15,049 [INFO]    [Epoch 08] Step 400/555 | Loss: 0.124813
2026-02-23 09:25:25,065 [INFO]    [Epoch 08] Step 500/555 | Loss: 0.129337
2026-02-23 09:25:34,309 [INFO] 📈 EPOCH 08 FINAL | Loss: 0.147813 | Recall@40: 54.2%
2026-02-23 09:25:44,346 [INFO]    [Epoch 09] Step 100/555 | Loss: 0.177689
2026-02-23 09:25:54,106 [INFO]    [Epoch 09] Step 200/555 | Loss: 0.130409
2026-02-23 09:26:05,830 [INFO]    [Epoch 09] Step 300/555 | Loss: 0.172969
2026-02-23 09:26:16,620 [INFO]    [Epoch 09] Step 400/555 | Loss: 0.153657
2026-02-23 09:26:27,061 [INFO]    [Epoch 09] Step 500/555 | Loss: 0.117101
2026-02-23 09:26:36,163 [INFO] 📈 EPOCH 09 FINAL | Loss: 0.144602 | Recall@40: 53.8%
2026-02-23 09:26:46,433 [INFO]    [Epoch 10] Step 100/555 | Loss: 0.098714
2026-02-23 09:26:56,488 [INFO]    [Epoch 10] Step 200/555 | Loss: 0.205319
2026-02-23 09:27:06,771 [INFO]    [Epoch 10] Step 300/555 | Loss: 0.178213
2026-02-23 09:27:17,128 [INFO]    [Epoch 10] Step 400/555 | Loss: 0.157157
2026-02-23 09:27:27,822 [INFO]    [Epoch 10] Step 500/555 | Loss: 0.103727
2026-02-23 09:27:37,590 [INFO] 📈 EPOCH 10 FINAL | Loss: 0.148751 | Recall@40: 52.9%
2026-02-23 09:27:48,293 [INFO]    [Epoch 11] Step 100/555 | Loss: 0.136305
2026-02-23 09:27:59,190 [INFO]    [Epoch 11] Step 200/555 | Loss: 0.126442
2026-02-23 09:28:12,464 [INFO]    [Epoch 11] Step 300/555 | Loss: 0.095133
2026-02-23 09:28:24,297 [INFO]    [Epoch 11] Step 400/555 | Loss: 0.175096
2026-02-23 09:28:35,786 [INFO]    [Epoch 11] Step 500/555 | Loss: 0.112716
2026-02-23 09:28:46,650 [INFO] 📈 EPOCH 11 FINAL | Loss: 0.151358 | Recall@40: 55.7%
2026-02-23 09:28:46,663 [INFO] 🏆 NOVO RECORDE UNIVERSAL: Recall@40 = 55.7%
2026-02-23 09:28:58,550 [INFO]    [Epoch 12] Step 100/555 | Loss: 0.173070
2026-02-23 09:29:10,907 [INFO]    [Epoch 12] Step 200/555 | Loss: 0.167916
2026-02-23 09:29:23,793 [INFO]    [Epoch 12] Step 300/555 | Loss: 0.097871
2026-02-23 09:29:36,431 [INFO]    [Epoch 12] Step 400/555 | Loss: 0.080969
2026-02-23 09:29:49,347 [INFO]    [Epoch 12] Step 500/555 | Loss: 0.175322
2026-02-23 09:30:00,591 [INFO] 📈 EPOCH 12 FINAL | Loss: 0.144140 | Recall@40: 55.8%
2026-02-23 09:30:00,604 [INFO] 🏆 NOVO RECORDE UNIVERSAL: Recall@40 = 55.8%
2026-02-23 09:30:14,084 [INFO]    [Epoch 13] Step 100/555 | Loss: 0.104448
2026-02-23 09:30:27,402 [INFO]    [Epoch 13] Step 200/555 | Loss: 0.121880
2026-02-23 09:30:40,569 [INFO]    [Epoch 13] Step 300/555 | Loss: 0.142793
2026-02-23 09:30:53,811 [INFO]    [Epoch 13] Step 400/555 | Loss: 0.119517
2026-02-23 09:31:06,863 [INFO]    [Epoch 13] Step 500/555 | Loss: 0.111627
2026-02-23 09:31:18,432 [INFO] 📈 EPOCH 13 FINAL | Loss: 0.144991 | Recall@40: 53.5%
2026-02-23 09:31:33,286 [INFO]    [Epoch 14] Step 100/555 | Loss: 0.125949
2026-02-23 09:31:47,085 [INFO]    [Epoch 14] Step 200/555 | Loss: 0.220860
2026-02-23 09:32:01,095 [INFO]    [Epoch 14] Step 300/555 | Loss: 0.136475
2026-02-23 09:32:15,266 [INFO]    [Epoch 14] Step 400/555 | Loss: 0.152930
2026-02-23 09:32:30,176 [INFO]    [Epoch 14] Step 500/555 | Loss: 0.169577
2026-02-23 09:32:42,090 [INFO] 📈 EPOCH 14 FINAL | Loss: 0.155754 | Recall@40: 53.2%
2026-02-23 09:32:55,854 [INFO]    [Epoch 15] Step 100/555 | Loss: 0.222547
2026-02-23 09:33:09,897 [INFO]    [Epoch 15] Step 200/555 | Loss: 0.136686
2026-02-23 09:33:23,526 [INFO]    [Epoch 15] Step 300/555 | Loss: 0.103006
2026-02-23 09:33:37,232 [INFO]    [Epoch 15] Step 400/555 | Loss: 0.158811
2026-02-23 09:33:50,891 [INFO]    [Epoch 15] Step 500/555 | Loss: 0.089232
2026-02-23 09:34:02,760 [INFO] 📈 EPOCH 15 FINAL | Loss: 0.153268 | Recall@40: 53.7%
2026-02-23 09:34:16,552 [INFO]    [Epoch 16] Step 100/555 | Loss: 0.131967
2026-02-23 09:34:31,728 [INFO]    [Epoch 16] Step 200/555 | Loss: 0.167503
2026-02-23 09:34:45,531 [INFO]    [Epoch 16] Step 300/555 | Loss: 0.150932
2026-02-23 09:34:59,466 [INFO]    [Epoch 16] Step 400/555 | Loss: 0.211213
2026-02-23 09:35:16,427 [INFO]    [Epoch 16] Step 500/555 | Loss: 0.150175
2026-02-23 09:35:28,401 [INFO] 📈 EPOCH 16 FINAL | Loss: 0.144955 | Recall@40: 51.7%
2026-02-23 09:35:42,284 [INFO]    [Epoch 17] Step 100/555 | Loss: 0.142980
2026-02-23 09:35:56,003 [INFO]    [Epoch 17] Step 200/555 | Loss: 0.112579
2026-02-23 09:36:09,432 [INFO]    [Epoch 17] Step 300/555 | Loss: 0.123815
2026-02-23 09:36:22,831 [INFO]    [Epoch 17] Step 400/555 | Loss: 0.220179
2026-02-23 09:36:38,798 [INFO]    [Epoch 17] Step 500/555 | Loss: 0.140444
2026-02-23 09:36:50,281 [INFO] 📈 EPOCH 17 FINAL | Loss: 0.144645 | Recall@40: 54.9%
2026-02-23 09:37:03,574 [INFO]    [Epoch 18] Step 100/555 | Loss: 0.189245
2026-02-23 09:37:16,700 [INFO]    [Epoch 18] Step 200/555 | Loss: 0.166056
2026-02-23 09:37:30,050 [INFO]    [Epoch 18] Step 300/555 | Loss: 0.147129
2026-02-23 09:37:43,033 [INFO]    [Epoch 18] Step 400/555 | Loss: 0.138223
2026-02-23 09:37:56,320 [INFO]    [Epoch 18] Step 500/555 | Loss: 0.141718
2026-02-23 09:38:07,875 [INFO] 📈 EPOCH 18 FINAL | Loss: 0.146323 | Recall@40: 53.1%
2026-02-23 09:38:22,699 [INFO]    [Epoch 19] Step 100/555 | Loss: 0.189089
2026-02-23 09:38:38,692 [INFO]    [Epoch 19] Step 200/555 | Loss: 0.136911
2026-02-23 09:38:55,016 [INFO]    [Epoch 19] Step 300/555 | Loss: 0.208992
2026-02-23 09:39:09,936 [INFO]    [Epoch 19] Step 400/555 | Loss: 0.200195
2026-02-23 09:39:24,431 [INFO]    [Epoch 19] Step 500/555 | Loss: 0.109298
2026-02-23 09:39:37,197 [INFO] 📈 EPOCH 19 FINAL | Loss: 0.153145 | Recall@40: 52.7%
2026-02-23 09:39:51,846 [INFO]    [Epoch 20] Step 100/555 | Loss: 0.156169
2026-02-23 09:40:06,771 [INFO]    [Epoch 20] Step 200/555 | Loss: 0.209820
2026-02-23 09:40:21,546 [INFO]    [Epoch 20] Step 300/555 | Loss: 0.125698
2026-02-23 09:40:36,700 [INFO]    [Epoch 20] Step 400/555 | Loss: 0.147139
2026-02-23 09:40:53,215 [INFO]    [Epoch 20] Step 500/555 | Loss: 0.136538
2026-02-23 09:41:05,852 [INFO] 📈 EPOCH 20 FINAL | Loss: 0.152288 | Recall@40: 54.2%
2026-02-23 09:41:20,697 [INFO]    [Epoch 21] Step 100/555 | Loss: 0.153644
2026-02-23 09:41:35,477 [INFO]    [Epoch 21] Step 200/555 | Loss: 0.092805
2026-02-23 09:41:51,995 [INFO]    [Epoch 21] Step 300/555 | Loss: 0.169297
2026-02-23 09:42:07,216 [INFO]    [Epoch 21] Step 400/555 | Loss: 0.196207
2026-02-23 09:42:22,325 [INFO]    [Epoch 21] Step 500/555 | Loss: 0.106653
2026-02-23 09:42:35,283 [INFO] 📈 EPOCH 21 FINAL | Loss: 0.147546 | Recall@40: 54.2%
2026-02-23 09:42:51,536 [INFO]    [Epoch 22] Step 100/555 | Loss: 0.141119
2026-02-23 09:43:07,265 [INFO]    [Epoch 22] Step 200/555 | Loss: 0.204429
2026-02-23 09:43:22,086 [INFO]    [Epoch 22] Step 300/555 | Loss: 0.180948
2026-02-23 09:43:36,796 [INFO]    [Epoch 22] Step 400/555 | Loss: 0.214345
2026-02-23 09:43:52,034 [INFO]    [Epoch 22] Step 500/555 | Loss: 0.175970
2026-02-23 09:44:04,864 [INFO] 📈 EPOCH 22 FINAL | Loss: 0.146478 | Recall@40: 53.5%
2026-02-23 09:44:20,694 [INFO]    [Epoch 23] Step 100/555 | Loss: 0.136277
2026-02-23 09:44:37,087 [INFO]    [Epoch 23] Step 200/555 | Loss: 0.124997
2026-02-23 09:44:54,457 [INFO]    [Epoch 23] Step 300/555 | Loss: 0.135743
2026-02-23 09:45:13,212 [INFO]    [Epoch 23] Step 400/555 | Loss: 0.140142
2026-02-23 09:45:29,983 [INFO]    [Epoch 23] Step 500/555 | Loss: 0.138120
2026-02-23 09:45:43,928 [INFO] 📈 EPOCH 23 FINAL | Loss: 0.143216 | Recall@40: 54.0%
2026-02-23 09:46:01,471 [INFO]    [Epoch 24] Step 100/555 | Loss: 0.210493
2026-02-23 09:46:18,948 [INFO]    [Epoch 24] Step 200/555 | Loss: 0.123473
2026-02-23 09:46:36,723 [INFO]    [Epoch 24] Step 300/555 | Loss: 0.151156
2026-02-23 09:46:56,836 [INFO]    [Epoch 24] Step 400/555 | Loss: 0.134333
2026-02-23 09:47:18,488 [INFO]    [Epoch 24] Step 500/555 | Loss: 0.184295
2026-02-23 09:47:34,203 [INFO] 📈 EPOCH 24 FINAL | Loss: 0.146059 | Recall@40: 54.0%
2026-02-23 09:47:52,741 [INFO]    [Epoch 25] Step 100/555 | Loss: 0.130147
2026-02-23 09:48:11,258 [INFO]    [Epoch 25] Step 200/555 | Loss: 0.154648
2026-02-23 09:48:29,410 [INFO]    [Epoch 25] Step 300/555 | Loss: 0.134155
2026-02-23 09:48:47,654 [INFO]    [Epoch 25] Step 400/555 | Loss: 0.122222
2026-02-23 09:49:05,412 [INFO]    [Epoch 25] Step 500/555 | Loss: 0.154586
2026-02-23 09:49:22,720 [INFO] 📈 EPOCH 25 FINAL | Loss: 0.148680 | Recall@40: 53.2%
2026-02-23 09:49:40,238 [INFO]    [Epoch 26] Step 100/555 | Loss: 0.129778
2026-02-23 09:49:58,263 [INFO]    [Epoch 26] Step 200/555 | Loss: 0.152029
2026-02-23 09:50:16,226 [INFO]    [Epoch 26] Step 300/555 | Loss: 0.077930
2026-02-23 09:50:33,652 [INFO]    [Epoch 26] Step 400/555 | Loss: 0.186659
2026-02-23 09:50:50,617 [INFO]    [Epoch 26] Step 500/555 | Loss: 0.248900
2026-02-23 09:51:04,456 [INFO] 📈 EPOCH 26 FINAL | Loss: 0.146179 | Recall@40: 54.4%
2026-02-23 09:51:21,900 [INFO]    [Epoch 27] Step 100/555 | Loss: 0.137082
2026-02-23 09:51:41,569 [INFO]    [Epoch 27] Step 200/555 | Loss: 0.132893
2026-02-23 09:51:59,425 [INFO]    [Epoch 27] Step 300/555 | Loss: 0.140750
2026-02-23 09:52:16,428 [INFO]    [Epoch 27] Step 400/555 | Loss: 0.112734
2026-02-23 09:52:32,501 [INFO]    [Epoch 27] Step 500/555 | Loss: 0.125508
2026-02-23 09:52:45,437 [INFO] 📈 EPOCH 27 FINAL | Loss: 0.148434 | Recall@40: 53.1%
2026-02-23 09:53:01,605 [INFO]    [Epoch 28] Step 100/555 | Loss: 0.198201
2026-02-23 09:53:17,627 [INFO]    [Epoch 28] Step 200/555 | Loss: 0.162542
2026-02-23 09:53:35,644 [INFO]    [Epoch 28] Step 300/555 | Loss: 0.093615
2026-02-23 09:53:52,302 [INFO]    [Epoch 28] Step 400/555 | Loss: 0.132991
2026-02-23 09:54:08,725 [INFO]    [Epoch 28] Step 500/555 | Loss: 0.129702
2026-02-23 09:54:22,439 [INFO] 📈 EPOCH 28 FINAL | Loss: 0.152644 | Recall@40: 52.9%
2026-02-23 09:54:39,219 [INFO]    [Epoch 29] Step 100/555 | Loss: 0.164102
2026-02-23 09:54:55,166 [INFO]    [Epoch 29] Step 200/555 | Loss: 0.120749
2026-02-23 09:55:11,449 [INFO]    [Epoch 29] Step 300/555 | Loss: 0.147664
2026-02-23 09:55:27,904 [INFO]    [Epoch 29] Step 400/555 | Loss: 0.166241
2026-02-23 09:55:47,646 [INFO]    [Epoch 29] Step 500/555 | Loss: 0.074534
2026-02-23 09:56:02,721 [INFO] 📈 EPOCH 29 FINAL | Loss: 0.152897 | Recall@40: 50.3%
2026-02-23 09:56:19,447 [INFO]    [Epoch 30] Step 100/555 | Loss: 0.133115
2026-02-23 09:56:35,975 [INFO]    [Epoch 30] Step 200/555 | Loss: 0.164809
2026-02-23 09:56:52,213 [INFO]    [Epoch 30] Step 300/555 | Loss: 0.110430
2026-02-23 09:57:09,081 [INFO]    [Epoch 30] Step 400/555 | Loss: 0.153413
