2026-02-23 14:52:53,458 [INFO] 🏙️ FILTRO ESPACIAL: 19 bairros ativos (de 121)
2026-02-23 14:52:53,897 [INFO] 🚀 INICIANDO TREINO FOCADO (19 Bairros | Diario > 2 Crimes)
2026-02-23 14:52:53,897 [INFO]    Amostras Criticas: 80 dias | Foco: Detectar Picos
2026-02-23 14:52:58,159 [INFO] 📈 EPOCH 01 FINAL | Loss: 2.595055 | Recall@40: 100.0%
2026-02-23 14:52:58,227 [INFO] 🏆 NOVO RECORDE UNIVERSAL: Recall@40 = 100.0%
2026-02-23 14:52:59,524 [INFO] 📈 EPOCH 02 FINAL | Loss: 1.711413 | Recall@40: 100.0%
2026-02-23 14:53:00,507 [INFO] 📈 EPOCH 03 FINAL | Loss: 1.324666 | Recall@40: 100.0%
2026-02-23 14:53:01,427 [INFO] 📈 EPOCH 04 FINAL | Loss: 0.963114 | Recall@40: 100.0%
2026-02-23 14:53:02,330 [INFO] 📈 EPOCH 05 FINAL | Loss: 0.802488 | Recall@40: 100.0%
2026-02-23 14:53:03,218 [INFO] 📈 EPOCH 06 FINAL | Loss: 0.743157 | Recall@40: 100.0%
2026-02-23 14:53:04,123 [INFO] 📈 EPOCH 07 FINAL | Loss: 0.581098 | Recall@40: 100.0%
2026-02-23 14:53:05,031 [INFO] 📈 EPOCH 08 FINAL | Loss: 0.534134 | Recall@40: 100.0%
2026-02-23 14:53:05,938 [INFO] 📈 EPOCH 09 FINAL | Loss: 0.509622 | Recall@40: 100.0%
2026-02-23 14:53:06,832 [INFO] 📈 EPOCH 10 FINAL | Loss: 0.469980 | Recall@40: 100.0%
2026-02-23 14:53:07,723 [INFO] 📈 EPOCH 11 FINAL | Loss: 0.493533 | Recall@40: 100.0%
2026-02-23 14:53:08,626 [INFO] 📈 EPOCH 12 FINAL | Loss: 0.472150 | Recall@40: 100.0%
2026-02-23 14:53:09,772 [INFO] 📈 EPOCH 13 FINAL | Loss: 0.418511 | Recall@40: 100.0%
2026-02-23 14:53:10,756 [INFO] 📈 EPOCH 14 FINAL | Loss: 0.420806 | Recall@40: 100.0%
2026-02-23 14:53:11,684 [INFO] 📈 EPOCH 15 FINAL | Loss: 0.434938 | Recall@40: 100.0%
2026-02-23 14:53:12,573 [INFO] 📈 EPOCH 16 FINAL | Loss: 0.409759 | Recall@40: 100.0%
2026-02-23 14:53:13,876 [INFO] 📈 EPOCH 17 FINAL | Loss: 0.410030 | Recall@40: 100.0%
2026-02-23 14:53:14,883 [INFO] 📈 EPOCH 18 FINAL | Loss: 0.372144 | Recall@40: 100.0%
2026-02-23 14:53:15,909 [INFO] 📈 EPOCH 19 FINAL | Loss: 0.403214 | Recall@40: 100.0%
2026-02-23 14:53:16,792 [INFO] 📈 EPOCH 20 FINAL | Loss: 0.406328 | Recall@40: 100.0%
2026-02-23 14:53:17,659 [INFO] 📈 EPOCH 21 FINAL | Loss: 0.409532 | Recall@40: 100.0%
2026-02-23 14:53:18,541 [INFO] 📈 EPOCH 22 FINAL | Loss: 0.419979 | Recall@40: 100.0%
2026-02-23 14:53:19,422 [INFO] 📈 EPOCH 23 FINAL | Loss: 0.436291 | Recall@40: 100.0%
2026-02-23 14:53:20,320 [INFO] 📈 EPOCH 24 FINAL | Loss: 0.378073 | Recall@40: 100.0%
2026-02-23 14:53:21,251 [INFO] 📈 EPOCH 25 FINAL | Loss: 0.369937 | Recall@40: 100.0%
2026-02-23 14:53:22,194 [INFO] 📈 EPOCH 26 FINAL | Loss: 0.362068 | Recall@40: 100.0%
2026-02-23 14:53:23,079 [INFO] 📈 EPOCH 27 FINAL | Loss: 0.404073 | Recall@40: 100.0%
2026-02-23 14:53:23,967 [INFO] 📈 EPOCH 28 FINAL | Loss: 0.374650 | Recall@40: 100.0%
2026-02-23 14:53:24,871 [INFO] 📈 EPOCH 29 FINAL | Loss: 0.395876 | Recall@40: 100.0%
2026-02-23 14:53:25,788 [INFO] 📈 EPOCH 30 FINAL | Loss: 0.368684 | Recall@40: 100.0%
2026-02-23 14:53:26,681 [INFO] 📈 EPOCH 31 FINAL | Loss: 0.385456 | Recall@40: 100.0%
2026-02-23 14:53:27,558 [INFO] 📈 EPOCH 32 FINAL | Loss: 0.371525 | Recall@40: 100.0%
2026-02-23 14:53:28,463 [INFO] 📈 EPOCH 33 FINAL | Loss: 0.366581 | Recall@40: 100.0%
2026-02-23 14:53:29,335 [INFO] 📈 EPOCH 34 FINAL | Loss: 0.344356 | Recall@40: 100.0%
2026-02-23 14:53:30,512 [INFO] 📈 EPOCH 35 FINAL | Loss: 0.331233 | Recall@40: 100.0%
2026-02-23 14:53:31,533 [INFO] 📈 EPOCH 36 FINAL | Loss: 0.366309 | Recall@40: 100.0%
2026-02-23 14:53:32,464 [INFO] 📈 EPOCH 37 FINAL | Loss: 0.366563 | Recall@40: 100.0%
2026-02-23 14:53:33,327 [INFO] 📈 EPOCH 38 FINAL | Loss: 0.381503 | Recall@40: 100.0%
2026-02-23 14:53:34,194 [INFO] 📈 EPOCH 39 FINAL | Loss: 0.360430 | Recall@40: 100.0%
2026-02-23 14:53:35,067 [INFO] 📈 EPOCH 40 FINAL | Loss: 0.354595 | Recall@40: 100.0%
2026-02-23 14:53:35,927 [INFO] 📈 EPOCH 41 FINAL | Loss: 0.360518 | Recall@40: 100.0%
2026-02-23 14:53:36,807 [INFO] 📈 EPOCH 42 FINAL | Loss: 0.361856 | Recall@40: 100.0%
2026-02-23 14:53:37,718 [INFO] 📈 EPOCH 43 FINAL | Loss: 0.374162 | Recall@40: 100.0%
2026-02-23 14:53:39,136 [INFO] 📈 EPOCH 44 FINAL | Loss: 0.346459 | Recall@40: 100.0%
2026-02-23 14:53:40,897 [INFO] 📈 EPOCH 45 FINAL | Loss: 0.345465 | Recall@40: 100.0%
2026-02-23 14:53:42,640 [INFO] 📈 EPOCH 46 FINAL | Loss: 0.351982 | Recall@40: 100.0%
2026-02-23 14:53:43,708 [INFO] 📈 EPOCH 47 FINAL | Loss: 0.350195 | Recall@40: 100.0%
2026-02-23 14:53:44,587 [INFO] 📈 EPOCH 48 FINAL | Loss: 0.347955 | Recall@40: 100.0%
2026-02-23 14:53:45,456 [INFO] 📈 EPOCH 49 FINAL | Loss: 0.342642 | Recall@40: 100.0%
2026-02-23 14:53:46,632 [INFO] 📈 EPOCH 50 FINAL | Loss: 0.345595 | Recall@40: 100.0%
2026-02-23 14:53:47,580 [INFO] 📈 EPOCH 51 FINAL | Loss: 0.336050 | Recall@40: 100.0%
2026-02-23 14:53:48,615 [INFO] 📈 EPOCH 52 FINAL | Loss: 0.353005 | Recall@40: 100.0%
2026-02-23 14:53:49,570 [INFO] 📈 EPOCH 53 FINAL | Loss: 0.360606 | Recall@40: 100.0%
2026-02-23 14:53:50,466 [INFO] 📈 EPOCH 54 FINAL | Loss: 0.327331 | Recall@40: 100.0%
2026-02-23 14:53:51,378 [INFO] 📈 EPOCH 55 FINAL | Loss: 0.315012 | Recall@40: 100.0%
2026-02-23 14:53:52,255 [INFO] 📈 EPOCH 56 FINAL | Loss: 0.319534 | Recall@40: 100.0%
2026-02-23 14:53:53,131 [INFO] 📈 EPOCH 57 FINAL | Loss: 0.330711 | Recall@40: 100.0%
2026-02-23 14:53:53,993 [INFO] 📈 EPOCH 58 FINAL | Loss: 0.348089 | Recall@40: 100.0%
2026-02-23 14:53:54,872 [INFO] 📈 EPOCH 59 FINAL | Loss: 0.326468 | Recall@40: 100.0%
2026-02-23 14:53:55,752 [INFO] 📈 EPOCH 60 FINAL | Loss: 0.310984 | Recall@40: 100.0%
2026-02-23 14:53:56,635 [INFO] 📈 EPOCH 61 FINAL | Loss: 0.337503 | Recall@40: 100.0%
2026-02-23 14:53:57,520 [INFO] 📈 EPOCH 62 FINAL | Loss: 0.340357 | Recall@40: 100.0%
2026-02-23 14:53:58,399 [INFO] 📈 EPOCH 63 FINAL | Loss: 0.339421 | Recall@40: 100.0%
2026-02-23 14:53:59,266 [INFO] 📈 EPOCH 64 FINAL | Loss: 0.349963 | Recall@40: 100.0%
2026-02-23 14:54:00,139 [INFO] 📈 EPOCH 65 FINAL | Loss: 0.351328 | Recall@40: 100.0%
2026-02-23 14:54:01,019 [INFO] 📈 EPOCH 66 FINAL | Loss: 0.324962 | Recall@40: 100.0%
2026-02-23 14:54:01,898 [INFO] 📈 EPOCH 67 FINAL | Loss: 0.330576 | Recall@40: 100.0%
2026-02-23 14:54:02,784 [INFO] 📈 EPOCH 68 FINAL | Loss: 0.329561 | Recall@40: 100.0%
2026-02-23 14:54:03,707 [INFO] 📈 EPOCH 69 FINAL | Loss: 0.316974 | Recall@40: 100.0%
2026-02-23 14:54:04,642 [INFO] 📈 EPOCH 70 FINAL | Loss: 0.327315 | Recall@40: 100.0%
2026-02-23 14:54:05,572 [INFO] 📈 EPOCH 71 FINAL | Loss: 0.331177 | Recall@40: 100.0%
2026-02-23 14:54:06,474 [INFO] 📈 EPOCH 72 FINAL | Loss: 0.286362 | Recall@40: 100.0%
2026-02-23 14:54:07,405 [INFO] 📈 EPOCH 73 FINAL | Loss: 0.303820 | Recall@40: 100.0%
2026-02-23 14:54:08,305 [INFO] 📈 EPOCH 74 FINAL | Loss: 0.321484 | Recall@40: 100.0%
2026-02-23 14:54:09,160 [INFO] 📈 EPOCH 75 FINAL | Loss: 0.330551 | Recall@40: 100.0%
2026-02-23 14:54:10,026 [INFO] 📈 EPOCH 76 FINAL | Loss: 0.307024 | Recall@40: 100.0%
2026-02-23 14:54:10,903 [INFO] 📈 EPOCH 77 FINAL | Loss: 0.320994 | Recall@40: 100.0%
2026-02-23 14:54:11,784 [INFO] 📈 EPOCH 78 FINAL | Loss: 0.288980 | Recall@40: 100.0%
2026-02-23 14:54:12,638 [INFO] 📈 EPOCH 79 FINAL | Loss: 0.315959 | Recall@40: 100.0%
2026-02-23 14:54:13,490 [INFO] 📈 EPOCH 80 FINAL | Loss: 0.310496 | Recall@40: 100.0%
2026-02-23 14:54:14,351 [INFO] 📈 EPOCH 81 FINAL | Loss: 0.296943 | Recall@40: 100.0%
2026-02-23 14:54:15,196 [INFO] 📈 EPOCH 82 FINAL | Loss: 0.313288 | Recall@40: 100.0%
2026-02-23 14:54:16,051 [INFO] 📈 EPOCH 83 FINAL | Loss: 0.328440 | Recall@40: 100.0%
2026-02-23 14:54:16,906 [INFO] 📈 EPOCH 84 FINAL | Loss: 0.281920 | Recall@40: 100.0%
2026-02-23 14:54:17,897 [INFO] 📈 EPOCH 85 FINAL | Loss: 0.322479 | Recall@40: 100.0%
2026-02-23 14:54:18,758 [INFO] 📈 EPOCH 86 FINAL | Loss: 0.328213 | Recall@40: 100.0%
2026-02-23 14:54:19,680 [INFO] 📈 EPOCH 87 FINAL | Loss: 0.297244 | Recall@40: 100.0%
2026-02-23 14:54:21,285 [INFO] 📈 EPOCH 88 FINAL | Loss: 0.298817 | Recall@40: 100.0%
2026-02-23 14:54:22,366 [INFO] 📈 EPOCH 89 FINAL | Loss: 0.311206 | Recall@40: 100.0%
2026-02-23 14:54:23,612 [INFO] 📈 EPOCH 90 FINAL | Loss: 0.302114 | Recall@40: 100.0%
2026-02-23 14:54:24,644 [INFO] 📈 EPOCH 91 FINAL | Loss: 0.288042 | Recall@40: 100.0%
2026-02-23 14:54:25,625 [INFO] 📈 EPOCH 92 FINAL | Loss: 0.289718 | Recall@40: 100.0%
2026-02-23 14:54:26,557 [INFO] 📈 EPOCH 93 FINAL | Loss: 0.290584 | Recall@40: 100.0%
2026-02-23 14:54:27,463 [INFO] 📈 EPOCH 94 FINAL | Loss: 0.305537 | Recall@40: 100.0%
2026-02-23 14:54:28,652 [INFO] 📈 EPOCH 95 FINAL | Loss: 0.269644 | Recall@40: 100.0%
2026-02-23 14:54:29,743 [INFO] 📈 EPOCH 96 FINAL | Loss: 0.292533 | Recall@40: 100.0%
2026-02-23 14:54:31,015 [INFO] 📈 EPOCH 97 FINAL | Loss: 0.287761 | Recall@40: 100.0%
2026-02-23 14:54:32,049 [INFO] 📈 EPOCH 98 FINAL | Loss: 0.274175 | Recall@40: 100.0%
2026-02-23 14:54:32,991 [INFO] 📈 EPOCH 99 FINAL | Loss: 0.281316 | Recall@40: 100.0%
2026-02-23 14:54:33,886 [INFO] 📈 EPOCH 100 FINAL | Loss: 0.304873 | Recall@40: 100.0%
2026-02-23 14:54:34,807 [INFO] 📈 EPOCH 101 FINAL | Loss: 0.307223 | Recall@40: 100.0%
2026-02-23 14:54:35,717 [INFO] 📈 EPOCH 102 FINAL | Loss: 0.270332 | Recall@40: 100.0%
