2026-02-23 19:59:02,584 [INFO] 📅 FILTRO TEMPORAL: 775 dias (2024-2026)
2026-02-23 19:59:02,586 [INFO] 🏙️ FILTRO ESPACIAL: 99 bairros ativos (de 121)
2026-02-23 19:59:03,075 [INFO] 🚀 INICIANDO TREINO (2024-2026 | Diario > 3 Crimes)
2026-02-23 19:59:03,075 [INFO]    Amostras Criticas: 145 dias | Foco: Detectar Picos
2026-02-23 19:59:12,320 [INFO] 📈 EPOCH 01 | Loss: 8.8454 | P@10: 17.3% | P@20: 22.0%
2026-02-23 19:59:12,356 [INFO] 🏆 NOVO RECORDE: P@20 = 22.0%
2026-02-23 19:59:18,239 [INFO] 📈 EPOCH 02 | Loss: 1.6467 | P@10: 11.8% | P@20: 23.9%
2026-02-23 19:59:18,256 [INFO] 🏆 NOVO RECORDE: P@20 = 23.9%
2026-02-23 19:59:25,034 [INFO] 📈 EPOCH 03 | Loss: 0.8289 | P@10: 13.2% | P@20: 25.0%
2026-02-23 19:59:25,052 [INFO] 🏆 NOVO RECORDE: P@20 = 25.0%
2026-02-23 19:59:33,080 [INFO] 📈 EPOCH 04 | Loss: 0.7502 | P@10: 21.8% | P@20: 28.4%
2026-02-23 19:59:33,093 [INFO] 🏆 NOVO RECORDE: P@20 = 28.4%
2026-02-23 19:59:43,058 [INFO] 📈 EPOCH 05 | Loss: 0.5547 | P@10: 23.2% | P@20: 30.0%
2026-02-23 19:59:43,073 [INFO] 🏆 NOVO RECORDE: P@20 = 30.0%
2026-02-23 19:59:56,405 [INFO] 📈 EPOCH 06 | Loss: 0.5159 | P@10: 9.5% | P@20: 20.0%
2026-02-23 20:00:09,524 [INFO] 📈 EPOCH 07 | Loss: 0.5281 | P@10: 27.3% | P@20: 34.3%
2026-02-23 20:00:09,538 [INFO] 🏆 NOVO RECORDE: P@20 = 34.3%
2026-02-23 20:00:21,865 [INFO] 📈 EPOCH 08 | Loss: 0.4257 | P@10: 26.8% | P@20: 33.6%
2026-02-23 20:00:34,179 [INFO] 📈 EPOCH 09 | Loss: 0.3917 | P@10: 6.4% | P@20: 17.3%
2026-02-23 20:00:51,087 [INFO] 📈 EPOCH 10 | Loss: 0.4906 | P@10: 26.8% | P@20: 34.3%
2026-02-23 20:01:05,424 [INFO] 📈 EPOCH 11 | Loss: 0.3164 | P@10: 27.7% | P@20: 34.3%
2026-02-23 20:01:17,524 [INFO] 📈 EPOCH 12 | Loss: 0.2909 | P@10: 27.3% | P@20: 34.3%
2026-02-23 20:01:29,669 [INFO] 📈 EPOCH 13 | Loss: 0.2848 | P@10: 25.9% | P@20: 34.5%
2026-02-23 20:01:29,711 [INFO] 🏆 NOVO RECORDE: P@20 = 34.5%
2026-02-23 20:01:42,847 [INFO] 📈 EPOCH 14 | Loss: 0.2645 | P@10: 28.2% | P@20: 31.8%
2026-02-23 20:01:55,392 [INFO] 📈 EPOCH 15 | Loss: 0.3283 | P@10: 12.3% | P@20: 21.6%
2026-02-23 20:02:10,169 [INFO] 📈 EPOCH 16 | Loss: 0.3103 | P@10: 29.5% | P@20: 30.9%
2026-02-23 20:02:24,434 [INFO] 📈 EPOCH 17 | Loss: 0.2981 | P@10: 28.2% | P@20: 31.6%
2026-02-23 20:02:38,395 [INFO] 📈 EPOCH 18 | Loss: 0.3186 | P@10: 8.2% | P@20: 16.6%
2026-02-23 20:02:54,557 [INFO] 📈 EPOCH 19 | Loss: 0.3529 | P@10: 7.3% | P@20: 19.5%
2026-02-23 20:03:07,379 [INFO] 📈 EPOCH 20 | Loss: 0.3512 | P@10: 6.4% | P@20: 17.5%
2026-02-23 20:03:21,814 [INFO] 📈 EPOCH 21 | Loss: 0.3416 | P@10: 7.3% | P@20: 14.8%
2026-02-23 20:03:35,086 [INFO] 📈 EPOCH 22 | Loss: 0.3079 | P@10: 8.2% | P@20: 20.9%
2026-02-23 20:03:46,793 [INFO] 📈 EPOCH 23 | Loss: 0.2896 | P@10: 11.8% | P@20: 22.3%
2026-02-23 20:03:58,322 [INFO] 📈 EPOCH 24 | Loss: 0.4497 | P@10: 7.7% | P@20: 21.4%
2026-02-23 20:04:04,788 [INFO] 📈 EPOCH 25 | Loss: 0.3026 | P@10: 7.7% | P@20: 21.8%
2026-02-23 20:04:11,698 [INFO] 📈 EPOCH 26 | Loss: 0.3796 | P@10: 5.9% | P@20: 20.5%
2026-02-23 20:04:20,427 [INFO] 📈 EPOCH 27 | Loss: 0.2995 | P@10: 7.7% | P@20: 21.4%
2026-02-23 20:04:27,086 [INFO] 📈 EPOCH 28 | Loss: 0.3010 | P@10: 7.7% | P@20: 21.4%
2026-02-23 20:04:33,897 [INFO] 📈 EPOCH 29 | Loss: 0.3017 | P@10: 7.7% | P@20: 21.4%
2026-02-23 20:04:41,586 [INFO] 📈 EPOCH 30 | Loss: 0.3140 | P@10: 7.7% | P@20: 21.4%
2026-02-23 20:04:48,048 [INFO] 📈 EPOCH 31 | Loss: 0.3153 | P@10: 7.7% | P@20: 21.4%
2026-02-23 20:04:54,516 [INFO] 📈 EPOCH 32 | Loss: 0.3030 | P@10: 7.7% | P@20: 21.4%
2026-02-23 20:05:00,870 [INFO] 📈 EPOCH 33 | Loss: 0.3023 | P@10: 7.7% | P@20: 21.4%
2026-02-23 20:05:08,041 [INFO] 📈 EPOCH 34 | Loss: 0.2995 | P@10: 7.7% | P@20: 21.4%
2026-02-23 20:05:14,260 [INFO] 📈 EPOCH 35 | Loss: 0.3025 | P@10: 7.7% | P@20: 21.4%
2026-02-23 20:05:20,526 [INFO] 📈 EPOCH 36 | Loss: 0.3018 | P@10: 7.7% | P@20: 21.4%
2026-02-23 20:05:26,763 [INFO] 📈 EPOCH 37 | Loss: 0.3010 | P@10: 7.7% | P@20: 21.4%
2026-02-23 20:05:33,011 [INFO] 📈 EPOCH 38 | Loss: 0.3014 | P@10: 7.7% | P@20: 21.4%
2026-02-23 20:05:39,223 [INFO] 📈 EPOCH 39 | Loss: 0.3012 | P@10: 7.7% | P@20: 21.4%
2026-02-23 20:05:45,444 [INFO] 📈 EPOCH 40 | Loss: 0.3012 | P@10: 7.7% | P@20: 21.4%
2026-02-23 20:05:51,661 [INFO] 📈 EPOCH 41 | Loss: 0.3007 | P@10: 7.7% | P@20: 21.4%
2026-02-23 20:05:57,887 [INFO] 📈 EPOCH 42 | Loss: 0.3007 | P@10: 7.7% | P@20: 21.4%
2026-02-23 20:06:04,796 [INFO] 📈 EPOCH 43 | Loss: 0.3020 | P@10: 7.7% | P@20: 21.4%
2026-02-23 20:06:11,616 [INFO] 📈 EPOCH 44 | Loss: 0.3003 | P@10: 7.7% | P@20: 21.4%
