2026-02-23 10:43:08,455 [INFO] 🚀 INICIANDO TREINO DE 'PENEIRA QUENTE' (DIARIO > 3 CRIMES)
2026-02-23 10:43:08,455 [INFO]    Amostras Criticas: 187 dias | Foco: Detectar Picos
2026-02-23 10:43:21,311 [INFO]    [Epoch 01] Step 100/120 | Loss: 0.700002
2026-02-23 10:43:24,590 [INFO] 📈 EPOCH 01 FINAL | Loss: 2.087234 | Recall@40: 51.7%
2026-02-23 10:43:24,619 [INFO] 🏆 NOVO RECORDE UNIVERSAL: Recall@40 = 51.7%
2026-02-23 10:43:33,422 [INFO]    [Epoch 02] Step 100/120 | Loss: 0.768299
2026-02-23 10:43:36,190 [INFO] 📈 EPOCH 02 FINAL | Loss: 0.837266 | Recall@40: 58.0%
2026-02-23 10:43:36,205 [INFO] 🏆 NOVO RECORDE UNIVERSAL: Recall@40 = 58.0%
2026-02-23 10:43:45,052 [INFO]    [Epoch 03] Step 100/120 | Loss: 0.595888
2026-02-23 10:43:47,851 [INFO] 📈 EPOCH 03 FINAL | Loss: 0.717884 | Recall@40: 56.7%
2026-02-23 10:43:56,720 [INFO]    [Epoch 04] Step 100/120 | Loss: 0.697362
2026-02-23 10:43:59,243 [INFO] 📈 EPOCH 04 FINAL | Loss: 0.689013 | Recall@40: 57.7%
2026-02-23 10:44:08,667 [INFO]    [Epoch 05] Step 100/120 | Loss: 0.566435
2026-02-23 10:44:11,295 [INFO] 📈 EPOCH 05 FINAL | Loss: 0.636542 | Recall@40: 57.7%
2026-02-23 10:44:21,643 [INFO]    [Epoch 06] Step 100/120 | Loss: 0.608811
2026-02-23 10:44:24,389 [INFO] 📈 EPOCH 06 FINAL | Loss: 0.604650 | Recall@40: 58.0%
2026-02-23 10:44:35,093 [INFO]    [Epoch 07] Step 100/120 | Loss: 0.619952
2026-02-23 10:44:37,481 [INFO] 📈 EPOCH 07 FINAL | Loss: 0.597162 | Recall@40: 61.7%
2026-02-23 10:44:37,494 [INFO] 🏆 NOVO RECORDE UNIVERSAL: Recall@40 = 61.7%
2026-02-23 10:44:46,679 [INFO]    [Epoch 08] Step 100/120 | Loss: 0.507541
2026-02-23 10:44:49,295 [INFO] 📈 EPOCH 08 FINAL | Loss: 0.559416 | Recall@40: 59.0%
2026-02-23 10:44:58,545 [INFO]    [Epoch 09] Step 100/120 | Loss: 0.478657
2026-02-23 10:45:00,982 [INFO] 📈 EPOCH 09 FINAL | Loss: 0.555794 | Recall@40: 57.7%
2026-02-23 10:45:10,170 [INFO]    [Epoch 10] Step 100/120 | Loss: 0.243218
2026-02-23 10:45:12,592 [INFO] 📈 EPOCH 10 FINAL | Loss: 0.524027 | Recall@40: 57.3%
2026-02-23 10:45:21,775 [INFO]    [Epoch 11] Step 100/120 | Loss: 0.308886
2026-02-23 10:45:24,180 [INFO] 📈 EPOCH 11 FINAL | Loss: 0.524807 | Recall@40: 59.3%
2026-02-23 10:45:33,015 [INFO]    [Epoch 12] Step 100/120 | Loss: 0.690388
2026-02-23 10:45:36,020 [INFO] 📈 EPOCH 12 FINAL | Loss: 0.509280 | Recall@40: 58.3%
2026-02-23 10:45:46,081 [INFO]    [Epoch 13] Step 100/120 | Loss: 0.530127
2026-02-23 10:45:48,635 [INFO] 📈 EPOCH 13 FINAL | Loss: 0.514988 | Recall@40: 57.0%
2026-02-23 10:45:58,095 [INFO]    [Epoch 14] Step 100/120 | Loss: 0.343665
2026-02-23 10:46:00,639 [INFO] 📈 EPOCH 14 FINAL | Loss: 0.501031 | Recall@40: 59.0%
2026-02-23 10:46:09,997 [INFO]    [Epoch 15] Step 100/120 | Loss: 0.557684
2026-02-23 10:46:12,438 [INFO] 📈 EPOCH 15 FINAL | Loss: 0.498306 | Recall@40: 58.7%
2026-02-23 10:46:21,391 [INFO]    [Epoch 16] Step 100/120 | Loss: 0.533754
2026-02-23 10:46:23,978 [INFO] 📈 EPOCH 16 FINAL | Loss: 0.486855 | Recall@40: 56.7%
2026-02-23 10:46:33,544 [INFO]    [Epoch 17] Step 100/120 | Loss: 0.455877
2026-02-23 10:46:36,997 [INFO] 📈 EPOCH 17 FINAL | Loss: 0.474897 | Recall@40: 57.0%
2026-02-23 10:46:48,694 [INFO]    [Epoch 18] Step 100/120 | Loss: 0.555290
2026-02-23 10:46:51,048 [INFO] 📈 EPOCH 18 FINAL | Loss: 0.472647 | Recall@40: 57.0%
2026-02-23 10:46:59,964 [INFO]    [Epoch 19] Step 100/120 | Loss: 0.388512
2026-02-23 10:47:02,406 [INFO] 📈 EPOCH 19 FINAL | Loss: 0.463544 | Recall@40: 56.3%
2026-02-23 10:47:10,930 [INFO]    [Epoch 20] Step 100/120 | Loss: 0.527014
2026-02-23 10:47:13,328 [INFO] 📈 EPOCH 20 FINAL | Loss: 0.458469 | Recall@40: 56.7%
2026-02-23 10:47:22,012 [INFO]    [Epoch 21] Step 100/120 | Loss: 0.630263
2026-02-23 10:47:24,362 [INFO] 📈 EPOCH 21 FINAL | Loss: 0.460208 | Recall@40: 56.7%
2026-02-23 10:47:32,940 [INFO]    [Epoch 22] Step 100/120 | Loss: 0.373385
2026-02-23 10:47:35,358 [INFO] 📈 EPOCH 22 FINAL | Loss: 0.446376 | Recall@40: 57.0%
2026-02-23 10:47:44,890 [INFO]    [Epoch 23] Step 100/120 | Loss: 0.455536
2026-02-23 10:47:47,452 [INFO] 📈 EPOCH 23 FINAL | Loss: 0.439705 | Recall@40: 56.7%
2026-02-23 10:47:56,536 [INFO]    [Epoch 24] Step 100/120 | Loss: 0.344568
2026-02-23 10:47:59,037 [INFO] 📈 EPOCH 24 FINAL | Loss: 0.438266 | Recall@40: 56.7%
2026-02-23 10:48:07,841 [INFO]    [Epoch 25] Step 100/120 | Loss: 0.289464
2026-02-23 10:48:10,322 [INFO] 📈 EPOCH 25 FINAL | Loss: 0.442241 | Recall@40: 59.3%
2026-02-23 10:48:19,123 [INFO]    [Epoch 26] Step 100/120 | Loss: 0.444853
2026-02-23 10:48:21,546 [INFO] 📈 EPOCH 26 FINAL | Loss: 0.426944 | Recall@40: 59.0%
2026-02-23 10:48:30,164 [INFO]    [Epoch 27] Step 100/120 | Loss: 0.425681
2026-02-23 10:48:32,513 [INFO] 📈 EPOCH 27 FINAL | Loss: 0.424943 | Recall@40: 58.7%
2026-02-23 10:48:41,025 [INFO]    [Epoch 28] Step 100/120 | Loss: 0.367610
2026-02-23 10:48:43,480 [INFO] 📈 EPOCH 28 FINAL | Loss: 0.419687 | Recall@40: 57.3%
2026-02-23 10:48:54,171 [INFO]    [Epoch 29] Step 100/120 | Loss: 0.451913
2026-02-23 10:48:57,709 [INFO] 📈 EPOCH 29 FINAL | Loss: 0.406813 | Recall@40: 60.0%
2026-02-23 10:49:06,416 [INFO]    [Epoch 30] Step 100/120 | Loss: 0.547456
2026-02-23 10:49:08,743 [INFO] 📈 EPOCH 30 FINAL | Loss: 0.398125 | Recall@40: 58.7%
2026-02-23 10:49:16,885 [INFO]    [Epoch 31] Step 100/120 | Loss: 0.409556
2026-02-23 10:49:19,204 [INFO] 📈 EPOCH 31 FINAL | Loss: 0.398461 | Recall@40: 60.3%
2026-02-23 10:49:27,813 [INFO]    [Epoch 32] Step 100/120 | Loss: 0.371148
2026-02-23 10:49:30,273 [INFO] 📈 EPOCH 32 FINAL | Loss: 0.389938 | Recall@40: 56.7%
2026-02-23 10:49:38,813 [INFO]    [Epoch 33] Step 100/120 | Loss: 0.298422
2026-02-23 10:49:41,192 [INFO] 📈 EPOCH 33 FINAL | Loss: 0.391260 | Recall@40: 59.3%
2026-02-23 10:49:49,812 [INFO]    [Epoch 34] Step 100/120 | Loss: 0.460338
2026-02-23 10:49:52,236 [INFO] 📈 EPOCH 34 FINAL | Loss: 0.388178 | Recall@40: 60.7%
2026-02-23 10:50:00,966 [INFO]    [Epoch 35] Step 100/120 | Loss: 0.288084
2026-02-23 10:50:03,389 [INFO] 📈 EPOCH 35 FINAL | Loss: 0.377248 | Recall@40: 58.0%
2026-02-23 10:50:12,148 [INFO]    [Epoch 36] Step 100/120 | Loss: 0.194602
2026-02-23 10:50:14,572 [INFO] 📈 EPOCH 36 FINAL | Loss: 0.380175 | Recall@40: 59.7%
2026-02-23 10:50:23,342 [INFO]    [Epoch 37] Step 100/120 | Loss: 0.435149
2026-02-23 10:50:25,737 [INFO] 📈 EPOCH 37 FINAL | Loss: 0.366414 | Recall@40: 53.3%
2026-02-23 10:50:34,194 [INFO]    [Epoch 38] Step 100/120 | Loss: 0.340288
2026-02-23 10:50:36,617 [INFO] 📈 EPOCH 38 FINAL | Loss: 0.364950 | Recall@40: 58.0%
2026-02-23 10:50:49,322 [INFO]    [Epoch 39] Step 100/120 | Loss: 0.311828
2026-02-23 10:50:51,811 [INFO] 📈 EPOCH 39 FINAL | Loss: 0.348359 | Recall@40: 60.7%
2026-02-23 10:51:01,597 [INFO]    [Epoch 40] Step 100/120 | Loss: 0.393337
2026-02-23 10:51:05,878 [INFO] 📈 EPOCH 40 FINAL | Loss: 0.350667 | Recall@40: 56.0%
