2026-02-23 15:03:44,130 [INFO] 🏙️ FILTRO ESPACIAL: 19 bairros ativos (de 121)
2026-02-23 15:03:44,419 [INFO] 🚀 INICIANDO TREINO FOCADO (19 Bairros | Diario > 2 Crimes)
2026-02-23 15:03:44,419 [INFO]    Amostras Criticas: 80 dias | Foco: Detectar Picos
2026-02-23 15:03:46,750 [INFO] 📈 EPOCH 01 | Loss: 3.7977 | P@5: 55.6% | P@10: 54.4%
2026-02-23 15:03:46,769 [INFO] 🏆 NOVO RECORDE: P@10 = 54.4%
2026-02-23 15:03:47,643 [INFO] 📈 EPOCH 02 | Loss: 2.8208 | P@5: 57.8% | P@10: 58.9%
2026-02-23 15:03:47,657 [INFO] 🏆 NOVO RECORDE: P@10 = 58.9%
2026-02-23 15:03:48,531 [INFO] 📈 EPOCH 03 | Loss: 1.2333 | P@5: 66.7% | P@10: 57.8%
2026-02-23 15:03:49,404 [INFO] 📈 EPOCH 04 | Loss: 0.8540 | P@5: 64.4% | P@10: 54.4%
2026-02-23 15:03:50,278 [INFO] 📈 EPOCH 05 | Loss: 0.6765 | P@5: 53.3% | P@10: 51.1%
2026-02-23 15:03:51,153 [INFO] 📈 EPOCH 06 | Loss: 0.5863 | P@5: 48.9% | P@10: 53.3%
2026-02-23 15:03:52,009 [INFO] 📈 EPOCH 07 | Loss: 0.5233 | P@5: 48.9% | P@10: 53.3%
2026-02-23 15:03:52,905 [INFO] 📈 EPOCH 08 | Loss: 0.4860 | P@5: 57.8% | P@10: 54.4%
2026-02-23 15:03:53,893 [INFO] 📈 EPOCH 09 | Loss: 0.4730 | P@5: 53.3% | P@10: 53.3%
2026-02-23 15:03:55,468 [INFO] 📈 EPOCH 10 | Loss: 0.4349 | P@5: 53.3% | P@10: 55.6%
2026-02-23 15:03:58,087 [INFO] 📈 EPOCH 11 | Loss: 0.4227 | P@5: 57.8% | P@10: 53.3%
2026-02-23 15:04:00,068 [INFO] 📈 EPOCH 12 | Loss: 0.4243 | P@5: 55.6% | P@10: 55.6%
2026-02-23 15:04:01,729 [INFO] 📈 EPOCH 13 | Loss: 0.4164 | P@5: 57.8% | P@10: 54.4%
2026-02-23 15:04:02,754 [INFO] 📈 EPOCH 14 | Loss: 0.4130 | P@5: 55.6% | P@10: 51.1%
2026-02-23 15:04:03,626 [INFO] 📈 EPOCH 15 | Loss: 0.4126 | P@5: 53.3% | P@10: 51.1%
2026-02-23 15:04:04,487 [INFO] 📈 EPOCH 16 | Loss: 0.3674 | P@5: 53.3% | P@10: 52.2%
2026-02-23 15:04:05,409 [INFO] 📈 EPOCH 17 | Loss: 0.3778 | P@5: 57.8% | P@10: 52.2%
2026-02-23 15:04:06,263 [INFO] 📈 EPOCH 18 | Loss: 0.3361 | P@5: 53.3% | P@10: 53.3%
2026-02-23 15:04:07,180 [INFO] 📈 EPOCH 19 | Loss: 0.3711 | P@5: 55.6% | P@10: 54.4%
2026-02-23 15:04:08,080 [INFO] 📈 EPOCH 20 | Loss: 0.3591 | P@5: 53.3% | P@10: 54.4%
2026-02-23 15:04:08,981 [INFO] 📈 EPOCH 21 | Loss: 0.3872 | P@5: 53.3% | P@10: 55.6%
2026-02-23 15:04:09,902 [INFO] 📈 EPOCH 22 | Loss: 0.3609 | P@5: 53.3% | P@10: 53.3%
2026-02-23 15:04:10,823 [INFO] 📈 EPOCH 23 | Loss: 0.3809 | P@5: 55.6% | P@10: 52.2%
2026-02-23 15:04:11,710 [INFO] 📈 EPOCH 24 | Loss: 0.3757 | P@5: 53.3% | P@10: 53.3%
2026-02-23 15:04:13,002 [INFO] 📈 EPOCH 25 | Loss: 0.3763 | P@5: 53.3% | P@10: 55.6%
2026-02-23 15:04:14,035 [INFO] 📈 EPOCH 26 | Loss: 0.3573 | P@5: 51.1% | P@10: 54.4%
2026-02-23 15:04:14,921 [INFO] 📈 EPOCH 27 | Loss: 0.3691 | P@5: 48.9% | P@10: 54.4%
2026-02-23 15:04:15,777 [INFO] 📈 EPOCH 28 | Loss: 0.3657 | P@5: 46.7% | P@10: 54.4%
2026-02-23 15:04:16,637 [INFO] 📈 EPOCH 29 | Loss: 0.3494 | P@5: 48.9% | P@10: 54.4%
2026-02-23 15:04:17,512 [INFO] 📈 EPOCH 30 | Loss: 0.3887 | P@5: 48.9% | P@10: 55.6%
2026-02-23 15:04:18,401 [INFO] 📈 EPOCH 31 | Loss: 0.3269 | P@5: 51.1% | P@10: 55.6%
2026-02-23 15:04:19,285 [INFO] 📈 EPOCH 32 | Loss: 0.3679 | P@5: 51.1% | P@10: 54.4%
2026-02-23 15:04:20,191 [INFO] 📈 EPOCH 33 | Loss: 0.3644 | P@5: 51.1% | P@10: 55.6%
2026-02-23 15:04:21,083 [INFO] 📈 EPOCH 34 | Loss: 0.3610 | P@5: 51.1% | P@10: 55.6%
2026-02-23 15:04:21,972 [INFO] 📈 EPOCH 35 | Loss: 0.3751 | P@5: 51.1% | P@10: 54.4%
2026-02-23 15:04:22,832 [INFO] 📈 EPOCH 36 | Loss: 0.3597 | P@5: 51.1% | P@10: 54.4%
2026-02-23 15:04:23,706 [INFO] 📈 EPOCH 37 | Loss: 0.3648 | P@5: 51.1% | P@10: 54.4%
2026-02-23 15:04:24,581 [INFO] 📈 EPOCH 38 | Loss: 0.3593 | P@5: 51.1% | P@10: 54.4%
2026-02-23 15:04:25,470 [INFO] 📈 EPOCH 39 | Loss: 0.3493 | P@5: 51.1% | P@10: 54.4%
2026-02-23 15:04:26,397 [INFO] 📈 EPOCH 40 | Loss: 0.3540 | P@5: 55.6% | P@10: 56.7%
2026-02-23 15:04:27,269 [INFO] 📈 EPOCH 41 | Loss: 0.3392 | P@5: 55.6% | P@10: 56.7%
2026-02-23 15:04:28,158 [INFO] 📈 EPOCH 42 | Loss: 0.3490 | P@5: 55.6% | P@10: 56.7%
2026-02-23 15:04:29,047 [INFO] 📈 EPOCH 43 | Loss: 0.3528 | P@5: 55.6% | P@10: 56.7%
2026-02-23 15:04:29,961 [INFO] 📈 EPOCH 44 | Loss: 0.3178 | P@5: 55.6% | P@10: 56.7%
2026-02-23 15:04:30,862 [INFO] 📈 EPOCH 45 | Loss: 0.3438 | P@5: 53.3% | P@10: 55.6%
2026-02-23 15:04:31,761 [INFO] 📈 EPOCH 46 | Loss: 0.3403 | P@5: 53.3% | P@10: 55.6%
2026-02-23 15:04:32,627 [INFO] 📈 EPOCH 47 | Loss: 0.3511 | P@5: 51.1% | P@10: 55.6%
2026-02-23 15:04:33,504 [INFO] 📈 EPOCH 48 | Loss: 0.3564 | P@5: 53.3% | P@10: 55.6%
2026-02-23 15:04:34,388 [INFO] 📈 EPOCH 49 | Loss: 0.3380 | P@5: 55.6% | P@10: 54.4%
2026-02-23 15:04:35,251 [INFO] 📈 EPOCH 50 | Loss: 0.3398 | P@5: 55.6% | P@10: 54.4%
2026-02-23 15:04:36,202 [INFO] 📈 EPOCH 51 | Loss: 0.3391 | P@5: 55.6% | P@10: 54.4%
2026-02-23 15:04:37,086 [INFO] 📈 EPOCH 52 | Loss: 0.3286 | P@5: 53.3% | P@10: 54.4%
2026-02-23 15:04:38,014 [INFO] 📈 EPOCH 53 | Loss: 0.3617 | P@5: 55.6% | P@10: 54.4%
2026-02-23 15:04:38,911 [INFO] 📈 EPOCH 54 | Loss: 0.3387 | P@5: 53.3% | P@10: 54.4%
2026-02-23 15:04:39,794 [INFO] 📈 EPOCH 55 | Loss: 0.3397 | P@5: 53.3% | P@10: 55.6%
2026-02-23 15:04:40,686 [INFO] 📈 EPOCH 56 | Loss: 0.3337 | P@5: 53.3% | P@10: 55.6%
2026-02-23 15:04:41,666 [INFO] 📈 EPOCH 57 | Loss: 0.3405 | P@5: 53.3% | P@10: 55.6%
2026-02-23 15:04:42,601 [INFO] 📈 EPOCH 58 | Loss: 0.3350 | P@5: 55.6% | P@10: 55.6%
2026-02-23 15:04:43,643 [INFO] 📈 EPOCH 59 | Loss: 0.3412 | P@5: 55.6% | P@10: 55.6%
2026-02-23 15:04:44,532 [INFO] 📈 EPOCH 60 | Loss: 0.3359 | P@5: 53.3% | P@10: 55.6%
2026-02-23 15:04:45,679 [INFO] 📈 EPOCH 61 | Loss: 0.3394 | P@5: 53.3% | P@10: 54.4%
2026-02-23 15:04:46,575 [INFO] 📈 EPOCH 62 | Loss: 0.3356 | P@5: 53.3% | P@10: 53.3%
2026-02-23 15:04:47,467 [INFO] 📈 EPOCH 63 | Loss: 0.3290 | P@5: 53.3% | P@10: 53.3%
2026-02-23 15:04:48,338 [INFO] 📈 EPOCH 64 | Loss: 0.3365 | P@5: 53.3% | P@10: 52.2%
2026-02-23 15:04:49,221 [INFO] 📈 EPOCH 65 | Loss: 0.3182 | P@5: 53.3% | P@10: 52.2%
2026-02-23 15:04:50,134 [INFO] 📈 EPOCH 66 | Loss: 0.3385 | P@5: 53.3% | P@10: 51.1%
2026-02-23 15:04:51,036 [INFO] 📈 EPOCH 67 | Loss: 0.3127 | P@5: 53.3% | P@10: 51.1%
2026-02-23 15:04:51,931 [INFO] 📈 EPOCH 68 | Loss: 0.3163 | P@5: 53.3% | P@10: 51.1%
2026-02-23 15:04:52,819 [INFO] 📈 EPOCH 69 | Loss: 0.3307 | P@5: 53.3% | P@10: 51.1%
2026-02-23 15:04:53,719 [INFO] 📈 EPOCH 70 | Loss: 0.3333 | P@5: 53.3% | P@10: 51.1%
2026-02-23 15:04:54,620 [INFO] 📈 EPOCH 71 | Loss: 0.3281 | P@5: 53.3% | P@10: 51.1%
2026-02-23 15:04:55,487 [INFO] 📈 EPOCH 72 | Loss: 0.3041 | P@5: 53.3% | P@10: 51.1%
2026-02-23 15:04:56,446 [INFO] 📈 EPOCH 73 | Loss: 0.3183 | P@5: 53.3% | P@10: 51.1%
2026-02-23 15:04:57,645 [INFO] 📈 EPOCH 74 | Loss: 0.3214 | P@5: 53.3% | P@10: 52.2%
2026-02-23 15:04:58,589 [INFO] 📈 EPOCH 75 | Loss: 0.3396 | P@5: 53.3% | P@10: 51.1%
2026-02-23 15:04:59,517 [INFO] 📈 EPOCH 76 | Loss: 0.3160 | P@5: 53.3% | P@10: 51.1%
2026-02-23 15:05:00,467 [INFO] 📈 EPOCH 77 | Loss: 0.3165 | P@5: 53.3% | P@10: 51.1%
2026-02-23 15:05:01,410 [INFO] 📈 EPOCH 78 | Loss: 0.3230 | P@5: 53.3% | P@10: 51.1%
2026-02-23 15:05:02,348 [INFO] 📈 EPOCH 79 | Loss: 0.3102 | P@5: 53.3% | P@10: 51.1%
2026-02-23 15:05:03,283 [INFO] 📈 EPOCH 80 | Loss: 0.3224 | P@5: 53.3% | P@10: 51.1%
2026-02-23 15:05:04,149 [INFO] 📈 EPOCH 81 | Loss: 0.3203 | P@5: 55.6% | P@10: 51.1%
2026-02-23 15:05:05,022 [INFO] 📈 EPOCH 82 | Loss: 0.3150 | P@5: 55.6% | P@10: 51.1%
2026-02-23 15:05:05,928 [INFO] 📈 EPOCH 83 | Loss: 0.3128 | P@5: 55.6% | P@10: 51.1%
2026-02-23 15:05:06,800 [INFO] 📈 EPOCH 84 | Loss: 0.3058 | P@5: 55.6% | P@10: 51.1%
2026-02-23 15:05:07,658 [INFO] 📈 EPOCH 85 | Loss: 0.3013 | P@5: 55.6% | P@10: 51.1%
2026-02-23 15:05:08,517 [INFO] 📈 EPOCH 86 | Loss: 0.3161 | P@5: 53.3% | P@10: 51.1%
2026-02-23 15:05:09,461 [INFO] 📈 EPOCH 87 | Loss: 0.3249 | P@5: 53.3% | P@10: 51.1%
2026-02-23 15:05:10,372 [INFO] 📈 EPOCH 88 | Loss: 0.3174 | P@5: 55.6% | P@10: 51.1%
2026-02-23 15:05:11,243 [INFO] 📈 EPOCH 89 | Loss: 0.2886 | P@5: 55.6% | P@10: 51.1%
2026-02-23 15:05:12,102 [INFO] 📈 EPOCH 90 | Loss: 0.3056 | P@5: 55.6% | P@10: 51.1%
2026-02-23 15:05:13,019 [INFO] 📈 EPOCH 91 | Loss: 0.2933 | P@5: 60.0% | P@10: 50.0%
2026-02-23 15:37:26,985 [INFO] 📈 EPOCH 92 | Loss: 0.2998 | P@5: 60.0% | P@10: 50.0%
2026-02-23 15:37:28,032 [INFO] 📈 EPOCH 93 | Loss: 0.2805 | P@5: 60.0% | P@10: 50.0%
2026-02-23 15:37:28,958 [INFO] 📈 EPOCH 94 | Loss: 0.2929 | P@5: 60.0% | P@10: 50.0%
2026-02-23 15:37:29,881 [INFO] 📈 EPOCH 95 | Loss: 0.2948 | P@5: 60.0% | P@10: 50.0%
2026-02-23 15:37:30,824 [INFO] 📈 EPOCH 96 | Loss: 0.2703 | P@5: 60.0% | P@10: 48.9%
2026-02-23 15:37:31,802 [INFO] 📈 EPOCH 97 | Loss: 0.2889 | P@5: 60.0% | P@10: 48.9%
2026-02-23 15:37:32,834 [INFO] 📈 EPOCH 98 | Loss: 0.2895 | P@5: 60.0% | P@10: 48.9%
2026-02-23 15:37:33,775 [INFO] 📈 EPOCH 99 | Loss: 0.2976 | P@5: 60.0% | P@10: 50.0%
2026-02-23 15:37:34,812 [INFO] 📈 EPOCH 100 | Loss: 0.3022 | P@5: 60.0% | P@10: 50.0%
2026-02-23 15:37:35,813 [INFO] 📈 EPOCH 101 | Loss: 0.2815 | P@5: 57.8% | P@10: 50.0%
2026-02-23 15:37:36,899 [INFO] 📈 EPOCH 102 | Loss: 0.3016 | P@5: 57.8% | P@10: 48.9%
2026-02-23 15:37:37,868 [INFO] 📈 EPOCH 103 | Loss: 0.2842 | P@5: 57.8% | P@10: 50.0%
2026-02-23 15:37:38,814 [INFO] 📈 EPOCH 104 | Loss: 0.2781 | P@5: 57.8% | P@10: 50.0%
2026-02-23 15:37:39,783 [INFO] 📈 EPOCH 105 | Loss: 0.2748 | P@5: 55.6% | P@10: 50.0%
2026-02-23 15:37:40,714 [INFO] 📈 EPOCH 106 | Loss: 0.2902 | P@5: 55.6% | P@10: 50.0%
2026-02-23 15:37:43,057 [INFO] 📈 EPOCH 107 | Loss: 0.3059 | P@5: 55.6% | P@10: 50.0%
2026-02-23 15:37:45,134 [INFO] 📈 EPOCH 108 | Loss: 0.2857 | P@5: 55.6% | P@10: 51.1%
2026-02-23 15:37:46,231 [INFO] 📈 EPOCH 109 | Loss: 0.2684 | P@5: 55.6% | P@10: 52.2%
2026-02-23 15:37:47,456 [INFO] 📈 EPOCH 110 | Loss: 0.2736 | P@5: 57.8% | P@10: 53.3%
2026-02-23 15:37:48,400 [INFO] 📈 EPOCH 111 | Loss: 0.2654 | P@5: 55.6% | P@10: 52.2%
2026-02-23 15:37:49,358 [INFO] 📈 EPOCH 112 | Loss: 0.2681 | P@5: 53.3% | P@10: 52.2%
2026-02-23 15:37:50,307 [INFO] 📈 EPOCH 113 | Loss: 0.2604 | P@5: 53.3% | P@10: 53.3%
2026-02-23 15:37:51,274 [INFO] 📈 EPOCH 114 | Loss: 0.2584 | P@5: 55.6% | P@10: 53.3%
2026-02-23 15:37:52,218 [INFO] 📈 EPOCH 115 | Loss: 0.2545 | P@5: 55.6% | P@10: 53.3%
2026-02-23 15:37:53,856 [INFO] 📈 EPOCH 116 | Loss: 0.2541 | P@5: 57.8% | P@10: 54.4%
2026-02-23 15:37:55,066 [INFO] 📈 EPOCH 117 | Loss: 0.2325 | P@5: 55.6% | P@10: 56.7%
2026-02-23 15:37:57,342 [INFO] 📈 EPOCH 118 | Loss: 0.2467 | P@5: 55.6% | P@10: 55.6%
2026-02-23 15:37:58,965 [INFO] 📈 EPOCH 119 | Loss: 0.2242 | P@5: 55.6% | P@10: 54.4%
2026-02-23 15:38:01,032 [INFO] 📈 EPOCH 120 | Loss: 0.2492 | P@5: 60.0% | P@10: 53.3%
2026-02-23 15:38:03,052 [INFO] 📈 EPOCH 121 | Loss: 0.2514 | P@5: 60.0% | P@10: 53.3%
2026-02-23 15:38:04,500 [INFO] 📈 EPOCH 122 | Loss: 0.2197 | P@5: 60.0% | P@10: 53.3%
2026-02-23 15:38:05,688 [INFO] 📈 EPOCH 123 | Loss: 0.2480 | P@5: 62.2% | P@10: 53.3%
2026-02-23 15:38:06,649 [INFO] 📈 EPOCH 124 | Loss: 0.2387 | P@5: 64.4% | P@10: 53.3%
2026-02-23 15:38:07,605 [INFO] 📈 EPOCH 125 | Loss: 0.2800 | P@5: 62.2% | P@10: 52.2%
2026-02-23 15:38:08,527 [INFO] 📈 EPOCH 126 | Loss: 0.2390 | P@5: 64.4% | P@10: 52.2%
2026-02-23 15:38:09,448 [INFO] 📈 EPOCH 127 | Loss: 0.2499 | P@5: 62.2% | P@10: 51.1%
2026-02-23 15:38:10,954 [INFO] 📈 EPOCH 128 | Loss: 0.2505 | P@5: 57.8% | P@10: 51.1%
2026-02-23 15:38:12,568 [INFO] 📈 EPOCH 129 | Loss: 0.2392 | P@5: 57.8% | P@10: 51.1%
2026-02-23 15:38:13,509 [INFO] 📈 EPOCH 130 | Loss: 0.2479 | P@5: 51.1% | P@10: 51.1%
2026-02-23 15:38:14,435 [INFO] 📈 EPOCH 131 | Loss: 0.2658 | P@5: 51.1% | P@10: 51.1%
2026-02-23 15:38:15,350 [INFO] 📈 EPOCH 132 | Loss: 0.2197 | P@5: 51.1% | P@10: 51.1%
2026-02-23 15:38:16,281 [INFO] 📈 EPOCH 133 | Loss: 0.2311 | P@5: 48.9% | P@10: 51.1%
2026-02-23 15:38:17,212 [INFO] 📈 EPOCH 134 | Loss: 0.2522 | P@5: 48.9% | P@10: 50.0%
2026-02-23 15:38:18,290 [INFO] 📈 EPOCH 135 | Loss: 0.2151 | P@5: 53.3% | P@10: 51.1%
2026-02-23 15:38:19,274 [INFO] 📈 EPOCH 136 | Loss: 0.2204 | P@5: 51.1% | P@10: 51.1%
2026-02-23 15:38:20,198 [INFO] 📈 EPOCH 137 | Loss: 0.2274 | P@5: 53.3% | P@10: 51.1%
2026-02-23 15:38:21,220 [INFO] 📈 EPOCH 138 | Loss: 0.2269 | P@5: 55.6% | P@10: 52.2%
2026-02-23 15:38:22,185 [INFO] 📈 EPOCH 139 | Loss: 0.2326 | P@5: 53.3% | P@10: 51.1%
2026-02-23 15:38:23,101 [INFO] 📈 EPOCH 140 | Loss: 0.1970 | P@5: 55.6% | P@10: 53.3%
2026-02-23 15:38:24,025 [INFO] 📈 EPOCH 141 | Loss: 0.2260 | P@5: 55.6% | P@10: 52.2%
2026-02-23 15:38:25,013 [INFO] 📈 EPOCH 142 | Loss: 0.2223 | P@5: 57.8% | P@10: 53.3%
2026-02-23 15:38:25,939 [INFO] 📈 EPOCH 143 | Loss: 0.2138 | P@5: 55.6% | P@10: 55.6%
2026-02-23 15:38:26,903 [INFO] 📈 EPOCH 144 | Loss: 0.2216 | P@5: 55.6% | P@10: 56.7%
2026-02-23 15:38:27,889 [INFO] 📈 EPOCH 145 | Loss: 0.2065 | P@5: 53.3% | P@10: 56.7%
2026-02-23 15:38:28,879 [INFO] 📈 EPOCH 146 | Loss: 0.1966 | P@5: 53.3% | P@10: 56.7%
2026-02-23 15:38:29,870 [INFO] 📈 EPOCH 147 | Loss: 0.1989 | P@5: 53.3% | P@10: 57.8%
2026-02-23 15:38:30,854 [INFO] 📈 EPOCH 148 | Loss: 0.2051 | P@5: 53.3% | P@10: 57.8%
2026-02-23 15:38:31,837 [INFO] 📈 EPOCH 149 | Loss: 0.2356 | P@5: 53.3% | P@10: 55.6%
2026-02-23 15:38:32,827 [INFO] 📈 EPOCH 150 | Loss: 0.1874 | P@5: 55.6% | P@10: 56.7%
