2026-02-23 12:18:28,272 [INFO] 🚀 INICIANDO TREINO DE 'PENEIRA QUENTE' (DIARIO > 3 CRIMES)
2026-02-23 12:18:28,272 [INFO]    Amostras Criticas: 187 dias | Foco: Detectar Picos
2026-02-23 12:18:44,739 [INFO]    [Epoch 01] Step 100/120 | Loss: 2.731006
2026-02-23 12:18:48,291 [INFO] 📈 EPOCH 01 FINAL | Loss: 4.603378 | Recall@40: 48.0%
2026-02-23 12:18:48,370 [INFO] 🏆 NOVO RECORDE UNIVERSAL: Recall@40 = 48.0%
2026-02-23 12:19:02,169 [INFO]    [Epoch 02] Step 100/120 | Loss: 1.071386
2026-02-23 12:19:05,128 [INFO] 📈 EPOCH 02 FINAL | Loss: 1.472781 | Recall@40: 57.0%
2026-02-23 12:19:05,160 [INFO] 🏆 NOVO RECORDE UNIVERSAL: Recall@40 = 57.0%
2026-02-23 12:19:15,222 [INFO]    [Epoch 03] Step 100/120 | Loss: 1.105149
2026-02-23 12:19:17,983 [INFO] 📈 EPOCH 03 FINAL | Loss: 0.948471 | Recall@40: 54.7%
2026-02-23 12:19:27,713 [INFO]    [Epoch 04] Step 100/120 | Loss: 0.891535
2026-02-23 12:19:30,207 [INFO] 📈 EPOCH 04 FINAL | Loss: 0.895731 | Recall@40: 56.3%
2026-02-23 12:19:39,049 [INFO]    [Epoch 05] Step 100/120 | Loss: 0.918035
2026-02-23 12:19:42,223 [INFO] 📈 EPOCH 05 FINAL | Loss: 0.891025 | Recall@40: 58.3%
2026-02-23 12:19:42,240 [INFO] 🏆 NOVO RECORDE UNIVERSAL: Recall@40 = 58.3%
2026-02-23 12:19:52,095 [INFO]    [Epoch 06] Step 100/120 | Loss: 1.040738
2026-02-23 12:19:54,533 [INFO] 📈 EPOCH 06 FINAL | Loss: 0.850846 | Recall@40: 56.3%
2026-02-23 12:20:04,475 [INFO]    [Epoch 07] Step 100/120 | Loss: 0.675868
2026-02-23 12:20:07,980 [INFO] 📈 EPOCH 07 FINAL | Loss: 0.865581 | Recall@40: 56.7%
2026-02-23 12:20:19,966 [INFO]    [Epoch 08] Step 100/120 | Loss: 1.112315
2026-02-23 12:20:22,942 [INFO] 📈 EPOCH 08 FINAL | Loss: 0.837152 | Recall@40: 57.3%
2026-02-23 12:20:36,231 [INFO]    [Epoch 09] Step 100/120 | Loss: 0.803423
2026-02-23 12:20:38,728 [INFO] 📈 EPOCH 09 FINAL | Loss: 0.775406 | Recall@40: 57.0%
2026-02-23 12:20:48,451 [INFO]    [Epoch 10] Step 100/120 | Loss: 0.712287
2026-02-23 12:20:50,999 [INFO] 📈 EPOCH 10 FINAL | Loss: 0.807169 | Recall@40: 56.3%
2026-02-23 12:21:00,037 [INFO]    [Epoch 11] Step 100/120 | Loss: 1.156397
2026-02-23 12:21:02,574 [INFO] 📈 EPOCH 11 FINAL | Loss: 0.855147 | Recall@40: 57.3%
2026-02-23 12:21:10,799 [INFO]    [Epoch 12] Step 100/120 | Loss: 0.562308
2026-02-23 12:21:13,412 [INFO] 📈 EPOCH 12 FINAL | Loss: 0.803509 | Recall@40: 57.3%
2026-02-23 12:21:22,323 [INFO]    [Epoch 13] Step 100/120 | Loss: 0.853790
2026-02-23 12:21:24,842 [INFO] 📈 EPOCH 13 FINAL | Loss: 0.757873 | Recall@40: 57.7%
2026-02-23 12:21:34,330 [INFO]    [Epoch 14] Step 100/120 | Loss: 0.695923
2026-02-23 12:21:36,925 [INFO] 📈 EPOCH 14 FINAL | Loss: 0.753029 | Recall@40: 58.0%
2026-02-23 12:21:47,063 [INFO]    [Epoch 15] Step 100/120 | Loss: 0.660709
2026-02-23 12:21:50,163 [INFO] 📈 EPOCH 15 FINAL | Loss: 0.753228 | Recall@40: 56.7%
2026-02-23 12:21:59,919 [INFO]    [Epoch 16] Step 100/120 | Loss: 1.030942
2026-02-23 12:22:02,364 [INFO] 📈 EPOCH 16 FINAL | Loss: 0.744245 | Recall@40: 58.0%
2026-02-23 12:22:11,504 [INFO]    [Epoch 17] Step 100/120 | Loss: 0.505509
2026-02-23 12:22:13,828 [INFO] 📈 EPOCH 17 FINAL | Loss: 0.756523 | Recall@40: 58.7%
2026-02-23 12:22:13,842 [INFO] 🏆 NOVO RECORDE UNIVERSAL: Recall@40 = 58.7%
2026-02-23 12:22:23,690 [INFO]    [Epoch 18] Step 100/120 | Loss: 0.733482
2026-02-23 12:22:26,158 [INFO] 📈 EPOCH 18 FINAL | Loss: 0.713044 | Recall@40: 58.0%
2026-02-23 12:22:35,722 [INFO]    [Epoch 19] Step 100/120 | Loss: 0.666823
2026-02-23 12:22:39,221 [INFO] 📈 EPOCH 19 FINAL | Loss: 0.727705 | Recall@40: 58.0%
2026-02-23 12:22:51,602 [INFO]    [Epoch 20] Step 100/120 | Loss: 0.836451
2026-02-23 12:22:54,494 [INFO] 📈 EPOCH 20 FINAL | Loss: 0.721864 | Recall@40: 57.3%
2026-02-23 12:23:04,124 [INFO]    [Epoch 21] Step 100/120 | Loss: 0.620816
2026-02-23 12:23:07,245 [INFO] 📈 EPOCH 21 FINAL | Loss: 0.731100 | Recall@40: 57.3%
2026-02-23 12:23:16,905 [INFO]    [Epoch 22] Step 100/120 | Loss: 0.840516
2026-02-23 12:23:19,762 [INFO] 📈 EPOCH 22 FINAL | Loss: 0.723896 | Recall@40: 57.7%
2026-02-23 12:23:28,921 [INFO]    [Epoch 23] Step 100/120 | Loss: 0.661397
2026-02-23 12:23:31,400 [INFO] 📈 EPOCH 23 FINAL | Loss: 0.720255 | Recall@40: 57.3%
2026-02-23 12:23:40,357 [INFO]    [Epoch 24] Step 100/120 | Loss: 0.592341
2026-02-23 12:23:42,721 [INFO] 📈 EPOCH 24 FINAL | Loss: 0.708974 | Recall@40: 57.3%
2026-02-23 12:23:51,738 [INFO]    [Epoch 25] Step 100/120 | Loss: 0.606498
2026-02-23 12:23:54,310 [INFO] 📈 EPOCH 25 FINAL | Loss: 0.696027 | Recall@40: 57.7%
2026-02-23 12:24:03,357 [INFO]    [Epoch 26] Step 100/120 | Loss: 0.969513
2026-02-23 12:24:06,083 [INFO] 📈 EPOCH 26 FINAL | Loss: 0.702720 | Recall@40: 56.0%
2026-02-23 12:24:14,774 [INFO]    [Epoch 27] Step 100/120 | Loss: 0.457921
2026-02-23 12:24:17,118 [INFO] 📈 EPOCH 27 FINAL | Loss: 0.687126 | Recall@40: 56.3%
2026-02-23 12:24:25,458 [INFO]    [Epoch 28] Step 100/120 | Loss: 0.686898
2026-02-23 12:24:27,676 [INFO] 📈 EPOCH 28 FINAL | Loss: 0.693166 | Recall@40: 56.7%
2026-02-23 12:24:35,910 [INFO]    [Epoch 29] Step 100/120 | Loss: 0.648761
2026-02-23 12:24:38,319 [INFO] 📈 EPOCH 29 FINAL | Loss: 0.692084 | Recall@40: 56.7%
2026-02-23 12:24:46,631 [INFO]    [Epoch 30] Step 100/120 | Loss: 0.712049
2026-02-23 12:24:48,945 [INFO] 📈 EPOCH 30 FINAL | Loss: 0.679634 | Recall@40: 57.3%
2026-02-23 12:25:01,311 [INFO]    [Epoch 31] Step 100/120 | Loss: 0.918424
2026-02-23 12:25:04,972 [INFO] 📈 EPOCH 31 FINAL | Loss: 0.674671 | Recall@40: 57.7%
2026-02-23 12:25:15,566 [INFO]    [Epoch 32] Step 100/120 | Loss: 0.706323
2026-02-23 12:25:18,343 [INFO] 📈 EPOCH 32 FINAL | Loss: 0.664649 | Recall@40: 57.3%
2026-02-23 12:25:26,573 [INFO]    [Epoch 33] Step 100/120 | Loss: 0.539018
2026-02-23 12:25:29,292 [INFO] 📈 EPOCH 33 FINAL | Loss: 0.667277 | Recall@40: 57.3%
2026-02-23 12:25:37,555 [INFO]    [Epoch 34] Step 100/120 | Loss: 0.639802
2026-02-23 12:25:39,997 [INFO] 📈 EPOCH 34 FINAL | Loss: 0.672413 | Recall@40: 57.0%
2026-02-23 12:25:47,671 [INFO]    [Epoch 35] Step 100/120 | Loss: 0.486527
2026-02-23 12:25:50,089 [INFO] 📈 EPOCH 35 FINAL | Loss: 0.669572 | Recall@40: 56.7%
2026-02-23 12:25:58,656 [INFO]    [Epoch 36] Step 100/120 | Loss: 0.575853
2026-02-23 12:26:01,084 [INFO] 📈 EPOCH 36 FINAL | Loss: 0.688367 | Recall@40: 57.0%
2026-02-23 12:26:09,382 [INFO]    [Epoch 37] Step 100/120 | Loss: 0.577301
2026-02-23 12:26:11,712 [INFO] 📈 EPOCH 37 FINAL | Loss: 0.663590 | Recall@40: 56.7%
2026-02-23 12:26:20,170 [INFO]    [Epoch 38] Step 100/120 | Loss: 0.616263
2026-02-23 12:26:22,521 [INFO] 📈 EPOCH 38 FINAL | Loss: 0.654680 | Recall@40: 57.0%
2026-02-23 12:26:30,978 [INFO]    [Epoch 39] Step 100/120 | Loss: 0.777775
2026-02-23 12:26:33,266 [INFO] 📈 EPOCH 39 FINAL | Loss: 0.670887 | Recall@40: 58.0%
2026-02-23 12:26:41,594 [INFO]    [Epoch 40] Step 100/120 | Loss: 0.804577
2026-02-23 12:26:43,930 [INFO] 📈 EPOCH 40 FINAL | Loss: 0.666522 | Recall@40: 58.3%
2026-02-23 12:26:52,244 [INFO]    [Epoch 41] Step 100/120 | Loss: 0.797940
2026-02-23 12:26:54,518 [INFO] 📈 EPOCH 41 FINAL | Loss: 0.640818 | Recall@40: 58.7%
2026-02-23 12:27:02,855 [INFO]    [Epoch 42] Step 100/120 | Loss: 0.718363
2026-02-23 12:27:05,169 [INFO] 📈 EPOCH 42 FINAL | Loss: 0.645821 | Recall@40: 57.0%
2026-02-23 12:27:13,569 [INFO]    [Epoch 43] Step 100/120 | Loss: 0.520507
2026-02-23 12:27:15,889 [INFO] 📈 EPOCH 43 FINAL | Loss: 0.633051 | Recall@40: 57.0%
2026-02-23 12:27:23,466 [INFO]    [Epoch 44] Step 100/120 | Loss: 0.630101
2026-02-23 12:27:25,646 [INFO] 📈 EPOCH 44 FINAL | Loss: 0.655951 | Recall@40: 57.3%
2026-02-23 12:27:33,971 [INFO]    [Epoch 45] Step 100/120 | Loss: 0.772853
2026-02-23 12:27:36,305 [INFO] 📈 EPOCH 45 FINAL | Loss: 0.647662 | Recall@40: 58.0%
2026-02-23 12:27:44,720 [INFO]    [Epoch 46] Step 100/120 | Loss: 0.677146
2026-02-23 12:27:47,045 [INFO] 📈 EPOCH 46 FINAL | Loss: 0.632973 | Recall@40: 58.3%
2026-02-23 12:27:55,430 [INFO]    [Epoch 47] Step 100/120 | Loss: 0.704640
2026-02-23 12:27:57,734 [INFO] 📈 EPOCH 47 FINAL | Loss: 0.639454 | Recall@40: 58.7%
2026-02-23 12:28:06,171 [INFO]    [Epoch 48] Step 100/120 | Loss: 0.560671
2026-02-23 12:28:08,510 [INFO] 📈 EPOCH 48 FINAL | Loss: 0.625232 | Recall@40: 58.7%
2026-02-23 12:28:16,866 [INFO]    [Epoch 49] Step 100/120 | Loss: 0.492878
2026-02-23 12:28:19,192 [INFO] 📈 EPOCH 49 FINAL | Loss: 0.630334 | Recall@40: 58.7%
2026-02-23 12:28:27,325 [INFO]    [Epoch 50] Step 100/120 | Loss: 0.585577
2026-02-23 12:28:29,573 [INFO] 📈 EPOCH 50 FINAL | Loss: 0.649797 | Recall@40: 58.0%
2026-02-23 12:28:37,665 [INFO]    [Epoch 51] Step 100/120 | Loss: 0.566788
2026-02-23 12:28:40,029 [INFO] 📈 EPOCH 51 FINAL | Loss: 0.642116 | Recall@40: 57.0%
2026-02-23 12:28:48,814 [INFO]    [Epoch 52] Step 100/120 | Loss: 0.671241
2026-02-23 12:28:51,368 [INFO] 📈 EPOCH 52 FINAL | Loss: 0.621737 | Recall@40: 57.3%
2026-02-23 12:28:59,909 [INFO]    [Epoch 53] Step 100/120 | Loss: 0.445807
2026-02-23 12:29:02,625 [INFO] 📈 EPOCH 53 FINAL | Loss: 0.630830 | Recall@40: 57.0%
2026-02-23 12:29:12,035 [INFO]    [Epoch 54] Step 100/120 | Loss: 0.741766
2026-02-23 12:29:15,761 [INFO] 📈 EPOCH 54 FINAL | Loss: 0.616066 | Recall@40: 57.3%
2026-02-23 12:29:26,315 [INFO]    [Epoch 55] Step 100/120 | Loss: 0.525643
2026-02-23 12:29:28,633 [INFO] 📈 EPOCH 55 FINAL | Loss: 0.625843 | Recall@40: 58.0%
2026-02-23 12:29:36,936 [INFO]    [Epoch 56] Step 100/120 | Loss: 0.739437
2026-02-23 12:29:39,274 [INFO] 📈 EPOCH 56 FINAL | Loss: 0.605900 | Recall@40: 57.3%
2026-02-23 12:29:47,610 [INFO]    [Epoch 57] Step 100/120 | Loss: 0.612978
2026-02-23 12:29:49,890 [INFO] 📈 EPOCH 57 FINAL | Loss: 0.610068 | Recall@40: 57.3%
2026-02-23 12:29:58,165 [INFO]    [Epoch 58] Step 100/120 | Loss: 0.674910
2026-02-23 12:30:01,014 [INFO] 📈 EPOCH 58 FINAL | Loss: 0.598775 | Recall@40: 58.0%
2026-02-23 12:30:10,495 [INFO]    [Epoch 59] Step 100/120 | Loss: 0.432237
2026-02-23 12:30:12,792 [INFO] 📈 EPOCH 59 FINAL | Loss: 0.609911 | Recall@40: 58.7%
2026-02-23 12:30:21,247 [INFO]    [Epoch 60] Step 100/120 | Loss: 0.942210
2026-02-23 12:30:23,606 [INFO] 📈 EPOCH 60 FINAL | Loss: 0.605441 | Recall@40: 59.0%
2026-02-23 12:30:23,621 [INFO] 🏆 NOVO RECORDE UNIVERSAL: Recall@40 = 59.0%
2026-02-23 12:30:31,880 [INFO]    [Epoch 61] Step 100/120 | Loss: 0.627365
2026-02-23 12:30:34,168 [INFO] 📈 EPOCH 61 FINAL | Loss: 0.609424 | Recall@40: 59.7%
2026-02-23 12:30:34,183 [INFO] 🏆 NOVO RECORDE UNIVERSAL: Recall@40 = 59.7%
2026-02-23 12:30:42,265 [INFO]    [Epoch 62] Step 100/120 | Loss: 0.614863
2026-02-23 12:30:44,601 [INFO] 📈 EPOCH 62 FINAL | Loss: 0.616985 | Recall@40: 59.7%
2026-02-23 12:30:52,980 [INFO]    [Epoch 63] Step 100/120 | Loss: 0.492876
2026-02-23 12:30:55,350 [INFO] 📈 EPOCH 63 FINAL | Loss: 0.608994 | Recall@40: 59.7%
2026-02-23 12:31:03,775 [INFO]    [Epoch 64] Step 100/120 | Loss: 0.583604
2026-02-23 12:31:06,076 [INFO] 📈 EPOCH 64 FINAL | Loss: 0.584960 | Recall@40: 59.7%
2026-02-23 12:31:14,459 [INFO]    [Epoch 65] Step 100/120 | Loss: 0.479673
2026-02-23 12:31:16,796 [INFO] 📈 EPOCH 65 FINAL | Loss: 0.591390 | Recall@40: 59.7%
2026-02-23 12:31:25,180 [INFO]    [Epoch 66] Step 100/120 | Loss: 0.513464
2026-02-23 12:31:27,533 [INFO] 📈 EPOCH 66 FINAL | Loss: 0.602320 | Recall@40: 59.3%
2026-02-23 12:31:36,032 [INFO]    [Epoch 67] Step 100/120 | Loss: 0.718827
2026-02-23 12:31:38,402 [INFO] 📈 EPOCH 67 FINAL | Loss: 0.589701 | Recall@40: 59.3%
2026-02-23 12:31:46,583 [INFO]    [Epoch 68] Step 100/120 | Loss: 0.562699
2026-02-23 12:31:48,970 [INFO] 📈 EPOCH 68 FINAL | Loss: 0.605350 | Recall@40: 59.3%
2026-02-23 12:31:57,397 [INFO]    [Epoch 69] Step 100/120 | Loss: 0.542600
2026-02-23 12:31:59,867 [INFO] 📈 EPOCH 69 FINAL | Loss: 0.587459 | Recall@40: 59.3%
2026-02-23 12:32:08,512 [INFO]    [Epoch 70] Step 100/120 | Loss: 0.631006
2026-02-23 12:32:10,909 [INFO] 📈 EPOCH 70 FINAL | Loss: 0.581506 | Recall@40: 59.3%
2026-02-23 12:32:19,719 [INFO]    [Epoch 71] Step 100/120 | Loss: 0.622426
2026-02-23 12:32:22,161 [INFO] 📈 EPOCH 71 FINAL | Loss: 0.566976 | Recall@40: 59.0%
2026-02-23 12:32:30,764 [INFO]    [Epoch 72] Step 100/120 | Loss: 0.315916
2026-02-23 12:32:33,290 [INFO] 📈 EPOCH 72 FINAL | Loss: 0.583522 | Recall@40: 60.0%
2026-02-23 12:32:33,306 [INFO] 🏆 NOVO RECORDE UNIVERSAL: Recall@40 = 60.0%
2026-02-23 12:32:42,368 [INFO]    [Epoch 73] Step 100/120 | Loss: 0.578935
2026-02-23 12:32:44,832 [INFO] 📈 EPOCH 73 FINAL | Loss: 0.583486 | Recall@40: 60.3%
2026-02-23 12:32:44,856 [INFO] 🏆 NOVO RECORDE UNIVERSAL: Recall@40 = 60.3%
2026-02-23 12:32:54,367 [INFO]    [Epoch 74] Step 100/120 | Loss: 0.422258
2026-02-23 12:32:56,783 [INFO] 📈 EPOCH 74 FINAL | Loss: 0.563070 | Recall@40: 59.7%
2026-02-23 12:33:05,236 [INFO]    [Epoch 75] Step 100/120 | Loss: 0.295161
2026-02-23 12:33:07,655 [INFO] 📈 EPOCH 75 FINAL | Loss: 0.582340 | Recall@40: 59.3%
2026-02-23 12:33:16,801 [INFO]    [Epoch 76] Step 100/120 | Loss: 0.401882
2026-02-23 12:33:19,216 [INFO] 📈 EPOCH 76 FINAL | Loss: 0.584027 | Recall@40: 59.0%
2026-02-23 12:33:31,915 [INFO]    [Epoch 77] Step 100/120 | Loss: 0.367526
2026-02-23 12:33:35,096 [INFO] 📈 EPOCH 77 FINAL | Loss: 0.565280 | Recall@40: 58.3%
2026-02-23 12:33:44,889 [INFO]    [Epoch 78] Step 100/120 | Loss: 0.574446
2026-02-23 12:33:47,247 [INFO] 📈 EPOCH 78 FINAL | Loss: 0.558919 | Recall@40: 58.3%
2026-02-23 12:33:55,657 [INFO]    [Epoch 79] Step 100/120 | Loss: 0.661383
2026-02-23 12:33:57,983 [INFO] 📈 EPOCH 79 FINAL | Loss: 0.561108 | Recall@40: 58.0%
2026-02-23 12:34:06,335 [INFO]    [Epoch 80] Step 100/120 | Loss: 0.645705
2026-02-23 12:34:08,674 [INFO] 📈 EPOCH 80 FINAL | Loss: 0.557302 | Recall@40: 59.3%
2026-02-23 12:34:17,136 [INFO]    [Epoch 81] Step 100/120 | Loss: 0.452706
2026-02-23 12:34:19,465 [INFO] 📈 EPOCH 81 FINAL | Loss: 0.557579 | Recall@40: 58.0%
2026-02-23 12:34:27,941 [INFO]    [Epoch 82] Step 100/120 | Loss: 0.424902
2026-02-23 12:34:30,293 [INFO] 📈 EPOCH 82 FINAL | Loss: 0.562155 | Recall@40: 58.0%
2026-02-23 12:34:38,530 [INFO]    [Epoch 83] Step 100/120 | Loss: 0.570723
2026-02-23 12:34:40,903 [INFO] 📈 EPOCH 83 FINAL | Loss: 0.560980 | Recall@40: 58.3%
2026-02-23 12:34:49,320 [INFO]    [Epoch 84] Step 100/120 | Loss: 0.660156
2026-02-23 12:34:51,724 [INFO] 📈 EPOCH 84 FINAL | Loss: 0.548618 | Recall@40: 58.7%
2026-02-23 12:35:00,300 [INFO]    [Epoch 85] Step 100/120 | Loss: 0.685010
2026-02-23 12:35:02,714 [INFO] 📈 EPOCH 85 FINAL | Loss: 0.557491 | Recall@40: 58.3%
2026-02-23 12:35:11,899 [INFO]    [Epoch 86] Step 100/120 | Loss: 0.444264
2026-02-23 12:35:14,830 [INFO] 📈 EPOCH 86 FINAL | Loss: 0.550424 | Recall@40: 58.0%
2026-02-23 12:35:23,996 [INFO]    [Epoch 87] Step 100/120 | Loss: 0.726749
2026-02-23 12:35:26,424 [INFO] 📈 EPOCH 87 FINAL | Loss: 0.539073 | Recall@40: 56.3%
2026-02-23 12:35:35,078 [INFO]    [Epoch 88] Step 100/120 | Loss: 0.512799
2026-02-23 12:35:37,479 [INFO] 📈 EPOCH 88 FINAL | Loss: 0.538819 | Recall@40: 58.7%
2026-02-23 12:35:45,987 [INFO]    [Epoch 89] Step 100/120 | Loss: 0.475398
2026-02-23 12:35:48,320 [INFO] 📈 EPOCH 89 FINAL | Loss: 0.537699 | Recall@40: 57.7%
2026-02-23 12:35:56,712 [INFO]    [Epoch 90] Step 100/120 | Loss: 0.437063
2026-02-23 12:35:59,032 [INFO] 📈 EPOCH 90 FINAL | Loss: 0.536488 | Recall@40: 57.3%
2026-02-23 12:36:07,463 [INFO]    [Epoch 91] Step 100/120 | Loss: 0.471396
2026-02-23 12:36:09,778 [INFO] 📈 EPOCH 91 FINAL | Loss: 0.527694 | Recall@40: 56.7%
2026-02-23 12:36:18,207 [INFO]    [Epoch 92] Step 100/120 | Loss: 0.534265
2026-02-23 12:36:20,585 [INFO] 📈 EPOCH 92 FINAL | Loss: 0.550998 | Recall@40: 56.7%
2026-02-23 12:36:28,934 [INFO]    [Epoch 93] Step 100/120 | Loss: 0.471375
2026-02-23 12:36:31,323 [INFO] 📈 EPOCH 93 FINAL | Loss: 0.535043 | Recall@40: 56.0%
2026-02-23 12:36:39,663 [INFO]    [Epoch 94] Step 100/120 | Loss: 0.543807
2026-02-23 12:36:42,032 [INFO] 📈 EPOCH 94 FINAL | Loss: 0.531057 | Recall@40: 57.0%
2026-02-23 12:36:50,287 [INFO]    [Epoch 95] Step 100/120 | Loss: 0.696949
2026-02-23 12:36:52,658 [INFO] 📈 EPOCH 95 FINAL | Loss: 0.527633 | Recall@40: 57.7%
2026-02-23 12:37:01,173 [INFO]    [Epoch 96] Step 100/120 | Loss: 0.423428
2026-02-23 12:37:03,527 [INFO] 📈 EPOCH 96 FINAL | Loss: 0.518180 | Recall@40: 57.3%
2026-02-23 12:37:11,752 [INFO]    [Epoch 97] Step 100/120 | Loss: 0.527904
2026-02-23 12:37:14,084 [INFO] 📈 EPOCH 97 FINAL | Loss: 0.518399 | Recall@40: 58.0%
2026-02-23 12:37:22,057 [INFO]    [Epoch 98] Step 100/120 | Loss: 0.293301
2026-02-23 12:37:24,450 [INFO] 📈 EPOCH 98 FINAL | Loss: 0.516336 | Recall@40: 57.3%
2026-02-23 12:37:33,058 [INFO]    [Epoch 99] Step 100/120 | Loss: 0.469340
2026-02-23 12:37:35,461 [INFO] 📈 EPOCH 99 FINAL | Loss: 0.515565 | Recall@40: 56.3%
2026-02-23 12:37:45,544 [INFO]    [Epoch 100] Step 100/120 | Loss: 0.486864
2026-02-23 12:37:50,463 [INFO] 📈 EPOCH 100 FINAL | Loss: 0.502211 | Recall@40: 57.0%
2026-02-23 12:37:59,642 [INFO]    [Epoch 101] Step 100/120 | Loss: 0.686174
2026-02-23 12:38:02,178 [INFO] 📈 EPOCH 101 FINAL | Loss: 0.521582 | Recall@40: 59.7%
2026-02-23 12:38:10,751 [INFO]    [Epoch 102] Step 100/120 | Loss: 0.682815
2026-02-23 12:38:12,949 [INFO] 📈 EPOCH 102 FINAL | Loss: 0.513966 | Recall@40: 62.0%
2026-02-23 12:38:12,963 [INFO] 🏆 NOVO RECORDE UNIVERSAL: Recall@40 = 62.0%
2026-02-23 12:38:21,346 [INFO]    [Epoch 103] Step 100/120 | Loss: 0.537959
2026-02-23 12:38:23,602 [INFO] 📈 EPOCH 103 FINAL | Loss: 0.513148 | Recall@40: 63.3%
2026-02-23 12:38:23,616 [INFO] 🏆 NOVO RECORDE UNIVERSAL: Recall@40 = 63.3%
2026-02-23 12:38:32,234 [INFO]    [Epoch 104] Step 100/120 | Loss: 0.502861
2026-02-23 12:38:34,695 [INFO] 📈 EPOCH 104 FINAL | Loss: 0.496752 | Recall@40: 62.3%
2026-02-23 12:38:43,737 [INFO]    [Epoch 105] Step 100/120 | Loss: 0.569639
2026-02-23 12:38:46,145 [INFO] 📈 EPOCH 105 FINAL | Loss: 0.494940 | Recall@40: 60.7%
2026-02-23 12:38:55,356 [INFO]    [Epoch 106] Step 100/120 | Loss: 0.553393
2026-02-23 12:38:57,755 [INFO] 📈 EPOCH 106 FINAL | Loss: 0.486098 | Recall@40: 61.0%
2026-02-23 12:39:06,405 [INFO]    [Epoch 107] Step 100/120 | Loss: 0.339457
2026-02-23 12:39:08,839 [INFO] 📈 EPOCH 107 FINAL | Loss: 0.478737 | Recall@40: 58.7%
2026-02-23 12:39:17,857 [INFO]    [Epoch 108] Step 100/120 | Loss: 0.483811
2026-02-23 12:39:20,309 [INFO] 📈 EPOCH 108 FINAL | Loss: 0.490016 | Recall@40: 60.0%
2026-02-23 12:39:28,973 [INFO]    [Epoch 109] Step 100/120 | Loss: 0.488136
2026-02-23 12:39:31,985 [INFO] 📈 EPOCH 109 FINAL | Loss: 0.495861 | Recall@40: 59.0%
2026-02-23 12:39:40,416 [INFO]    [Epoch 110] Step 100/120 | Loss: 0.453393
2026-02-23 12:39:42,807 [INFO] 📈 EPOCH 110 FINAL | Loss: 0.468760 | Recall@40: 59.0%
2026-02-23 12:39:52,174 [INFO]    [Epoch 111] Step 100/120 | Loss: 0.504434
2026-02-23 12:39:55,555 [INFO] 📈 EPOCH 111 FINAL | Loss: 0.472415 | Recall@40: 59.7%
2026-02-23 12:40:04,043 [INFO]    [Epoch 112] Step 100/120 | Loss: 0.612445
2026-02-23 12:40:06,473 [INFO] 📈 EPOCH 112 FINAL | Loss: 0.478238 | Recall@40: 57.7%
2026-02-23 12:40:14,756 [INFO]    [Epoch 113] Step 100/120 | Loss: 0.429262
2026-02-23 12:40:17,101 [INFO] 📈 EPOCH 113 FINAL | Loss: 0.477810 | Recall@40: 59.0%
2026-02-23 12:40:26,737 [INFO]    [Epoch 114] Step 100/120 | Loss: 0.492049
2026-02-23 12:40:29,357 [INFO] 📈 EPOCH 114 FINAL | Loss: 0.480661 | Recall@40: 60.3%
2026-02-23 12:40:38,062 [INFO]    [Epoch 115] Step 100/120 | Loss: 0.353839
2026-02-23 12:40:40,454 [INFO] 📈 EPOCH 115 FINAL | Loss: 0.466785 | Recall@40: 62.7%
2026-02-23 12:40:49,072 [INFO]    [Epoch 116] Step 100/120 | Loss: 0.633979
2026-02-23 12:40:51,461 [INFO] 📈 EPOCH 116 FINAL | Loss: 0.451914 | Recall@40: 60.7%
2026-02-23 12:40:59,888 [INFO]    [Epoch 117] Step 100/120 | Loss: 0.412460
2026-02-23 12:41:02,243 [INFO] 📈 EPOCH 117 FINAL | Loss: 0.452724 | Recall@40: 61.0%
2026-02-23 12:41:10,729 [INFO]    [Epoch 118] Step 100/120 | Loss: 0.718489
2026-02-23 12:41:13,123 [INFO] 📈 EPOCH 118 FINAL | Loss: 0.451170 | Recall@40: 58.7%
2026-02-23 12:41:21,669 [INFO]    [Epoch 119] Step 100/120 | Loss: 0.632503
2026-02-23 12:41:24,061 [INFO] 📈 EPOCH 119 FINAL | Loss: 0.458678 | Recall@40: 57.3%
2026-02-23 12:41:32,686 [INFO]    [Epoch 120] Step 100/120 | Loss: 0.510630
2026-02-23 12:41:35,235 [INFO] 📈 EPOCH 120 FINAL | Loss: 0.456878 | Recall@40: 59.0%
2026-02-23 12:41:43,701 [INFO]    [Epoch 121] Step 100/120 | Loss: 0.309785
2026-02-23 12:41:46,064 [INFO] 📈 EPOCH 121 FINAL | Loss: 0.454607 | Recall@40: 57.0%
2026-02-23 12:41:54,542 [INFO]    [Epoch 122] Step 100/120 | Loss: 0.557085
2026-02-23 12:41:57,078 [INFO] 📈 EPOCH 122 FINAL | Loss: 0.457991 | Recall@40: 58.3%
2026-02-23 12:42:07,918 [INFO]    [Epoch 123] Step 100/120 | Loss: 0.260668
2026-02-23 12:42:10,346 [INFO] 📈 EPOCH 123 FINAL | Loss: 0.443294 | Recall@40: 61.7%
2026-02-23 12:42:18,836 [INFO]    [Epoch 124] Step 100/120 | Loss: 0.448577
2026-02-23 12:42:21,018 [INFO] 📈 EPOCH 124 FINAL | Loss: 0.429136 | Recall@40: 54.0%
2026-02-23 12:42:29,433 [INFO]    [Epoch 125] Step 100/120 | Loss: 0.425655
2026-02-23 12:42:31,772 [INFO] 📈 EPOCH 125 FINAL | Loss: 0.431433 | Recall@40: 60.3%
2026-02-23 12:42:39,907 [INFO]    [Epoch 126] Step 100/120 | Loss: 0.371059
2026-02-23 12:42:42,272 [INFO] 📈 EPOCH 126 FINAL | Loss: 0.435173 | Recall@40: 59.7%
2026-02-23 12:42:50,396 [INFO]    [Epoch 127] Step 100/120 | Loss: 0.360324
2026-02-23 12:42:52,773 [INFO] 📈 EPOCH 127 FINAL | Loss: 0.417788 | Recall@40: 61.7%
2026-02-23 12:43:01,180 [INFO]    [Epoch 128] Step 100/120 | Loss: 0.350538
2026-02-23 12:43:03,537 [INFO] 📈 EPOCH 128 FINAL | Loss: 0.416114 | Recall@40: 60.3%
2026-02-23 12:43:11,941 [INFO]    [Epoch 129] Step 100/120 | Loss: 0.438537
2026-02-23 12:43:14,279 [INFO] 📈 EPOCH 129 FINAL | Loss: 0.408702 | Recall@40: 61.3%
2026-02-23 12:43:22,668 [INFO]    [Epoch 130] Step 100/120 | Loss: 0.548274
2026-02-23 12:43:25,006 [INFO] 📈 EPOCH 130 FINAL | Loss: 0.394095 | Recall@40: 59.7%
2026-02-23 12:43:33,634 [INFO]    [Epoch 131] Step 100/120 | Loss: 0.448243
2026-02-23 12:43:36,015 [INFO] 📈 EPOCH 131 FINAL | Loss: 0.406407 | Recall@40: 56.0%
2026-02-23 12:43:44,380 [INFO]    [Epoch 132] Step 100/120 | Loss: 0.353617
2026-02-23 12:43:46,737 [INFO] 📈 EPOCH 132 FINAL | Loss: 0.395824 | Recall@40: 58.3%
2026-02-23 12:43:55,194 [INFO]    [Epoch 133] Step 100/120 | Loss: 0.377665
2026-02-23 12:43:57,533 [INFO] 📈 EPOCH 133 FINAL | Loss: 0.398903 | Recall@40: 60.7%
2026-02-23 12:44:06,772 [INFO]    [Epoch 134] Step 100/120 | Loss: 0.320924
2026-02-23 12:44:10,336 [INFO] 📈 EPOCH 134 FINAL | Loss: 0.392665 | Recall@40: 57.7%
2026-02-23 12:44:18,922 [INFO]    [Epoch 135] Step 100/120 | Loss: 0.542070
2026-02-23 12:44:21,306 [INFO] 📈 EPOCH 135 FINAL | Loss: 0.390000 | Recall@40: 56.0%
2026-02-23 12:44:29,747 [INFO]    [Epoch 136] Step 100/120 | Loss: 0.475419
2026-02-23 12:44:32,161 [INFO] 📈 EPOCH 136 FINAL | Loss: 0.376508 | Recall@40: 55.0%
2026-02-23 12:44:41,200 [INFO]    [Epoch 137] Step 100/120 | Loss: 0.382357
2026-02-23 12:44:43,553 [INFO] 📈 EPOCH 137 FINAL | Loss: 0.382351 | Recall@40: 62.0%
2026-02-23 12:44:52,062 [INFO]    [Epoch 138] Step 100/120 | Loss: 0.345722
2026-02-23 12:44:55,208 [INFO] 📈 EPOCH 138 FINAL | Loss: 0.383616 | Recall@40: 57.0%
2026-02-23 12:45:08,379 [INFO]    [Epoch 139] Step 100/120 | Loss: 0.732889
2026-02-23 12:45:12,606 [INFO] 📈 EPOCH 139 FINAL | Loss: 0.375703 | Recall@40: 62.3%
2026-02-23 12:45:22,409 [INFO]    [Epoch 140] Step 100/120 | Loss: 0.279596
2026-02-23 12:45:24,817 [INFO] 📈 EPOCH 140 FINAL | Loss: 0.374444 | Recall@40: 63.0%
2026-02-23 12:45:35,331 [INFO]    [Epoch 141] Step 100/120 | Loss: 0.392490
2026-02-23 12:45:38,029 [INFO] 📈 EPOCH 141 FINAL | Loss: 0.375771 | Recall@40: 57.0%
2026-02-23 12:45:47,640 [INFO]    [Epoch 142] Step 100/120 | Loss: 0.333609
2026-02-23 12:45:50,078 [INFO] 📈 EPOCH 142 FINAL | Loss: 0.371671 | Recall@40: 64.0%
2026-02-23 12:45:50,099 [INFO] 🏆 NOVO RECORDE UNIVERSAL: Recall@40 = 64.0%
2026-02-23 12:45:58,698 [INFO]    [Epoch 143] Step 100/120 | Loss: 0.366390
2026-02-23 12:46:01,097 [INFO] 📈 EPOCH 143 FINAL | Loss: 0.362515 | Recall@40: 57.0%
2026-02-23 12:46:10,227 [INFO]    [Epoch 144] Step 100/120 | Loss: 0.328871
2026-02-23 12:46:14,425 [INFO] 📈 EPOCH 144 FINAL | Loss: 0.350212 | Recall@40: 58.3%
2026-02-23 12:46:27,210 [INFO]    [Epoch 145] Step 100/120 | Loss: 0.309737
2026-02-23 12:46:29,803 [INFO] 📈 EPOCH 145 FINAL | Loss: 0.355067 | Recall@40: 60.7%
2026-02-23 12:46:39,859 [INFO]    [Epoch 146] Step 100/120 | Loss: 0.285423
2026-02-23 12:46:42,338 [INFO] 📈 EPOCH 146 FINAL | Loss: 0.359641 | Recall@40: 56.7%
2026-02-23 12:46:51,290 [INFO]    [Epoch 147] Step 100/120 | Loss: 0.424485
2026-02-23 12:46:53,723 [INFO] 📈 EPOCH 147 FINAL | Loss: 0.350821 | Recall@40: 60.0%
2026-02-23 12:47:03,650 [INFO]    [Epoch 148] Step 100/120 | Loss: 0.287211
2026-02-23 12:47:06,140 [INFO] 📈 EPOCH 148 FINAL | Loss: 0.346698 | Recall@40: 61.0%
2026-02-23 12:47:14,826 [INFO]    [Epoch 149] Step 100/120 | Loss: 0.359173
2026-02-23 12:47:17,214 [INFO] 📈 EPOCH 149 FINAL | Loss: 0.343583 | Recall@40: 62.7%
2026-02-23 12:47:25,816 [INFO]    [Epoch 150] Step 100/120 | Loss: 0.308918
2026-02-23 12:47:28,212 [INFO] 📈 EPOCH 150 FINAL | Loss: 0.343138 | Recall@40: 60.3%
