2026-02-23 21:14:39,304 [INFO] 📅 FILTRO TEMPORAL: 775 dias (2024-2026)
2026-02-23 21:14:39,309 [INFO] 🏙️ FILTRO ESPACIAL: Top 50 Bairros Mais Violentos Selecionados (League of Violence)
2026-02-23 21:14:39,892 [INFO] 🚀 INICIANDO TREINO (2024-2026 | Diario > 3 Crimes)
2026-02-23 21:14:39,892 [INFO]    Amostras Criticas: 83 dias | Foco: Detectar Picos
2026-02-23 21:14:45,196 [INFO] 📈 EPOCH 01 | Loss: 15.1823 | P@10: 25.0% | P@20: 44.0%
2026-02-23 21:14:45,267 [INFO] 🏆 NOVO RECORDE: P@20 = 44.0%
2026-02-23 21:14:47,011 [INFO] 📈 EPOCH 02 | Loss: 7.4121 | P@10: 25.0% | P@20: 45.5%
2026-02-23 21:14:47,048 [INFO] 🏆 NOVO RECORDE: P@20 = 45.5%
2026-02-23 21:14:49,800 [INFO] 📈 EPOCH 03 | Loss: 5.4788 | P@10: 25.0% | P@20: 43.0%
2026-02-23 21:14:51,542 [INFO] 📈 EPOCH 04 | Loss: 4.3856 | P@10: 20.0% | P@20: 43.0%
2026-02-23 21:14:53,259 [INFO] 📈 EPOCH 05 | Loss: 3.6764 | P@10: 24.0% | P@20: 43.5%
2026-02-23 21:14:55,448 [INFO] 📈 EPOCH 06 | Loss: 3.1654 | P@10: 28.0% | P@20: 44.0%
2026-02-23 21:15:00,073 [INFO] 📈 EPOCH 07 | Loss: 3.0700 | P@10: 28.0% | P@20: 47.0%
2026-02-23 21:15:00,112 [INFO] 🏆 NOVO RECORDE: P@20 = 47.0%
2026-02-23 21:15:04,473 [INFO] 📈 EPOCH 08 | Loss: 2.9819 | P@10: 27.0% | P@20: 43.5%
2026-02-23 21:15:07,708 [INFO] 📈 EPOCH 09 | Loss: 2.9663 | P@10: 28.0% | P@20: 45.5%
2026-02-23 21:15:10,180 [INFO] 📈 EPOCH 10 | Loss: 3.0830 | P@10: 26.0% | P@20: 48.5%
2026-02-23 21:15:10,206 [INFO] 🏆 NOVO RECORDE: P@20 = 48.5%
2026-02-23 21:15:12,522 [INFO] 📈 EPOCH 11 | Loss: 2.8319 | P@10: 27.0% | P@20: 46.0%
2026-02-23 21:15:14,319 [INFO] 📈 EPOCH 12 | Loss: 2.7421 | P@10: 28.0% | P@20: 47.5%
2026-02-23 21:15:15,950 [INFO] 📈 EPOCH 13 | Loss: 2.8966 | P@10: 25.0% | P@20: 49.0%
2026-02-23 21:15:15,966 [INFO] 🏆 NOVO RECORDE: P@20 = 49.0%
2026-02-23 21:15:17,682 [INFO] 📈 EPOCH 14 | Loss: 3.0023 | P@10: 23.0% | P@20: 48.5%
2026-02-23 21:15:20,022 [INFO] 📈 EPOCH 15 | Loss: 3.0627 | P@10: 24.0% | P@20: 48.0%
2026-02-23 21:15:22,922 [INFO] 📈 EPOCH 16 | Loss: 2.8449 | P@10: 26.0% | P@20: 48.0%
2026-02-23 21:15:25,791 [INFO] 📈 EPOCH 17 | Loss: 2.9504 | P@10: 26.0% | P@20: 48.5%
2026-02-23 21:15:29,065 [INFO] 📈 EPOCH 18 | Loss: 2.5447 | P@10: 27.0% | P@20: 50.5%
2026-02-23 21:15:29,093 [INFO] 🏆 NOVO RECORDE: P@20 = 50.5%
2026-02-23 21:15:31,746 [INFO] 📈 EPOCH 19 | Loss: 2.7405 | P@10: 27.0% | P@20: 50.5%
2026-02-23 21:15:33,390 [INFO] 📈 EPOCH 20 | Loss: 2.6714 | P@10: 27.0% | P@20: 52.0%
2026-02-23 21:15:33,407 [INFO] 🏆 NOVO RECORDE: P@20 = 52.0%
2026-02-23 21:15:35,016 [INFO] 📈 EPOCH 21 | Loss: 2.7909 | P@10: 27.0% | P@20: 51.0%
2026-02-23 21:15:36,709 [INFO] 📈 EPOCH 22 | Loss: 2.7489 | P@10: 27.0% | P@20: 50.5%
2026-02-23 21:15:38,433 [INFO] 📈 EPOCH 23 | Loss: 2.6781 | P@10: 28.0% | P@20: 51.5%
2026-02-23 21:15:40,388 [INFO] 📈 EPOCH 24 | Loss: 2.5495 | P@10: 27.0% | P@20: 50.5%
2026-02-23 21:15:43,030 [INFO] 📈 EPOCH 25 | Loss: 2.4855 | P@10: 29.0% | P@20: 51.5%
2026-02-23 21:15:45,613 [INFO] 📈 EPOCH 26 | Loss: 2.5287 | P@10: 28.0% | P@20: 51.5%
2026-02-23 21:15:47,997 [INFO] 📈 EPOCH 27 | Loss: 2.6649 | P@10: 28.0% | P@20: 50.5%
2026-02-23 21:15:49,912 [INFO] 📈 EPOCH 28 | Loss: 2.3855 | P@10: 28.0% | P@20: 50.5%
2026-02-23 21:15:51,829 [INFO] 📈 EPOCH 29 | Loss: 2.5783 | P@10: 29.0% | P@20: 51.5%
2026-02-23 21:15:53,730 [INFO] 📈 EPOCH 30 | Loss: 2.5814 | P@10: 29.0% | P@20: 51.0%
2026-02-23 21:15:55,537 [INFO] 📈 EPOCH 31 | Loss: 2.4927 | P@10: 29.0% | P@20: 51.0%
2026-02-23 21:15:58,318 [INFO] 📈 EPOCH 32 | Loss: 2.4622 | P@10: 29.0% | P@20: 50.5%
2026-02-23 21:16:00,864 [INFO] 📈 EPOCH 33 | Loss: 2.4643 | P@10: 29.0% | P@20: 51.5%
2026-02-23 21:16:02,646 [INFO] 📈 EPOCH 34 | Loss: 2.3109 | P@10: 28.0% | P@20: 51.0%
2026-02-23 21:16:04,404 [INFO] 📈 EPOCH 35 | Loss: 2.4715 | P@10: 28.0% | P@20: 50.0%
2026-02-23 21:16:06,117 [INFO] 📈 EPOCH 36 | Loss: 2.4040 | P@10: 28.0% | P@20: 50.0%
2026-02-23 21:16:07,852 [INFO] 📈 EPOCH 37 | Loss: 2.5728 | P@10: 27.0% | P@20: 49.5%
2026-02-23 21:16:09,478 [INFO] 📈 EPOCH 38 | Loss: 2.4811 | P@10: 28.0% | P@20: 49.0%
2026-02-23 21:16:11,040 [INFO] 📈 EPOCH 39 | Loss: 2.4275 | P@10: 27.0% | P@20: 49.0%
2026-02-23 21:16:12,619 [INFO] 📈 EPOCH 40 | Loss: 2.5180 | P@10: 27.0% | P@20: 49.0%
2026-02-23 21:16:14,157 [INFO] 📈 EPOCH 41 | Loss: 2.4735 | P@10: 26.0% | P@20: 48.5%
2026-02-23 21:16:15,691 [INFO] 📈 EPOCH 42 | Loss: 2.5218 | P@10: 26.0% | P@20: 48.5%
2026-02-23 21:16:17,577 [INFO] 📈 EPOCH 43 | Loss: 2.3002 | P@10: 27.0% | P@20: 49.0%
2026-02-23 21:16:19,610 [INFO] 📈 EPOCH 44 | Loss: 2.3045 | P@10: 26.0% | P@20: 49.5%
2026-02-23 21:16:21,613 [INFO] 📈 EPOCH 45 | Loss: 2.3646 | P@10: 26.0% | P@20: 49.0%
2026-02-23 21:16:23,472 [INFO] 📈 EPOCH 46 | Loss: 2.2736 | P@10: 27.0% | P@20: 48.5%
2026-02-23 21:16:25,124 [INFO] 📈 EPOCH 47 | Loss: 2.3833 | P@10: 27.0% | P@20: 47.0%
2026-02-23 21:16:26,672 [INFO] 📈 EPOCH 48 | Loss: 2.3298 | P@10: 26.0% | P@20: 46.5%
2026-02-23 21:16:28,216 [INFO] 📈 EPOCH 49 | Loss: 2.1716 | P@10: 26.0% | P@20: 46.5%
2026-02-23 21:16:29,789 [INFO] 📈 EPOCH 50 | Loss: 2.3532 | P@10: 26.0% | P@20: 47.0%
2026-02-23 21:16:32,094 [INFO] 📈 EPOCH 51 | Loss: 2.3230 | P@10: 26.0% | P@20: 47.0%
2026-02-23 21:16:35,294 [INFO] 📈 EPOCH 52 | Loss: 2.3007 | P@10: 26.0% | P@20: 48.5%
2026-02-23 21:16:36,856 [INFO] 📈 EPOCH 53 | Loss: 2.2364 | P@10: 26.0% | P@20: 48.0%
2026-02-23 21:16:38,415 [INFO] 📈 EPOCH 54 | Loss: 2.1464 | P@10: 26.0% | P@20: 48.0%
2026-02-23 21:16:40,004 [INFO] 📈 EPOCH 55 | Loss: 2.2971 | P@10: 26.0% | P@20: 47.5%
2026-02-23 21:16:41,569 [INFO] 📈 EPOCH 56 | Loss: 2.1664 | P@10: 25.0% | P@20: 48.0%
2026-02-23 21:16:43,121 [INFO] 📈 EPOCH 57 | Loss: 2.3057 | P@10: 26.0% | P@20: 48.0%
2026-02-23 21:16:44,663 [INFO] 📈 EPOCH 58 | Loss: 2.2502 | P@10: 26.0% | P@20: 48.5%
2026-02-23 21:16:46,220 [INFO] 📈 EPOCH 59 | Loss: 2.3035 | P@10: 25.0% | P@20: 48.5%
2026-02-23 21:16:47,757 [INFO] 📈 EPOCH 60 | Loss: 2.0809 | P@10: 25.0% | P@20: 49.5%
2026-02-23 21:16:49,320 [INFO] 📈 EPOCH 61 | Loss: 2.3358 | P@10: 25.0% | P@20: 49.0%
2026-02-23 21:16:50,868 [INFO] 📈 EPOCH 62 | Loss: 2.2612 | P@10: 24.0% | P@20: 49.0%
2026-02-23 21:16:52,396 [INFO] 📈 EPOCH 63 | Loss: 2.1927 | P@10: 24.0% | P@20: 48.5%
2026-02-23 21:16:53,916 [INFO] 📈 EPOCH 64 | Loss: 2.3431 | P@10: 23.0% | P@20: 49.0%
2026-02-23 21:16:55,495 [INFO] 📈 EPOCH 65 | Loss: 2.2346 | P@10: 24.0% | P@20: 49.5%
2026-02-23 21:16:57,051 [INFO] 📈 EPOCH 66 | Loss: 2.0220 | P@10: 23.0% | P@20: 49.5%
2026-02-23 21:16:58,597 [INFO] 📈 EPOCH 67 | Loss: 2.0843 | P@10: 23.0% | P@20: 49.5%
2026-02-23 21:17:00,133 [INFO] 📈 EPOCH 68 | Loss: 2.1293 | P@10: 25.0% | P@20: 49.0%
2026-02-23 21:17:01,676 [INFO] 📈 EPOCH 69 | Loss: 2.1913 | P@10: 24.0% | P@20: 49.0%
2026-02-23 21:17:03,244 [INFO] 📈 EPOCH 70 | Loss: 2.0625 | P@10: 24.0% | P@20: 48.0%
2026-02-23 21:17:04,832 [INFO] 📈 EPOCH 71 | Loss: 2.0190 | P@10: 24.0% | P@20: 47.0%
2026-02-23 21:17:06,409 [INFO] 📈 EPOCH 72 | Loss: 2.0823 | P@10: 24.0% | P@20: 47.0%
2026-02-23 21:17:08,231 [INFO] 📈 EPOCH 73 | Loss: 2.1091 | P@10: 24.0% | P@20: 46.0%
2026-02-23 21:17:09,866 [INFO] 📈 EPOCH 74 | Loss: 2.1916 | P@10: 24.0% | P@20: 47.0%
2026-02-23 21:17:12,501 [INFO] 📈 EPOCH 75 | Loss: 2.0243 | P@10: 24.0% | P@20: 46.0%
2026-02-23 21:17:14,106 [INFO] 📈 EPOCH 76 | Loss: 2.1703 | P@10: 24.0% | P@20: 46.5%
2026-02-23 21:17:15,691 [INFO] 📈 EPOCH 77 | Loss: 1.9493 | P@10: 24.0% | P@20: 47.5%
2026-02-23 21:17:17,490 [INFO] 📈 EPOCH 78 | Loss: 1.9200 | P@10: 24.0% | P@20: 48.0%
2026-02-23 21:17:19,126 [INFO] 📈 EPOCH 79 | Loss: 1.9832 | P@10: 23.0% | P@20: 47.0%
2026-02-23 21:17:20,724 [INFO] 📈 EPOCH 80 | Loss: 1.9606 | P@10: 22.0% | P@20: 47.0%
2026-02-23 21:17:22,323 [INFO] 📈 EPOCH 81 | Loss: 1.9848 | P@10: 23.0% | P@20: 47.5%
2026-02-23 21:17:23,945 [INFO] 📈 EPOCH 82 | Loss: 2.0126 | P@10: 23.0% | P@20: 47.5%
2026-02-23 21:17:25,499 [INFO] 📈 EPOCH 83 | Loss: 1.8865 | P@10: 21.0% | P@20: 47.0%
2026-02-23 21:17:27,061 [INFO] 📈 EPOCH 84 | Loss: 2.0250 | P@10: 22.0% | P@20: 47.0%
2026-02-23 21:17:28,639 [INFO] 📈 EPOCH 85 | Loss: 1.9175 | P@10: 22.0% | P@20: 46.5%
2026-02-23 21:17:30,199 [INFO] 📈 EPOCH 86 | Loss: 1.9497 | P@10: 22.0% | P@20: 47.5%
2026-02-23 21:17:31,778 [INFO] 📈 EPOCH 87 | Loss: 1.9057 | P@10: 23.0% | P@20: 47.5%
2026-02-23 21:17:33,345 [INFO] 📈 EPOCH 88 | Loss: 1.9395 | P@10: 23.0% | P@20: 46.0%
2026-02-23 21:17:34,899 [INFO] 📈 EPOCH 89 | Loss: 1.9730 | P@10: 20.0% | P@20: 45.5%
2026-02-23 21:17:36,447 [INFO] 📈 EPOCH 90 | Loss: 1.8961 | P@10: 20.0% | P@20: 45.5%
2026-02-23 21:17:37,987 [INFO] 📈 EPOCH 91 | Loss: 2.0082 | P@10: 21.0% | P@20: 44.5%
2026-02-23 21:17:39,531 [INFO] 📈 EPOCH 92 | Loss: 1.7902 | P@10: 22.0% | P@20: 44.0%
2026-02-23 21:17:41,118 [INFO] 📈 EPOCH 93 | Loss: 1.7608 | P@10: 22.0% | P@20: 45.5%
2026-02-23 21:17:44,256 [INFO] 📈 EPOCH 94 | Loss: 2.0127 | P@10: 21.0% | P@20: 45.5%
2026-02-23 21:17:45,965 [INFO] 📈 EPOCH 95 | Loss: 1.8686 | P@10: 22.0% | P@20: 46.5%
2026-02-23 21:17:47,524 [INFO] 📈 EPOCH 96 | Loss: 2.0320 | P@10: 21.0% | P@20: 47.5%
2026-02-23 21:17:49,078 [INFO] 📈 EPOCH 97 | Loss: 1.7451 | P@10: 23.0% | P@20: 48.0%
2026-02-23 21:17:50,634 [INFO] 📈 EPOCH 98 | Loss: 1.7707 | P@10: 22.0% | P@20: 47.5%
2026-02-23 21:17:52,181 [INFO] 📈 EPOCH 99 | Loss: 1.9498 | P@10: 21.0% | P@20: 48.0%
2026-02-23 21:17:53,711 [INFO] 📈 EPOCH 100 | Loss: 1.8149 | P@10: 21.0% | P@20: 47.5%
2026-02-23 21:17:55,248 [INFO] 📈 EPOCH 101 | Loss: 1.7409 | P@10: 21.0% | P@20: 48.0%
2026-02-23 21:17:56,808 [INFO] 📈 EPOCH 102 | Loss: 1.8022 | P@10: 21.0% | P@20: 48.0%
2026-02-23 21:17:58,351 [INFO] 📈 EPOCH 103 | Loss: 1.8522 | P@10: 23.0% | P@20: 47.0%
2026-02-23 21:17:59,883 [INFO] 📈 EPOCH 104 | Loss: 1.8330 | P@10: 22.0% | P@20: 46.5%
2026-02-23 21:18:01,417 [INFO] 📈 EPOCH 105 | Loss: 1.8116 | P@10: 22.0% | P@20: 47.0%
2026-02-23 21:18:02,971 [INFO] 📈 EPOCH 106 | Loss: 1.8157 | P@10: 22.0% | P@20: 47.0%
2026-02-23 21:18:04,583 [INFO] 📈 EPOCH 107 | Loss: 1.6756 | P@10: 21.0% | P@20: 47.0%
2026-02-23 21:18:06,158 [INFO] 📈 EPOCH 108 | Loss: 1.7165 | P@10: 23.0% | P@20: 46.5%
2026-02-23 21:18:07,715 [INFO] 📈 EPOCH 109 | Loss: 1.7558 | P@10: 23.0% | P@20: 47.5%
2026-02-23 21:18:09,300 [INFO] 📈 EPOCH 110 | Loss: 1.6153 | P@10: 23.0% | P@20: 47.5%
2026-02-23 21:18:10,867 [INFO] 📈 EPOCH 111 | Loss: 1.7191 | P@10: 23.0% | P@20: 47.0%
2026-02-23 21:18:12,462 [INFO] 📈 EPOCH 112 | Loss: 1.8677 | P@10: 23.0% | P@20: 46.5%
2026-02-23 21:18:14,033 [INFO] 📈 EPOCH 113 | Loss: 1.7423 | P@10: 25.0% | P@20: 46.5%
2026-02-23 21:18:15,618 [INFO] 📈 EPOCH 114 | Loss: 1.7666 | P@10: 24.0% | P@20: 46.5%
2026-02-23 21:18:17,183 [INFO] 📈 EPOCH 115 | Loss: 1.5573 | P@10: 25.0% | P@20: 45.5%
2026-02-23 21:18:19,399 [INFO] 📈 EPOCH 116 | Loss: 1.6544 | P@10: 26.0% | P@20: 46.5%
2026-02-23 21:18:21,290 [INFO] 📈 EPOCH 117 | Loss: 1.4580 | P@10: 25.0% | P@20: 46.5%
2026-02-23 21:18:23,289 [INFO] 📈 EPOCH 118 | Loss: 1.4684 | P@10: 24.0% | P@20: 46.5%
2026-02-23 21:18:25,394 [INFO] 📈 EPOCH 119 | Loss: 1.4929 | P@10: 23.0% | P@20: 46.5%
2026-02-23 21:18:27,577 [INFO] 📈 EPOCH 120 | Loss: 1.6256 | P@10: 23.0% | P@20: 47.0%
2026-02-23 21:18:29,415 [INFO] 📈 EPOCH 121 | Loss: 1.6282 | P@10: 23.0% | P@20: 47.0%
2026-02-23 21:18:31,041 [INFO] 📈 EPOCH 122 | Loss: 1.6316 | P@10: 23.0% | P@20: 46.5%
2026-02-23 21:18:32,668 [INFO] 📈 EPOCH 123 | Loss: 1.6412 | P@10: 22.0% | P@20: 46.5%
2026-02-23 21:18:34,478 [INFO] 📈 EPOCH 124 | Loss: 1.6790 | P@10: 23.0% | P@20: 47.5%
2026-02-23 21:18:36,340 [INFO] 📈 EPOCH 125 | Loss: 1.4753 | P@10: 23.0% | P@20: 47.5%
2026-02-23 21:18:37,952 [INFO] 📈 EPOCH 126 | Loss: 1.5078 | P@10: 23.0% | P@20: 48.5%
2026-02-23 21:18:39,525 [INFO] 📈 EPOCH 127 | Loss: 1.5936 | P@10: 24.0% | P@20: 49.0%
2026-02-23 21:18:41,111 [INFO] 📈 EPOCH 128 | Loss: 1.5429 | P@10: 24.0% | P@20: 49.0%
2026-02-23 21:18:42,725 [INFO] 📈 EPOCH 129 | Loss: 1.5538 | P@10: 24.0% | P@20: 48.5%
2026-02-23 21:18:44,309 [INFO] 📈 EPOCH 130 | Loss: 1.5419 | P@10: 24.0% | P@20: 48.0%
2026-02-23 21:18:45,869 [INFO] 📈 EPOCH 131 | Loss: 1.4596 | P@10: 22.0% | P@20: 48.0%
2026-02-23 21:18:47,470 [INFO] 📈 EPOCH 132 | Loss: 1.4782 | P@10: 22.0% | P@20: 48.5%
2026-02-23 21:18:49,117 [INFO] 📈 EPOCH 133 | Loss: 1.4406 | P@10: 23.0% | P@20: 47.0%
2026-02-23 21:18:50,998 [INFO] 📈 EPOCH 134 | Loss: 1.4231 | P@10: 23.0% | P@20: 47.5%
2026-02-23 21:18:52,868 [INFO] 📈 EPOCH 135 | Loss: 1.3661 | P@10: 21.0% | P@20: 47.0%
2026-02-23 21:18:54,450 [INFO] 📈 EPOCH 136 | Loss: 1.4847 | P@10: 21.0% | P@20: 47.0%
2026-02-23 21:18:56,106 [INFO] 📈 EPOCH 137 | Loss: 1.5009 | P@10: 21.0% | P@20: 46.5%
2026-02-23 21:18:57,747 [INFO] 📈 EPOCH 138 | Loss: 1.3492 | P@10: 21.0% | P@20: 46.0%
2026-02-23 21:18:59,493 [INFO] 📈 EPOCH 139 | Loss: 1.4279 | P@10: 21.0% | P@20: 44.5%
2026-02-23 21:19:01,089 [INFO] 📈 EPOCH 140 | Loss: 1.3426 | P@10: 22.0% | P@20: 44.5%
2026-02-23 21:19:02,705 [INFO] 📈 EPOCH 141 | Loss: 1.3930 | P@10: 20.0% | P@20: 43.5%
2026-02-23 21:19:04,512 [INFO] 📈 EPOCH 142 | Loss: 1.3836 | P@10: 19.0% | P@20: 45.0%
2026-02-23 21:19:06,222 [INFO] 📈 EPOCH 143 | Loss: 1.3380 | P@10: 19.0% | P@20: 45.5%
2026-02-23 21:19:07,839 [INFO] 📈 EPOCH 144 | Loss: 1.3465 | P@10: 20.0% | P@20: 47.0%
2026-02-23 21:19:09,486 [INFO] 📈 EPOCH 145 | Loss: 1.5024 | P@10: 19.0% | P@20: 46.5%
2026-02-23 21:19:11,048 [INFO] 📈 EPOCH 146 | Loss: 1.4213 | P@10: 20.0% | P@20: 46.0%
2026-02-23 21:19:13,246 [INFO] 📈 EPOCH 147 | Loss: 1.3335 | P@10: 21.0% | P@20: 46.0%
2026-02-23 21:19:15,034 [INFO] 📈 EPOCH 148 | Loss: 1.2563 | P@10: 20.0% | P@20: 47.0%
2026-02-23 21:19:16,628 [INFO] 📈 EPOCH 149 | Loss: 1.3551 | P@10: 22.0% | P@20: 46.0%
2026-02-23 21:19:18,220 [INFO] 📈 EPOCH 150 | Loss: 1.2072 | P@10: 22.0% | P@20: 45.5%
2026-02-23 21:19:19,891 [INFO] 📈 EPOCH 151 | Loss: 1.3095 | P@10: 21.0% | P@20: 46.5%
2026-02-23 21:19:21,485 [INFO] 📈 EPOCH 152 | Loss: 1.2746 | P@10: 19.0% | P@20: 47.0%
2026-02-23 21:19:23,085 [INFO] 📈 EPOCH 153 | Loss: 1.2601 | P@10: 19.0% | P@20: 47.5%
2026-02-23 21:19:24,788 [INFO] 📈 EPOCH 154 | Loss: 1.1570 | P@10: 22.0% | P@20: 47.5%
2026-02-23 21:19:26,401 [INFO] 📈 EPOCH 155 | Loss: 1.1795 | P@10: 21.0% | P@20: 47.5%
2026-02-23 21:19:27,969 [INFO] 📈 EPOCH 156 | Loss: 1.2686 | P@10: 21.0% | P@20: 48.5%
2026-02-23 21:19:30,255 [INFO] 📈 EPOCH 157 | Loss: 1.1804 | P@10: 21.0% | P@20: 48.5%
2026-02-23 21:19:31,825 [INFO] 📈 EPOCH 158 | Loss: 1.2972 | P@10: 21.0% | P@20: 49.0%
2026-02-23 21:19:33,378 [INFO] 📈 EPOCH 159 | Loss: 1.1260 | P@10: 21.0% | P@20: 48.5%
2026-02-23 21:19:34,929 [INFO] 📈 EPOCH 160 | Loss: 1.1558 | P@10: 23.0% | P@20: 47.5%
2026-02-23 21:19:36,495 [INFO] 📈 EPOCH 161 | Loss: 1.1663 | P@10: 23.0% | P@20: 48.0%
2026-02-23 21:19:38,093 [INFO] 📈 EPOCH 162 | Loss: 1.0543 | P@10: 25.0% | P@20: 48.0%
2026-02-23 21:19:39,643 [INFO] 📈 EPOCH 163 | Loss: 1.0617 | P@10: 26.0% | P@20: 49.0%
2026-02-23 21:19:41,212 [INFO] 📈 EPOCH 164 | Loss: 1.0345 | P@10: 26.0% | P@20: 49.0%
2026-02-23 21:19:42,769 [INFO] 📈 EPOCH 165 | Loss: 1.0756 | P@10: 26.0% | P@20: 49.5%
2026-02-23 21:19:44,337 [INFO] 📈 EPOCH 166 | Loss: 1.0539 | P@10: 26.0% | P@20: 50.5%
2026-02-23 21:19:45,916 [INFO] 📈 EPOCH 167 | Loss: 1.1240 | P@10: 25.0% | P@20: 52.0%
2026-02-23 21:19:45,943 [INFO] 🏆 NOVO RECORDE: P@20 = 52.0%
2026-02-23 21:19:47,493 [INFO] 📈 EPOCH 168 | Loss: 0.9967 | P@10: 24.0% | P@20: 53.5%
2026-02-23 21:19:47,512 [INFO] 🏆 NOVO RECORDE: P@20 = 53.5%
2026-02-23 21:19:49,063 [INFO] 📈 EPOCH 169 | Loss: 0.9940 | P@10: 24.0% | P@20: 53.0%
2026-02-23 21:19:50,599 [INFO] 📈 EPOCH 170 | Loss: 0.9498 | P@10: 26.0% | P@20: 52.5%
2026-02-23 21:19:52,164 [INFO] 📈 EPOCH 171 | Loss: 1.0410 | P@10: 26.0% | P@20: 51.0%
2026-02-23 21:19:53,721 [INFO] 📈 EPOCH 172 | Loss: 1.0008 | P@10: 25.0% | P@20: 51.5%
2026-02-23 21:19:55,268 [INFO] 📈 EPOCH 173 | Loss: 1.0545 | P@10: 24.0% | P@20: 51.5%
2026-02-23 21:19:56,932 [INFO] 📈 EPOCH 174 | Loss: 0.9117 | P@10: 24.0% | P@20: 52.0%
2026-02-23 21:19:58,483 [INFO] 📈 EPOCH 175 | Loss: 0.9751 | P@10: 26.0% | P@20: 52.0%
2026-02-23 21:20:00,043 [INFO] 📈 EPOCH 176 | Loss: 0.9720 | P@10: 27.0% | P@20: 54.5%
2026-02-23 21:20:00,062 [INFO] 🏆 NOVO RECORDE: P@20 = 54.5%
2026-02-23 21:20:01,637 [INFO] 📈 EPOCH 177 | Loss: 0.9832 | P@10: 28.0% | P@20: 53.0%
2026-02-23 21:20:03,180 [INFO] 📈 EPOCH 178 | Loss: 0.9269 | P@10: 28.0% | P@20: 53.5%
2026-02-23 21:20:04,739 [INFO] 📈 EPOCH 179 | Loss: 0.9105 | P@10: 28.0% | P@20: 54.5%
2026-02-23 21:20:06,402 [INFO] 📈 EPOCH 180 | Loss: 0.9277 | P@10: 28.0% | P@20: 55.5%
2026-02-23 21:20:06,419 [INFO] 🏆 NOVO RECORDE: P@20 = 55.5%
2026-02-23 21:20:07,950 [INFO] 📈 EPOCH 181 | Loss: 0.9641 | P@10: 28.0% | P@20: 55.5%
2026-02-23 21:20:09,499 [INFO] 📈 EPOCH 182 | Loss: 0.9716 | P@10: 28.0% | P@20: 54.5%
2026-02-23 21:20:11,033 [INFO] 📈 EPOCH 183 | Loss: 0.9127 | P@10: 28.0% | P@20: 54.0%
2026-02-23 21:20:12,551 [INFO] 📈 EPOCH 184 | Loss: 0.8983 | P@10: 29.0% | P@20: 53.0%
2026-02-23 21:20:14,074 [INFO] 📈 EPOCH 185 | Loss: 0.8605 | P@10: 28.0% | P@20: 54.0%
2026-02-23 21:20:15,595 [INFO] 📈 EPOCH 186 | Loss: 0.9135 | P@10: 27.0% | P@20: 54.0%
2026-02-23 21:20:17,143 [INFO] 📈 EPOCH 187 | Loss: 0.8706 | P@10: 27.0% | P@20: 54.5%
2026-02-23 21:20:18,676 [INFO] 📈 EPOCH 188 | Loss: 0.8953 | P@10: 27.0% | P@20: 54.0%
2026-02-23 21:20:20,232 [INFO] 📈 EPOCH 189 | Loss: 0.8216 | P@10: 28.0% | P@20: 53.0%
2026-02-23 21:20:21,766 [INFO] 📈 EPOCH 190 | Loss: 0.8600 | P@10: 30.0% | P@20: 52.5%
2026-02-23 21:20:23,299 [INFO] 📈 EPOCH 191 | Loss: 0.8491 | P@10: 31.0% | P@20: 53.0%
2026-02-23 21:20:24,835 [INFO] 📈 EPOCH 192 | Loss: 0.8362 | P@10: 28.0% | P@20: 53.0%
2026-02-23 21:20:26,379 [INFO] 📈 EPOCH 193 | Loss: 0.7870 | P@10: 29.0% | P@20: 53.0%
2026-02-23 21:20:27,912 [INFO] 📈 EPOCH 194 | Loss: 0.8335 | P@10: 28.0% | P@20: 52.0%
2026-02-23 21:20:30,257 [INFO] 📈 EPOCH 195 | Loss: 0.8200 | P@10: 27.0% | P@20: 52.0%
2026-02-23 21:20:34,155 [INFO] 📈 EPOCH 196 | Loss: 0.9184 | P@10: 25.0% | P@20: 53.0%
2026-02-23 21:20:37,529 [INFO] 📈 EPOCH 197 | Loss: 0.8062 | P@10: 26.0% | P@20: 52.5%
2026-02-23 21:20:40,523 [INFO] 📈 EPOCH 198 | Loss: 0.8178 | P@10: 28.0% | P@20: 52.0%
2026-02-23 21:20:42,986 [INFO] 📈 EPOCH 199 | Loss: 0.7479 | P@10: 28.0% | P@20: 53.5%
2026-02-23 21:20:44,665 [INFO] 📈 EPOCH 200 | Loss: 0.7476 | P@10: 30.0% | P@20: 54.0%
