2026-02-24 00:18:41,010 [INFO] 📅 FILTRO TEMPORAL: 775 dias (2024-2026)
2026-02-24 00:18:41,038 [INFO] 🏙️ FILTRO ESPACIAL: 99 bairros ativos (Generalista Limpo)
2026-02-24 00:18:41,411 [INFO] 🚀 AMOSTRAS DE TREINO: 145 dias quentes
2026-02-24 00:18:50,994 [INFO] 📈 EPOCH 01 | Loss: 6.9124 | P@10: 20.5% | P@20: 24.1%
2026-02-24 00:18:51,009 [INFO] 🏆 NOVO RECORDE: P@20 = 24.1%
2026-02-24 00:18:57,334 [INFO] 📈 EPOCH 02 | Loss: 2.5724 | P@10: 18.6% | P@20: 30.7%
2026-02-24 00:18:57,362 [INFO] 🏆 NOVO RECORDE: P@20 = 30.7%
2026-02-24 00:19:02,960 [INFO] 📈 EPOCH 03 | Loss: 1.7945 | P@10: 27.3% | P@20: 31.4%
2026-02-24 00:19:02,975 [INFO] 🏆 NOVO RECORDE: P@20 = 31.4%
2026-02-24 00:19:09,291 [INFO] 📈 EPOCH 04 | Loss: 1.7575 | P@10: 28.2% | P@20: 29.3%
2026-02-24 00:19:16,588 [INFO] 📈 EPOCH 05 | Loss: 1.7440 | P@10: 25.5% | P@20: 30.2%
2026-02-24 00:19:23,905 [INFO] 📈 EPOCH 06 | Loss: 1.8053 | P@10: 26.4% | P@20: 30.9%
2026-02-24 00:19:31,268 [INFO] 📈 EPOCH 07 | Loss: 1.6225 | P@10: 25.0% | P@20: 29.5%
2026-02-24 00:19:37,853 [INFO] 📈 EPOCH 08 | Loss: 1.5826 | P@10: 27.3% | P@20: 29.8%
2026-02-24 00:19:48,415 [INFO] 📈 EPOCH 09 | Loss: 1.5497 | P@10: 26.4% | P@20: 30.9%
2026-02-24 00:19:55,189 [INFO] 📈 EPOCH 10 | Loss: 1.4571 | P@10: 24.5% | P@20: 31.6%
2026-02-24 00:19:55,306 [INFO] 🏆 NOVO RECORDE: P@20 = 31.6%
2026-02-24 00:20:01,613 [INFO] 📈 EPOCH 11 | Loss: 1.4059 | P@10: 25.5% | P@20: 32.5%
2026-02-24 00:20:01,637 [INFO] 🏆 NOVO RECORDE: P@20 = 32.5%
2026-02-24 00:20:10,009 [INFO] 📈 EPOCH 12 | Loss: 1.3911 | P@10: 25.5% | P@20: 32.5%
2026-02-24 00:20:18,138 [INFO] 📈 EPOCH 13 | Loss: 1.4930 | P@10: 27.7% | P@20: 35.2%
2026-02-24 00:20:18,157 [INFO] 🏆 NOVO RECORDE: P@20 = 35.2%
2026-02-24 00:20:25,469 [INFO] 📈 EPOCH 14 | Loss: 1.3750 | P@10: 25.9% | P@20: 31.8%
2026-02-24 00:20:32,338 [INFO] 📈 EPOCH 15 | Loss: 1.3714 | P@10: 27.7% | P@20: 32.0%
2026-02-24 00:20:38,135 [INFO] 📈 EPOCH 16 | Loss: 1.3618 | P@10: 28.2% | P@20: 32.0%
2026-02-24 00:20:44,588 [INFO] 📈 EPOCH 17 | Loss: 1.3296 | P@10: 27.7% | P@20: 31.8%
2026-02-24 00:20:50,925 [INFO] 📈 EPOCH 18 | Loss: 1.3352 | P@10: 27.3% | P@20: 32.7%
2026-02-24 00:20:57,351 [INFO] 📈 EPOCH 19 | Loss: 1.2722 | P@10: 28.6% | P@20: 33.0%
2026-02-24 00:21:04,783 [INFO] 📈 EPOCH 20 | Loss: 1.3044 | P@10: 27.7% | P@20: 33.0%
2026-02-24 00:21:10,752 [INFO] 📈 EPOCH 21 | Loss: 1.2662 | P@10: 26.8% | P@20: 33.9%
2026-02-24 00:21:16,908 [INFO] 📈 EPOCH 22 | Loss: 1.2793 | P@10: 27.7% | P@20: 32.3%
2026-02-24 00:21:23,209 [INFO] 📈 EPOCH 23 | Loss: 1.2164 | P@10: 27.7% | P@20: 32.5%
2026-02-24 00:21:29,164 [INFO] 📈 EPOCH 24 | Loss: 1.2044 | P@10: 26.4% | P@20: 32.7%
2026-02-24 00:21:34,829 [INFO] 📈 EPOCH 25 | Loss: 1.1815 | P@10: 24.1% | P@20: 33.2%
2026-02-24 00:21:41,721 [INFO] 📈 EPOCH 26 | Loss: 1.1866 | P@10: 26.8% | P@20: 33.4%
2026-02-24 00:21:47,510 [INFO] 📈 EPOCH 27 | Loss: 1.1614 | P@10: 27.3% | P@20: 33.2%
2026-02-24 00:21:53,158 [INFO] 📈 EPOCH 28 | Loss: 1.1583 | P@10: 28.6% | P@20: 33.4%
2026-02-24 00:22:00,216 [INFO] 📈 EPOCH 29 | Loss: 1.1244 | P@10: 29.1% | P@20: 33.4%
2026-02-24 00:22:06,760 [INFO] 📈 EPOCH 30 | Loss: 1.1430 | P@10: 28.6% | P@20: 33.9%
2026-02-24 00:22:12,406 [INFO] 📈 EPOCH 31 | Loss: 1.1335 | P@10: 28.2% | P@20: 33.6%
2026-02-24 00:22:19,156 [INFO] 📈 EPOCH 32 | Loss: 1.1127 | P@10: 29.1% | P@20: 34.8%
2026-02-24 00:22:24,907 [INFO] 📈 EPOCH 33 | Loss: 1.2005 | P@10: 27.3% | P@20: 35.0%
2026-02-24 00:22:30,320 [INFO] 📈 EPOCH 34 | Loss: 1.0868 | P@10: 25.9% | P@20: 36.1%
2026-02-24 00:22:30,335 [INFO] 🏆 NOVO RECORDE: P@20 = 36.1%
2026-02-24 00:22:35,727 [INFO] 📈 EPOCH 35 | Loss: 1.1133 | P@10: 25.5% | P@20: 34.3%
2026-02-24 00:22:41,160 [INFO] 📈 EPOCH 36 | Loss: 1.0597 | P@10: 24.1% | P@20: 33.9%
2026-02-24 00:22:46,632 [INFO] 📈 EPOCH 37 | Loss: 1.1042 | P@10: 25.0% | P@20: 34.8%
2026-02-24 00:22:52,100 [INFO] 📈 EPOCH 38 | Loss: 1.0562 | P@10: 23.6% | P@20: 33.4%
2026-02-24 00:22:57,597 [INFO] 📈 EPOCH 39 | Loss: 1.0499 | P@10: 22.7% | P@20: 32.3%
2026-02-24 00:23:03,013 [INFO] 📈 EPOCH 40 | Loss: 0.9968 | P@10: 23.2% | P@20: 32.5%
2026-02-24 00:23:08,484 [INFO] 📈 EPOCH 41 | Loss: 0.9917 | P@10: 24.5% | P@20: 32.7%
2026-02-24 00:23:13,872 [INFO] 📈 EPOCH 42 | Loss: 0.9817 | P@10: 24.1% | P@20: 32.7%
2026-02-24 00:23:19,267 [INFO] 📈 EPOCH 43 | Loss: 0.9612 | P@10: 24.1% | P@20: 32.0%
2026-02-24 00:23:24,645 [INFO] 📈 EPOCH 44 | Loss: 0.9713 | P@10: 22.3% | P@20: 31.8%
2026-02-24 00:23:30,103 [INFO] 📈 EPOCH 45 | Loss: 0.9518 | P@10: 20.9% | P@20: 27.7%
2026-02-24 00:23:35,499 [INFO] 📈 EPOCH 46 | Loss: 0.9157 | P@10: 22.3% | P@20: 31.8%
2026-02-24 00:23:40,921 [INFO] 📈 EPOCH 47 | Loss: 0.9242 | P@10: 22.3% | P@20: 28.9%
2026-02-24 00:23:46,365 [INFO] 📈 EPOCH 48 | Loss: 0.9328 | P@10: 19.1% | P@20: 30.0%
2026-02-24 00:23:51,828 [INFO] 📈 EPOCH 49 | Loss: 0.8631 | P@10: 17.7% | P@20: 26.6%
2026-02-24 00:23:57,331 [INFO] 📈 EPOCH 50 | Loss: 0.8689 | P@10: 18.2% | P@20: 30.2%
2026-02-24 00:24:02,797 [INFO] 📈 EPOCH 51 | Loss: 0.8443 | P@10: 18.2% | P@20: 31.1%
2026-02-24 00:24:08,255 [INFO] 📈 EPOCH 52 | Loss: 0.8562 | P@10: 20.5% | P@20: 31.4%
2026-02-24 00:24:13,723 [INFO] 📈 EPOCH 53 | Loss: 0.8564 | P@10: 18.6% | P@20: 24.8%
2026-02-24 00:24:19,254 [INFO] 📈 EPOCH 54 | Loss: 0.8389 | P@10: 17.7% | P@20: 29.8%
2026-02-24 00:24:24,886 [INFO] 📈 EPOCH 55 | Loss: 0.8256 | P@10: 20.9% | P@20: 32.5%
2026-02-24 00:24:30,524 [INFO] 📈 EPOCH 56 | Loss: 0.7651 | P@10: 20.5% | P@20: 29.8%
2026-02-24 00:24:36,165 [INFO] 📈 EPOCH 57 | Loss: 0.8335 | P@10: 13.6% | P@20: 23.4%
2026-02-24 00:24:42,182 [INFO] 📈 EPOCH 58 | Loss: 0.7426 | P@10: 18.2% | P@20: 29.3%
2026-02-24 00:24:47,992 [INFO] 📈 EPOCH 59 | Loss: 0.7729 | P@10: 16.4% | P@20: 25.5%
2026-02-24 00:24:53,799 [INFO] 📈 EPOCH 60 | Loss: 0.7570 | P@10: 16.8% | P@20: 23.0%
2026-02-24 00:25:00,072 [INFO] 📈 EPOCH 61 | Loss: 0.7509 | P@10: 18.2% | P@20: 27.0%
2026-02-24 00:25:05,925 [INFO] 📈 EPOCH 62 | Loss: 0.7555 | P@10: 15.0% | P@20: 20.7%
2026-02-24 00:25:11,753 [INFO] 📈 EPOCH 63 | Loss: 0.7164 | P@10: 19.1% | P@20: 25.0%
2026-02-24 00:25:17,708 [INFO] 📈 EPOCH 64 | Loss: 0.6720 | P@10: 14.1% | P@20: 23.4%
2026-02-24 00:25:27,017 [INFO] 📈 EPOCH 65 | Loss: 0.6847 | P@10: 14.1% | P@20: 24.3%
2026-02-24 00:25:37,026 [INFO] 📈 EPOCH 66 | Loss: 0.6499 | P@10: 14.5% | P@20: 25.9%
2026-02-24 00:25:43,672 [INFO] 📈 EPOCH 67 | Loss: 0.6906 | P@10: 17.3% | P@20: 25.5%
