2026-02-23 21:22:22,263 [INFO] 📅 FILTRO TEMPORAL: 775 dias (2024-2026)
2026-02-23 21:22:22,267 [INFO] 🏙️ FILTRO ESPACIAL: Top 30 Bairros Mais Violentos Selecionados (League of Violence Elite)
2026-02-23 21:22:22,573 [INFO] 🚀 INICIANDO TREINO (2024-2026 | Diario > 3 Crimes)
2026-02-23 21:22:22,573 [INFO]    Amostras Criticas: 46 dias | Foco: Detectar Picos
2026-02-23 21:22:24,516 [INFO] 📈 EPOCH 01 | Loss: 13.8097 | P@10: 40.0% | P@20: 67.5%
2026-02-23 21:22:24,547 [INFO] 🏆 NOVO RECORDE: P@20 = 67.5%
2026-02-23 21:22:24,842 [INFO] 📈 EPOCH 02 | Loss: 15.3834 | P@10: 40.0% | P@20: 67.5%
2026-02-23 21:22:25,152 [INFO] 📈 EPOCH 03 | Loss: 15.1622 | P@10: 40.0% | P@20: 67.5%
2026-02-23 21:22:25,486 [INFO] 📈 EPOCH 04 | Loss: 16.7369 | P@10: 35.0% | P@20: 65.0%
2026-02-23 21:22:25,751 [INFO] 📈 EPOCH 05 | Loss: 14.6958 | P@10: 35.0% | P@20: 65.0%
2026-02-23 21:22:26,014 [INFO] 📈 EPOCH 06 | Loss: 14.2598 | P@10: 35.0% | P@20: 65.0%
2026-02-23 21:22:26,288 [INFO] 📈 EPOCH 07 | Loss: 15.8666 | P@10: 35.0% | P@20: 65.0%
2026-02-23 21:22:26,549 [INFO] 📈 EPOCH 08 | Loss: 12.4349 | P@10: 35.0% | P@20: 65.0%
2026-02-23 21:22:26,811 [INFO] 📈 EPOCH 09 | Loss: 14.5874 | P@10: 35.0% | P@20: 65.0%
2026-02-23 21:22:27,093 [INFO] 📈 EPOCH 10 | Loss: 11.8360 | P@10: 35.0% | P@20: 65.0%
2026-02-23 21:22:27,389 [INFO] 📈 EPOCH 11 | Loss: 16.7499 | P@10: 35.0% | P@20: 65.0%
2026-02-23 21:22:27,657 [INFO] 📈 EPOCH 12 | Loss: 16.4848 | P@10: 35.0% | P@20: 65.0%
2026-02-23 21:22:27,924 [INFO] 📈 EPOCH 13 | Loss: 14.1088 | P@10: 35.0% | P@20: 65.0%
2026-02-23 21:22:28,190 [INFO] 📈 EPOCH 14 | Loss: 14.6545 | P@10: 35.0% | P@20: 65.0%
2026-02-23 21:22:28,469 [INFO] 📈 EPOCH 15 | Loss: 16.2218 | P@10: 35.0% | P@20: 65.0%
2026-02-23 21:22:29,088 [INFO] 📈 EPOCH 16 | Loss: 13.6425 | P@10: 35.0% | P@20: 65.0%
2026-02-23 21:22:29,669 [INFO] 📈 EPOCH 17 | Loss: 14.2374 | P@10: 35.0% | P@20: 65.0%
2026-02-23 21:22:29,954 [INFO] 📈 EPOCH 18 | Loss: 13.9492 | P@10: 35.0% | P@20: 65.0%
2026-02-23 21:22:30,227 [INFO] 📈 EPOCH 19 | Loss: 14.7281 | P@10: 35.0% | P@20: 65.0%
2026-02-23 21:22:30,486 [INFO] 📈 EPOCH 20 | Loss: 15.1443 | P@10: 35.0% | P@20: 65.0%
2026-02-23 21:22:30,726 [INFO] 📈 EPOCH 21 | Loss: 14.2026 | P@10: 35.0% | P@20: 65.0%
2026-02-23 21:22:30,981 [INFO] 📈 EPOCH 22 | Loss: 15.8909 | P@10: 35.0% | P@20: 65.0%
2026-02-23 21:22:31,223 [INFO] 📈 EPOCH 23 | Loss: 14.7866 | P@10: 35.0% | P@20: 65.0%
2026-02-23 21:22:31,463 [INFO] 📈 EPOCH 24 | Loss: 13.7294 | P@10: 35.0% | P@20: 65.0%
2026-02-23 21:22:31,703 [INFO] 📈 EPOCH 25 | Loss: 15.1442 | P@10: 35.0% | P@20: 65.0%
2026-02-23 21:22:31,942 [INFO] 📈 EPOCH 26 | Loss: 15.3484 | P@10: 35.0% | P@20: 65.0%
2026-02-23 21:22:32,176 [INFO] 📈 EPOCH 27 | Loss: 14.2429 | P@10: 35.0% | P@20: 65.0%
2026-02-23 21:22:32,407 [INFO] 📈 EPOCH 28 | Loss: 13.0309 | P@10: 35.0% | P@20: 65.0%
2026-02-23 21:22:32,639 [INFO] 📈 EPOCH 29 | Loss: 15.8778 | P@10: 35.0% | P@20: 65.0%
2026-02-23 21:22:32,880 [INFO] 📈 EPOCH 30 | Loss: 15.2644 | P@10: 35.0% | P@20: 65.0%
2026-02-23 21:22:33,173 [INFO] 📈 EPOCH 31 | Loss: 13.0700 | P@10: 35.0% | P@20: 65.0%
2026-02-23 21:22:33,479 [INFO] 📈 EPOCH 32 | Loss: 17.5146 | P@10: 35.0% | P@20: 65.0%
2026-02-23 21:22:33,823 [INFO] 📈 EPOCH 33 | Loss: 13.7852 | P@10: 35.0% | P@20: 65.0%
2026-02-23 21:22:34,137 [INFO] 📈 EPOCH 34 | Loss: 16.3194 | P@10: 35.0% | P@20: 65.0%
2026-02-23 21:22:34,393 [INFO] 📈 EPOCH 35 | Loss: 15.6733 | P@10: 35.0% | P@20: 65.0%
2026-02-23 21:22:34,684 [INFO] 📈 EPOCH 36 | Loss: 15.4794 | P@10: 35.0% | P@20: 65.0%
2026-02-23 21:22:34,995 [INFO] 📈 EPOCH 37 | Loss: 14.6590 | P@10: 35.0% | P@20: 65.0%
2026-02-23 21:22:35,306 [INFO] 📈 EPOCH 38 | Loss: 14.4387 | P@10: 35.0% | P@20: 65.0%
2026-02-23 21:22:35,609 [INFO] 📈 EPOCH 39 | Loss: 13.7030 | P@10: 35.0% | P@20: 65.0%
2026-02-23 21:22:35,847 [INFO] 📈 EPOCH 40 | Loss: 14.8010 | P@10: 35.0% | P@20: 65.0%
2026-02-23 21:22:36,084 [INFO] 📈 EPOCH 41 | Loss: 15.3437 | P@10: 35.0% | P@20: 65.0%
2026-02-23 21:22:36,312 [INFO] 📈 EPOCH 42 | Loss: 13.2045 | P@10: 35.0% | P@20: 65.0%
2026-02-23 21:22:36,541 [INFO] 📈 EPOCH 43 | Loss: 15.5162 | P@10: 35.0% | P@20: 65.0%
2026-02-23 21:22:36,775 [INFO] 📈 EPOCH 44 | Loss: 13.0180 | P@10: 35.0% | P@20: 65.0%
2026-02-23 21:22:37,010 [INFO] 📈 EPOCH 45 | Loss: 12.1571 | P@10: 35.0% | P@20: 65.0%
2026-02-23 21:22:37,242 [INFO] 📈 EPOCH 46 | Loss: 15.5739 | P@10: 35.0% | P@20: 65.0%
2026-02-23 21:22:37,479 [INFO] 📈 EPOCH 47 | Loss: 13.8427 | P@10: 35.0% | P@20: 65.0%
2026-02-23 21:22:37,714 [INFO] 📈 EPOCH 48 | Loss: 12.0850 | P@10: 35.0% | P@20: 65.0%
2026-02-23 21:22:37,951 [INFO] 📈 EPOCH 49 | Loss: 14.3697 | P@10: 35.0% | P@20: 65.0%
2026-02-23 21:22:38,185 [INFO] 📈 EPOCH 50 | Loss: 15.4938 | P@10: 35.0% | P@20: 65.0%
2026-02-23 21:22:38,420 [INFO] 📈 EPOCH 51 | Loss: 14.9472 | P@10: 35.0% | P@20: 65.0%
2026-02-23 21:22:38,654 [INFO] 📈 EPOCH 52 | Loss: 17.1241 | P@10: 35.0% | P@20: 65.0%
2026-02-23 21:22:38,891 [INFO] 📈 EPOCH 53 | Loss: 13.7239 | P@10: 35.0% | P@20: 65.0%
2026-02-23 21:22:39,134 [INFO] 📈 EPOCH 54 | Loss: 15.6996 | P@10: 35.0% | P@20: 65.0%
2026-02-23 21:22:39,369 [INFO] 📈 EPOCH 55 | Loss: 13.2192 | P@10: 35.0% | P@20: 65.0%
2026-02-23 21:22:39,604 [INFO] 📈 EPOCH 56 | Loss: 14.5246 | P@10: 35.0% | P@20: 65.0%
2026-02-23 21:22:39,839 [INFO] 📈 EPOCH 57 | Loss: 16.8901 | P@10: 35.0% | P@20: 65.0%
2026-02-23 21:22:40,078 [INFO] 📈 EPOCH 58 | Loss: 13.6007 | P@10: 35.0% | P@20: 65.0%
2026-02-23 21:22:40,321 [INFO] 📈 EPOCH 59 | Loss: 14.1754 | P@10: 35.0% | P@20: 65.0%
2026-02-23 21:22:40,566 [INFO] 📈 EPOCH 60 | Loss: 13.7494 | P@10: 35.0% | P@20: 65.0%
2026-02-23 21:22:40,987 [INFO] 📈 EPOCH 61 | Loss: 17.7234 | P@10: 35.0% | P@20: 65.0%
2026-02-23 21:22:41,221 [INFO] 📈 EPOCH 62 | Loss: 15.3894 | P@10: 35.0% | P@20: 65.0%
2026-02-23 21:22:41,460 [INFO] 📈 EPOCH 63 | Loss: 13.3468 | P@10: 35.0% | P@20: 65.0%
2026-02-23 21:22:41,702 [INFO] 📈 EPOCH 64 | Loss: 13.5783 | P@10: 35.0% | P@20: 65.0%
2026-02-23 21:22:41,973 [INFO] 📈 EPOCH 65 | Loss: 13.1886 | P@10: 35.0% | P@20: 65.0%
2026-02-23 21:22:42,549 [INFO] 📈 EPOCH 66 | Loss: 13.4397 | P@10: 35.0% | P@20: 65.0%
2026-02-23 21:22:43,052 [INFO] 📈 EPOCH 67 | Loss: 13.7928 | P@10: 35.0% | P@20: 65.0%
2026-02-23 21:22:43,491 [INFO] 📈 EPOCH 68 | Loss: 11.9229 | P@10: 35.0% | P@20: 65.0%
2026-02-23 21:22:44,036 [INFO] 📈 EPOCH 69 | Loss: 13.8003 | P@10: 35.0% | P@20: 65.0%
2026-02-23 21:22:44,560 [INFO] 📈 EPOCH 70 | Loss: 16.5223 | P@10: 35.0% | P@20: 65.0%
2026-02-23 21:22:45,071 [INFO] 📈 EPOCH 71 | Loss: 14.6639 | P@10: 35.0% | P@20: 65.0%
2026-02-23 21:22:45,328 [INFO] 📈 EPOCH 72 | Loss: 14.5479 | P@10: 35.0% | P@20: 65.0%
2026-02-23 21:22:45,579 [INFO] 📈 EPOCH 73 | Loss: 12.8804 | P@10: 35.0% | P@20: 65.0%
2026-02-23 21:22:45,821 [INFO] 📈 EPOCH 74 | Loss: 14.6462 | P@10: 35.0% | P@20: 65.0%
2026-02-23 21:22:46,070 [INFO] 📈 EPOCH 75 | Loss: 15.1541 | P@10: 35.0% | P@20: 65.0%
2026-02-23 21:22:46,312 [INFO] 📈 EPOCH 76 | Loss: 13.4435 | P@10: 35.0% | P@20: 65.0%
2026-02-23 21:22:46,558 [INFO] 📈 EPOCH 77 | Loss: 14.5838 | P@10: 35.0% | P@20: 65.0%
2026-02-23 21:22:46,796 [INFO] 📈 EPOCH 78 | Loss: 13.6343 | P@10: 35.0% | P@20: 65.0%
2026-02-23 21:22:47,031 [INFO] 📈 EPOCH 79 | Loss: 15.9737 | P@10: 35.0% | P@20: 65.0%
2026-02-23 21:22:47,262 [INFO] 📈 EPOCH 80 | Loss: 13.2846 | P@10: 35.0% | P@20: 65.0%
2026-02-23 21:22:47,493 [INFO] 📈 EPOCH 81 | Loss: 13.8174 | P@10: 35.0% | P@20: 65.0%
2026-02-23 21:22:47,727 [INFO] 📈 EPOCH 82 | Loss: 16.3157 | P@10: 35.0% | P@20: 65.0%
2026-02-23 21:22:47,968 [INFO] 📈 EPOCH 83 | Loss: 14.6774 | P@10: 35.0% | P@20: 65.0%
2026-02-23 21:22:48,209 [INFO] 📈 EPOCH 84 | Loss: 15.4462 | P@10: 35.0% | P@20: 65.0%
2026-02-23 21:22:48,449 [INFO] 📈 EPOCH 85 | Loss: 13.4106 | P@10: 35.0% | P@20: 65.0%
2026-02-23 21:22:48,684 [INFO] 📈 EPOCH 86 | Loss: 14.6247 | P@10: 35.0% | P@20: 65.0%
2026-02-23 21:22:48,922 [INFO] 📈 EPOCH 87 | Loss: 14.3724 | P@10: 35.0% | P@20: 65.0%
2026-02-23 21:22:49,157 [INFO] 📈 EPOCH 88 | Loss: 13.6610 | P@10: 35.0% | P@20: 65.0%
2026-02-23 21:22:49,396 [INFO] 📈 EPOCH 89 | Loss: 13.7463 | P@10: 35.0% | P@20: 65.0%
2026-02-23 21:22:49,648 [INFO] 📈 EPOCH 90 | Loss: 15.0762 | P@10: 35.0% | P@20: 65.0%
2026-02-23 21:22:49,900 [INFO] 📈 EPOCH 91 | Loss: 15.5300 | P@10: 35.0% | P@20: 65.0%
2026-02-23 21:22:50,163 [INFO] 📈 EPOCH 92 | Loss: 14.4975 | P@10: 35.0% | P@20: 65.0%
2026-02-23 21:22:50,406 [INFO] 📈 EPOCH 93 | Loss: 14.5731 | P@10: 35.0% | P@20: 65.0%
2026-02-23 21:22:50,651 [INFO] 📈 EPOCH 94 | Loss: 14.9870 | P@10: 35.0% | P@20: 65.0%
2026-02-23 21:22:50,896 [INFO] 📈 EPOCH 95 | Loss: 14.2848 | P@10: 35.0% | P@20: 65.0%
2026-02-23 21:22:51,147 [INFO] 📈 EPOCH 96 | Loss: 14.4372 | P@10: 35.0% | P@20: 65.0%
2026-02-23 21:22:51,392 [INFO] 📈 EPOCH 97 | Loss: 15.4020 | P@10: 35.0% | P@20: 65.0%
2026-02-23 21:22:51,639 [INFO] 📈 EPOCH 98 | Loss: 16.8699 | P@10: 35.0% | P@20: 65.0%
2026-02-23 21:22:51,881 [INFO] 📈 EPOCH 99 | Loss: 15.0061 | P@10: 35.0% | P@20: 65.0%
2026-02-23 21:22:52,133 [INFO] 📈 EPOCH 100 | Loss: 13.7027 | P@10: 35.0% | P@20: 65.0%
2026-02-23 21:22:52,382 [INFO] 📈 EPOCH 101 | Loss: 14.8006 | P@10: 35.0% | P@20: 65.0%
2026-02-23 21:22:52,627 [INFO] 📈 EPOCH 102 | Loss: 13.5727 | P@10: 35.0% | P@20: 65.0%
2026-02-23 21:22:52,866 [INFO] 📈 EPOCH 103 | Loss: 12.9181 | P@10: 35.0% | P@20: 65.0%
2026-02-23 21:22:53,115 [INFO] 📈 EPOCH 104 | Loss: 15.2175 | P@10: 35.0% | P@20: 65.0%
2026-02-23 21:22:53,492 [INFO] 📈 EPOCH 105 | Loss: 16.9012 | P@10: 35.0% | P@20: 65.0%
2026-02-23 21:22:53,847 [INFO] 📈 EPOCH 106 | Loss: 14.2499 | P@10: 35.0% | P@20: 65.0%
2026-02-23 21:22:54,166 [INFO] 📈 EPOCH 107 | Loss: 15.7167 | P@10: 35.0% | P@20: 65.0%
2026-02-23 21:22:54,503 [INFO] 📈 EPOCH 108 | Loss: 12.7512 | P@10: 35.0% | P@20: 65.0%
2026-02-23 21:22:54,740 [INFO] 📈 EPOCH 109 | Loss: 15.7606 | P@10: 35.0% | P@20: 65.0%
2026-02-23 21:22:54,975 [INFO] 📈 EPOCH 110 | Loss: 12.3993 | P@10: 35.0% | P@20: 65.0%
2026-02-23 21:22:55,209 [INFO] 📈 EPOCH 111 | Loss: 14.4989 | P@10: 35.0% | P@20: 65.0%
2026-02-23 21:22:55,444 [INFO] 📈 EPOCH 112 | Loss: 14.5102 | P@10: 35.0% | P@20: 65.0%
2026-02-23 21:22:55,687 [INFO] 📈 EPOCH 113 | Loss: 15.6786 | P@10: 35.0% | P@20: 65.0%
2026-02-23 21:22:55,927 [INFO] 📈 EPOCH 114 | Loss: 15.7944 | P@10: 35.0% | P@20: 65.0%
2026-02-23 21:22:56,178 [INFO] 📈 EPOCH 115 | Loss: 13.4670 | P@10: 35.0% | P@20: 65.0%
2026-02-23 21:22:56,416 [INFO] 📈 EPOCH 116 | Loss: 15.2690 | P@10: 35.0% | P@20: 65.0%
2026-02-23 21:22:56,662 [INFO] 📈 EPOCH 117 | Loss: 14.6253 | P@10: 35.0% | P@20: 65.0%
2026-02-23 21:22:56,903 [INFO] 📈 EPOCH 118 | Loss: 13.7672 | P@10: 35.0% | P@20: 65.0%
2026-02-23 21:22:57,142 [INFO] 📈 EPOCH 119 | Loss: 13.9374 | P@10: 35.0% | P@20: 65.0%
2026-02-23 21:22:57,382 [INFO] 📈 EPOCH 120 | Loss: 14.4625 | P@10: 35.0% | P@20: 65.0%
2026-02-23 21:22:57,625 [INFO] 📈 EPOCH 121 | Loss: 14.0748 | P@10: 35.0% | P@20: 65.0%
2026-02-23 21:22:57,870 [INFO] 📈 EPOCH 122 | Loss: 14.0817 | P@10: 35.0% | P@20: 65.0%
2026-02-23 21:22:58,111 [INFO] 📈 EPOCH 123 | Loss: 14.4027 | P@10: 35.0% | P@20: 65.0%
2026-02-23 21:22:58,349 [INFO] 📈 EPOCH 124 | Loss: 12.8741 | P@10: 35.0% | P@20: 65.0%
2026-02-23 21:22:58,583 [INFO] 📈 EPOCH 125 | Loss: 16.3511 | P@10: 35.0% | P@20: 65.0%
2026-02-23 21:22:58,819 [INFO] 📈 EPOCH 126 | Loss: 14.0574 | P@10: 35.0% | P@20: 65.0%
2026-02-23 21:22:59,057 [INFO] 📈 EPOCH 127 | Loss: 12.5286 | P@10: 35.0% | P@20: 65.0%
2026-02-23 21:22:59,296 [INFO] 📈 EPOCH 128 | Loss: 13.7750 | P@10: 35.0% | P@20: 65.0%
2026-02-23 21:22:59,535 [INFO] 📈 EPOCH 129 | Loss: 14.6344 | P@10: 35.0% | P@20: 65.0%
2026-02-23 21:22:59,771 [INFO] 📈 EPOCH 130 | Loss: 15.1012 | P@10: 35.0% | P@20: 65.0%
2026-02-23 21:23:00,014 [INFO] 📈 EPOCH 131 | Loss: 14.2842 | P@10: 35.0% | P@20: 65.0%
2026-02-23 21:23:00,256 [INFO] 📈 EPOCH 132 | Loss: 15.4490 | P@10: 35.0% | P@20: 65.0%
2026-02-23 21:23:00,498 [INFO] 📈 EPOCH 133 | Loss: 13.0086 | P@10: 35.0% | P@20: 65.0%
2026-02-23 21:23:00,746 [INFO] 📈 EPOCH 134 | Loss: 14.4422 | P@10: 35.0% | P@20: 65.0%
2026-02-23 21:23:01,003 [INFO] 📈 EPOCH 135 | Loss: 13.5132 | P@10: 35.0% | P@20: 65.0%
2026-02-23 21:23:01,253 [INFO] 📈 EPOCH 136 | Loss: 12.5476 | P@10: 35.0% | P@20: 65.0%
2026-02-23 21:23:01,498 [INFO] 📈 EPOCH 137 | Loss: 14.3588 | P@10: 35.0% | P@20: 65.0%
2026-02-23 21:23:01,741 [INFO] 📈 EPOCH 138 | Loss: 14.6062 | P@10: 35.0% | P@20: 65.0%
2026-02-23 21:23:01,979 [INFO] 📈 EPOCH 139 | Loss: 13.3369 | P@10: 35.0% | P@20: 65.0%
2026-02-23 21:23:02,216 [INFO] 📈 EPOCH 140 | Loss: 16.8321 | P@10: 35.0% | P@20: 65.0%
2026-02-23 21:23:02,450 [INFO] 📈 EPOCH 141 | Loss: 15.7163 | P@10: 35.0% | P@20: 65.0%
2026-02-23 21:23:02,681 [INFO] 📈 EPOCH 142 | Loss: 15.3826 | P@10: 35.0% | P@20: 65.0%
2026-02-23 21:23:02,916 [INFO] 📈 EPOCH 143 | Loss: 15.1433 | P@10: 35.0% | P@20: 65.0%
2026-02-23 21:23:03,155 [INFO] 📈 EPOCH 144 | Loss: 12.7433 | P@10: 35.0% | P@20: 65.0%
2026-02-23 21:23:03,404 [INFO] 📈 EPOCH 145 | Loss: 15.4978 | P@10: 35.0% | P@20: 65.0%
2026-02-23 21:23:03,647 [INFO] 📈 EPOCH 146 | Loss: 14.2302 | P@10: 35.0% | P@20: 65.0%
2026-02-23 21:23:03,886 [INFO] 📈 EPOCH 147 | Loss: 12.2851 | P@10: 35.0% | P@20: 65.0%
2026-02-23 21:23:04,125 [INFO] 📈 EPOCH 148 | Loss: 15.1809 | P@10: 35.0% | P@20: 65.0%
2026-02-23 21:23:04,373 [INFO] 📈 EPOCH 149 | Loss: 14.9335 | P@10: 35.0% | P@20: 65.0%
2026-02-23 21:23:04,610 [INFO] 📈 EPOCH 150 | Loss: 15.9229 | P@10: 35.0% | P@20: 65.0%
2026-02-23 21:23:04,843 [INFO] 📈 EPOCH 151 | Loss: 14.2440 | P@10: 35.0% | P@20: 65.0%
2026-02-23 21:23:05,082 [INFO] 📈 EPOCH 152 | Loss: 15.8653 | P@10: 35.0% | P@20: 65.0%
2026-02-23 21:23:05,322 [INFO] 📈 EPOCH 153 | Loss: 14.6914 | P@10: 35.0% | P@20: 65.0%
2026-02-23 21:23:05,559 [INFO] 📈 EPOCH 154 | Loss: 13.1258 | P@10: 35.0% | P@20: 65.0%
2026-02-23 21:23:06,145 [INFO] 📈 EPOCH 155 | Loss: 13.3048 | P@10: 35.0% | P@20: 65.0%
2026-02-23 21:23:06,382 [INFO] 📈 EPOCH 156 | Loss: 16.2696 | P@10: 35.0% | P@20: 65.0%
2026-02-23 21:23:06,624 [INFO] 📈 EPOCH 157 | Loss: 14.1605 | P@10: 35.0% | P@20: 65.0%
2026-02-23 21:23:06,898 [INFO] 📈 EPOCH 158 | Loss: 14.3758 | P@10: 35.0% | P@20: 65.0%
2026-02-23 21:23:07,167 [INFO] 📈 EPOCH 159 | Loss: 15.7973 | P@10: 35.0% | P@20: 65.0%
2026-02-23 21:23:07,439 [INFO] 📈 EPOCH 160 | Loss: 15.5474 | P@10: 35.0% | P@20: 65.0%
2026-02-23 21:23:07,716 [INFO] 📈 EPOCH 161 | Loss: 13.2923 | P@10: 35.0% | P@20: 65.0%
2026-02-23 21:23:08,034 [INFO] 📈 EPOCH 162 | Loss: 14.5716 | P@10: 35.0% | P@20: 65.0%
2026-02-23 21:23:08,451 [INFO] 📈 EPOCH 163 | Loss: 14.5663 | P@10: 35.0% | P@20: 65.0%
2026-02-23 21:23:08,828 [INFO] 📈 EPOCH 164 | Loss: 16.1433 | P@10: 35.0% | P@20: 65.0%
2026-02-23 21:23:09,286 [INFO] 📈 EPOCH 165 | Loss: 15.6601 | P@10: 35.0% | P@20: 65.0%
2026-02-23 21:23:09,583 [INFO] 📈 EPOCH 166 | Loss: 12.6943 | P@10: 35.0% | P@20: 65.0%
2026-02-23 21:23:09,859 [INFO] 📈 EPOCH 167 | Loss: 14.6287 | P@10: 35.0% | P@20: 65.0%
2026-02-23 21:23:10,168 [INFO] 📈 EPOCH 168 | Loss: 15.8100 | P@10: 35.0% | P@20: 65.0%
2026-02-23 21:23:10,469 [INFO] 📈 EPOCH 169 | Loss: 13.8114 | P@10: 35.0% | P@20: 65.0%
2026-02-23 21:23:10,813 [INFO] 📈 EPOCH 170 | Loss: 13.9618 | P@10: 35.0% | P@20: 65.0%
2026-02-23 21:23:11,086 [INFO] 📈 EPOCH 171 | Loss: 16.4526 | P@10: 35.0% | P@20: 65.0%
2026-02-23 21:23:11,327 [INFO] 📈 EPOCH 172 | Loss: 14.7118 | P@10: 35.0% | P@20: 65.0%
2026-02-23 21:23:11,565 [INFO] 📈 EPOCH 173 | Loss: 15.5959 | P@10: 35.0% | P@20: 65.0%
2026-02-23 21:23:11,798 [INFO] 📈 EPOCH 174 | Loss: 14.0094 | P@10: 35.0% | P@20: 65.0%
2026-02-23 21:23:12,031 [INFO] 📈 EPOCH 175 | Loss: 12.2869 | P@10: 35.0% | P@20: 65.0%
2026-02-23 21:23:12,268 [INFO] 📈 EPOCH 176 | Loss: 14.5269 | P@10: 35.0% | P@20: 65.0%
2026-02-23 21:23:12,505 [INFO] 📈 EPOCH 177 | Loss: 12.9614 | P@10: 35.0% | P@20: 65.0%
2026-02-23 21:23:12,746 [INFO] 📈 EPOCH 178 | Loss: 13.9457 | P@10: 35.0% | P@20: 65.0%
2026-02-23 21:23:12,982 [INFO] 📈 EPOCH 179 | Loss: 13.4382 | P@10: 35.0% | P@20: 65.0%
2026-02-23 21:23:13,213 [INFO] 📈 EPOCH 180 | Loss: 17.7999 | P@10: 35.0% | P@20: 65.0%
2026-02-23 21:23:13,517 [INFO] 📈 EPOCH 181 | Loss: 16.0901 | P@10: 35.0% | P@20: 65.0%
2026-02-23 21:23:13,747 [INFO] 📈 EPOCH 182 | Loss: 14.6893 | P@10: 35.0% | P@20: 65.0%
2026-02-23 21:23:13,979 [INFO] 📈 EPOCH 183 | Loss: 12.4204 | P@10: 35.0% | P@20: 65.0%
2026-02-23 21:23:14,209 [INFO] 📈 EPOCH 184 | Loss: 16.1715 | P@10: 35.0% | P@20: 65.0%
2026-02-23 21:23:14,439 [INFO] 📈 EPOCH 185 | Loss: 13.6291 | P@10: 35.0% | P@20: 65.0%
2026-02-23 21:23:14,673 [INFO] 📈 EPOCH 186 | Loss: 13.4780 | P@10: 35.0% | P@20: 65.0%
2026-02-23 21:23:14,908 [INFO] 📈 EPOCH 187 | Loss: 12.4982 | P@10: 35.0% | P@20: 65.0%
2026-02-23 21:23:15,140 [INFO] 📈 EPOCH 188 | Loss: 15.2964 | P@10: 35.0% | P@20: 65.0%
2026-02-23 21:23:15,370 [INFO] 📈 EPOCH 189 | Loss: 14.9062 | P@10: 35.0% | P@20: 65.0%
2026-02-23 21:23:15,597 [INFO] 📈 EPOCH 190 | Loss: 13.5664 | P@10: 35.0% | P@20: 65.0%
2026-02-23 21:23:15,829 [INFO] 📈 EPOCH 191 | Loss: 12.7034 | P@10: 35.0% | P@20: 65.0%
2026-02-23 21:23:16,062 [INFO] 📈 EPOCH 192 | Loss: 16.8486 | P@10: 35.0% | P@20: 65.0%
2026-02-23 21:23:16,292 [INFO] 📈 EPOCH 193 | Loss: 13.4838 | P@10: 35.0% | P@20: 65.0%
2026-02-23 21:23:16,522 [INFO] 📈 EPOCH 194 | Loss: 13.2125 | P@10: 35.0% | P@20: 65.0%
2026-02-23 21:23:16,757 [INFO] 📈 EPOCH 195 | Loss: 13.9166 | P@10: 35.0% | P@20: 65.0%
2026-02-23 21:23:16,991 [INFO] 📈 EPOCH 196 | Loss: 13.1418 | P@10: 35.0% | P@20: 65.0%
2026-02-23 21:23:17,223 [INFO] 📈 EPOCH 197 | Loss: 13.7423 | P@10: 35.0% | P@20: 65.0%
2026-02-23 21:23:17,456 [INFO] 📈 EPOCH 198 | Loss: 15.0375 | P@10: 35.0% | P@20: 65.0%
2026-02-23 21:23:17,687 [INFO] 📈 EPOCH 199 | Loss: 15.3276 | P@10: 35.0% | P@20: 65.0%
2026-02-23 21:23:17,920 [INFO] 📈 EPOCH 200 | Loss: 16.9558 | P@10: 35.0% | P@20: 65.0%
