2026-02-23 19:30:20,191 [INFO] 📅 FILTRO TEMPORAL: 775 dias (2024-2026)
2026-02-23 19:30:20,194 [INFO] 🏙️ FILTRO ESPACIAL: 99 bairros ativos (de 121)
2026-02-23 19:30:20,933 [INFO] 🚀 INICIANDO TREINO (2024-2026 | Diario > 3 Crimes)
2026-02-23 19:30:20,933 [INFO]    Amostras Criticas: 145 dias | Foco: Detectar Picos
2026-02-23 19:30:33,327 [INFO] 📈 EPOCH 01 | Loss: 11.9066 | P@10: 17.7% | P@20: 22.7%
2026-02-23 19:30:33,428 [INFO] 🏆 NOVO RECORDE: P@20 = 22.7%
2026-02-23 19:30:43,023 [INFO] 📈 EPOCH 02 | Loss: 6.1483 | P@10: 14.1% | P@20: 24.1%
2026-02-23 19:30:43,039 [INFO] 🏆 NOVO RECORDE: P@20 = 24.1%
2026-02-23 19:30:49,129 [INFO] 📈 EPOCH 03 | Loss: 3.4840 | P@10: 10.9% | P@20: 23.0%
2026-02-23 19:30:57,267 [INFO] 📈 EPOCH 04 | Loss: 2.2421 | P@10: 11.4% | P@20: 17.7%
2026-02-23 19:31:05,826 [INFO] 📈 EPOCH 05 | Loss: 2.0318 | P@10: 10.5% | P@20: 18.2%
2026-02-23 19:31:12,547 [INFO] 📈 EPOCH 06 | Loss: 2.0078 | P@10: 16.8% | P@20: 26.4%
2026-02-23 19:31:12,573 [INFO] 🏆 NOVO RECORDE: P@20 = 26.4%
2026-02-23 19:31:21,320 [INFO] 📈 EPOCH 07 | Loss: 2.0155 | P@10: 20.0% | P@20: 26.8%
2026-02-23 19:31:21,346 [INFO] 🏆 NOVO RECORDE: P@20 = 26.8%
2026-02-23 19:31:29,624 [INFO] 📈 EPOCH 08 | Loss: 1.9368 | P@10: 20.5% | P@20: 26.1%
2026-02-23 19:31:36,371 [INFO] 📈 EPOCH 09 | Loss: 1.9310 | P@10: 23.2% | P@20: 27.5%
2026-02-23 19:31:36,389 [INFO] 🏆 NOVO RECORDE: P@20 = 27.5%
2026-02-23 19:31:42,220 [INFO] 📈 EPOCH 10 | Loss: 1.9383 | P@10: 24.5% | P@20: 31.8%
2026-02-23 19:31:42,235 [INFO] 🏆 NOVO RECORDE: P@20 = 31.8%
2026-02-23 19:31:48,065 [INFO] 📈 EPOCH 11 | Loss: 1.8780 | P@10: 24.5% | P@20: 32.5%
2026-02-23 19:31:48,082 [INFO] 🏆 NOVO RECORDE: P@20 = 32.5%
2026-02-23 19:31:54,593 [INFO] 📈 EPOCH 12 | Loss: 1.8823 | P@10: 25.0% | P@20: 33.6%
2026-02-23 19:31:54,610 [INFO] 🏆 NOVO RECORDE: P@20 = 33.6%
2026-02-23 19:32:00,611 [INFO] 📈 EPOCH 13 | Loss: 1.8457 | P@10: 26.8% | P@20: 34.3%
2026-02-23 19:32:00,630 [INFO] 🏆 NOVO RECORDE: P@20 = 34.3%
2026-02-23 19:32:06,499 [INFO] 📈 EPOCH 14 | Loss: 1.8362 | P@10: 26.4% | P@20: 33.9%
2026-02-23 19:32:12,447 [INFO] 📈 EPOCH 15 | Loss: 1.8587 | P@10: 26.4% | P@20: 33.6%
2026-02-23 19:32:18,335 [INFO] 📈 EPOCH 16 | Loss: 1.8324 | P@10: 25.5% | P@20: 35.5%
2026-02-23 19:32:18,353 [INFO] 🏆 NOVO RECORDE: P@20 = 35.5%
2026-02-23 19:32:25,839 [INFO] 📈 EPOCH 17 | Loss: 1.8135 | P@10: 26.4% | P@20: 35.0%
2026-02-23 19:32:32,191 [INFO] 📈 EPOCH 18 | Loss: 1.7751 | P@10: 25.9% | P@20: 35.0%
2026-02-23 19:32:38,087 [INFO] 📈 EPOCH 19 | Loss: 1.7869 | P@10: 25.0% | P@20: 34.5%
2026-02-23 19:32:43,930 [INFO] 📈 EPOCH 20 | Loss: 1.7487 | P@10: 25.9% | P@20: 33.0%
2026-02-23 19:32:49,747 [INFO] 📈 EPOCH 21 | Loss: 1.7084 | P@10: 26.4% | P@20: 35.5%
2026-02-23 19:32:55,914 [INFO] 📈 EPOCH 22 | Loss: 1.7258 | P@10: 25.5% | P@20: 35.9%
2026-02-23 19:32:55,930 [INFO] 🏆 NOVO RECORDE: P@20 = 35.9%
2026-02-23 19:33:02,018 [INFO] 📈 EPOCH 23 | Loss: 1.7185 | P@10: 26.4% | P@20: 36.4%
2026-02-23 19:33:02,035 [INFO] 🏆 NOVO RECORDE: P@20 = 36.4%
2026-02-23 19:33:07,957 [INFO] 📈 EPOCH 24 | Loss: 1.7235 | P@10: 27.7% | P@20: 35.2%
2026-02-23 19:33:13,999 [INFO] 📈 EPOCH 25 | Loss: 1.7207 | P@10: 27.7% | P@20: 35.2%
2026-02-23 19:33:19,984 [INFO] 📈 EPOCH 26 | Loss: 1.6965 | P@10: 27.3% | P@20: 34.8%
2026-02-23 19:33:26,342 [INFO] 📈 EPOCH 27 | Loss: 1.6856 | P@10: 26.4% | P@20: 33.6%
2026-02-23 19:33:32,969 [INFO] 📈 EPOCH 28 | Loss: 1.6910 | P@10: 26.4% | P@20: 33.4%
2026-02-23 19:33:38,736 [INFO] 📈 EPOCH 29 | Loss: 1.6738 | P@10: 27.3% | P@20: 33.4%
2026-02-23 19:33:44,555 [INFO] 📈 EPOCH 30 | Loss: 1.6887 | P@10: 28.6% | P@20: 33.9%
2026-02-23 19:33:50,419 [INFO] 📈 EPOCH 31 | Loss: 1.6887 | P@10: 28.2% | P@20: 33.6%
2026-02-23 19:33:56,377 [INFO] 📈 EPOCH 32 | Loss: 1.6641 | P@10: 26.8% | P@20: 33.6%
2026-02-23 19:34:02,258 [INFO] 📈 EPOCH 33 | Loss: 1.6612 | P@10: 27.7% | P@20: 34.5%
2026-02-23 19:34:08,086 [INFO] 📈 EPOCH 34 | Loss: 1.6231 | P@10: 26.4% | P@20: 35.0%
2026-02-23 19:34:13,883 [INFO] 📈 EPOCH 35 | Loss: 1.6577 | P@10: 26.4% | P@20: 35.0%
2026-02-23 19:34:19,748 [INFO] 📈 EPOCH 36 | Loss: 1.6366 | P@10: 25.0% | P@20: 35.5%
2026-02-23 19:34:26,467 [INFO] 📈 EPOCH 37 | Loss: 1.6705 | P@10: 25.9% | P@20: 35.7%
2026-02-23 19:34:34,006 [INFO] 📈 EPOCH 38 | Loss: 1.6437 | P@10: 25.9% | P@20: 35.7%
2026-02-23 19:34:40,266 [INFO] 📈 EPOCH 39 | Loss: 1.6160 | P@10: 26.4% | P@20: 35.5%
2026-02-23 19:34:46,230 [INFO] 📈 EPOCH 40 | Loss: 1.6198 | P@10: 26.8% | P@20: 34.5%
2026-02-23 19:34:52,232 [INFO] 📈 EPOCH 41 | Loss: 1.6189 | P@10: 27.3% | P@20: 35.2%
2026-02-23 19:34:58,119 [INFO] 📈 EPOCH 42 | Loss: 1.6154 | P@10: 26.4% | P@20: 35.7%
2026-02-23 19:35:04,007 [INFO] 📈 EPOCH 43 | Loss: 1.6176 | P@10: 27.3% | P@20: 35.2%
2026-02-23 19:35:09,850 [INFO] 📈 EPOCH 44 | Loss: 1.5930 | P@10: 28.6% | P@20: 35.2%
2026-02-23 19:35:15,613 [INFO] 📈 EPOCH 45 | Loss: 1.6271 | P@10: 26.4% | P@20: 34.5%
2026-02-23 19:35:21,529 [INFO] 📈 EPOCH 46 | Loss: 1.5688 | P@10: 25.9% | P@20: 34.3%
2026-02-23 19:35:27,363 [INFO] 📈 EPOCH 47 | Loss: 1.5719 | P@10: 26.8% | P@20: 34.3%
2026-02-23 19:35:33,200 [INFO] 📈 EPOCH 48 | Loss: 1.5845 | P@10: 27.7% | P@20: 34.5%
2026-02-23 19:35:39,080 [INFO] 📈 EPOCH 49 | Loss: 1.6273 | P@10: 28.2% | P@20: 35.0%
2026-02-23 19:35:44,917 [INFO] 📈 EPOCH 50 | Loss: 1.5932 | P@10: 27.7% | P@20: 35.2%
2026-02-23 19:35:50,736 [INFO] 📈 EPOCH 51 | Loss: 1.5795 | P@10: 28.2% | P@20: 35.2%
2026-02-23 19:35:56,554 [INFO] 📈 EPOCH 52 | Loss: 1.5487 | P@10: 27.7% | P@20: 35.2%
2026-02-23 19:36:02,403 [INFO] 📈 EPOCH 53 | Loss: 1.5800 | P@10: 28.2% | P@20: 35.5%
2026-02-23 19:36:08,195 [INFO] 📈 EPOCH 54 | Loss: 1.5999 | P@10: 26.8% | P@20: 34.1%
2026-02-23 19:36:13,969 [INFO] 📈 EPOCH 55 | Loss: 1.5751 | P@10: 26.8% | P@20: 35.0%
2026-02-23 19:36:19,599 [INFO] 📈 EPOCH 56 | Loss: 1.5572 | P@10: 26.4% | P@20: 34.8%
2026-02-23 19:36:25,490 [INFO] 📈 EPOCH 57 | Loss: 1.5672 | P@10: 26.4% | P@20: 35.5%
2026-02-23 19:36:31,505 [INFO] 📈 EPOCH 58 | Loss: 1.5352 | P@10: 26.4% | P@20: 35.5%
2026-02-23 19:36:37,445 [INFO] 📈 EPOCH 59 | Loss: 1.5617 | P@10: 25.9% | P@20: 35.5%
2026-02-23 19:36:43,432 [INFO] 📈 EPOCH 60 | Loss: 1.5061 | P@10: 26.4% | P@20: 35.7%
2026-02-23 19:36:49,308 [INFO] 📈 EPOCH 61 | Loss: 1.5482 | P@10: 25.5% | P@20: 35.7%
2026-02-23 19:36:55,177 [INFO] 📈 EPOCH 62 | Loss: 1.5858 | P@10: 26.4% | P@20: 35.9%
2026-02-23 19:37:01,055 [INFO] 📈 EPOCH 63 | Loss: 1.5515 | P@10: 25.9% | P@20: 35.9%
2026-02-23 19:37:06,887 [INFO] 📈 EPOCH 64 | Loss: 1.4745 | P@10: 26.8% | P@20: 36.1%
2026-02-23 19:37:12,803 [INFO] 📈 EPOCH 65 | Loss: 1.5235 | P@10: 26.8% | P@20: 35.5%
2026-02-23 19:37:18,789 [INFO] 📈 EPOCH 66 | Loss: 1.5666 | P@10: 27.3% | P@20: 35.5%
2026-02-23 19:37:24,758 [INFO] 📈 EPOCH 67 | Loss: 1.5310 | P@10: 26.8% | P@20: 35.2%
2026-02-23 19:37:30,757 [INFO] 📈 EPOCH 68 | Loss: 1.5228 | P@10: 26.8% | P@20: 35.2%
2026-02-23 19:37:38,392 [INFO] 📈 EPOCH 69 | Loss: 1.5340 | P@10: 27.7% | P@20: 35.5%
2026-02-23 19:37:44,724 [INFO] 📈 EPOCH 70 | Loss: 1.4770 | P@10: 28.2% | P@20: 35.2%
2026-02-23 19:37:52,191 [INFO] 📈 EPOCH 71 | Loss: 1.5091 | P@10: 28.2% | P@20: 34.5%
2026-02-23 19:37:58,300 [INFO] 📈 EPOCH 72 | Loss: 1.5079 | P@10: 28.2% | P@20: 35.0%
2026-02-23 19:38:05,005 [INFO] 📈 EPOCH 73 | Loss: 1.5279 | P@10: 27.7% | P@20: 35.2%
2026-02-23 19:38:11,123 [INFO] 📈 EPOCH 74 | Loss: 1.5021 | P@10: 27.3% | P@20: 35.7%
2026-02-23 19:38:17,438 [INFO] 📈 EPOCH 75 | Loss: 1.5016 | P@10: 28.6% | P@20: 35.0%
2026-02-23 19:38:23,475 [INFO] 📈 EPOCH 76 | Loss: 1.4922 | P@10: 29.1% | P@20: 35.0%
2026-02-23 19:38:29,353 [INFO] 📈 EPOCH 77 | Loss: 1.4709 | P@10: 29.1% | P@20: 34.5%
2026-02-23 19:38:36,853 [INFO] 📈 EPOCH 78 | Loss: 1.4850 | P@10: 29.1% | P@20: 35.0%
2026-02-23 19:38:43,988 [INFO] 📈 EPOCH 79 | Loss: 1.4658 | P@10: 29.1% | P@20: 35.2%
2026-02-23 19:38:50,268 [INFO] 📈 EPOCH 80 | Loss: 1.5024 | P@10: 30.0% | P@20: 34.8%
2026-02-23 19:38:56,188 [INFO] 📈 EPOCH 81 | Loss: 1.4655 | P@10: 29.5% | P@20: 34.3%
2026-02-23 19:39:02,454 [INFO] 📈 EPOCH 82 | Loss: 1.4996 | P@10: 28.2% | P@20: 34.3%
2026-02-23 19:39:09,003 [INFO] 📈 EPOCH 83 | Loss: 1.4713 | P@10: 28.2% | P@20: 34.3%
2026-02-23 19:39:15,062 [INFO] 📈 EPOCH 84 | Loss: 1.5004 | P@10: 28.6% | P@20: 33.6%
2026-02-23 19:39:21,064 [INFO] 📈 EPOCH 85 | Loss: 1.4784 | P@10: 28.6% | P@20: 33.4%
2026-02-23 19:39:27,229 [INFO] 📈 EPOCH 86 | Loss: 1.4485 | P@10: 29.5% | P@20: 34.8%
2026-02-23 19:39:33,352 [INFO] 📈 EPOCH 87 | Loss: 1.4439 | P@10: 28.6% | P@20: 34.3%
2026-02-23 19:39:39,599 [INFO] 📈 EPOCH 88 | Loss: 1.4777 | P@10: 28.6% | P@20: 34.5%
2026-02-23 19:39:45,788 [INFO] 📈 EPOCH 89 | Loss: 1.4396 | P@10: 30.0% | P@20: 34.8%
2026-02-23 19:39:51,971 [INFO] 📈 EPOCH 90 | Loss: 1.4575 | P@10: 30.5% | P@20: 34.5%
2026-02-23 19:39:57,894 [INFO] 📈 EPOCH 91 | Loss: 1.4613 | P@10: 29.5% | P@20: 34.3%
2026-02-23 19:40:04,930 [INFO] 📈 EPOCH 92 | Loss: 1.4404 | P@10: 29.5% | P@20: 34.5%
2026-02-23 19:40:11,502 [INFO] 📈 EPOCH 93 | Loss: 1.4518 | P@10: 28.6% | P@20: 34.5%
2026-02-23 19:40:17,582 [INFO] 📈 EPOCH 94 | Loss: 1.4542 | P@10: 28.6% | P@20: 35.2%
2026-02-23 19:40:23,939 [INFO] 📈 EPOCH 95 | Loss: 1.4492 | P@10: 27.7% | P@20: 34.5%
2026-02-23 19:40:30,547 [INFO] 📈 EPOCH 96 | Loss: 1.4294 | P@10: 28.6% | P@20: 33.2%
2026-02-23 19:40:37,047 [INFO] 📈 EPOCH 97 | Loss: 1.4267 | P@10: 28.6% | P@20: 33.2%
2026-02-23 19:40:44,269 [INFO] 📈 EPOCH 98 | Loss: 1.4299 | P@10: 29.1% | P@20: 34.1%
2026-02-23 19:40:50,082 [INFO] 📈 EPOCH 99 | Loss: 1.4109 | P@10: 28.2% | P@20: 33.4%
2026-02-23 19:40:55,817 [INFO] 📈 EPOCH 100 | Loss: 1.4545 | P@10: 30.0% | P@20: 33.6%
2026-02-23 19:41:01,506 [INFO] 📈 EPOCH 101 | Loss: 1.4007 | P@10: 28.6% | P@20: 33.6%
2026-02-23 19:41:07,321 [INFO] 📈 EPOCH 102 | Loss: 1.4241 | P@10: 27.7% | P@20: 35.7%
2026-02-23 19:41:13,179 [INFO] 📈 EPOCH 103 | Loss: 1.4371 | P@10: 27.7% | P@20: 34.8%
2026-02-23 19:41:18,924 [INFO] 📈 EPOCH 104 | Loss: 1.4421 | P@10: 27.7% | P@20: 33.6%
2026-02-23 19:41:24,689 [INFO] 📈 EPOCH 105 | Loss: 1.4049 | P@10: 28.6% | P@20: 32.7%
2026-02-23 19:41:30,454 [INFO] 📈 EPOCH 106 | Loss: 1.4322 | P@10: 28.2% | P@20: 33.4%
2026-02-23 19:41:36,284 [INFO] 📈 EPOCH 107 | Loss: 1.3957 | P@10: 27.7% | P@20: 34.1%
2026-02-23 19:41:42,079 [INFO] 📈 EPOCH 108 | Loss: 1.3919 | P@10: 27.7% | P@20: 35.5%
2026-02-23 19:41:47,855 [INFO] 📈 EPOCH 109 | Loss: 1.3954 | P@10: 27.7% | P@20: 35.5%
2026-02-23 19:41:53,682 [INFO] 📈 EPOCH 110 | Loss: 1.4059 | P@10: 28.6% | P@20: 34.3%
2026-02-23 19:41:59,507 [INFO] 📈 EPOCH 111 | Loss: 1.4047 | P@10: 29.1% | P@20: 33.6%
2026-02-23 19:42:05,305 [INFO] 📈 EPOCH 112 | Loss: 1.4305 | P@10: 29.1% | P@20: 33.4%
2026-02-23 19:42:11,175 [INFO] 📈 EPOCH 113 | Loss: 1.3896 | P@10: 29.1% | P@20: 33.6%
2026-02-23 19:42:17,015 [INFO] 📈 EPOCH 114 | Loss: 1.4162 | P@10: 27.7% | P@20: 33.9%
2026-02-23 19:42:22,809 [INFO] 📈 EPOCH 115 | Loss: 1.3815 | P@10: 28.2% | P@20: 34.3%
2026-02-23 19:42:28,622 [INFO] 📈 EPOCH 116 | Loss: 1.3718 | P@10: 29.1% | P@20: 33.6%
2026-02-23 19:42:34,452 [INFO] 📈 EPOCH 117 | Loss: 1.3862 | P@10: 28.6% | P@20: 35.2%
2026-02-23 19:42:40,283 [INFO] 📈 EPOCH 118 | Loss: 1.3746 | P@10: 29.1% | P@20: 33.4%
2026-02-23 19:42:46,160 [INFO] 📈 EPOCH 119 | Loss: 1.3682 | P@10: 28.6% | P@20: 33.4%
2026-02-23 19:42:53,572 [INFO] 📈 EPOCH 120 | Loss: 1.3920 | P@10: 29.5% | P@20: 33.6%
2026-02-23 19:43:00,925 [INFO] 📈 EPOCH 121 | Loss: 1.4038 | P@10: 29.5% | P@20: 33.2%
