2026-02-23 17:49:50,574 [INFO] 🏙️ FILTRO ESPACIAL: 19 bairros ativos (de 121)
2026-02-23 17:49:51,699 [INFO] 🚀 INICIANDO TREINO FOCADO (19 Bairros | Diario > 2 Crimes)
2026-02-23 17:49:51,699 [INFO]    Amostras Criticas: 80 dias | Foco: Detectar Picos
2026-02-23 17:49:59,429 [INFO] 📈 EPOCH 01 | Loss: 5.6837 | P@5: 46.7% | P@10: 46.7%
2026-02-23 17:49:59,515 [INFO] 🏆 NOVO RECORDE: P@10 = 46.7%
2026-02-23 17:50:01,672 [INFO] 📈 EPOCH 02 | Loss: 3.4772 | P@5: 60.0% | P@10: 53.3%
2026-02-23 17:50:01,704 [INFO] 🏆 NOVO RECORDE: P@10 = 53.3%
2026-02-23 17:50:03,765 [INFO] 📈 EPOCH 03 | Loss: 2.8631 | P@5: 62.2% | P@10: 52.2%
2026-02-23 17:50:06,400 [INFO] 📈 EPOCH 04 | Loss: 2.3803 | P@5: 66.7% | P@10: 53.3%
2026-02-23 17:50:06,430 [INFO] 🏆 NOVO RECORDE: P@10 = 53.3%
2026-02-23 17:50:08,730 [INFO] 📈 EPOCH 05 | Loss: 1.8633 | P@5: 55.6% | P@10: 53.3%
2026-02-23 17:50:10,520 [INFO] 📈 EPOCH 06 | Loss: 1.7782 | P@5: 57.8% | P@10: 52.2%
2026-02-23 17:50:11,868 [INFO] 📈 EPOCH 07 | Loss: 1.4247 | P@5: 64.4% | P@10: 54.4%
2026-02-23 17:50:11,889 [INFO] 🏆 NOVO RECORDE: P@10 = 54.4%
2026-02-23 17:50:13,310 [INFO] 📈 EPOCH 08 | Loss: 1.2914 | P@5: 62.2% | P@10: 53.3%
2026-02-23 17:50:15,118 [INFO] 📈 EPOCH 09 | Loss: 1.4000 | P@5: 62.2% | P@10: 51.1%
2026-02-23 17:50:16,587 [INFO] 📈 EPOCH 10 | Loss: 1.0504 | P@5: 60.0% | P@10: 52.2%
2026-02-23 17:50:17,881 [INFO] 📈 EPOCH 11 | Loss: 1.0111 | P@5: 57.8% | P@10: 52.2%
2026-02-23 17:50:19,030 [INFO] 📈 EPOCH 12 | Loss: 0.9891 | P@5: 64.4% | P@10: 54.4%
2026-02-23 17:50:20,057 [INFO] 📈 EPOCH 13 | Loss: 0.9813 | P@5: 64.4% | P@10: 52.2%
2026-02-23 17:50:21,033 [INFO] 📈 EPOCH 14 | Loss: 1.0329 | P@5: 64.4% | P@10: 50.0%
2026-02-23 17:50:21,986 [INFO] 📈 EPOCH 15 | Loss: 0.9281 | P@5: 62.2% | P@10: 50.0%
2026-02-23 17:50:22,963 [INFO] 📈 EPOCH 16 | Loss: 0.9275 | P@5: 66.7% | P@10: 51.1%
2026-02-23 17:50:23,936 [INFO] 📈 EPOCH 17 | Loss: 0.9269 | P@5: 66.7% | P@10: 54.4%
2026-02-23 17:50:25,421 [INFO] 📈 EPOCH 18 | Loss: 0.9965 | P@5: 62.2% | P@10: 52.2%
2026-02-23 17:50:26,451 [INFO] 📈 EPOCH 19 | Loss: 0.8758 | P@5: 64.4% | P@10: 54.4%
2026-02-23 17:50:27,509 [INFO] 📈 EPOCH 20 | Loss: 0.9308 | P@5: 66.7% | P@10: 54.4%
2026-02-23 17:50:28,540 [INFO] 📈 EPOCH 21 | Loss: 0.9109 | P@5: 64.4% | P@10: 54.4%
2026-02-23 17:50:29,577 [INFO] 📈 EPOCH 22 | Loss: 0.8838 | P@5: 62.2% | P@10: 55.6%
2026-02-23 17:50:29,591 [INFO] 🏆 NOVO RECORDE: P@10 = 55.6%
2026-02-23 17:50:30,624 [INFO] 📈 EPOCH 23 | Loss: 0.8434 | P@5: 60.0% | P@10: 53.3%
2026-02-23 17:50:32,053 [INFO] 📈 EPOCH 24 | Loss: 0.9092 | P@5: 55.6% | P@10: 55.6%
2026-02-23 17:50:33,421 [INFO] 📈 EPOCH 25 | Loss: 0.8695 | P@5: 62.2% | P@10: 54.4%
2026-02-23 17:50:35,044 [INFO] 📈 EPOCH 26 | Loss: 0.8499 | P@5: 55.6% | P@10: 55.6%
2026-02-23 17:50:35,066 [INFO] 🏆 NOVO RECORDE: P@10 = 55.6%
2026-02-23 17:50:36,656 [INFO] 📈 EPOCH 27 | Loss: 0.9263 | P@5: 57.8% | P@10: 55.6%
2026-02-23 17:50:38,631 [INFO] 📈 EPOCH 28 | Loss: 0.8096 | P@5: 55.6% | P@10: 56.7%
2026-02-23 17:50:38,672 [INFO] 🏆 NOVO RECORDE: P@10 = 56.7%
2026-02-23 17:50:40,346 [INFO] 📈 EPOCH 29 | Loss: 0.8821 | P@5: 57.8% | P@10: 56.7%
2026-02-23 17:50:41,984 [INFO] 📈 EPOCH 30 | Loss: 0.8496 | P@5: 55.6% | P@10: 55.6%
2026-02-23 17:50:44,095 [INFO] 📈 EPOCH 31 | Loss: 0.8386 | P@5: 55.6% | P@10: 54.4%
2026-02-23 17:50:45,614 [INFO] 📈 EPOCH 32 | Loss: 0.8338 | P@5: 57.8% | P@10: 55.6%
2026-02-23 17:50:46,924 [INFO] 📈 EPOCH 33 | Loss: 0.8263 | P@5: 57.8% | P@10: 54.4%
2026-02-23 17:50:47,969 [INFO] 📈 EPOCH 34 | Loss: 0.8419 | P@5: 57.8% | P@10: 55.6%
2026-02-23 17:50:48,996 [INFO] 📈 EPOCH 35 | Loss: 0.8281 | P@5: 60.0% | P@10: 53.3%
2026-02-23 17:50:49,998 [INFO] 📈 EPOCH 36 | Loss: 0.8313 | P@5: 60.0% | P@10: 52.2%
2026-02-23 17:50:51,007 [INFO] 📈 EPOCH 37 | Loss: 0.8026 | P@5: 60.0% | P@10: 54.4%
2026-02-23 17:50:51,994 [INFO] 📈 EPOCH 38 | Loss: 0.8126 | P@5: 57.8% | P@10: 54.4%
2026-02-23 17:50:53,274 [INFO] 📈 EPOCH 39 | Loss: 0.8441 | P@5: 57.8% | P@10: 53.3%
2026-02-23 17:50:54,306 [INFO] 📈 EPOCH 40 | Loss: 0.7927 | P@5: 57.8% | P@10: 52.2%
2026-02-23 17:50:55,275 [INFO] 📈 EPOCH 41 | Loss: 0.7802 | P@5: 57.8% | P@10: 52.2%
2026-02-23 17:50:56,294 [INFO] 📈 EPOCH 42 | Loss: 0.7923 | P@5: 57.8% | P@10: 53.3%
2026-02-23 17:50:57,358 [INFO] 📈 EPOCH 43 | Loss: 0.7849 | P@5: 64.4% | P@10: 53.3%
2026-02-23 17:50:58,630 [INFO] 📈 EPOCH 44 | Loss: 0.7973 | P@5: 64.4% | P@10: 52.2%
2026-02-23 17:50:59,840 [INFO] 📈 EPOCH 45 | Loss: 0.8361 | P@5: 60.0% | P@10: 54.4%
2026-02-23 17:51:01,021 [INFO] 📈 EPOCH 46 | Loss: 0.8786 | P@5: 64.4% | P@10: 53.3%
2026-02-23 17:51:02,115 [INFO] 📈 EPOCH 47 | Loss: 0.8299 | P@5: 62.2% | P@10: 53.3%
2026-02-23 17:51:03,259 [INFO] 📈 EPOCH 48 | Loss: 0.7993 | P@5: 62.2% | P@10: 52.2%
2026-02-23 17:51:04,414 [INFO] 📈 EPOCH 49 | Loss: 0.8002 | P@5: 60.0% | P@10: 53.3%
2026-02-23 17:51:05,550 [INFO] 📈 EPOCH 50 | Loss: 0.7964 | P@5: 60.0% | P@10: 52.2%
2026-02-23 17:51:06,655 [INFO] 📈 EPOCH 51 | Loss: 0.7872 | P@5: 60.0% | P@10: 51.1%
2026-02-23 17:51:07,730 [INFO] 📈 EPOCH 52 | Loss: 0.7837 | P@5: 60.0% | P@10: 51.1%
2026-02-23 17:51:08,817 [INFO] 📈 EPOCH 53 | Loss: 0.8028 | P@5: 62.2% | P@10: 51.1%
2026-02-23 17:51:09,926 [INFO] 📈 EPOCH 54 | Loss: 0.8329 | P@5: 62.2% | P@10: 51.1%
2026-02-23 17:51:10,986 [INFO] 📈 EPOCH 55 | Loss: 0.7895 | P@5: 60.0% | P@10: 51.1%
2026-02-23 17:51:12,076 [INFO] 📈 EPOCH 56 | Loss: 0.8174 | P@5: 60.0% | P@10: 51.1%
2026-02-23 17:51:13,158 [INFO] 📈 EPOCH 57 | Loss: 0.7420 | P@5: 60.0% | P@10: 51.1%
2026-02-23 17:51:14,236 [INFO] 📈 EPOCH 58 | Loss: 0.7788 | P@5: 60.0% | P@10: 53.3%
2026-02-23 17:51:15,328 [INFO] 📈 EPOCH 59 | Loss: 0.7621 | P@5: 57.8% | P@10: 52.2%
2026-02-23 17:51:16,375 [INFO] 📈 EPOCH 60 | Loss: 0.7317 | P@5: 55.6% | P@10: 53.3%
2026-02-23 17:51:17,433 [INFO] 📈 EPOCH 61 | Loss: 0.7695 | P@5: 60.0% | P@10: 53.3%
2026-02-23 17:51:18,496 [INFO] 📈 EPOCH 62 | Loss: 0.7388 | P@5: 60.0% | P@10: 50.0%
2026-02-23 17:51:19,567 [INFO] 📈 EPOCH 63 | Loss: 0.8296 | P@5: 60.0% | P@10: 50.0%
2026-02-23 17:51:20,762 [INFO] 📈 EPOCH 64 | Loss: 0.7497 | P@5: 60.0% | P@10: 48.9%
2026-02-23 17:51:22,048 [INFO] 📈 EPOCH 65 | Loss: 0.7244 | P@5: 60.0% | P@10: 48.9%
2026-02-23 17:51:23,146 [INFO] 📈 EPOCH 66 | Loss: 0.7547 | P@5: 60.0% | P@10: 48.9%
2026-02-23 17:51:24,456 [INFO] 📈 EPOCH 67 | Loss: 0.7536 | P@5: 60.0% | P@10: 50.0%
2026-02-23 17:51:25,591 [INFO] 📈 EPOCH 68 | Loss: 0.7190 | P@5: 57.8% | P@10: 51.1%
2026-02-23 17:51:26,621 [INFO] 📈 EPOCH 69 | Loss: 0.7831 | P@5: 62.2% | P@10: 51.1%
2026-02-23 17:51:27,596 [INFO] 📈 EPOCH 70 | Loss: 0.7642 | P@5: 62.2% | P@10: 51.1%
2026-02-23 17:51:28,554 [INFO] 📈 EPOCH 71 | Loss: 0.7004 | P@5: 62.2% | P@10: 52.2%
2026-02-23 17:51:29,512 [INFO] 📈 EPOCH 72 | Loss: 0.7532 | P@5: 62.2% | P@10: 52.2%
2026-02-23 17:51:30,486 [INFO] 📈 EPOCH 73 | Loss: 0.8155 | P@5: 62.2% | P@10: 51.1%
2026-02-23 17:51:33,104 [INFO] 📈 EPOCH 74 | Loss: 0.7397 | P@5: 62.2% | P@10: 51.1%
2026-02-23 17:51:34,244 [INFO] 📈 EPOCH 75 | Loss: 0.7064 | P@5: 62.2% | P@10: 51.1%
2026-02-23 17:51:35,224 [INFO] 📈 EPOCH 76 | Loss: 0.7143 | P@5: 62.2% | P@10: 50.0%
2026-02-23 17:51:36,169 [INFO] 📈 EPOCH 77 | Loss: 0.7780 | P@5: 64.4% | P@10: 52.2%
2026-02-23 17:51:37,127 [INFO] 📈 EPOCH 78 | Loss: 0.7396 | P@5: 62.2% | P@10: 52.2%
2026-02-23 17:51:38,108 [INFO] 📈 EPOCH 79 | Loss: 0.7020 | P@5: 64.4% | P@10: 51.1%
2026-02-23 17:51:39,061 [INFO] 📈 EPOCH 80 | Loss: 0.7271 | P@5: 64.4% | P@10: 51.1%
2026-02-23 17:51:40,008 [INFO] 📈 EPOCH 81 | Loss: 0.6933 | P@5: 64.4% | P@10: 51.1%
2026-02-23 17:51:40,963 [INFO] 📈 EPOCH 82 | Loss: 0.6891 | P@5: 64.4% | P@10: 50.0%
2026-02-23 17:51:41,932 [INFO] 📈 EPOCH 83 | Loss: 0.6785 | P@5: 64.4% | P@10: 50.0%
2026-02-23 17:51:42,921 [INFO] 📈 EPOCH 84 | Loss: 0.7316 | P@5: 64.4% | P@10: 50.0%
2026-02-23 17:51:43,874 [INFO] 📈 EPOCH 85 | Loss: 0.7177 | P@5: 60.0% | P@10: 50.0%
2026-02-23 17:51:44,830 [INFO] 📈 EPOCH 86 | Loss: 0.6982 | P@5: 57.8% | P@10: 51.1%
2026-02-23 17:51:45,800 [INFO] 📈 EPOCH 87 | Loss: 0.6983 | P@5: 57.8% | P@10: 50.0%
2026-02-23 17:51:46,756 [INFO] 📈 EPOCH 88 | Loss: 0.7080 | P@5: 55.6% | P@10: 50.0%
2026-02-23 17:51:47,722 [INFO] 📈 EPOCH 89 | Loss: 0.7053 | P@5: 55.6% | P@10: 50.0%
2026-02-23 17:51:48,676 [INFO] 📈 EPOCH 90 | Loss: 0.7227 | P@5: 57.8% | P@10: 51.1%
2026-02-23 17:51:49,626 [INFO] 📈 EPOCH 91 | Loss: 0.7441 | P@5: 57.8% | P@10: 50.0%
2026-02-23 17:51:50,572 [INFO] 📈 EPOCH 92 | Loss: 0.7029 | P@5: 60.0% | P@10: 50.0%
2026-02-23 17:51:51,510 [INFO] 📈 EPOCH 93 | Loss: 0.7292 | P@5: 57.8% | P@10: 48.9%
2026-02-23 17:51:52,452 [INFO] 📈 EPOCH 94 | Loss: 0.6418 | P@5: 57.8% | P@10: 48.9%
2026-02-23 17:51:53,414 [INFO] 📈 EPOCH 95 | Loss: 0.7131 | P@5: 55.6% | P@10: 48.9%
2026-02-23 17:51:54,377 [INFO] 📈 EPOCH 96 | Loss: 0.7196 | P@5: 53.3% | P@10: 46.7%
2026-02-23 17:51:55,335 [INFO] 📈 EPOCH 97 | Loss: 0.7494 | P@5: 51.1% | P@10: 48.9%
2026-02-23 17:51:56,300 [INFO] 📈 EPOCH 98 | Loss: 0.7057 | P@5: 51.1% | P@10: 47.8%
2026-02-23 17:51:57,271 [INFO] 📈 EPOCH 99 | Loss: 0.6484 | P@5: 51.1% | P@10: 46.7%
2026-02-23 17:51:58,225 [INFO] 📈 EPOCH 100 | Loss: 0.7010 | P@5: 51.1% | P@10: 46.7%
2026-02-23 17:51:59,190 [INFO] 📈 EPOCH 101 | Loss: 0.7319 | P@5: 51.1% | P@10: 47.8%
2026-02-23 17:52:00,154 [INFO] 📈 EPOCH 102 | Loss: 0.6662 | P@5: 51.1% | P@10: 47.8%
2026-02-23 17:52:01,111 [INFO] 📈 EPOCH 103 | Loss: 0.7154 | P@5: 51.1% | P@10: 50.0%
2026-02-23 17:52:02,062 [INFO] 📈 EPOCH 104 | Loss: 0.7368 | P@5: 53.3% | P@10: 47.8%
2026-02-23 17:52:03,025 [INFO] 📈 EPOCH 105 | Loss: 0.6064 | P@5: 60.0% | P@10: 51.1%
2026-02-23 17:52:03,986 [INFO] 📈 EPOCH 106 | Loss: 0.7427 | P@5: 60.0% | P@10: 53.3%
2026-02-23 17:52:04,947 [INFO] 📈 EPOCH 107 | Loss: 0.6898 | P@5: 57.8% | P@10: 53.3%
2026-02-23 17:52:06,668 [INFO] 📈 EPOCH 108 | Loss: 0.6968 | P@5: 57.8% | P@10: 51.1%
2026-02-23 17:52:08,307 [INFO] 📈 EPOCH 109 | Loss: 0.6630 | P@5: 57.8% | P@10: 47.8%
2026-02-23 17:52:09,758 [INFO] 📈 EPOCH 110 | Loss: 0.6619 | P@5: 57.8% | P@10: 48.9%
2026-02-23 17:52:11,189 [INFO] 📈 EPOCH 111 | Loss: 0.6791 | P@5: 51.1% | P@10: 48.9%
2026-02-23 17:52:12,624 [INFO] 📈 EPOCH 112 | Loss: 0.6536 | P@5: 51.1% | P@10: 48.9%
2026-02-23 17:52:14,278 [INFO] 📈 EPOCH 113 | Loss: 0.7148 | P@5: 51.1% | P@10: 47.8%
2026-02-23 17:52:15,795 [INFO] 📈 EPOCH 114 | Loss: 0.6800 | P@5: 53.3% | P@10: 48.9%
2026-02-23 17:52:17,249 [INFO] 📈 EPOCH 115 | Loss: 0.6986 | P@5: 55.6% | P@10: 48.9%
2026-02-23 17:52:18,749 [INFO] 📈 EPOCH 116 | Loss: 0.6366 | P@5: 55.6% | P@10: 50.0%
2026-02-23 17:52:20,283 [INFO] 📈 EPOCH 117 | Loss: 0.6786 | P@5: 55.6% | P@10: 48.9%
2026-02-23 17:52:21,752 [INFO] 📈 EPOCH 118 | Loss: 0.6136 | P@5: 55.6% | P@10: 47.8%
2026-02-23 17:52:23,255 [INFO] 📈 EPOCH 119 | Loss: 0.7138 | P@5: 55.6% | P@10: 48.9%
2026-02-23 17:52:24,226 [INFO] 📈 EPOCH 120 | Loss: 0.6343 | P@5: 55.6% | P@10: 50.0%
2026-02-23 17:52:25,213 [INFO] 📈 EPOCH 121 | Loss: 0.6685 | P@5: 55.6% | P@10: 48.9%
2026-02-23 17:52:26,182 [INFO] 📈 EPOCH 122 | Loss: 0.6906 | P@5: 53.3% | P@10: 48.9%
2026-02-23 17:52:27,163 [INFO] 📈 EPOCH 123 | Loss: 0.6725 | P@5: 53.3% | P@10: 48.9%
2026-02-23 17:52:28,121 [INFO] 📈 EPOCH 124 | Loss: 0.6593 | P@5: 51.1% | P@10: 48.9%
2026-02-23 17:52:29,079 [INFO] 📈 EPOCH 125 | Loss: 0.6607 | P@5: 51.1% | P@10: 46.7%
2026-02-23 17:52:30,052 [INFO] 📈 EPOCH 126 | Loss: 0.6325 | P@5: 51.1% | P@10: 45.6%
2026-02-23 17:52:31,022 [INFO] 📈 EPOCH 127 | Loss: 0.6791 | P@5: 51.1% | P@10: 48.9%
2026-02-23 17:52:31,986 [INFO] 📈 EPOCH 128 | Loss: 0.6323 | P@5: 48.9% | P@10: 51.1%
2026-02-23 17:52:32,969 [INFO] 📈 EPOCH 129 | Loss: 0.6629 | P@5: 51.1% | P@10: 51.1%
2026-02-23 17:52:33,931 [INFO] 📈 EPOCH 130 | Loss: 0.7013 | P@5: 53.3% | P@10: 48.9%
2026-02-23 17:52:34,888 [INFO] 📈 EPOCH 131 | Loss: 0.6321 | P@5: 55.6% | P@10: 48.9%
2026-02-23 17:52:35,854 [INFO] 📈 EPOCH 132 | Loss: 0.6724 | P@5: 55.6% | P@10: 48.9%
2026-02-23 17:52:36,826 [INFO] 📈 EPOCH 133 | Loss: 0.6311 | P@5: 53.3% | P@10: 48.9%
2026-02-23 17:52:37,781 [INFO] 📈 EPOCH 134 | Loss: 0.6626 | P@5: 53.3% | P@10: 48.9%
2026-02-23 17:52:39,236 [INFO] 📈 EPOCH 135 | Loss: 0.6318 | P@5: 53.3% | P@10: 48.9%
2026-02-23 17:52:40,218 [INFO] 📈 EPOCH 136 | Loss: 0.6406 | P@5: 53.3% | P@10: 48.9%
2026-02-23 17:52:41,161 [INFO] 📈 EPOCH 137 | Loss: 0.6770 | P@5: 55.6% | P@10: 50.0%
2026-02-23 17:52:42,117 [INFO] 📈 EPOCH 138 | Loss: 0.6203 | P@5: 57.8% | P@10: 50.0%
2026-02-23 17:52:43,071 [INFO] 📈 EPOCH 139 | Loss: 0.6084 | P@5: 57.8% | P@10: 50.0%
2026-02-23 17:52:44,014 [INFO] 📈 EPOCH 140 | Loss: 0.6307 | P@5: 51.1% | P@10: 50.0%
2026-02-23 17:52:44,947 [INFO] 📈 EPOCH 141 | Loss: 0.6407 | P@5: 51.1% | P@10: 48.9%
2026-02-23 17:52:45,897 [INFO] 📈 EPOCH 142 | Loss: 0.6532 | P@5: 51.1% | P@10: 47.8%
2026-02-23 17:52:46,847 [INFO] 📈 EPOCH 143 | Loss: 0.6417 | P@5: 51.1% | P@10: 47.8%
2026-02-23 17:52:47,795 [INFO] 📈 EPOCH 144 | Loss: 0.6083 | P@5: 48.9% | P@10: 47.8%
2026-02-23 17:52:48,746 [INFO] 📈 EPOCH 145 | Loss: 0.6436 | P@5: 51.1% | P@10: 48.9%
2026-02-23 17:52:49,682 [INFO] 📈 EPOCH 146 | Loss: 0.6041 | P@5: 51.1% | P@10: 48.9%
2026-02-23 17:52:50,627 [INFO] 📈 EPOCH 147 | Loss: 0.6010 | P@5: 51.1% | P@10: 48.9%
2026-02-23 17:52:51,561 [INFO] 📈 EPOCH 148 | Loss: 0.6124 | P@5: 51.1% | P@10: 48.9%
2026-02-23 17:52:52,489 [INFO] 📈 EPOCH 149 | Loss: 0.5225 | P@5: 51.1% | P@10: 50.0%
2026-02-23 17:52:53,427 [INFO] 📈 EPOCH 150 | Loss: 0.6490 | P@5: 51.1% | P@10: 50.0%
2026-02-23 17:52:54,392 [INFO] 📈 EPOCH 151 | Loss: 0.6447 | P@5: 46.7% | P@10: 48.9%
2026-02-23 17:52:55,362 [INFO] 📈 EPOCH 152 | Loss: 0.5903 | P@5: 46.7% | P@10: 48.9%
2026-02-23 17:52:56,307 [INFO] 📈 EPOCH 153 | Loss: 0.6013 | P@5: 48.9% | P@10: 47.8%
2026-02-23 17:52:57,260 [INFO] 📈 EPOCH 154 | Loss: 0.5717 | P@5: 48.9% | P@10: 47.8%
2026-02-23 17:52:58,219 [INFO] 📈 EPOCH 155 | Loss: 0.6138 | P@5: 51.1% | P@10: 50.0%
2026-02-23 17:52:59,208 [INFO] 📈 EPOCH 156 | Loss: 0.6458 | P@5: 51.1% | P@10: 50.0%
2026-02-23 17:53:00,198 [INFO] 📈 EPOCH 157 | Loss: 0.6161 | P@5: 51.1% | P@10: 47.8%
2026-02-23 17:53:01,174 [INFO] 📈 EPOCH 158 | Loss: 0.5839 | P@5: 53.3% | P@10: 47.8%
2026-02-23 17:53:02,146 [INFO] 📈 EPOCH 159 | Loss: 0.5485 | P@5: 53.3% | P@10: 47.8%
2026-02-23 17:53:03,106 [INFO] 📈 EPOCH 160 | Loss: 0.5889 | P@5: 55.6% | P@10: 47.8%
2026-02-23 17:53:04,057 [INFO] 📈 EPOCH 161 | Loss: 0.5743 | P@5: 57.8% | P@10: 46.7%
2026-02-23 17:53:05,008 [INFO] 📈 EPOCH 162 | Loss: 0.5735 | P@5: 53.3% | P@10: 48.9%
2026-02-23 17:53:05,974 [INFO] 📈 EPOCH 163 | Loss: 0.5697 | P@5: 51.1% | P@10: 48.9%
2026-02-23 17:53:06,933 [INFO] 📈 EPOCH 164 | Loss: 0.6014 | P@5: 51.1% | P@10: 48.9%
2026-02-23 17:53:07,899 [INFO] 📈 EPOCH 165 | Loss: 0.5921 | P@5: 51.1% | P@10: 48.9%
2026-02-23 17:53:08,857 [INFO] 📈 EPOCH 166 | Loss: 0.5590 | P@5: 51.1% | P@10: 48.9%
2026-02-23 17:53:09,798 [INFO] 📈 EPOCH 167 | Loss: 0.5717 | P@5: 48.9% | P@10: 48.9%
2026-02-23 17:53:10,743 [INFO] 📈 EPOCH 168 | Loss: 0.5228 | P@5: 48.9% | P@10: 48.9%
2026-02-23 17:53:11,701 [INFO] 📈 EPOCH 169 | Loss: 0.5364 | P@5: 51.1% | P@10: 46.7%
2026-02-23 17:53:12,665 [INFO] 📈 EPOCH 170 | Loss: 0.5448 | P@5: 51.1% | P@10: 46.7%
2026-02-23 17:53:13,614 [INFO] 📈 EPOCH 171 | Loss: 0.5949 | P@5: 51.1% | P@10: 46.7%
2026-02-23 17:53:14,550 [INFO] 📈 EPOCH 172 | Loss: 0.5365 | P@5: 51.1% | P@10: 46.7%
2026-02-23 17:53:15,482 [INFO] 📈 EPOCH 173 | Loss: 0.5691 | P@5: 48.9% | P@10: 45.6%
2026-02-23 17:53:16,434 [INFO] 📈 EPOCH 174 | Loss: 0.5634 | P@5: 48.9% | P@10: 45.6%
2026-02-23 17:53:17,384 [INFO] 📈 EPOCH 175 | Loss: 0.5557 | P@5: 51.1% | P@10: 48.9%
2026-02-23 17:53:18,326 [INFO] 📈 EPOCH 176 | Loss: 0.5810 | P@5: 51.1% | P@10: 48.9%
2026-02-23 17:53:19,276 [INFO] 📈 EPOCH 177 | Loss: 0.5501 | P@5: 51.1% | P@10: 50.0%
2026-02-23 17:53:20,218 [INFO] 📈 EPOCH 178 | Loss: 0.5375 | P@5: 51.1% | P@10: 48.9%
2026-02-23 17:53:21,160 [INFO] 📈 EPOCH 179 | Loss: 0.4800 | P@5: 51.1% | P@10: 47.8%
2026-02-23 17:53:22,133 [INFO] 📈 EPOCH 180 | Loss: 0.4729 | P@5: 51.1% | P@10: 46.7%
2026-02-23 17:53:23,086 [INFO] 📈 EPOCH 181 | Loss: 0.5541 | P@5: 48.9% | P@10: 47.8%
2026-02-23 17:53:24,036 [INFO] 📈 EPOCH 182 | Loss: 0.5623 | P@5: 51.1% | P@10: 47.8%
2026-02-23 17:53:24,973 [INFO] 📈 EPOCH 183 | Loss: 0.5235 | P@5: 51.1% | P@10: 45.6%
2026-02-23 17:53:25,913 [INFO] 📈 EPOCH 184 | Loss: 0.5298 | P@5: 51.1% | P@10: 45.6%
2026-02-23 17:53:26,853 [INFO] 📈 EPOCH 185 | Loss: 0.5605 | P@5: 51.1% | P@10: 45.6%
2026-02-23 17:53:27,798 [INFO] 📈 EPOCH 186 | Loss: 0.5420 | P@5: 51.1% | P@10: 45.6%
2026-02-23 17:53:28,739 [INFO] 📈 EPOCH 187 | Loss: 0.4970 | P@5: 51.1% | P@10: 46.7%
2026-02-23 17:53:29,689 [INFO] 📈 EPOCH 188 | Loss: 0.4995 | P@5: 51.1% | P@10: 47.8%
2026-02-23 17:53:30,643 [INFO] 📈 EPOCH 189 | Loss: 0.5056 | P@5: 51.1% | P@10: 50.0%
2026-02-23 17:53:31,587 [INFO] 📈 EPOCH 190 | Loss: 0.5140 | P@5: 51.1% | P@10: 50.0%
2026-02-23 17:53:32,541 [INFO] 📈 EPOCH 191 | Loss: 0.5274 | P@5: 51.1% | P@10: 50.0%
2026-02-23 17:53:33,492 [INFO] 📈 EPOCH 192 | Loss: 0.5100 | P@5: 51.1% | P@10: 48.9%
2026-02-23 17:53:34,435 [INFO] 📈 EPOCH 193 | Loss: 0.4670 | P@5: 51.1% | P@10: 50.0%
2026-02-23 17:53:35,395 [INFO] 📈 EPOCH 194 | Loss: 0.4724 | P@5: 51.1% | P@10: 48.9%
2026-02-23 17:53:36,355 [INFO] 📈 EPOCH 195 | Loss: 0.4608 | P@5: 46.7% | P@10: 48.9%
2026-02-23 17:53:37,317 [INFO] 📈 EPOCH 196 | Loss: 0.4561 | P@5: 44.4% | P@10: 47.8%
2026-02-23 17:53:38,283 [INFO] 📈 EPOCH 197 | Loss: 0.5075 | P@5: 42.2% | P@10: 47.8%
2026-02-23 17:53:39,311 [INFO] 📈 EPOCH 198 | Loss: 0.4810 | P@5: 48.9% | P@10: 48.9%
2026-02-23 17:53:40,286 [INFO] 📈 EPOCH 199 | Loss: 0.4775 | P@5: 51.1% | P@10: 48.9%
2026-02-23 17:53:41,229 [INFO] 📈 EPOCH 200 | Loss: 0.4751 | P@5: 48.9% | P@10: 48.9%
