2026-02-23 18:16:48,179 [INFO] 🏙️ FILTRO ESPACIAL: 19 bairros ativos (de 121)
2026-02-23 18:16:48,441 [INFO] 🚀 INICIANDO TREINO FOCADO (19 Bairros | Diario > 2 Crimes)
2026-02-23 18:16:48,441 [INFO]    Amostras Criticas: 80 dias | Foco: Detectar Picos
2026-02-23 18:16:50,884 [INFO] 📈 EPOCH 01 | Loss: 5.8169 | P@5: 62.2% | P@10: 54.4%
2026-02-23 18:16:50,902 [INFO] 🏆 NOVO RECORDE: P@10 = 54.4%
2026-02-23 18:16:51,823 [INFO] 📈 EPOCH 02 | Loss: 3.4448 | P@5: 51.1% | P@10: 52.2%
2026-02-23 18:16:52,749 [INFO] 📈 EPOCH 03 | Loss: 2.2160 | P@5: 60.0% | P@10: 51.1%
2026-02-23 18:16:53,695 [INFO] 📈 EPOCH 04 | Loss: 1.8089 | P@5: 62.2% | P@10: 57.8%
2026-02-23 18:16:53,712 [INFO] 🏆 NOVO RECORDE: P@10 = 57.8%
2026-02-23 18:16:54,667 [INFO] 📈 EPOCH 05 | Loss: 1.2942 | P@5: 62.2% | P@10: 55.6%
2026-02-23 18:16:55,597 [INFO] 📈 EPOCH 06 | Loss: 1.1573 | P@5: 55.6% | P@10: 56.7%
2026-02-23 18:16:56,535 [INFO] 📈 EPOCH 07 | Loss: 1.1097 | P@5: 57.8% | P@10: 55.6%
2026-02-23 18:16:57,450 [INFO] 📈 EPOCH 08 | Loss: 1.0046 | P@5: 68.9% | P@10: 55.6%
2026-02-23 18:16:58,372 [INFO] 📈 EPOCH 09 | Loss: 0.9600 | P@5: 53.3% | P@10: 56.7%
2026-02-23 18:16:59,322 [INFO] 📈 EPOCH 10 | Loss: 1.0132 | P@5: 51.1% | P@10: 53.3%
2026-02-23 18:17:00,268 [INFO] 📈 EPOCH 11 | Loss: 0.9533 | P@5: 55.6% | P@10: 53.3%
2026-02-23 18:17:01,201 [INFO] 📈 EPOCH 12 | Loss: 1.0223 | P@5: 53.3% | P@10: 54.4%
2026-02-23 18:17:02,144 [INFO] 📈 EPOCH 13 | Loss: 0.9869 | P@5: 51.1% | P@10: 58.9%
2026-02-23 18:17:02,160 [INFO] 🏆 NOVO RECORDE: P@10 = 58.9%
2026-02-23 18:17:03,102 [INFO] 📈 EPOCH 14 | Loss: 0.9339 | P@5: 55.6% | P@10: 55.6%
2026-02-23 18:17:04,031 [INFO] 📈 EPOCH 15 | Loss: 0.9506 | P@5: 53.3% | P@10: 55.6%
2026-02-23 18:17:04,968 [INFO] 📈 EPOCH 16 | Loss: 0.9301 | P@5: 55.6% | P@10: 55.6%
2026-02-23 18:17:05,906 [INFO] 📈 EPOCH 17 | Loss: 0.9033 | P@5: 53.3% | P@10: 57.8%
2026-02-23 18:17:07,050 [INFO] 📈 EPOCH 18 | Loss: 0.8801 | P@5: 46.7% | P@10: 57.8%
2026-02-23 18:17:09,157 [INFO] 📈 EPOCH 19 | Loss: 0.8804 | P@5: 53.3% | P@10: 58.9%
2026-02-23 18:17:10,221 [INFO] 📈 EPOCH 20 | Loss: 0.9209 | P@5: 55.6% | P@10: 60.0%
2026-02-23 18:17:12,514 [INFO] 🏆 NOVO RECORDE: P@10 = 60.0%
2026-02-23 18:17:13,551 [INFO] 📈 EPOCH 21 | Loss: 0.8720 | P@5: 55.6% | P@10: 58.9%
2026-02-23 18:17:14,762 [INFO] 📈 EPOCH 22 | Loss: 0.7563 | P@5: 53.3% | P@10: 57.8%
2026-02-23 18:17:16,131 [INFO] 📈 EPOCH 23 | Loss: 0.8241 | P@5: 55.6% | P@10: 56.7%
2026-02-23 18:17:17,231 [INFO] 📈 EPOCH 24 | Loss: 0.8588 | P@5: 57.8% | P@10: 57.8%
2026-02-23 18:17:18,280 [INFO] 📈 EPOCH 25 | Loss: 0.8021 | P@5: 55.6% | P@10: 55.6%
2026-02-23 18:17:19,243 [INFO] 📈 EPOCH 26 | Loss: 0.9030 | P@5: 55.6% | P@10: 55.6%
2026-02-23 18:17:20,184 [INFO] 📈 EPOCH 27 | Loss: 0.8484 | P@5: 53.3% | P@10: 53.3%
2026-02-23 18:17:21,128 [INFO] 📈 EPOCH 28 | Loss: 0.7883 | P@5: 55.6% | P@10: 54.4%
2026-02-23 18:17:22,063 [INFO] 📈 EPOCH 29 | Loss: 0.8191 | P@5: 64.4% | P@10: 55.6%
2026-02-23 18:17:23,357 [INFO] 📈 EPOCH 30 | Loss: 0.8127 | P@5: 62.2% | P@10: 58.9%
2026-02-23 18:17:24,414 [INFO] 📈 EPOCH 31 | Loss: 0.8038 | P@5: 62.2% | P@10: 60.0%
2026-02-23 18:17:25,455 [INFO] 📈 EPOCH 32 | Loss: 0.8629 | P@5: 60.0% | P@10: 60.0%
2026-02-23 18:17:26,417 [INFO] 📈 EPOCH 33 | Loss: 0.8025 | P@5: 62.2% | P@10: 61.1%
2026-02-23 18:17:26,448 [INFO] 🏆 NOVO RECORDE: P@10 = 61.1%
2026-02-23 18:17:27,380 [INFO] 📈 EPOCH 34 | Loss: 0.8065 | P@5: 64.4% | P@10: 61.1%
2026-02-23 18:17:28,319 [INFO] 📈 EPOCH 35 | Loss: 0.8068 | P@5: 64.4% | P@10: 61.1%
2026-02-23 18:17:29,244 [INFO] 📈 EPOCH 36 | Loss: 0.8700 | P@5: 62.2% | P@10: 60.0%
2026-02-23 18:17:30,162 [INFO] 📈 EPOCH 37 | Loss: 0.8068 | P@5: 60.0% | P@10: 58.9%
2026-02-23 18:17:31,122 [INFO] 📈 EPOCH 38 | Loss: 0.8159 | P@5: 55.6% | P@10: 57.8%
2026-02-23 18:17:32,088 [INFO] 📈 EPOCH 39 | Loss: 0.7937 | P@5: 55.6% | P@10: 57.8%
2026-02-23 18:17:33,278 [INFO] 📈 EPOCH 40 | Loss: 0.7895 | P@5: 55.6% | P@10: 58.9%
2026-02-23 18:17:34,256 [INFO] 📈 EPOCH 41 | Loss: 0.8491 | P@5: 57.8% | P@10: 57.8%
2026-02-23 18:17:35,180 [INFO] 📈 EPOCH 42 | Loss: 0.8135 | P@5: 57.8% | P@10: 56.7%
2026-02-23 18:17:36,102 [INFO] 📈 EPOCH 43 | Loss: 0.7745 | P@5: 62.2% | P@10: 56.7%
2026-02-23 18:17:37,014 [INFO] 📈 EPOCH 44 | Loss: 0.8036 | P@5: 60.0% | P@10: 57.8%
2026-02-23 18:17:37,959 [INFO] 📈 EPOCH 45 | Loss: 0.7072 | P@5: 57.8% | P@10: 56.7%
2026-02-23 18:17:38,911 [INFO] 📈 EPOCH 46 | Loss: 0.7168 | P@5: 57.8% | P@10: 57.8%
2026-02-23 18:17:41,031 [INFO] 📈 EPOCH 47 | Loss: 0.7846 | P@5: 60.0% | P@10: 58.9%
2026-02-23 18:17:42,383 [INFO] 📈 EPOCH 48 | Loss: 0.7623 | P@5: 57.8% | P@10: 60.0%
2026-02-23 18:17:43,336 [INFO] 📈 EPOCH 49 | Loss: 0.7466 | P@5: 55.6% | P@10: 63.3%
2026-02-23 18:17:43,356 [INFO] 🏆 NOVO RECORDE: P@10 = 63.3%
2026-02-23 18:17:44,304 [INFO] 📈 EPOCH 50 | Loss: 0.7635 | P@5: 62.2% | P@10: 61.1%
2026-02-23 18:17:45,249 [INFO] 📈 EPOCH 51 | Loss: 0.8098 | P@5: 57.8% | P@10: 61.1%
2026-02-23 18:17:46,217 [INFO] 📈 EPOCH 52 | Loss: 0.7320 | P@5: 57.8% | P@10: 60.0%
2026-02-23 18:17:47,163 [INFO] 📈 EPOCH 53 | Loss: 0.7431 | P@5: 53.3% | P@10: 60.0%
2026-02-23 18:17:48,102 [INFO] 📈 EPOCH 54 | Loss: 0.7435 | P@5: 55.6% | P@10: 58.9%
2026-02-23 18:17:49,022 [INFO] 📈 EPOCH 55 | Loss: 0.7640 | P@5: 53.3% | P@10: 57.8%
2026-02-23 18:17:49,920 [INFO] 📈 EPOCH 56 | Loss: 0.7498 | P@5: 57.8% | P@10: 55.6%
2026-02-23 18:17:50,831 [INFO] 📈 EPOCH 57 | Loss: 0.7162 | P@5: 57.8% | P@10: 56.7%
2026-02-23 18:17:51,769 [INFO] 📈 EPOCH 58 | Loss: 0.7901 | P@5: 55.6% | P@10: 56.7%
2026-02-23 18:17:52,704 [INFO] 📈 EPOCH 59 | Loss: 0.7515 | P@5: 55.6% | P@10: 55.6%
2026-02-23 18:17:53,646 [INFO] 📈 EPOCH 60 | Loss: 0.7114 | P@5: 55.6% | P@10: 54.4%
2026-02-23 18:17:54,602 [INFO] 📈 EPOCH 61 | Loss: 0.7694 | P@5: 55.6% | P@10: 54.4%
2026-02-23 18:17:55,557 [INFO] 📈 EPOCH 62 | Loss: 0.7013 | P@5: 55.6% | P@10: 54.4%
2026-02-23 18:17:56,504 [INFO] 📈 EPOCH 63 | Loss: 0.6932 | P@5: 53.3% | P@10: 55.6%
2026-02-23 18:17:57,455 [INFO] 📈 EPOCH 64 | Loss: 0.7220 | P@5: 53.3% | P@10: 56.7%
2026-02-23 18:17:58,402 [INFO] 📈 EPOCH 65 | Loss: 0.7636 | P@5: 55.6% | P@10: 55.6%
2026-02-23 18:17:59,356 [INFO] 📈 EPOCH 66 | Loss: 0.7695 | P@5: 53.3% | P@10: 56.7%
2026-02-23 18:18:00,314 [INFO] 📈 EPOCH 67 | Loss: 0.6622 | P@5: 53.3% | P@10: 56.7%
2026-02-23 18:18:01,271 [INFO] 📈 EPOCH 68 | Loss: 0.6580 | P@5: 53.3% | P@10: 56.7%
2026-02-23 18:18:02,235 [INFO] 📈 EPOCH 69 | Loss: 0.6867 | P@5: 55.6% | P@10: 55.6%
2026-02-23 18:18:03,191 [INFO] 📈 EPOCH 70 | Loss: 0.6727 | P@5: 53.3% | P@10: 56.7%
2026-02-23 18:18:04,149 [INFO] 📈 EPOCH 71 | Loss: 0.7233 | P@5: 55.6% | P@10: 55.6%
2026-02-23 18:18:05,094 [INFO] 📈 EPOCH 72 | Loss: 0.7099 | P@5: 55.6% | P@10: 56.7%
2026-02-23 18:18:06,047 [INFO] 📈 EPOCH 73 | Loss: 0.7163 | P@5: 55.6% | P@10: 54.4%
2026-02-23 18:18:06,994 [INFO] 📈 EPOCH 74 | Loss: 0.7247 | P@5: 57.8% | P@10: 54.4%
2026-02-23 18:18:07,942 [INFO] 📈 EPOCH 75 | Loss: 0.7197 | P@5: 57.8% | P@10: 54.4%
2026-02-23 18:18:08,899 [INFO] 📈 EPOCH 76 | Loss: 0.6424 | P@5: 57.8% | P@10: 54.4%
2026-02-23 18:18:09,866 [INFO] 📈 EPOCH 77 | Loss: 0.6835 | P@5: 55.6% | P@10: 54.4%
2026-02-23 18:18:10,819 [INFO] 📈 EPOCH 78 | Loss: 0.6847 | P@5: 55.6% | P@10: 55.6%
2026-02-23 18:18:11,761 [INFO] 📈 EPOCH 79 | Loss: 0.6504 | P@5: 53.3% | P@10: 55.6%
2026-02-23 18:18:12,704 [INFO] 📈 EPOCH 80 | Loss: 0.6317 | P@5: 53.3% | P@10: 56.7%
2026-02-23 18:18:13,646 [INFO] 📈 EPOCH 81 | Loss: 0.7023 | P@5: 55.6% | P@10: 55.6%
2026-02-23 18:18:14,589 [INFO] 📈 EPOCH 82 | Loss: 0.7074 | P@5: 55.6% | P@10: 56.7%
2026-02-23 18:18:15,542 [INFO] 📈 EPOCH 83 | Loss: 0.6500 | P@5: 55.6% | P@10: 56.7%
2026-02-23 18:18:16,486 [INFO] 📈 EPOCH 84 | Loss: 0.6826 | P@5: 53.3% | P@10: 56.7%
2026-02-23 18:18:17,425 [INFO] 📈 EPOCH 85 | Loss: 0.6776 | P@5: 51.1% | P@10: 56.7%
2026-02-23 18:18:18,365 [INFO] 📈 EPOCH 86 | Loss: 0.6624 | P@5: 53.3% | P@10: 54.4%
2026-02-23 18:18:19,332 [INFO] 📈 EPOCH 87 | Loss: 0.6894 | P@5: 53.3% | P@10: 54.4%
2026-02-23 18:18:20,300 [INFO] 📈 EPOCH 88 | Loss: 0.6279 | P@5: 53.3% | P@10: 53.3%
2026-02-23 18:18:21,246 [INFO] 📈 EPOCH 89 | Loss: 0.6019 | P@5: 57.8% | P@10: 55.6%
2026-02-23 18:18:22,182 [INFO] 📈 EPOCH 90 | Loss: 0.6125 | P@5: 53.3% | P@10: 54.4%
2026-02-23 18:18:23,123 [INFO] 📈 EPOCH 91 | Loss: 0.6657 | P@5: 55.6% | P@10: 53.3%
2026-02-23 18:18:26,465 [INFO] 📈 EPOCH 92 | Loss: 0.6777 | P@5: 55.6% | P@10: 53.3%
2026-02-23 18:18:28,412 [INFO] 📈 EPOCH 93 | Loss: 0.6013 | P@5: 55.6% | P@10: 53.3%
2026-02-23 18:18:29,559 [INFO] 📈 EPOCH 94 | Loss: 0.6186 | P@5: 53.3% | P@10: 52.2%
2026-02-23 18:18:31,012 [INFO] 📈 EPOCH 95 | Loss: 0.6740 | P@5: 53.3% | P@10: 52.2%
2026-02-23 18:18:33,288 [INFO] 📈 EPOCH 96 | Loss: 0.6567 | P@5: 51.1% | P@10: 53.3%
2026-02-23 18:18:34,772 [INFO] 📈 EPOCH 97 | Loss: 0.6217 | P@5: 51.1% | P@10: 52.2%
2026-02-23 18:18:35,899 [INFO] 📈 EPOCH 98 | Loss: 0.6786 | P@5: 51.1% | P@10: 51.1%
2026-02-23 18:18:37,035 [INFO] 📈 EPOCH 99 | Loss: 0.6637 | P@5: 53.3% | P@10: 51.1%
2026-02-23 18:18:38,186 [INFO] 📈 EPOCH 100 | Loss: 0.6591 | P@5: 51.1% | P@10: 50.0%
2026-02-23 18:18:39,344 [INFO] 📈 EPOCH 101 | Loss: 0.6658 | P@5: 53.3% | P@10: 51.1%
2026-02-23 18:18:40,762 [INFO] 📈 EPOCH 102 | Loss: 0.6699 | P@5: 51.1% | P@10: 51.1%
2026-02-23 18:18:41,857 [INFO] 📈 EPOCH 103 | Loss: 0.6598 | P@5: 53.3% | P@10: 51.1%
2026-02-23 18:18:42,796 [INFO] 📈 EPOCH 104 | Loss: 0.6489 | P@5: 53.3% | P@10: 50.0%
2026-02-23 18:18:43,730 [INFO] 📈 EPOCH 105 | Loss: 0.6320 | P@5: 53.3% | P@10: 51.1%
2026-02-23 18:18:44,670 [INFO] 📈 EPOCH 106 | Loss: 0.6396 | P@5: 55.6% | P@10: 52.2%
2026-02-23 18:18:45,594 [INFO] 📈 EPOCH 107 | Loss: 0.6749 | P@5: 55.6% | P@10: 52.2%
2026-02-23 18:18:47,052 [INFO] 📈 EPOCH 108 | Loss: 0.6114 | P@5: 55.6% | P@10: 53.3%
2026-02-23 18:18:48,832 [INFO] 📈 EPOCH 109 | Loss: 0.6002 | P@5: 55.6% | P@10: 54.4%
2026-02-23 18:18:50,562 [INFO] 📈 EPOCH 110 | Loss: 0.6459 | P@5: 53.3% | P@10: 53.3%
2026-02-23 18:18:52,150 [INFO] 📈 EPOCH 111 | Loss: 0.6118 | P@5: 53.3% | P@10: 53.3%
2026-02-23 18:18:53,444 [INFO] 📈 EPOCH 112 | Loss: 0.5916 | P@5: 53.3% | P@10: 53.3%
2026-02-23 18:18:55,029 [INFO] 📈 EPOCH 113 | Loss: 0.5788 | P@5: 55.6% | P@10: 50.0%
2026-02-23 18:18:56,976 [INFO] 📈 EPOCH 114 | Loss: 0.6341 | P@5: 55.6% | P@10: 51.1%
2026-02-23 18:18:58,541 [INFO] 📈 EPOCH 115 | Loss: 0.6183 | P@5: 55.6% | P@10: 52.2%
2026-02-23 18:19:00,005 [INFO] 📈 EPOCH 116 | Loss: 0.6042 | P@5: 55.6% | P@10: 52.2%
2026-02-23 18:19:01,452 [INFO] 📈 EPOCH 117 | Loss: 0.5984 | P@5: 55.6% | P@10: 51.1%
2026-02-23 18:19:03,192 [INFO] 📈 EPOCH 118 | Loss: 0.6191 | P@5: 55.6% | P@10: 51.1%
2026-02-23 18:19:04,793 [INFO] 📈 EPOCH 119 | Loss: 0.5532 | P@5: 53.3% | P@10: 52.2%
2026-02-23 18:19:06,762 [INFO] 📈 EPOCH 120 | Loss: 0.5856 | P@5: 55.6% | P@10: 53.3%
2026-02-23 18:19:08,572 [INFO] 📈 EPOCH 121 | Loss: 0.5995 | P@5: 57.8% | P@10: 52.2%
2026-02-23 18:19:10,051 [INFO] 📈 EPOCH 122 | Loss: 0.6180 | P@5: 57.8% | P@10: 52.2%
2026-02-23 18:19:11,563 [INFO] 📈 EPOCH 123 | Loss: 0.5775 | P@5: 57.8% | P@10: 52.2%
2026-02-23 18:19:12,861 [INFO] 📈 EPOCH 124 | Loss: 0.6189 | P@5: 60.0% | P@10: 54.4%
2026-02-23 18:19:14,247 [INFO] 📈 EPOCH 125 | Loss: 0.5853 | P@5: 57.8% | P@10: 55.6%
2026-02-23 18:19:15,430 [INFO] 📈 EPOCH 126 | Loss: 0.6094 | P@5: 60.0% | P@10: 55.6%
2026-02-23 18:19:16,476 [INFO] 📈 EPOCH 127 | Loss: 0.5522 | P@5: 60.0% | P@10: 54.4%
2026-02-23 18:19:17,524 [INFO] 📈 EPOCH 128 | Loss: 0.6022 | P@5: 55.6% | P@10: 54.4%
2026-02-23 18:19:18,581 [INFO] 📈 EPOCH 129 | Loss: 0.5706 | P@5: 55.6% | P@10: 52.2%
2026-02-23 18:19:19,665 [INFO] 📈 EPOCH 130 | Loss: 0.5783 | P@5: 53.3% | P@10: 52.2%
2026-02-23 18:19:20,650 [INFO] 📈 EPOCH 131 | Loss: 0.5267 | P@5: 55.6% | P@10: 52.2%
2026-02-23 18:19:21,602 [INFO] 📈 EPOCH 132 | Loss: 0.5224 | P@5: 55.6% | P@10: 52.2%
2026-02-23 18:19:22,567 [INFO] 📈 EPOCH 133 | Loss: 0.5763 | P@5: 53.3% | P@10: 52.2%
2026-02-23 18:19:23,548 [INFO] 📈 EPOCH 134 | Loss: 0.5312 | P@5: 55.6% | P@10: 52.2%
2026-02-23 18:19:24,522 [INFO] 📈 EPOCH 135 | Loss: 0.5753 | P@5: 53.3% | P@10: 53.3%
2026-02-23 18:19:25,511 [INFO] 📈 EPOCH 136 | Loss: 0.5585 | P@5: 51.1% | P@10: 52.2%
2026-02-23 18:19:26,557 [INFO] 📈 EPOCH 137 | Loss: 0.5239 | P@5: 53.3% | P@10: 51.1%
2026-02-23 18:19:27,542 [INFO] 📈 EPOCH 138 | Loss: 0.5301 | P@5: 53.3% | P@10: 51.1%
2026-02-23 18:19:28,505 [INFO] 📈 EPOCH 139 | Loss: 0.4954 | P@5: 55.6% | P@10: 52.2%
2026-02-23 18:19:29,719 [INFO] 📈 EPOCH 140 | Loss: 0.5561 | P@5: 55.6% | P@10: 52.2%
2026-02-23 18:19:30,874 [INFO] 📈 EPOCH 141 | Loss: 0.5649 | P@5: 55.6% | P@10: 51.1%
2026-02-23 18:19:32,016 [INFO] 📈 EPOCH 142 | Loss: 0.5117 | P@5: 53.3% | P@10: 51.1%
2026-02-23 18:19:32,996 [INFO] 📈 EPOCH 143 | Loss: 0.5625 | P@5: 53.3% | P@10: 50.0%
2026-02-23 18:19:33,971 [INFO] 📈 EPOCH 144 | Loss: 0.5169 | P@5: 53.3% | P@10: 50.0%
2026-02-23 18:19:34,929 [INFO] 📈 EPOCH 145 | Loss: 0.5467 | P@5: 53.3% | P@10: 50.0%
2026-02-23 18:19:35,878 [INFO] 📈 EPOCH 146 | Loss: 0.5248 | P@5: 57.8% | P@10: 53.3%
2026-02-23 18:19:36,823 [INFO] 📈 EPOCH 147 | Loss: 0.5516 | P@5: 57.8% | P@10: 53.3%
2026-02-23 18:19:37,795 [INFO] 📈 EPOCH 148 | Loss: 0.5525 | P@5: 57.8% | P@10: 52.2%
2026-02-23 18:19:38,758 [INFO] 📈 EPOCH 149 | Loss: 0.5232 | P@5: 55.6% | P@10: 52.2%
2026-02-23 18:19:39,720 [INFO] 📈 EPOCH 150 | Loss: 0.5370 | P@5: 53.3% | P@10: 53.3%
2026-02-23 18:19:40,795 [INFO] 📈 EPOCH 151 | Loss: 0.5413 | P@5: 55.6% | P@10: 52.2%
2026-02-23 18:19:41,823 [INFO] 📈 EPOCH 152 | Loss: 0.4727 | P@5: 53.3% | P@10: 52.2%
2026-02-23 18:19:42,824 [INFO] 📈 EPOCH 153 | Loss: 0.5307 | P@5: 55.6% | P@10: 52.2%
2026-02-23 18:19:43,814 [INFO] 📈 EPOCH 154 | Loss: 0.4678 | P@5: 55.6% | P@10: 51.1%
2026-02-23 18:19:44,785 [INFO] 📈 EPOCH 155 | Loss: 0.5130 | P@5: 55.6% | P@10: 51.1%
2026-02-23 18:19:45,748 [INFO] 📈 EPOCH 156 | Loss: 0.4998 | P@5: 57.8% | P@10: 50.0%
2026-02-23 18:19:46,709 [INFO] 📈 EPOCH 157 | Loss: 0.4824 | P@5: 53.3% | P@10: 50.0%
2026-02-23 18:19:47,704 [INFO] 📈 EPOCH 158 | Loss: 0.5273 | P@5: 53.3% | P@10: 52.2%
2026-02-23 18:19:48,659 [INFO] 📈 EPOCH 159 | Loss: 0.4953 | P@5: 55.6% | P@10: 53.3%
2026-02-23 18:19:49,643 [INFO] 📈 EPOCH 160 | Loss: 0.4827 | P@5: 53.3% | P@10: 53.3%
2026-02-23 18:19:50,633 [INFO] 📈 EPOCH 161 | Loss: 0.5002 | P@5: 51.1% | P@10: 54.4%
2026-02-23 18:19:51,721 [INFO] 📈 EPOCH 162 | Loss: 0.5136 | P@5: 53.3% | P@10: 53.3%
2026-02-23 18:19:53,144 [INFO] 📈 EPOCH 163 | Loss: 0.5225 | P@5: 51.1% | P@10: 53.3%
2026-02-23 18:19:54,260 [INFO] 📈 EPOCH 164 | Loss: 0.5370 | P@5: 53.3% | P@10: 54.4%
2026-02-23 18:19:55,402 [INFO] 📈 EPOCH 165 | Loss: 0.5144 | P@5: 53.3% | P@10: 53.3%
2026-02-23 18:19:56,350 [INFO] 📈 EPOCH 166 | Loss: 0.4529 | P@5: 57.8% | P@10: 53.3%
2026-02-23 18:19:57,334 [INFO] 📈 EPOCH 167 | Loss: 0.4668 | P@5: 60.0% | P@10: 53.3%
2026-02-23 18:19:58,371 [INFO] 📈 EPOCH 168 | Loss: 0.4696 | P@5: 60.0% | P@10: 53.3%
2026-02-23 18:19:59,369 [INFO] 📈 EPOCH 169 | Loss: 0.4314 | P@5: 60.0% | P@10: 53.3%
2026-02-23 18:20:00,306 [INFO] 📈 EPOCH 170 | Loss: 0.4791 | P@5: 60.0% | P@10: 53.3%
2026-02-23 18:20:01,232 [INFO] 📈 EPOCH 171 | Loss: 0.4773 | P@5: 55.6% | P@10: 53.3%
2026-02-23 18:20:02,152 [INFO] 📈 EPOCH 172 | Loss: 0.4865 | P@5: 53.3% | P@10: 53.3%
2026-02-23 18:20:03,364 [INFO] 📈 EPOCH 173 | Loss: 0.4869 | P@5: 51.1% | P@10: 54.4%
2026-02-23 18:20:04,610 [INFO] 📈 EPOCH 174 | Loss: 0.4436 | P@5: 55.6% | P@10: 55.6%
2026-02-23 18:20:05,801 [INFO] 📈 EPOCH 175 | Loss: 0.4234 | P@5: 53.3% | P@10: 54.4%
2026-02-23 18:20:06,981 [INFO] 📈 EPOCH 176 | Loss: 0.4075 | P@5: 53.3% | P@10: 53.3%
2026-02-23 18:20:09,188 [INFO] 📈 EPOCH 177 | Loss: 0.4620 | P@5: 53.3% | P@10: 52.2%
2026-02-23 18:20:10,600 [INFO] 📈 EPOCH 178 | Loss: 0.4238 | P@5: 53.3% | P@10: 52.2%
2026-02-23 18:20:11,793 [INFO] 📈 EPOCH 179 | Loss: 0.4492 | P@5: 51.1% | P@10: 52.2%
2026-02-23 18:20:12,927 [INFO] 📈 EPOCH 180 | Loss: 0.4603 | P@5: 53.3% | P@10: 53.3%
2026-02-23 18:20:14,108 [INFO] 📈 EPOCH 181 | Loss: 0.4378 | P@5: 53.3% | P@10: 53.3%
2026-02-23 18:20:15,343 [INFO] 📈 EPOCH 182 | Loss: 0.4243 | P@5: 53.3% | P@10: 54.4%
2026-02-23 18:20:16,419 [INFO] 📈 EPOCH 183 | Loss: 0.4376 | P@5: 55.6% | P@10: 53.3%
2026-02-23 18:20:17,796 [INFO] 📈 EPOCH 184 | Loss: 0.4471 | P@5: 55.6% | P@10: 53.3%
2026-02-23 18:20:18,948 [INFO] 📈 EPOCH 185 | Loss: 0.4227 | P@5: 55.6% | P@10: 53.3%
2026-02-23 18:20:20,163 [INFO] 📈 EPOCH 186 | Loss: 0.4119 | P@5: 55.6% | P@10: 53.3%
2026-02-23 18:20:21,075 [INFO] 📈 EPOCH 187 | Loss: 0.4434 | P@5: 48.9% | P@10: 53.3%
2026-02-23 18:20:21,990 [INFO] 📈 EPOCH 188 | Loss: 0.4081 | P@5: 48.9% | P@10: 54.4%
2026-02-23 18:20:22,918 [INFO] 📈 EPOCH 189 | Loss: 0.3960 | P@5: 48.9% | P@10: 54.4%
2026-02-23 18:20:23,831 [INFO] 📈 EPOCH 190 | Loss: 0.4431 | P@5: 51.1% | P@10: 56.7%
2026-02-23 18:20:24,740 [INFO] 📈 EPOCH 191 | Loss: 0.4337 | P@5: 48.9% | P@10: 55.6%
2026-02-23 18:20:25,641 [INFO] 📈 EPOCH 192 | Loss: 0.4062 | P@5: 48.9% | P@10: 55.6%
2026-02-23 18:20:26,553 [INFO] 📈 EPOCH 193 | Loss: 0.4343 | P@5: 48.9% | P@10: 55.6%
2026-02-23 18:20:27,490 [INFO] 📈 EPOCH 194 | Loss: 0.3921 | P@5: 48.9% | P@10: 55.6%
2026-02-23 18:20:28,402 [INFO] 📈 EPOCH 195 | Loss: 0.3986 | P@5: 48.9% | P@10: 53.3%
2026-02-23 18:20:29,321 [INFO] 📈 EPOCH 196 | Loss: 0.3580 | P@5: 51.1% | P@10: 55.6%
2026-02-23 18:20:30,235 [INFO] 📈 EPOCH 197 | Loss: 0.3770 | P@5: 51.1% | P@10: 54.4%
2026-02-23 18:20:31,141 [INFO] 📈 EPOCH 198 | Loss: 0.3938 | P@5: 51.1% | P@10: 54.4%
2026-02-23 18:20:32,049 [INFO] 📈 EPOCH 199 | Loss: 0.3839 | P@5: 51.1% | P@10: 55.6%
2026-02-23 18:20:32,970 [INFO] 📈 EPOCH 200 | Loss: 0.3766 | P@5: 51.1% | P@10: 55.6%
