2026-02-20 22:01:52,800 [INFO] ==================================================
2026-02-20 22:01:52,803 [INFO] 🧪 INICIANDO CROSS-VALIDATION (5-FOLD TimeSeriesSplit)
2026-02-20 22:01:52,807 [INFO] ==================================================
2026-02-20 22:01:52,809 [INFO] Carregando dados de: C:\Users\Boanerges\Desktop\Projetos\st-gcn_jules\data\processed\processed_fortaleza.pkl
2026-02-20 22:01:53,568 [INFO] 
>>> INICIANDO FOLD 1/5
2026-02-20 22:01:53,568 [INFO]     Treino: 164 amostras | Teste: 146 amostras
2026-02-20 22:01:55,285 [INFO]     Limiares de Intensidade: Calmo < 84.23 | Morno 84.23-87.76 | Quente > 87.76
2026-02-20 22:02:32,868 [INFO]     [Fold 1] Epoch 1/20 | Loss: C=0.3610 M=0.3500 Q=0.3732 | P@20 Valid: 27.9% (Best: 27.9%)
2026-02-20 22:03:07,945 [INFO]     [Fold 1] Epoch 2/20 | Loss: C=0.1551 M=0.1463 Q=0.1533 | P@20 Valid: 23.6% (Best: 27.9%)
2026-02-20 22:03:44,417 [INFO]     [Fold 1] Epoch 3/20 | Loss: C=0.1218 M=0.1223 Q=0.1154 | P@20 Valid: 27.4% (Best: 27.9%)
2026-02-20 22:05:41,637 [INFO]     [Fold 1] Epoch 4/20 | Loss: C=0.1297 M=0.1504 Q=0.1420 | P@20 Valid: 26.2% (Best: 27.9%)
2026-02-20 22:08:17,773 [INFO]     [Fold 1] Epoch 5/20 | Loss: C=0.0927 M=0.1040 Q=0.1023 | P@20 Valid: 24.1% (Best: 27.9%)
2026-02-20 22:10:21,924 [INFO]     [Fold 1] Epoch 6/20 | Loss: C=0.4788 M=0.5429 Q=0.4313 | P@20 Valid: 24.7% (Best: 27.9%)
2026-02-20 22:11:56,467 [INFO]     [Fold 1] Epoch 7/20 | Loss: C=0.5986 M=0.9679 Q=1.5594 | P@20 Valid: 20.7% (Best: 27.9%)
2026-02-20 22:12:45,131 [INFO]     [Fold 1] Epoch 8/20 | Loss: C=0.0609 M=0.0498 Q=0.0528 | P@20 Valid: 18.0% (Best: 27.9%)
2026-02-20 22:13:35,716 [INFO]     [Fold 1] Epoch 9/20 | Loss: C=0.0584 M=0.0496 Q=0.0517 | P@20 Valid: 18.9% (Best: 27.9%)
2026-02-20 22:14:27,398 [INFO]     [Fold 1] Epoch 10/20 | Loss: C=0.0600 M=0.0487 Q=0.0514 | P@20 Valid: 17.7% (Best: 27.9%)
2026-02-20 22:15:17,937 [INFO]     [Fold 1] Epoch 11/20 | Loss: C=0.0599 M=0.0493 Q=0.0517 | P@20 Valid: 17.2% (Best: 27.9%)
2026-02-20 22:16:08,003 [INFO]     [Fold 1] Epoch 12/20 | Loss: C=0.0597 M=0.0489 Q=0.0514 | P@20 Valid: 17.7% (Best: 27.9%)
2026-02-20 22:16:59,562 [INFO]     [Fold 1] Epoch 13/20 | Loss: C=0.0595 M=0.0490 Q=0.0513 | P@20 Valid: 17.6% (Best: 27.9%)
2026-02-20 22:17:48,996 [INFO]     [Fold 1] Epoch 14/20 | Loss: C=0.0600 M=0.0489 Q=0.0512 | P@20 Valid: 18.2% (Best: 27.9%)
2026-02-20 22:18:35,723 [INFO]     [Fold 1] Epoch 15/20 | Loss: C=0.0600 M=0.0490 Q=0.0513 | P@20 Valid: 17.6% (Best: 27.9%)
2026-02-20 22:19:23,795 [INFO]     [Fold 1] Epoch 16/20 | Loss: C=0.0598 M=0.0489 Q=0.0515 | P@20 Valid: 17.9% (Best: 27.9%)
2026-02-20 22:20:16,865 [INFO]     [Fold 1] Epoch 17/20 | Loss: C=0.0599 M=0.0490 Q=0.0513 | P@20 Valid: 16.6% (Best: 27.9%)
2026-02-20 22:21:08,227 [INFO]     [Fold 1] Epoch 18/20 | Loss: C=0.0598 M=0.0486 Q=0.0514 | P@20 Valid: 18.3% (Best: 27.9%)
2026-02-20 22:21:57,647 [INFO]     [Fold 1] Epoch 19/20 | Loss: C=0.0595 M=0.0486 Q=0.0515 | P@20 Valid: 18.0% (Best: 27.9%)
2026-02-20 22:22:43,952 [INFO]     [Fold 1] Epoch 20/20 | Loss: C=0.0591 M=0.0487 Q=0.0513 | P@20 Valid: 18.4% (Best: 27.9%)
2026-02-20 22:22:43,954 [INFO] ✅ FOLD 1 CONCLUÍDO. Melhor P@20: 27.9%
2026-02-20 22:22:43,954 [INFO] 
>>> INICIANDO FOLD 2/5
2026-02-20 22:22:43,954 [INFO]     Treino: 324 amostras | Teste: 146 amostras
2026-02-20 22:22:43,998 [INFO]     Limiares de Intensidade: Calmo < 82.89 | Morno 82.89-89.31 | Quente > 89.31
2026-02-20 22:23:48,301 [INFO]     [Fold 2] Epoch 1/20 | Loss: C=0.2913 M=0.2415 Q=0.2442 | P@20 Valid: 22.3% (Best: 22.3%)
2026-02-20 22:24:58,762 [INFO]     [Fold 2] Epoch 2/20 | Loss: C=0.0834 M=0.0709 Q=0.0700 | P@20 Valid: 23.9% (Best: 23.9%)
2026-02-20 22:26:35,043 [INFO]     [Fold 2] Epoch 3/20 | Loss: C=0.0756 M=0.0667 Q=0.0738 | P@20 Valid: 24.3% (Best: 24.3%)
2026-02-20 22:29:04,731 [INFO]     [Fold 2] Epoch 4/20 | Loss: C=0.0922 M=0.1023 Q=0.1174 | P@20 Valid: 21.8% (Best: 24.3%)
2026-02-20 22:32:27,105 [INFO]     [Fold 2] Epoch 5/20 | Loss: C=28.1622 M=27.2678 Q=41.4296 | P@20 Valid: 46.0% (Best: 46.0%)
2026-02-20 22:33:53,241 [INFO]     [Fold 2] Epoch 6/20 | Loss: C=0.0625 M=0.0495 Q=0.1038 | P@20 Valid: 45.9% (Best: 46.0%)
2026-02-20 22:35:17,326 [INFO]     [Fold 2] Epoch 7/20 | Loss: C=0.0616 M=0.0486 Q=0.0541 | P@20 Valid: 45.9% (Best: 46.0%)
2026-02-20 22:36:41,463 [INFO]     [Fold 2] Epoch 8/20 | Loss: C=0.0615 M=0.0485 Q=0.0544 | P@20 Valid: 45.9% (Best: 46.0%)
2026-02-20 22:38:09,237 [INFO]     [Fold 2] Epoch 9/20 | Loss: C=0.0607 M=0.0487 Q=0.0544 | P@20 Valid: 45.9% (Best: 46.0%)
2026-02-20 22:39:32,950 [INFO]     [Fold 2] Epoch 10/20 | Loss: C=0.0620 M=0.0487 Q=0.0547 | P@20 Valid: 45.9% (Best: 46.0%)
2026-02-20 22:41:02,235 [INFO]     [Fold 2] Epoch 11/20 | Loss: C=0.0614 M=0.0485 Q=0.0544 | P@20 Valid: 45.9% (Best: 46.0%)
2026-02-20 22:42:28,891 [INFO]     [Fold 2] Epoch 12/20 | Loss: C=0.0616 M=0.0485 Q=0.0542 | P@20 Valid: 45.9% (Best: 46.0%)
2026-02-20 22:43:54,341 [INFO]     [Fold 2] Epoch 13/20 | Loss: C=0.0612 M=0.0485 Q=0.0543 | P@20 Valid: 45.9% (Best: 46.0%)
2026-02-20 22:45:21,049 [INFO]     [Fold 2] Epoch 14/20 | Loss: C=0.0609 M=0.0484 Q=0.0541 | P@20 Valid: 45.9% (Best: 46.0%)
2026-02-20 22:46:44,904 [INFO]     [Fold 2] Epoch 15/20 | Loss: C=0.0619 M=0.0485 Q=0.0539 | P@20 Valid: 45.9% (Best: 46.0%)
2026-02-20 22:48:08,719 [INFO]     [Fold 2] Epoch 16/20 | Loss: C=0.0613 M=0.0484 Q=0.0539 | P@20 Valid: 45.9% (Best: 46.0%)
2026-02-20 22:49:33,748 [INFO]     [Fold 2] Epoch 17/20 | Loss: C=0.0615 M=0.0484 Q=0.0540 | P@20 Valid: 45.9% (Best: 46.0%)
2026-02-20 22:50:58,741 [INFO]     [Fold 2] Epoch 18/20 | Loss: C=0.0614 M=0.0482 Q=0.0540 | P@20 Valid: 45.9% (Best: 46.0%)
2026-02-20 22:52:24,112 [INFO]     [Fold 2] Epoch 19/20 | Loss: C=0.0614 M=0.0484 Q=0.0541 | P@20 Valid: 45.9% (Best: 46.0%)
2026-02-20 22:53:48,729 [INFO]     [Fold 2] Epoch 20/20 | Loss: C=0.0616 M=0.0484 Q=0.0540 | P@20 Valid: 45.9% (Best: 46.0%)
2026-02-20 22:53:48,730 [INFO] ✅ FOLD 2 CONCLUÍDO. Melhor P@20: 46.0%
2026-02-20 22:53:48,731 [INFO] 
>>> INICIANDO FOLD 3/5
2026-02-20 22:53:48,732 [INFO]     Treino: 484 amostras | Teste: 146 amostras
2026-02-20 22:53:48,766 [INFO]     Limiares de Intensidade: Calmo < 82.19 | Morno 82.19-89.31 | Quente > 89.31
2026-02-20 22:55:23,953 [INFO]     [Fold 3] Epoch 1/20 | Loss: C=0.1519 M=0.1564 Q=0.1812 | P@20 Valid: 23.8% (Best: 23.8%)
2026-02-20 22:56:59,609 [INFO]     [Fold 3] Epoch 2/20 | Loss: C=0.0600 M=0.0626 Q=0.0675 | P@20 Valid: 23.9% (Best: 23.9%)
2026-02-20 22:59:38,307 [INFO]     [Fold 3] Epoch 3/20 | Loss: C=0.0721 M=0.0697 Q=0.0768 | P@20 Valid: 25.4% (Best: 25.4%)
2026-02-20 23:06:08,663 [INFO]     [Fold 3] Epoch 4/20 | Loss: C=1.8399 M=1.8288 Q=2.9769 | P@20 Valid: 21.3% (Best: 25.4%)
2026-02-20 23:08:25,820 [INFO]     [Fold 3] Epoch 5/20 | Loss: C=3.7386 M=0.9949 Q=1.0491 | P@20 Valid: 42.9% (Best: 42.9%)
2026-02-20 23:10:41,427 [INFO]     [Fold 3] Epoch 6/20 | Loss: C=0.0603 M=0.1892 Q=0.0544 | P@20 Valid: 42.9% (Best: 42.9%)
2026-02-20 23:13:04,911 [INFO]     [Fold 3] Epoch 7/20 | Loss: C=0.0605 M=0.0485 Q=0.0549 | P@20 Valid: 42.9% (Best: 42.9%)
2026-02-20 23:15:44,890 [INFO]     [Fold 3] Epoch 8/20 | Loss: C=0.0597 M=0.0488 Q=0.0547 | P@20 Valid: 42.9% (Best: 42.9%)
2026-02-20 23:18:31,020 [INFO]     [Fold 3] Epoch 9/20 | Loss: C=0.0602 M=0.0483 Q=0.0547 | P@20 Valid: 42.9% (Best: 42.9%)
