2026-02-25 17:08:43,139 [INFO] ⚡ ESTRATÉGIA ELITE INTERIOR: INTERIOR
2026-02-25 17:08:44,840 [INFO] 🎬 Iniciando Treino Interior ELITE: 60 épocas | Foco P@10/P@20
2026-02-25 17:08:44,841 [INFO] ================================================================================
2026-02-25 17:08:44,841 [INFO] PASSO           | LR         | LOSS       | P@10     | P@20    
2026-02-25 17:08:44,841 [INFO] ================================================================================
2026-02-25 17:08:56,746 [INFO] E01 [020/088] | 0.000807 | 3.135016 |  20.0% |  40.0%
2026-02-25 17:09:08,143 [INFO] E01 [040/088] | 0.000828 | 5.555030 |  50.0% |  45.0%
2026-02-25 17:09:19,369 [INFO] E01 [060/088] | 0.000864 | 0.865553 |  30.0% |  45.0%
2026-02-25 17:09:30,674 [INFO] E01 [080/088] | 0.000915 | 3.349815 |  50.0% |  35.0%
2026-02-25 17:09:37,652 [INFO] 🏁 Epoch 001 | REALITY P@10: 27.5% | P@20: 35.4%
2026-02-25 17:09:37,671 [INFO] 🏆 NOVO RECORDE INTERIOR (P@10): 27.5% | (P@20): 35.4%
2026-02-25 17:09:49,011 [INFO] E02 [020/088] | 0.001011 | 6.206123 |  10.0% |  25.0%
2026-02-25 17:10:00,339 [INFO] E02 [040/088] | 0.001097 | 1.219270 |  70.0% |  45.0%
2026-02-25 17:10:11,831 [INFO] E02 [060/088] | 0.001197 | 2.373404 |  30.0% |  25.0%
2026-02-25 17:10:22,997 [INFO] E02 [080/088] | 0.001311 | 0.303114 |   0.0% |   0.0%
2026-02-25 17:10:30,007 [INFO] 🏁 Epoch 002 | REALITY P@10: 27.2% | P@20: 34.4%
2026-02-25 17:10:41,090 [INFO] E03 [020/088] | 0.001494 | 3.094302 |  40.0% |  50.0%
2026-02-25 17:10:52,236 [INFO] E03 [040/088] | 0.001642 | 2.989041 |  30.0% |  30.0%
2026-02-25 17:11:03,518 [INFO] E03 [060/088] | 0.001803 | 3.848416 |  30.0% |  30.0%
2026-02-25 17:11:14,870 [INFO] E03 [080/088] | 0.001977 | 5.169080 |  20.0% |  30.0%
2026-02-25 17:11:21,771 [INFO] 🏁 Epoch 003 | REALITY P@10: 25.3% | P@20: 35.1%
2026-02-25 17:11:32,907 [INFO] E04 [020/088] | 0.002243 | 4.547059 |  40.0% |  35.0%
2026-02-25 17:11:44,505 [INFO] E04 [040/088] | 0.002447 | 3.056361 |  30.0% |  20.0%
2026-02-25 17:11:56,427 [INFO] E04 [060/088] | 0.002665 | 0.268573 |   0.0% |   0.0%
2026-02-25 17:12:08,355 [INFO] E04 [080/088] | 0.002894 | 1.327680 |  40.0% |  35.0%
2026-02-25 17:12:15,826 [INFO] 🏁 Epoch 004 | REALITY P@10: 26.2% | P@20: 34.5%
2026-02-25 17:12:28,055 [INFO] E05 [020/088] | 0.003234 | 3.078777 |  50.0% |  40.0%
2026-02-25 17:12:40,316 [INFO] E05 [040/088] | 0.003490 | 8.765357 |  20.0% |  25.0%
2026-02-25 17:12:52,896 [INFO] E05 [060/088] | 0.003756 | 6.056462 |  30.0% |  30.0%
2026-02-25 17:13:05,868 [INFO] E05 [080/088] | 0.004033 | 3.670987 |  30.0% |  30.0%
2026-02-25 17:13:14,005 [INFO] 🏁 Epoch 005 | REALITY P@10: 28.4% | P@20: 36.9%
2026-02-25 17:13:14,014 [INFO] 🏆 NOVO RECORDE INTERIOR (P@10): 28.4% | (P@20): 36.9%
2026-02-25 17:13:28,653 [INFO] E06 [020/088] | 0.004438 | 2.185211 |  50.0% |  25.0%
2026-02-25 17:13:43,996 [INFO] E06 [040/088] | 0.004737 | 5.321652 |  20.0% |  25.0%
2026-02-25 17:13:59,321 [INFO] E06 [060/088] | 0.005046 | 7.534477 |  50.0% |  40.0%
2026-02-25 17:14:16,068 [INFO] E06 [080/088] | 0.005363 | 2.110400 |  50.0% |  40.0%
2026-02-25 17:14:25,944 [INFO] 🏁 Epoch 006 | REALITY P@10: 25.6% | P@20: 34.9%
2026-02-25 17:14:43,985 [INFO] E07 [020/088] | 0.005819 | 4.358129 |  40.0% |  25.0%
2026-02-25 17:15:02,365 [INFO] E07 [040/088] | 0.006154 | 0.726174 |  30.0% |  35.0%
2026-02-25 17:15:26,756 [INFO] E07 [060/088] | 0.006495 | 4.234225 |  40.0% |  45.0%
2026-02-25 17:15:57,093 [INFO] E07 [080/088] | 0.006842 | 4.780731 |  50.0% |  45.0%
2026-02-25 17:16:17,249 [INFO] 🏁 Epoch 007 | REALITY P@10: 27.2% | P@20: 35.6%
2026-02-25 17:16:57,555 [INFO] E08 [020/088] | 0.007337 | 2.566501 |  30.0% |  25.0%
2026-02-25 17:17:37,497 [INFO] E08 [040/088] | 0.007696 | 7.422105 |  20.0% |  30.0%
2026-02-25 17:18:17,113 [INFO] E08 [060/088] | 0.008060 | 4.045512 |  30.0% |  25.0%
2026-02-25 17:18:52,141 [INFO] E08 [080/088] | 0.008427 | 2.062840 |  10.0% |  35.0%
2026-02-25 17:19:12,765 [INFO] 🏁 Epoch 008 | REALITY P@10: 26.1% | P@20: 35.4%
2026-02-25 17:19:56,328 [INFO] E09 [020/088] | 0.008946 | 1.421326 |  30.0% |  30.0%
2026-02-25 17:20:42,470 [INFO] E09 [040/088] | 0.009319 | 8.325929 |  30.0% |  35.0%
2026-02-25 17:21:28,340 [INFO] E09 [060/088] | 0.009694 | 2.949886 |  20.0% |  40.0%
2026-02-25 17:22:09,676 [INFO] E09 [080/088] | 0.010070 | 1.877817 |  40.0% |  30.0%
2026-02-25 17:22:31,208 [INFO] 🏁 Epoch 009 | REALITY P@10: 26.5% | P@20: 35.6%
2026-02-25 17:23:14,742 [INFO] E10 [020/088] | 0.010598 | 3.763319 |  30.0% |  35.0%
2026-02-25 17:24:00,065 [INFO] E10 [040/088] | 0.010974 | 2.812728 |  40.0% |  40.0%
2026-02-25 17:24:46,836 [INFO] E10 [060/088] | 0.011350 | 1.484960 |  30.0% |  30.0%
2026-02-25 17:25:27,517 [INFO] E10 [080/088] | 0.011724 | 4.714053 |  30.0% |  30.0%
2026-02-25 17:25:47,134 [INFO] 🏁 Epoch 010 | REALITY P@10: 28.5% | P@20: 36.1%
2026-02-25 17:26:26,456 [INFO] E11 [020/088] | 0.012244 | 3.864176 |  10.0% |  30.0%
2026-02-25 17:27:03,063 [INFO] E11 [040/088] | 0.012612 | 7.177641 |  10.0% |  35.0%
2026-02-25 17:27:40,581 [INFO] E11 [060/088] | 0.012977 | 4.422522 |  50.0% |  40.0%
2026-02-25 17:28:19,368 [INFO] E11 [080/088] | 0.013338 | 2.875702 |  30.0% |  35.0%
2026-02-25 17:28:37,516 [INFO] 🏁 Epoch 011 | REALITY P@10: 31.1% | P@20: 37.3%
2026-02-25 17:28:37,534 [INFO] 🏆 NOVO RECORDE INTERIOR (P@10): 31.1% | (P@20): 37.3%
2026-02-25 17:29:12,969 [INFO] E12 [020/088] | 0.013835 | 7.966712 |  30.0% |  35.0%
2026-02-25 17:29:51,055 [INFO] E12 [040/088] | 0.014184 | 3.836998 |  30.0% |  40.0%
2026-02-25 17:30:30,388 [INFO] E12 [060/088] | 0.014528 | 0.535674 |  20.0% |  35.0%
2026-02-25 17:31:06,017 [INFO] E12 [080/088] | 0.014865 | 2.326150 |  60.0% |  50.0%
2026-02-25 17:31:24,770 [INFO] 🏁 Epoch 012 | REALITY P@10: 24.9% | P@20: 37.3%
2026-02-25 17:32:01,983 [INFO] E13 [020/088] | 0.015325 | 4.961956 |  20.0% |  45.0%
2026-02-25 17:32:40,707 [INFO] E13 [040/088] | 0.015644 | 3.591680 |  40.0% |  40.0%
2026-02-25 17:33:16,081 [INFO] E13 [060/088] | 0.015956 | 3.187498 |  50.0% |  30.0%
2026-02-25 17:33:49,998 [INFO] E13 [080/088] | 0.016258 | 4.338037 |  40.0% |  30.0%
2026-02-25 17:34:08,397 [INFO] 🏁 Epoch 013 | REALITY P@10: 21.3% | P@20: 37.8%
2026-02-25 17:34:44,522 [INFO] E14 [020/088] | 0.016667 | 8.066644 |  50.0% |  45.0%
2026-02-25 17:35:22,529 [INFO] E14 [040/088] | 0.016948 | 1.872144 |  20.0% |  30.0%
2026-02-25 17:35:57,539 [INFO] E14 [060/088] | 0.017218 | 6.474221 |  10.0% |  30.0%
2026-02-25 17:36:31,341 [INFO] E14 [080/088] | 0.017478 | 9.609906 |  20.0% |  30.0%
2026-02-25 17:36:49,574 [INFO] 🏁 Epoch 014 | REALITY P@10: 27.5% | P@20: 53.4%
2026-02-25 17:36:49,582 [INFO] 🏆 NOVO RECORDE INTERIOR (P@10): 27.5% | (P@20): 53.4%
2026-02-25 17:37:26,753 [INFO] E15 [020/088] | 0.017824 | 5.992059 |  10.0% |  30.0%
2026-02-25 17:38:06,177 [INFO] E15 [040/088] | 0.018057 | 1.639784 |  20.0% |  30.0%
2026-02-25 17:38:47,101 [INFO] E15 [060/088] | 0.018278 | 4.072240 |  40.0% |  40.0%
2026-02-25 17:39:23,145 [INFO] E15 [080/088] | 0.018487 | 14.723717 |  30.0% |  60.0%
2026-02-25 17:39:40,195 [INFO] 🏁 Epoch 015 | REALITY P@10: 14.6% | P@20: 27.5%
2026-02-25 17:40:13,641 [INFO] E16 [020/088] | 0.018759 | 11.146377 |  30.0% |  30.0%
2026-02-25 17:40:48,918 [INFO] E16 [040/088] | 0.018938 | 34.028393 |   0.0% |  45.0%
2026-02-25 17:41:24,828 [INFO] E16 [060/088] | 0.019103 | 5.438558 |  10.0% |  25.0%
2026-02-25 17:42:02,486 [INFO] E16 [080/088] | 0.019256 | 1.953983 |  10.0% |  15.0%
2026-02-25 17:42:22,930 [INFO] 🏁 Epoch 016 | REALITY P@10: 26.7% | P@20: 35.3%
2026-02-25 17:42:57,748 [INFO] E17 [020/088] | 0.019446 | 4.837196 |  20.0% |  35.0%
2026-02-25 17:43:33,720 [INFO] E17 [040/088] | 0.019565 | 27.410734 |  10.0% |  40.0%
2026-02-25 17:44:10,903 [INFO] E17 [060/088] | 0.019670 | 9.465187 |  10.0% |  35.0%
2026-02-25 17:44:49,383 [INFO] E17 [080/088] | 0.019761 | 5.775602 |  20.0% |  30.0%
2026-02-25 17:45:07,717 [INFO] 🏁 Epoch 017 | REALITY P@10: 17.0% | P@20: 30.6%
2026-02-25 17:45:41,193 [INFO] E18 [020/088] | 0.019864 | 1.443305 |   0.0% |   0.0%
2026-02-25 17:46:15,170 [INFO] E18 [040/088] | 0.019920 | 11.753487 |  20.0% |  30.0%
2026-02-25 17:46:49,731 [INFO] E18 [060/088] | 0.019961 | 15.945186 |  20.0% |  30.0%
2026-02-25 17:47:25,740 [INFO] E18 [080/088] | 0.019988 | 12.827596 |  40.0% |  45.0%
2026-02-25 17:47:45,440 [INFO] 🏁 Epoch 018 | REALITY P@10: 36.6% | P@20: 49.2%
2026-02-25 17:47:45,448 [INFO] 🏆 NOVO RECORDE INTERIOR (P@10): 36.6% | (P@20): 49.2%
2026-02-25 17:48:21,405 [INFO] E19 [020/088] | 0.020000 | 7.708839 |  50.0% |  75.0%
2026-02-25 17:48:36,588 [INFO] E19 [040/088] | 0.019998 | 4.522621 |  80.0% |  90.0%
2026-02-25 17:48:50,492 [INFO] E19 [060/088] | 0.019994 | 9.176048 |  70.0% |  85.0%
2026-02-25 17:49:04,484 [INFO] E19 [080/088] | 0.019986 | 4.346179 |  90.0% |  95.0%
2026-02-25 17:49:13,579 [INFO] 🏁 Epoch 019 | REALITY P@10: 75.8% | P@20: 88.4%
2026-02-25 17:49:13,587 [INFO] 🏆 NOVO RECORDE INTERIOR (P@10): 75.8% | (P@20): 88.4%
2026-02-25 17:49:13,587 [INFO] 🎯 META ALCANÇADA: P@10=75.8%, P@20=88.4%
