2026-02-25 16:13:15,817 [INFO] ⚡ ESTRATÉGIA ELITE RMF: RMF
2026-02-25 16:13:17,186 [INFO] 🎬 Iniciando Treino RMF ELITE: 100 épocas | Foco P@5/P@10
2026-02-25 16:13:17,186 [INFO] ================================================================================
2026-02-25 16:13:17,186 [INFO] PASSO           | LR         | LOSS       | P@5      | P@10    
2026-02-25 16:13:17,186 [INFO] ================================================================================
2026-02-25 16:13:21,926 [INFO] E01 [040/177] | 0.000803 | 7.449270 |  40.0% |  80.0%
2026-02-25 16:13:26,538 [INFO] E01 [080/177] | 0.000810 | 3.238883 |  60.0% |  70.0%
2026-02-25 16:13:31,166 [INFO] E01 [120/177] | 0.000824 | 4.069552 |  40.0% |  70.0%
2026-02-25 16:13:35,739 [INFO] E01 [160/177] | 0.000842 | 1.261738 |  40.0% |  60.0%
2026-02-25 16:13:38,651 [INFO] 🏁 Epoch 001 | REALITY P@5: 35.9% | P@10: 60.0%
2026-02-25 16:13:38,669 [INFO] 🏆 NOVO RECORDE RMF (P@5): 35.9% | (P@10): 60.0%
2026-02-25 16:13:43,326 [INFO] E02 [040/177] | 0.000877 | 3.195300 |  60.0% |  70.0%
2026-02-25 16:13:47,935 [INFO] E02 [080/177] | 0.000909 | 6.906453 |  40.0% |  50.0%
2026-02-25 16:13:52,595 [INFO] E02 [120/177] | 0.000945 | 6.384499 |  60.0% |  50.0%
2026-02-25 16:13:57,154 [INFO] E02 [160/177] | 0.000987 | 0.505732 |  40.0% |  70.0%
2026-02-25 16:14:00,080 [INFO] 🏁 Epoch 002 | REALITY P@5: 34.3% | P@10: 58.8%
2026-02-25 16:14:04,678 [INFO] E03 [040/177] | 0.001056 | 1.499085 |  40.0% |  50.0%
2026-02-25 16:14:09,230 [INFO] E03 [080/177] | 0.001110 | 5.199676 |  20.0% |  60.0%
2026-02-25 16:14:13,767 [INFO] E03 [120/177] | 0.001169 | 8.791512 |  20.0% |  70.0%
2026-02-25 16:14:18,313 [INFO] E03 [160/177] | 0.001234 | 3.941876 |  40.0% |  90.0%
2026-02-25 16:14:21,183 [INFO] 🏁 Epoch 003 | REALITY P@5: 34.3% | P@10: 59.2%
2026-02-25 16:14:25,724 [INFO] E04 [040/177] | 0.001335 | 1.685428 |  40.0% |  90.0%
2026-02-25 16:14:30,350 [INFO] E04 [080/177] | 0.001412 | 3.296564 |  40.0% |  80.0%
2026-02-25 16:14:34,913 [INFO] E04 [120/177] | 0.001494 | 3.652535 |  40.0% |  60.0%
2026-02-25 16:14:39,439 [INFO] E04 [160/177] | 0.001580 | 1.123974 |  60.0% |  70.0%
2026-02-25 16:14:42,361 [INFO] 🏁 Epoch 004 | REALITY P@5: 35.1% | P@10: 58.1%
2026-02-25 16:14:46,887 [INFO] E05 [040/177] | 0.001713 | 4.449667 |  60.0% |  50.0%
2026-02-25 16:14:51,418 [INFO] E05 [080/177] | 0.001811 | 1.318362 |  80.0% |  70.0%
2026-02-25 16:14:55,961 [INFO] E05 [120/177] | 0.001914 | 4.905951 |  40.0% |  70.0%
2026-02-25 16:15:00,441 [INFO] E05 [160/177] | 0.002022 | 3.579445 |  40.0% |  50.0%
2026-02-25 16:15:03,387 [INFO] 🏁 Epoch 005 | REALITY P@5: 31.9% | P@10: 58.8%
2026-02-25 16:15:07,883 [INFO] E06 [040/177] | 0.002184 | 0.502019 |  40.0% |  80.0%
2026-02-25 16:15:12,384 [INFO] E06 [080/177] | 0.002303 | 2.883671 |  20.0% |  60.0%
2026-02-25 16:15:16,884 [INFO] E06 [120/177] | 0.002427 | 2.841175 |  40.0% |  60.0%
2026-02-25 16:15:21,508 [INFO] E06 [160/177] | 0.002555 | 2.980406 |  60.0% |  80.0%
2026-02-25 16:15:24,462 [INFO] 🏁 Epoch 006 | REALITY P@5: 29.7% | P@10: 58.4%
2026-02-25 16:15:29,229 [INFO] E07 [040/177] | 0.002745 | 0.892084 | 100.0% |  70.0%
2026-02-25 16:15:34,095 [INFO] E07 [080/177] | 0.002884 | 8.129563 |  80.0% |  70.0%
2026-02-25 16:15:39,222 [INFO] E07 [120/177] | 0.003026 | 0.575163 |  60.0% |  80.0%
2026-02-25 16:15:44,629 [INFO] E07 [160/177] | 0.003173 | 1.167610 |  80.0% |  50.0%
2026-02-25 16:15:48,466 [INFO] 🏁 Epoch 007 | REALITY P@5: 29.5% | P@10: 57.4%
2026-02-25 16:15:54,388 [INFO] E08 [040/177] | 0.003389 | 4.856034 |  40.0% |  60.0%
2026-02-25 16:16:00,681 [INFO] E08 [080/177] | 0.003545 | 4.377069 |  60.0% |  80.0%
2026-02-25 16:16:08,357 [INFO] E08 [120/177] | 0.003705 | 1.229774 |  40.0% |  50.0%
2026-02-25 16:16:16,446 [INFO] E08 [160/177] | 0.003869 | 0.435696 |  40.0% |  70.0%
2026-02-25 16:16:20,990 [INFO] 🏁 Epoch 008 | REALITY P@5: 29.7% | P@10: 58.0%
2026-02-25 16:16:29,124 [INFO] E09 [040/177] | 0.004109 | 1.930179 |  40.0% |  70.0%
2026-02-25 16:16:37,968 [INFO] E09 [080/177] | 0.004281 | 4.405733 |  80.0% |  70.0%
2026-02-25 16:16:47,510 [INFO] E09 [120/177] | 0.004457 | 3.569798 |  40.0% |  60.0%
2026-02-25 16:16:57,562 [INFO] E09 [160/177] | 0.004636 | 0.566557 |  60.0% |  60.0%
2026-02-25 16:17:03,495 [INFO] 🏁 Epoch 009 | REALITY P@5: 31.6% | P@10: 57.7%
2026-02-25 16:17:14,758 [INFO] E10 [040/177] | 0.004897 | 0.945446 |  40.0% |  60.0%
2026-02-25 16:17:27,271 [INFO] E10 [080/177] | 0.005083 | 2.664487 |  40.0% |  70.0%
2026-02-25 16:17:41,244 [INFO] E10 [120/177] | 0.005273 | 0.621166 |  40.0% |  60.0%
2026-02-25 16:17:56,121 [INFO] E10 [160/177] | 0.005465 | 3.901503 |  40.0% |  70.0%
2026-02-25 16:18:04,392 [INFO] 🏁 Epoch 010 | REALITY P@5: 35.4% | P@10: 58.5%
2026-02-25 16:18:19,036 [INFO] E11 [040/177] | 0.005744 | 0.562017 |  40.0% |  50.0%
2026-02-25 16:18:32,826 [INFO] E11 [080/177] | 0.005943 | 2.098575 | 100.0% |  80.0%
2026-02-25 16:18:46,483 [INFO] E11 [120/177] | 0.006144 | 2.715665 |  20.0% |  80.0%
2026-02-25 16:19:00,010 [INFO] E11 [160/177] | 0.006348 | 2.188214 |  40.0% |  60.0%
2026-02-25 16:19:06,888 [INFO] 🏁 Epoch 011 | REALITY P@5: 36.5% | P@10: 60.8%
2026-02-25 16:19:06,894 [INFO] 🏆 NOVO RECORDE RMF (P@5): 36.5% | (P@10): 60.8%
2026-02-25 16:19:20,399 [INFO] E12 [040/177] | 0.006642 | 0.855283 |  40.0% |  50.0%
2026-02-25 16:19:34,862 [INFO] E12 [080/177] | 0.006851 | 7.642048 |  40.0% |  60.0%
2026-02-25 16:19:49,090 [INFO] E12 [120/177] | 0.007062 | 3.402628 |  40.0% |  70.0%
2026-02-25 16:20:03,499 [INFO] E12 [160/177] | 0.007275 | 2.021800 |  20.0% |  60.0%
2026-02-25 16:20:11,384 [INFO] 🏁 Epoch 012 | REALITY P@5: 38.1% | P@10: 57.8%
2026-02-25 16:20:26,387 [INFO] E13 [040/177] | 0.007581 | 3.522618 |  40.0% |  70.0%
2026-02-25 16:20:41,433 [INFO] E13 [080/177] | 0.007798 | 1.586869 |  60.0% |  60.0%
2026-02-25 16:20:55,741 [INFO] E13 [120/177] | 0.008016 | 8.929659 |  40.0% |  50.0%
2026-02-25 16:21:09,858 [INFO] E13 [160/177] | 0.008235 | 1.141863 |  40.0% |  50.0%
2026-02-25 16:21:17,535 [INFO] 🏁 Epoch 013 | REALITY P@5: 34.6% | P@10: 61.5%
2026-02-25 16:21:31,733 [INFO] E14 [040/177] | 0.008550 | 5.232877 |  40.0% |  50.0%
2026-02-25 16:21:46,475 [INFO] E14 [080/177] | 0.008773 | 5.808531 |  40.0% |  80.0%
2026-02-25 16:22:00,045 [INFO] E14 [120/177] | 0.008996 | 3.645018 |  60.0% |  80.0%
2026-02-25 16:22:12,167 [INFO] E14 [160/177] | 0.009220 | 16.609613 |  40.0% |  80.0%
2026-02-25 16:22:18,457 [INFO] 🏁 Epoch 014 | REALITY P@5: 31.1% | P@10: 58.9%
2026-02-25 16:22:30,796 [INFO] E15 [040/177] | 0.009540 | 1.759038 |  40.0% |  90.0%
2026-02-25 16:22:43,540 [INFO] E15 [080/177] | 0.009765 | 3.101382 |  20.0% |  60.0%
2026-02-25 16:22:56,251 [INFO] E15 [120/177] | 0.009991 | 5.996603 |  60.0% |  80.0%
2026-02-25 16:23:08,946 [INFO] E15 [160/177] | 0.010216 | 4.598536 |  80.0% |  70.0%
2026-02-25 16:23:15,749 [INFO] 🏁 Epoch 015 | REALITY P@5: 35.9% | P@10: 59.3%
2026-02-25 16:23:28,648 [INFO] E16 [040/177] | 0.010538 | 5.155610 |  40.0% |  70.0%
2026-02-25 16:23:41,547 [INFO] E16 [080/177] | 0.010764 | 5.797532 |  60.0% |  70.0%
2026-02-25 16:23:54,931 [INFO] E16 [120/177] | 0.010990 | 12.066695 |  20.0% |  50.0%
2026-02-25 16:24:08,387 [INFO] E16 [160/177] | 0.011215 | 5.105139 |  40.0% |  70.0%
2026-02-25 16:24:15,525 [INFO] 🏁 Epoch 016 | REALITY P@5: 37.6% | P@10: 59.6%
2026-02-25 16:24:15,533 [INFO] 🏆 NOVO RECORDE RMF (P@5): 37.6% | (P@10): 59.6%
2026-02-25 16:24:29,181 [INFO] E17 [040/177] | 0.011536 | 1.398352 |  20.0% |  60.0%
2026-02-25 16:24:42,609 [INFO] E17 [080/177] | 0.011760 | 3.686780 |  20.0% |  40.0%
2026-02-25 16:24:48,949 [INFO] E17 [120/177] | 0.011983 | 6.214058 |  60.0% | 100.0%
2026-02-25 16:24:55,260 [INFO] E17 [160/177] | 0.012205 | 7.471240 |  60.0% |  90.0%
2026-02-25 16:24:59,426 [INFO] 🏁 Epoch 017 | REALITY P@5: 61.6% | P@10: 90.7%
2026-02-25 16:24:59,434 [INFO] 🏆 NOVO RECORDE RMF (P@5): 61.6% | (P@10): 90.7%
2026-02-25 16:25:05,831 [INFO] E18 [040/177] | 0.012520 | 11.587211 |  20.0% |  70.0%
2026-02-25 16:25:11,778 [INFO] E18 [080/177] | 0.012740 | 10.354364 |  40.0% | 100.0%
2026-02-25 16:25:17,457 [INFO] E18 [120/177] | 0.012959 | 9.815461 |  40.0% |  90.0%
2026-02-25 16:25:23,008 [INFO] E18 [160/177] | 0.013176 | 8.950149 |  40.0% | 100.0%
2026-02-25 16:25:26,462 [INFO] 🏁 Epoch 018 | REALITY P@5: 61.6% | P@10: 90.7%
2026-02-25 16:25:31,678 [INFO] E19 [040/177] | 0.013482 | 9.196390 |  80.0% | 100.0%
2026-02-25 16:25:37,037 [INFO] E19 [080/177] | 0.013695 | 10.443494 |  60.0% |  90.0%
2026-02-25 16:25:42,427 [INFO] E19 [120/177] | 0.013907 | 5.832414 |  40.0% |  90.0%
2026-02-25 16:25:47,835 [INFO] E19 [160/177] | 0.014116 | 11.593990 |  40.0% |  90.0%
2026-02-25 16:25:51,371 [INFO] 🏁 Epoch 019 | REALITY P@5: 61.6% | P@10: 90.7%
2026-02-25 16:25:56,840 [INFO] E20 [040/177] | 0.014411 | 10.135790 |  60.0% | 100.0%
2026-02-25 16:26:02,337 [INFO] E20 [080/177] | 0.014615 | 5.844381 |  60.0% |  90.0%
2026-02-25 16:26:08,007 [INFO] E20 [120/177] | 0.014817 | 11.109518 |  60.0% |  90.0%
2026-02-25 16:26:13,840 [INFO] E20 [160/177] | 0.015016 | 5.813503 | 100.0% | 100.0%
2026-02-25 16:26:17,718 [INFO] 🏁 Epoch 020 | REALITY P@5: 61.6% | P@10: 90.7%
2026-02-25 16:26:23,735 [INFO] E21 [040/177] | 0.015296 | 9.138204 |  20.0% |  80.0%
2026-02-25 16:26:29,815 [INFO] E21 [080/177] | 0.015489 | 5.810875 |  60.0% |  90.0%
2026-02-25 16:26:35,801 [INFO] E21 [120/177] | 0.015679 | 4.891417 |  60.0% |  90.0%
2026-02-25 16:26:41,704 [INFO] E21 [160/177] | 0.015866 | 7.872901 |  40.0% | 100.0%
2026-02-25 16:26:45,570 [INFO] 🏁 Epoch 021 | REALITY P@5: 61.6% | P@10: 90.7%
2026-02-25 16:26:51,585 [INFO] E22 [040/177] | 0.016128 | 5.200331 |  40.0% | 100.0%
2026-02-25 16:26:57,673 [INFO] E22 [080/177] | 0.016308 | 6.690118 |  60.0% | 100.0%
2026-02-25 16:27:03,742 [INFO] E22 [120/177] | 0.016484 | 9.784283 |  40.0% | 100.0%
2026-02-25 16:27:10,026 [INFO] E22 [160/177] | 0.016657 | 6.401382 |  60.0% |  90.0%
2026-02-25 16:27:14,006 [INFO] 🏁 Epoch 022 | REALITY P@5: 61.6% | P@10: 90.7%
2026-02-25 16:27:20,331 [INFO] E23 [040/177] | 0.016898 | 10.151411 |  40.0% |  90.0%
2026-02-25 16:27:26,776 [INFO] E23 [080/177] | 0.017062 | 9.577883 |  40.0% |  90.0%
2026-02-25 16:27:33,156 [INFO] E23 [120/177] | 0.017223 | 9.311007 |  20.0% |  80.0%
2026-02-25 16:27:39,521 [INFO] E23 [160/177] | 0.017380 | 9.038048 |  60.0% | 100.0%
2026-02-25 16:27:43,470 [INFO] 🏁 Epoch 023 | REALITY P@5: 61.6% | P@10: 90.7%
2026-02-25 16:27:49,513 [INFO] E24 [040/177] | 0.017597 | 8.726050 |  60.0% | 100.0%
2026-02-25 16:27:55,274 [INFO] E24 [080/177] | 0.017745 | 7.963471 |  40.0% | 100.0%
2026-02-25 16:28:00,896 [INFO] E24 [120/177] | 0.017888 | 10.315779 |  40.0% |  90.0%
2026-02-25 16:28:06,376 [INFO] E24 [160/177] | 0.018027 | 7.426764 |  60.0% |  90.0%
2026-02-25 16:28:09,875 [INFO] 🏁 Epoch 024 | REALITY P@5: 61.6% | P@10: 90.7%
2026-02-25 16:28:15,284 [INFO] E25 [040/177] | 0.018219 | 9.301325 |  20.0% |  80.0%
2026-02-25 16:28:20,810 [INFO] E25 [080/177] | 0.018348 | 13.031329 |  40.0% |  80.0%
2026-02-25 16:28:26,245 [INFO] E25 [120/177] | 0.018472 | 6.062330 |  60.0% |  90.0%
2026-02-25 16:28:31,669 [INFO] E25 [160/177] | 0.018592 | 6.476343 |  40.0% | 100.0%
2026-02-25 16:28:35,223 [INFO] 🏁 Epoch 025 | REALITY P@5: 61.6% | P@10: 90.7%
2026-02-25 16:28:40,717 [INFO] E26 [040/177] | 0.018755 | 9.006380 |  40.0% |  90.0%
2026-02-25 16:28:46,234 [INFO] E26 [080/177] | 0.018864 | 9.937248 |  40.0% | 100.0%
2026-02-25 16:28:51,737 [INFO] E26 [120/177] | 0.018969 | 7.356548 |  60.0% |  90.0%
2026-02-25 16:28:57,308 [INFO] E26 [160/177] | 0.019068 | 10.885465 |  40.0% |  80.0%
2026-02-25 16:29:00,968 [INFO] 🏁 Epoch 026 | REALITY P@5: 61.6% | P@10: 90.7%
2026-02-25 16:29:06,636 [INFO] E27 [040/177] | 0.019202 | 19.814672 |   0.0% |  70.0%
2026-02-25 16:29:12,473 [INFO] E27 [080/177] | 0.019289 | 9.645885 |  40.0% |  90.0%
2026-02-25 16:29:18,280 [INFO] E27 [120/177] | 0.019372 | 10.267189 |  20.0% |  80.0%
2026-02-25 16:29:23,986 [INFO] E27 [160/177] | 0.019450 | 12.804647 |  20.0% |  80.0%
2026-02-25 16:29:27,684 [INFO] 🏁 Epoch 027 | REALITY P@5: 61.6% | P@10: 90.7%
2026-02-25 16:29:33,412 [INFO] E28 [040/177] | 0.019552 | 7.954157 |  60.0% |  90.0%
2026-02-25 16:29:39,182 [INFO] E28 [080/177] | 0.019618 | 7.307639 |  60.0% | 100.0%
2026-02-25 16:29:45,067 [INFO] E28 [120/177] | 0.019679 | 5.794337 |  80.0% | 100.0%
2026-02-25 16:29:50,919 [INFO] E28 [160/177] | 0.019734 | 6.714376 |  60.0% |  90.0%
2026-02-25 16:29:54,870 [INFO] 🏁 Epoch 028 | REALITY P@5: 61.6% | P@10: 90.7%
2026-02-25 16:30:00,918 [INFO] E29 [040/177] | 0.019804 | 6.326791 |  60.0% | 100.0%
2026-02-25 16:30:07,341 [INFO] E29 [080/177] | 0.019847 | 6.728430 |  60.0% |  90.0%
2026-02-25 16:30:13,463 [INFO] E29 [120/177] | 0.019884 | 8.882196 |  60.0% |  90.0%
2026-02-25 16:30:19,385 [INFO] E29 [160/177] | 0.019917 | 10.859866 |  60.0% |  90.0%
2026-02-25 16:30:23,236 [INFO] 🏁 Epoch 029 | REALITY P@5: 61.6% | P@10: 90.7%
2026-02-25 16:30:29,166 [INFO] E30 [040/177] | 0.019954 | 11.949233 |  20.0% |  70.0%
2026-02-25 16:30:35,366 [INFO] E30 [080/177] | 0.019973 | 6.688787 |  40.0% | 100.0%
2026-02-25 16:30:41,532 [INFO] E30 [120/177] | 0.019987 | 9.328349 |  40.0% |  90.0%
2026-02-25 16:30:47,811 [INFO] E30 [160/177] | 0.019996 | 7.059396 |  60.0% |  80.0%
2026-02-25 16:30:51,919 [INFO] 🏁 Epoch 030 | REALITY P@5: 61.6% | P@10: 90.7%
2026-02-25 16:30:58,189 [INFO] E31 [040/177] | 0.020000 | 7.016221 |  20.0% |  80.0%
2026-02-25 16:31:04,201 [INFO] E31 [080/177] | 0.019999 | 10.968993 |  40.0% |  90.0%
2026-02-25 16:31:09,936 [INFO] E31 [120/177] | 0.019997 | 10.406705 |  20.0% |  80.0%
2026-02-25 16:31:15,579 [INFO] E31 [160/177] | 0.019995 | 10.039566 |  20.0% |  80.0%
2026-02-25 16:31:19,136 [INFO] 🏁 Epoch 031 | REALITY P@5: 61.6% | P@10: 90.7%
2026-02-25 16:31:24,519 [INFO] E32 [040/177] | 0.019989 | 10.148291 |  40.0% |  90.0%
2026-02-25 16:31:29,801 [INFO] E32 [080/177] | 0.019984 | 8.503123 |  40.0% |  90.0%
2026-02-25 16:31:35,345 [INFO] E32 [120/177] | 0.019977 | 11.470335 |  40.0% |  90.0%
2026-02-25 16:31:40,803 [INFO] E32 [160/177] | 0.019970 | 5.628308 |  80.0% | 100.0%
2026-02-25 16:31:44,394 [INFO] 🏁 Epoch 032 | REALITY P@5: 61.6% | P@10: 90.7%
2026-02-25 16:31:49,797 [INFO] E33 [040/177] | 0.019958 | 9.092196 |  40.0% |  90.0%
2026-02-25 16:31:55,442 [INFO] E33 [080/177] | 0.019948 | 11.912311 |  40.0% |  80.0%
2026-02-25 16:32:01,047 [INFO] E33 [120/177] | 0.019937 | 4.857330 |  80.0% | 100.0%
2026-02-25 16:32:06,611 [INFO] E33 [160/177] | 0.019926 | 8.797194 |  60.0% |  90.0%
2026-02-25 16:32:10,317 [INFO] 🏁 Epoch 033 | REALITY P@5: 61.6% | P@10: 90.7%
2026-02-25 16:32:16,023 [INFO] E34 [040/177] | 0.019907 | 7.044836 |  60.0% | 100.0%
2026-02-25 16:32:21,819 [INFO] E34 [080/177] | 0.019893 | 7.615954 |  60.0% |  90.0%
2026-02-25 16:32:27,606 [INFO] E34 [120/177] | 0.019878 | 9.086660 |  60.0% |  90.0%
2026-02-25 16:32:33,488 [INFO] E34 [160/177] | 0.019861 | 8.732258 |  40.0% |  90.0%
2026-02-25 16:32:37,254 [INFO] 🏁 Epoch 034 | REALITY P@5: 61.6% | P@10: 90.7%
2026-02-25 16:32:43,197 [INFO] E35 [040/177] | 0.019837 | 6.371885 |  40.0% |  90.0%
2026-02-25 16:32:49,056 [INFO] E35 [080/177] | 0.019818 | 10.467072 |  40.0% |  90.0%
2026-02-25 16:32:55,009 [INFO] E35 [120/177] | 0.019798 | 9.243174 |  80.0% | 100.0%
2026-02-25 16:33:01,036 [INFO] E35 [160/177] | 0.019778 | 14.725975 |  20.0% |  90.0%
2026-02-25 16:33:04,941 [INFO] 🏁 Epoch 035 | REALITY P@5: 61.6% | P@10: 90.7%
2026-02-25 16:33:11,073 [INFO] E36 [040/177] | 0.019746 | 10.105751 |  60.0% |  90.0%
2026-02-25 16:33:17,247 [INFO] E36 [080/177] | 0.019723 | 12.982421 |  20.0% |  90.0%
2026-02-25 16:33:23,330 [INFO] E36 [120/177] | 0.019699 | 9.061931 |  60.0% | 100.0%
2026-02-25 16:33:29,195 [INFO] E36 [160/177] | 0.019674 | 8.210495 |  60.0% |  90.0%
2026-02-25 16:33:32,984 [INFO] 🏁 Epoch 036 | REALITY P@5: 61.6% | P@10: 90.7%
2026-02-25 16:33:38,578 [INFO] E37 [040/177] | 0.019637 | 7.563978 |  40.0% |  80.0%
2026-02-25 16:33:43,967 [INFO] E37 [080/177] | 0.019610 | 7.294797 |  60.0% |  90.0%
2026-02-25 16:33:49,308 [INFO] E37 [120/177] | 0.019581 | 4.490247 |  60.0% | 100.0%
2026-02-25 16:33:54,636 [INFO] E37 [160/177] | 0.019552 | 9.519897 |  20.0% |  80.0%
2026-02-25 16:33:58,083 [INFO] 🏁 Epoch 037 | REALITY P@5: 61.6% | P@10: 90.7%
2026-02-25 16:34:03,606 [INFO] E38 [040/177] | 0.019508 | 5.151546 |  80.0% | 100.0%
2026-02-25 16:34:09,126 [INFO] E38 [080/177] | 0.019477 | 11.567351 |  80.0% | 100.0%
2026-02-25 16:34:14,584 [INFO] E38 [120/177] | 0.019444 | 10.060105 |  20.0% |  80.0%
2026-02-25 16:34:20,204 [INFO] E38 [160/177] | 0.019410 | 10.943386 |  40.0% |  80.0%
2026-02-25 16:34:23,786 [INFO] 🏁 Epoch 038 | REALITY P@5: 61.6% | P@10: 90.7%
2026-02-25 16:34:29,375 [INFO] E39 [040/177] | 0.019361 | 7.950842 |  60.0% |  90.0%
2026-02-25 16:34:35,109 [INFO] E39 [080/177] | 0.019325 | 8.639496 |  20.0% |  70.0%
2026-02-25 16:34:40,918 [INFO] E39 [120/177] | 0.019288 | 8.308658 |  80.0% | 100.0%
2026-02-25 16:34:46,626 [INFO] E39 [160/177] | 0.019250 | 8.801913 |  60.0% |  90.0%
2026-02-25 16:34:50,350 [INFO] 🏁 Epoch 039 | REALITY P@5: 61.6% | P@10: 90.7%
2026-02-25 16:34:56,117 [INFO] E40 [040/177] | 0.019194 | 7.705374 |  60.0% | 100.0%
2026-02-25 16:35:01,924 [INFO] E40 [080/177] | 0.019154 | 7.652562 |  40.0% |  90.0%
2026-02-25 16:35:07,932 [INFO] E40 [120/177] | 0.019113 | 9.916295 |  40.0% |  90.0%
2026-02-25 16:35:13,867 [INFO] E40 [160/177] | 0.019071 | 9.000984 |  40.0% | 100.0%
2026-02-25 16:35:17,781 [INFO] 🏁 Epoch 040 | REALITY P@5: 61.6% | P@10: 90.7%
2026-02-25 16:35:23,855 [INFO] E41 [040/177] | 0.019010 | 8.493178 |  40.0% |  80.0%
2026-02-25 16:35:30,141 [INFO] E41 [080/177] | 0.018965 | 10.737053 |  20.0% |  90.0%
2026-02-25 16:35:36,302 [INFO] E41 [120/177] | 0.018920 | 6.747247 |  80.0% | 100.0%
2026-02-25 16:35:42,404 [INFO] E41 [160/177] | 0.018874 | 10.266921 |  20.0% |  70.0%
2026-02-25 16:35:46,431 [INFO] 🏁 Epoch 041 | REALITY P@5: 61.6% | P@10: 90.7%
2026-02-25 16:35:52,320 [INFO] E42 [040/177] | 0.018807 | 9.024303 |  40.0% |  90.0%
2026-02-25 16:35:58,095 [INFO] E42 [080/177] | 0.018759 | 8.436970 |  60.0% |  90.0%
2026-02-25 16:36:03,668 [INFO] E42 [120/177] | 0.018710 | 9.395361 |  40.0% |  80.0%
2026-02-25 16:36:09,201 [INFO] E42 [160/177] | 0.018660 | 8.168217 |  40.0% |  90.0%
2026-02-25 16:36:12,706 [INFO] 🏁 Epoch 042 | REALITY P@5: 61.6% | P@10: 90.7%
2026-02-25 16:36:18,097 [INFO] E43 [040/177] | 0.018587 | 7.304173 |  40.0% | 100.0%
2026-02-25 16:36:23,477 [INFO] E43 [080/177] | 0.018535 | 6.772823 |  60.0% | 100.0%
2026-02-25 16:36:28,913 [INFO] E43 [120/177] | 0.018482 | 7.604963 |  40.0% |  90.0%
2026-02-25 16:36:34,412 [INFO] E43 [160/177] | 0.018428 | 9.293087 |  40.0% | 100.0%
2026-02-25 16:36:37,985 [INFO] 🏁 Epoch 043 | REALITY P@5: 61.6% | P@10: 90.7%
2026-02-25 16:36:43,721 [INFO] E44 [040/177] | 0.018350 | 3.635925 |  80.0% | 100.0%
2026-02-25 16:36:49,396 [INFO] E44 [080/177] | 0.018294 | 12.394571 |  20.0% |  80.0%
2026-02-25 16:36:55,110 [INFO] E44 [120/177] | 0.018237 | 12.334081 |  40.0% |  90.0%
2026-02-25 16:37:00,741 [INFO] E44 [160/177] | 0.018180 | 9.822276 |  40.0% |  80.0%
2026-02-25 16:37:04,462 [INFO] 🏁 Epoch 044 | REALITY P@5: 61.6% | P@10: 90.7%
2026-02-25 16:37:10,187 [INFO] E45 [040/177] | 0.018096 | 9.913645 |  40.0% |  90.0%
2026-02-25 16:37:15,961 [INFO] E45 [080/177] | 0.018036 | 6.438313 |  60.0% | 100.0%
2026-02-25 16:37:21,767 [INFO] E45 [120/177] | 0.017976 | 10.512508 |  40.0% |  80.0%
2026-02-25 16:37:27,543 [INFO] E45 [160/177] | 0.017915 | 14.865503 |  60.0% | 100.0%
2026-02-25 16:37:31,437 [INFO] 🏁 Epoch 045 | REALITY P@5: 61.6% | P@10: 90.7%
2026-02-25 16:37:37,428 [INFO] E46 [040/177] | 0.017826 | 10.748668 |  20.0% |  80.0%
2026-02-25 16:37:43,462 [INFO] E46 [080/177] | 0.017763 | 7.441312 |  40.0% |  90.0%
2026-02-25 16:37:49,571 [INFO] E46 [120/177] | 0.017699 | 8.158723 |  20.0% |  80.0%
2026-02-25 16:37:55,683 [INFO] E46 [160/177] | 0.017634 | 10.951133 |  40.0% |  90.0%
2026-02-25 16:37:59,759 [INFO] 🏁 Epoch 046 | REALITY P@5: 61.6% | P@10: 90.7%
2026-02-25 16:38:05,882 [INFO] E47 [040/177] | 0.017541 | 8.951730 |  60.0% | 100.0%
2026-02-25 16:38:12,213 [INFO] E47 [080/177] | 0.017474 | 6.684775 |  60.0% | 100.0%
2026-02-25 16:38:18,150 [INFO] E47 [120/177] | 0.017407 | 12.424792 |  20.0% |  80.0%
2026-02-25 16:38:23,867 [INFO] E47 [160/177] | 0.017339 | 6.397157 |  20.0% |  80.0%
2026-02-25 16:38:27,465 [INFO] 🏁 Epoch 047 | REALITY P@5: 61.6% | P@10: 90.7%
2026-02-25 16:38:32,802 [INFO] E48 [040/177] | 0.017240 | 3.460350 |  80.0% |  90.0%
2026-02-25 16:38:38,109 [INFO] E48 [080/177] | 0.017170 | 7.037741 |  60.0% | 100.0%
2026-02-25 16:38:43,276 [INFO] E48 [120/177] | 0.017100 | 10.106778 |  40.0% |  90.0%
2026-02-25 16:38:48,409 [INFO] E48 [160/177] | 0.017028 | 11.094424 |  40.0% |  90.0%
2026-02-25 16:38:51,747 [INFO] 🏁 Epoch 048 | REALITY P@5: 61.6% | P@10: 90.7%
2026-02-25 16:38:57,013 [INFO] E49 [040/177] | 0.016925 | 9.827112 |  40.0% |  80.0%
2026-02-25 16:39:02,208 [INFO] E49 [080/177] | 0.016852 | 13.435806 |  40.0% |  90.0%
2026-02-25 16:39:07,428 [INFO] E49 [120/177] | 0.016778 | 9.208219 |  40.0% |  80.0%
2026-02-25 16:39:12,743 [INFO] E49 [160/177] | 0.016704 | 9.865134 |  20.0% |  80.0%
2026-02-25 16:39:16,256 [INFO] 🏁 Epoch 049 | REALITY P@5: 61.6% | P@10: 90.7%
2026-02-25 16:39:21,498 [INFO] E50 [040/177] | 0.016596 | 6.896050 |  60.0% | 100.0%
2026-02-25 16:39:26,928 [INFO] E50 [080/177] | 0.016520 | 10.872548 |  20.0% |  90.0%
2026-02-25 16:39:32,329 [INFO] E50 [120/177] | 0.016444 | 11.032749 |  20.0% |  80.0%
2026-02-25 16:39:37,922 [INFO] E50 [160/177] | 0.016366 | 13.028320 |  40.0% |  80.0%
2026-02-25 16:39:41,455 [INFO] 🏁 Epoch 050 | REALITY P@5: 61.6% | P@10: 90.7%
2026-02-25 16:39:46,975 [INFO] E51 [040/177] | 0.016255 | 6.934628 |  40.0% |  90.0%
2026-02-25 16:39:52,550 [INFO] E51 [080/177] | 0.016176 | 7.057379 |  80.0% | 100.0%
2026-02-25 16:39:58,146 [INFO] E51 [120/177] | 0.016096 | 9.166462 |  40.0% | 100.0%
2026-02-25 16:40:03,830 [INFO] E51 [160/177] | 0.016016 | 2.998143 |  80.0% | 100.0%
2026-02-25 16:40:07,533 [INFO] 🏁 Epoch 051 | REALITY P@5: 61.6% | P@10: 90.7%
2026-02-25 16:40:13,308 [INFO] E52 [040/177] | 0.015900 | 5.300220 |  80.0% | 100.0%
2026-02-25 16:40:19,083 [INFO] E52 [080/177] | 0.015819 | 9.407022 |  40.0% |  90.0%
2026-02-25 16:40:24,756 [INFO] E52 [120/177] | 0.015736 | 3.902137 |  80.0% | 100.0%
2026-02-25 16:40:30,556 [INFO] E52 [160/177] | 0.015653 | 8.842860 |  80.0% | 100.0%
2026-02-25 16:40:34,383 [INFO] 🏁 Epoch 052 | REALITY P@5: 61.6% | P@10: 90.7%
2026-02-25 16:40:40,164 [INFO] E53 [040/177] | 0.015534 | 6.694377 |  40.0% |  90.0%
2026-02-25 16:40:46,098 [INFO] E53 [080/177] | 0.015450 | 7.208174 |  60.0% | 100.0%
2026-02-25 16:40:52,143 [INFO] E53 [120/177] | 0.015365 | 6.447445 |  40.0% |  90.0%
2026-02-25 16:40:58,106 [INFO] E53 [160/177] | 0.015280 | 7.982631 |  80.0% | 100.0%
2026-02-25 16:41:02,087 [INFO] 🏁 Epoch 053 | REALITY P@5: 61.6% | P@10: 90.7%
2026-02-25 16:41:08,118 [INFO] E54 [040/177] | 0.015157 | 8.884310 |  40.0% |  90.0%
2026-02-25 16:41:14,266 [INFO] E54 [080/177] | 0.015070 | 8.385760 |  60.0% |  90.0%
2026-02-25 16:41:20,600 [INFO] E54 [120/177] | 0.014983 | 7.906438 |  60.0% |  90.0%
2026-02-25 16:41:26,886 [INFO] E54 [160/177] | 0.014896 | 13.545511 |  40.0% |  80.0%
2026-02-25 16:41:30,919 [INFO] 🏁 Epoch 054 | REALITY P@5: 61.6% | P@10: 90.7%
2026-02-25 16:41:36,816 [INFO] E55 [040/177] | 0.014770 | 6.022599 |  60.0% | 100.0%
2026-02-25 16:41:42,518 [INFO] E55 [080/177] | 0.014681 | 6.579830 |  40.0% |  90.0%
2026-02-25 16:41:47,990 [INFO] E55 [120/177] | 0.014592 | 10.182426 |  40.0% |  80.0%
2026-02-25 16:41:53,292 [INFO] E55 [160/177] | 0.014502 | 5.492883 |  60.0% |  90.0%
2026-02-25 16:41:56,751 [INFO] 🏁 Epoch 055 | REALITY P@5: 61.6% | P@10: 90.7%
2026-02-25 16:42:01,890 [INFO] E56 [040/177] | 0.014373 | 12.011784 |  40.0% |  90.0%
2026-02-25 16:42:07,091 [INFO] E56 [080/177] | 0.014282 | 9.010485 |  20.0% |  80.0%
2026-02-25 16:42:12,314 [INFO] E56 [120/177] | 0.014191 | 9.206805 |  60.0% | 100.0%
2026-02-25 16:42:17,469 [INFO] E56 [160/177] | 0.014099 | 5.074741 |  60.0% |  90.0%
2026-02-25 16:42:20,872 [INFO] 🏁 Epoch 056 | REALITY P@5: 61.6% | P@10: 90.7%
2026-02-25 16:42:26,088 [INFO] E57 [040/177] | 0.013967 | 8.367616 |  60.0% | 100.0%
2026-02-25 16:42:31,353 [INFO] E57 [080/177] | 0.013875 | 6.615703 |  60.0% |  90.0%
2026-02-25 16:42:36,660 [INFO] E57 [120/177] | 0.013781 | 7.667262 |  40.0% |  90.0%
2026-02-25 16:42:41,991 [INFO] E57 [160/177] | 0.013688 | 6.086736 |  60.0% | 100.0%
2026-02-25 16:42:45,459 [INFO] 🏁 Epoch 057 | REALITY P@5: 61.6% | P@10: 90.7%
2026-02-25 16:42:50,867 [INFO] E58 [040/177] | 0.013554 | 6.552314 |  40.0% |  90.0%
2026-02-25 16:42:56,339 [INFO] E58 [080/177] | 0.013459 | 5.872437 |  60.0% | 100.0%
2026-02-25 16:43:01,780 [INFO] E58 [120/177] | 0.013365 | 10.251362 |  60.0% | 100.0%
2026-02-25 16:43:07,306 [INFO] E58 [160/177] | 0.013269 | 8.802760 |  20.0% |  80.0%
2026-02-25 16:43:10,922 [INFO] 🏁 Epoch 058 | REALITY P@5: 61.6% | P@10: 90.7%
2026-02-25 16:43:16,476 [INFO] E59 [040/177] | 0.013133 | 6.095596 |  60.0% |  90.0%
2026-02-25 16:43:22,080 [INFO] E59 [080/177] | 0.013037 | 10.354248 |  40.0% | 100.0%
2026-02-25 16:43:27,642 [INFO] E59 [120/177] | 0.012941 | 3.785585 |  80.0% | 100.0%
2026-02-25 16:43:33,415 [INFO] E59 [160/177] | 0.012845 | 8.340190 |  60.0% |  90.0%
2026-02-25 16:43:37,086 [INFO] 🏁 Epoch 059 | REALITY P@5: 61.6% | P@10: 90.7%
2026-02-25 16:43:42,724 [INFO] E60 [040/177] | 0.012707 | 7.110310 |  40.0% |  90.0%
2026-02-25 16:43:48,484 [INFO] E60 [080/177] | 0.012609 | 5.541527 |  60.0% |  90.0%
2026-02-25 16:43:54,350 [INFO] E60 [120/177] | 0.012512 | 6.239405 |  40.0% |  80.0%
2026-02-25 16:44:00,492 [INFO] E60 [160/177] | 0.012414 | 0.444751 |   0.0% |   0.0%
2026-02-25 16:44:04,278 [INFO] 🏁 Epoch 060 | REALITY P@5: 61.6% | P@10: 90.7%
2026-02-25 16:44:10,201 [INFO] E61 [040/177] | 0.012274 | 7.508918 |  60.0% |  80.0%
2026-02-25 16:44:16,110 [INFO] E61 [080/177] | 0.012176 | 8.997374 |  20.0% |  70.0%
2026-02-25 16:44:22,191 [INFO] E61 [120/177] | 0.012078 | 7.881936 |  80.0% | 100.0%
2026-02-25 16:44:28,237 [INFO] E61 [160/177] | 0.011979 | 9.558966 |  20.0% |  90.0%
2026-02-25 16:44:32,260 [INFO] 🏁 Epoch 061 | REALITY P@5: 61.6% | P@10: 90.7%
2026-02-25 16:44:38,322 [INFO] E62 [040/177] | 0.011838 | 6.588761 |  60.0% |  90.0%
2026-02-25 16:44:44,463 [INFO] E62 [080/177] | 0.011738 | 6.857030 |  40.0% |  90.0%
2026-02-25 16:44:50,684 [INFO] E62 [120/177] | 0.011639 | 10.490254 |  40.0% |  80.0%
2026-02-25 16:44:56,964 [INFO] E62 [160/177] | 0.011539 | 11.560206 |  80.0% | 100.0%
2026-02-25 16:45:01,036 [INFO] 🏁 Epoch 062 | REALITY P@5: 61.6% | P@10: 90.7%
2026-02-25 16:45:06,926 [INFO] E63 [040/177] | 0.011397 | 6.872252 |  60.0% | 100.0%
2026-02-25 16:45:12,766 [INFO] E63 [080/177] | 0.011297 | 6.152426 |  60.0% | 100.0%
2026-02-25 16:45:18,292 [INFO] E63 [120/177] | 0.011197 | 7.725686 |  60.0% | 100.0%
2026-02-25 16:45:23,550 [INFO] E63 [160/177] | 0.011097 | 8.534378 |  40.0% |  90.0%
2026-02-25 16:45:26,959 [INFO] 🏁 Epoch 063 | REALITY P@5: 61.6% | P@10: 90.7%
2026-02-25 16:45:32,135 [INFO] E64 [040/177] | 0.010954 | 9.377170 |  60.0% |  90.0%
2026-02-25 16:45:37,458 [INFO] E64 [080/177] | 0.010854 | 12.578676 |  20.0% |  90.0%
2026-02-25 16:45:42,734 [INFO] E64 [120/177] | 0.010753 | 4.580108 | 100.0% | 100.0%
2026-02-25 16:45:47,920 [INFO] E64 [160/177] | 0.010653 | 9.366085 |  20.0% |  70.0%
2026-02-25 16:45:51,345 [INFO] 🏁 Epoch 064 | REALITY P@5: 61.6% | P@10: 90.7%
2026-02-25 16:45:56,693 [INFO] E65 [040/177] | 0.010509 | 17.923374 |  20.0% |  80.0%
2026-02-25 16:46:01,986 [INFO] E65 [080/177] | 0.010408 | 12.773493 |  60.0% |  90.0%
2026-02-25 16:46:07,372 [INFO] E65 [120/177] | 0.010308 | 9.308489 |  20.0% |  80.0%
2026-02-25 16:46:12,749 [INFO] E65 [160/177] | 0.010207 | 8.797445 |  60.0% | 100.0%
2026-02-25 16:46:16,330 [INFO] 🏁 Epoch 065 | REALITY P@5: 61.6% | P@10: 90.7%
2026-02-25 16:46:21,774 [INFO] E66 [040/177] | 0.010063 | 6.621050 |  40.0% | 100.0%
2026-02-25 16:46:27,195 [INFO] E66 [080/177] | 0.009962 | 10.554829 |  80.0% | 100.0%
2026-02-25 16:46:32,720 [INFO] E66 [120/177] | 0.009861 | 9.577523 |  40.0% |  90.0%
2026-02-25 16:46:38,217 [INFO] E66 [160/177] | 0.009761 | 5.199592 |  80.0% | 100.0%
2026-02-25 16:46:41,938 [INFO] 🏁 Epoch 066 | REALITY P@5: 61.6% | P@10: 90.7%
2026-02-25 16:46:47,492 [INFO] E67 [040/177] | 0.009617 | 6.317229 |  60.0% | 100.0%
2026-02-25 16:46:53,111 [INFO] E67 [080/177] | 0.009516 | 10.082610 |  60.0% | 100.0%
2026-02-25 16:46:58,760 [INFO] E67 [120/177] | 0.009415 | 7.619570 |  60.0% | 100.0%
2026-02-25 16:47:04,405 [INFO] E67 [160/177] | 0.009315 | 10.647182 |  40.0% | 100.0%
2026-02-25 16:47:08,159 [INFO] 🏁 Epoch 067 | REALITY P@5: 61.6% | P@10: 90.7%
2026-02-25 16:47:13,911 [INFO] E68 [040/177] | 0.009171 | 9.331572 |  40.0% |  70.0%
2026-02-25 16:47:19,812 [INFO] E68 [080/177] | 0.009071 | 8.687411 |  40.0% | 100.0%
2026-02-25 16:47:25,559 [INFO] E68 [120/177] | 0.008971 | 13.635249 |  20.0% |  80.0%
2026-02-25 16:47:31,395 [INFO] E68 [160/177] | 0.008870 | 7.950737 |  80.0% | 100.0%
2026-02-25 16:47:35,202 [INFO] 🏁 Epoch 068 | REALITY P@5: 61.6% | P@10: 90.7%
2026-02-25 16:47:40,999 [INFO] E69 [040/177] | 0.008728 | 6.504850 |  60.0% | 100.0%
2026-02-25 16:47:46,923 [INFO] E69 [080/177] | 0.008628 | 4.818671 |  80.0% | 100.0%
2026-02-25 16:47:52,986 [INFO] E69 [120/177] | 0.008528 | 17.005722 |  40.0% |  90.0%
2026-02-25 16:47:59,038 [INFO] E69 [160/177] | 0.008428 | 6.919634 |  60.0% | 100.0%
2026-02-25 16:48:03,057 [INFO] 🏁 Epoch 069 | REALITY P@5: 61.6% | P@10: 90.7%
2026-02-25 16:48:09,169 [INFO] E70 [040/177] | 0.008286 | 11.877061 |  20.0% |  80.0%
2026-02-25 16:48:15,347 [INFO] E70 [080/177] | 0.008187 | 3.965462 |  60.0% |  80.0%
2026-02-25 16:48:21,498 [INFO] E70 [120/177] | 0.008088 | 8.206901 |  40.0% |  90.0%
2026-02-25 16:48:27,225 [INFO] E70 [160/177] | 0.007989 | 7.074690 |  60.0% | 100.0%
2026-02-25 16:48:30,882 [INFO] 🏁 Epoch 070 | REALITY P@5: 61.6% | P@10: 90.7%
2026-02-25 16:48:36,429 [INFO] E71 [040/177] | 0.007849 | 13.226171 |  40.0% |  90.0%
2026-02-25 16:48:41,856 [INFO] E71 [080/177] | 0.007750 | 9.137106 |  80.0% | 100.0%
2026-02-25 16:48:47,216 [INFO] E71 [120/177] | 0.007652 | 6.588925 |  20.0% |  80.0%
2026-02-25 16:48:52,414 [INFO] E71 [160/177] | 0.007554 | 3.023690 |  80.0% | 100.0%
2026-02-25 16:48:55,774 [INFO] 🏁 Epoch 071 | REALITY P@5: 61.6% | P@10: 90.7%
2026-02-25 16:49:01,019 [INFO] E72 [040/177] | 0.007415 | 5.153630 |  60.0% |  90.0%
2026-02-25 16:49:06,319 [INFO] E72 [080/177] | 0.007318 | 4.694532 |  80.0% | 100.0%
2026-02-25 16:49:11,599 [INFO] E72 [120/177] | 0.007221 | 6.645219 |  60.0% |  90.0%
2026-02-25 16:49:16,934 [INFO] E72 [160/177] | 0.007124 | 7.033114 |  40.0% |  90.0%
2026-02-25 16:49:20,487 [INFO] 🏁 Epoch 072 | REALITY P@5: 61.6% | P@10: 90.7%
2026-02-25 16:49:25,877 [INFO] E73 [040/177] | 0.006987 | 7.403004 |  60.0% |  90.0%
2026-02-25 16:49:31,386 [INFO] E73 [080/177] | 0.006891 | 8.971010 |  40.0% |  80.0%
2026-02-25 16:49:36,792 [INFO] E73 [120/177] | 0.006795 | 11.482383 |  60.0% |  80.0%
2026-02-25 16:49:42,197 [INFO] E73 [160/177] | 0.006700 | 7.991796 |  60.0% | 100.0%
2026-02-25 16:49:45,738 [INFO] 🏁 Epoch 073 | REALITY P@5: 61.6% | P@10: 90.7%
2026-02-25 16:49:51,246 [INFO] E74 [040/177] | 0.006564 | 10.126429 |  40.0% | 100.0%
2026-02-25 16:49:56,758 [INFO] E74 [080/177] | 0.006470 | 10.307877 |  40.0% |  80.0%
2026-02-25 16:50:02,300 [INFO] E74 [120/177] | 0.006376 | 11.049311 |  40.0% |  90.0%
2026-02-25 16:50:07,883 [INFO] E74 [160/177] | 0.006282 | 7.247805 |  40.0% |  90.0%
2026-02-25 16:50:11,612 [INFO] 🏁 Epoch 074 | REALITY P@5: 61.6% | P@10: 90.7%
2026-02-25 16:50:17,303 [INFO] E75 [040/177] | 0.006149 | 9.538473 |  40.0% |  90.0%
2026-02-25 16:50:23,055 [INFO] E75 [080/177] | 0.006056 | 9.385176 |  80.0% | 100.0%
2026-02-25 16:50:28,724 [INFO] E75 [120/177] | 0.005963 | 5.028781 |  60.0% | 100.0%
2026-02-25 16:50:34,446 [INFO] E75 [160/177] | 0.005871 | 13.014767 |  20.0% |  90.0%
2026-02-25 16:50:38,144 [INFO] 🏁 Epoch 075 | REALITY P@5: 61.6% | P@10: 90.7%
2026-02-25 16:50:43,942 [INFO] E76 [040/177] | 0.005741 | 8.472747 |   0.0% |  80.0%
2026-02-25 16:50:49,909 [INFO] E76 [080/177] | 0.005650 | 6.172899 |  60.0% | 100.0%
2026-02-25 16:50:55,686 [INFO] E76 [120/177] | 0.005559 | 7.484993 |  40.0% |  80.0%
2026-02-25 16:51:01,631 [INFO] E76 [160/177] | 0.005469 | 12.345603 |  20.0% |  80.0%
2026-02-25 16:51:05,499 [INFO] 🏁 Epoch 076 | REALITY P@5: 61.6% | P@10: 90.7%
2026-02-25 16:51:11,400 [INFO] E77 [040/177] | 0.005341 | 8.883593 |  60.0% | 100.0%
2026-02-25 16:51:17,420 [INFO] E77 [080/177] | 0.005252 | 8.508038 |  60.0% | 100.0%
2026-02-25 16:51:23,489 [INFO] E77 [120/177] | 0.005164 | 13.590612 |  40.0% |  90.0%
2026-02-25 16:51:29,748 [INFO] E77 [160/177] | 0.005076 | 8.334339 |  20.0% |  80.0%
2026-02-25 16:51:33,783 [INFO] 🏁 Epoch 077 | REALITY P@5: 61.6% | P@10: 90.7%
2026-02-25 16:51:39,985 [INFO] E78 [040/177] | 0.004951 | 17.283051 |  40.0% |  80.0%
2026-02-25 16:51:45,867 [INFO] E78 [080/177] | 0.004865 | 9.064004 |  60.0% | 100.0%
2026-02-25 16:51:51,630 [INFO] E78 [120/177] | 0.004778 | 6.680137 |  60.0% | 100.0%
2026-02-25 16:51:57,227 [INFO] E78 [160/177] | 0.004693 | 8.643027 |   0.0% |  90.0%
2026-02-25 16:52:00,754 [INFO] 🏁 Epoch 078 | REALITY P@5: 61.6% | P@10: 90.7%
2026-02-25 16:52:06,136 [INFO] E79 [040/177] | 0.004571 | 13.894617 |  40.0% |  90.0%
2026-02-25 16:52:11,636 [INFO] E79 [080/177] | 0.004487 | 6.405796 |  60.0% | 100.0%
2026-02-25 16:52:17,200 [INFO] E79 [120/177] | 0.004403 | 9.513760 |  20.0% |  80.0%
2026-02-25 16:52:22,754 [INFO] E79 [160/177] | 0.004320 | 6.923133 |  80.0% | 100.0%
2026-02-25 16:52:26,422 [INFO] 🏁 Epoch 079 | REALITY P@5: 61.6% | P@10: 90.7%
2026-02-25 16:52:32,047 [INFO] E80 [040/177] | 0.004202 | 6.697887 |  60.0% | 100.0%
2026-02-25 16:52:37,737 [INFO] E80 [080/177] | 0.004120 | 11.617049 |  20.0% |  70.0%
2026-02-25 16:52:43,391 [INFO] E80 [120/177] | 0.004039 | 9.565100 |  40.0% | 100.0%
2026-02-25 16:52:49,132 [INFO] E80 [160/177] | 0.003958 | 9.602618 |  40.0% | 100.0%
2026-02-25 16:52:52,940 [INFO] 🏁 Epoch 080 | REALITY P@5: 61.6% | P@10: 90.7%
2026-02-25 16:52:58,747 [INFO] E81 [040/177] | 0.003844 | 3.162226 |  80.0% | 100.0%
2026-02-25 16:53:04,480 [INFO] E81 [080/177] | 0.003765 | 7.804729 |  80.0% | 100.0%
2026-02-25 16:53:10,209 [INFO] E81 [120/177] | 0.003687 | 5.775873 |  60.0% | 100.0%
2026-02-25 16:53:16,019 [INFO] E81 [160/177] | 0.003609 | 10.443484 |  40.0% |  90.0%
2026-02-25 16:53:19,839 [INFO] 🏁 Epoch 081 | REALITY P@5: 61.6% | P@10: 90.7%
2026-02-25 16:53:25,800 [INFO] E82 [040/177] | 0.003499 | 6.778008 |  40.0% | 100.0%
2026-02-25 16:53:31,712 [INFO] E82 [080/177] | 0.003423 | 5.890959 |  80.0% | 100.0%
2026-02-25 16:53:37,738 [INFO] E82 [120/177] | 0.003347 | 5.413091 |  60.0% |  90.0%
2026-02-25 16:53:43,824 [INFO] E82 [160/177] | 0.003272 | 8.329122 |  40.0% |  90.0%
2026-02-25 16:53:47,830 [INFO] 🏁 Epoch 082 | REALITY P@5: 61.6% | P@10: 90.7%
2026-02-25 16:53:53,909 [INFO] E83 [040/177] | 0.003166 | 3.482166 |  80.0% | 100.0%
2026-02-25 16:53:59,851 [INFO] E83 [080/177] | 0.003093 | 7.733445 |  60.0% | 100.0%
2026-02-25 16:54:05,645 [INFO] E83 [120/177] | 0.003021 | 3.578449 |  80.0% | 100.0%
2026-02-25 16:54:11,248 [INFO] E83 [160/177] | 0.002949 | 9.839183 |  40.0% |  90.0%
2026-02-25 16:54:14,790 [INFO] 🏁 Epoch 083 | REALITY P@5: 61.6% | P@10: 90.7%
2026-02-25 16:54:20,062 [INFO] E84 [040/177] | 0.002847 | 6.750298 |  60.0% | 100.0%
2026-02-25 16:54:25,333 [INFO] E84 [080/177] | 0.002777 | 14.327153 |  20.0% |  90.0%
2026-02-25 16:54:30,633 [INFO] E84 [120/177] | 0.002708 | 7.216665 |  40.0% |  80.0%
2026-02-25 16:54:35,794 [INFO] E84 [160/177] | 0.002639 | 8.559475 |  60.0% |  90.0%
2026-02-25 16:54:39,137 [INFO] 🏁 Epoch 084 | REALITY P@5: 61.6% | P@10: 90.7%
2026-02-25 16:54:44,334 [INFO] E85 [040/177] | 0.002543 | 6.726175 |  60.0% | 100.0%
2026-02-25 16:54:49,552 [INFO] E85 [080/177] | 0.002476 | 13.041928 |  20.0% |  80.0%
2026-02-25 16:54:54,744 [INFO] E85 [120/177] | 0.002410 | 10.456728 |  60.0% |  90.0%
2026-02-25 16:55:00,152 [INFO] E85 [160/177] | 0.002345 | 14.334378 |   0.0% |  70.0%
2026-02-25 16:55:03,602 [INFO] 🏁 Epoch 085 | REALITY P@5: 61.6% | P@10: 90.7%
2026-02-25 16:55:08,929 [INFO] E86 [040/177] | 0.002253 | 10.570216 |  20.0% |  70.0%
2026-02-25 16:55:14,320 [INFO] E86 [080/177] | 0.002190 | 10.677290 |  40.0% |  90.0%
2026-02-25 16:55:19,690 [INFO] E86 [120/177] | 0.002127 | 9.737905 |  40.0% | 100.0%
2026-02-25 16:55:25,096 [INFO] E86 [160/177] | 0.002065 | 11.959840 |   0.0% |  80.0%
2026-02-25 16:55:28,712 [INFO] 🏁 Epoch 086 | REALITY P@5: 61.6% | P@10: 90.7%
2026-02-25 16:55:34,252 [INFO] E87 [040/177] | 0.001979 | 9.604125 |  40.0% |  90.0%
2026-02-25 16:55:39,903 [INFO] E87 [080/177] | 0.001919 | 5.777417 |  60.0% | 100.0%
2026-02-25 16:55:45,435 [INFO] E87 [120/177] | 0.001860 | 8.883183 |  20.0% |  70.0%
2026-02-25 16:55:51,032 [INFO] E87 [160/177] | 0.001802 | 4.614031 |  60.0% |  90.0%
2026-02-25 16:55:54,708 [INFO] 🏁 Epoch 087 | REALITY P@5: 61.6% | P@10: 90.7%
2026-02-25 16:56:00,292 [INFO] E88 [040/177] | 0.001720 | 6.616317 |  60.0% |  90.0%
2026-02-25 16:56:06,006 [INFO] E88 [080/177] | 0.001664 | 6.197097 |  60.0% |  90.0%
2026-02-25 16:56:11,734 [INFO] E88 [120/177] | 0.001609 | 8.152198 |  40.0% | 100.0%
2026-02-25 16:56:17,594 [INFO] E88 [160/177] | 0.001554 | 8.679215 |  40.0% |  90.0%
2026-02-25 16:56:21,518 [INFO] 🏁 Epoch 088 | REALITY P@5: 61.6% | P@10: 90.7%
2026-02-25 16:56:27,333 [INFO] E89 [040/177] | 0.001478 | 8.721739 |  20.0% |  90.0%
2026-02-25 16:56:33,067 [INFO] E89 [080/177] | 0.001426 | 6.536014 |  60.0% | 100.0%
2026-02-25 16:56:38,861 [INFO] E89 [120/177] | 0.001374 | 6.652524 |  60.0% |  90.0%
2026-02-25 16:56:44,690 [INFO] E89 [160/177] | 0.001324 | 8.256871 |  60.0% | 100.0%
2026-02-25 16:56:48,564 [INFO] 🏁 Epoch 089 | REALITY P@5: 61.6% | P@10: 90.7%
2026-02-25 16:56:54,539 [INFO] E90 [040/177] | 0.001253 | 8.199029 |  60.0% | 100.0%
2026-02-25 16:57:00,546 [INFO] E90 [080/177] | 0.001205 | 13.120220 |  40.0% |  90.0%
2026-02-25 16:57:06,816 [INFO] E90 [120/177] | 0.001157 | 9.439117 |  40.0% |  80.0%
2026-02-25 16:57:12,915 [INFO] E90 [160/177] | 0.001111 | 5.439387 |  60.0% |  90.0%
2026-02-25 16:57:16,950 [INFO] 🏁 Epoch 090 | REALITY P@5: 61.6% | P@10: 90.7%
2026-02-25 16:57:23,110 [INFO] E91 [040/177] | 0.001046 | 6.769804 |  60.0% |  90.0%
2026-02-25 16:57:29,069 [INFO] E91 [080/177] | 0.001001 | 10.779628 |  60.0% |  90.0%
2026-02-25 16:57:34,944 [INFO] E91 [120/177] | 0.000958 | 8.321457 |  20.0% |  80.0%
2026-02-25 16:57:40,514 [INFO] E91 [160/177] | 0.000915 | 7.209829 |  60.0% |  90.0%
2026-02-25 16:57:44,041 [INFO] 🏁 Epoch 091 | REALITY P@5: 61.6% | P@10: 90.7%
2026-02-25 16:57:49,301 [INFO] E92 [040/177] | 0.000856 | 8.676033 |  60.0% |  90.0%
2026-02-25 16:57:54,598 [INFO] E92 [080/177] | 0.000816 | 8.687510 |  80.0% | 100.0%
2026-02-25 16:57:59,843 [INFO] E92 [120/177] | 0.000776 | 2.750432 |  80.0% | 100.0%
2026-02-25 16:58:05,067 [INFO] E92 [160/177] | 0.000738 | 7.950853 |  80.0% | 100.0%
2026-02-25 16:58:08,519 [INFO] 🏁 Epoch 092 | REALITY P@5: 61.6% | P@10: 90.7%
2026-02-25 16:58:13,763 [INFO] E93 [040/177] | 0.000685 | 7.711799 |  40.0% |  80.0%
2026-02-25 16:58:19,029 [INFO] E93 [080/177] | 0.000648 | 9.530855 |  40.0% |  90.0%
2026-02-25 16:58:24,376 [INFO] E93 [120/177] | 0.000613 | 5.069774 |  80.0% | 100.0%
2026-02-25 16:58:29,729 [INFO] E93 [160/177] | 0.000579 | 9.228758 |  60.0% |  90.0%
2026-02-25 16:58:33,185 [INFO] 🏁 Epoch 093 | REALITY P@5: 61.6% | P@10: 90.7%
2026-02-25 16:58:38,508 [INFO] E94 [040/177] | 0.000532 | 19.013245 |   0.0% |  80.0%
2026-02-25 16:58:43,946 [INFO] E94 [080/177] | 0.000500 | 9.381671 |  40.0% | 100.0%
2026-02-25 16:58:49,334 [INFO] E94 [120/177] | 0.000469 | 6.867184 |  60.0% |  90.0%
2026-02-25 16:58:54,851 [INFO] E94 [160/177] | 0.000439 | 6.414266 |  80.0% | 100.0%
2026-02-25 16:58:58,423 [INFO] 🏁 Epoch 094 | REALITY P@5: 61.6% | P@10: 90.7%
2026-02-25 16:59:04,055 [INFO] E95 [040/177] | 0.000398 | 8.162874 |  40.0% |  80.0%
2026-02-25 16:59:09,668 [INFO] E95 [080/177] | 0.000370 | 15.226123 |  40.0% |  90.0%
2026-02-25 16:59:15,298 [INFO] E95 [120/177] | 0.000343 | 4.978688 |  80.0% | 100.0%
2026-02-25 16:59:20,911 [INFO] E95 [160/177] | 0.000318 | 10.107915 |  60.0% |  90.0%
2026-02-25 16:59:24,698 [INFO] 🏁 Epoch 095 | REALITY P@5: 61.6% | P@10: 90.7%
2026-02-25 16:59:30,300 [INFO] E96 [040/177] | 0.000283 | 8.667254 |  40.0% |  90.0%
2026-02-25 16:59:36,023 [INFO] E96 [080/177] | 0.000259 | 5.423798 |  40.0% |  90.0%
2026-02-25 16:59:41,715 [INFO] E96 [120/177] | 0.000237 | 10.382225 |  60.0% | 100.0%
2026-02-25 16:59:47,572 [INFO] E96 [160/177] | 0.000216 | 4.388606 |  40.0% |  70.0%
2026-02-25 16:59:51,322 [INFO] 🏁 Epoch 096 | REALITY P@5: 61.6% | P@10: 90.7%
2026-02-25 16:59:57,070 [INFO] E97 [040/177] | 0.000187 | 8.440204 |  20.0% |  90.0%
2026-02-25 17:00:02,886 [INFO] E97 [080/177] | 0.000168 | 11.416561 |  40.0% |  70.0%
2026-02-25 17:00:08,750 [INFO] E97 [120/177] | 0.000150 | 3.854981 |  80.0% | 100.0%
2026-02-25 17:00:14,888 [INFO] E97 [160/177] | 0.000133 | 8.008219 |  60.0% |  90.0%
2026-02-25 17:00:18,906 [INFO] 🏁 Epoch 097 | REALITY P@5: 61.6% | P@10: 90.7%
2026-02-25 17:00:25,062 [INFO] E98 [040/177] | 0.000111 | 5.901326 |  60.0% |  90.0%
2026-02-25 17:00:31,205 [INFO] E98 [080/177] | 0.000096 | 7.503999 |  60.0% | 100.0%
2026-02-25 17:00:37,521 [INFO] E98 [120/177] | 0.000083 | 7.993345 |  60.0% |  90.0%
2026-02-25 17:00:43,419 [INFO] E98 [160/177] | 0.000071 | 4.247619 |  80.0% | 100.0%
2026-02-25 17:00:47,181 [INFO] 🏁 Epoch 098 | REALITY P@5: 61.6% | P@10: 90.7%
2026-02-25 17:00:52,852 [INFO] E99 [040/177] | 0.000055 | 7.867100 |  80.0% | 100.0%
2026-02-25 17:00:58,422 [INFO] E99 [080/177] | 0.000045 | 6.764639 |  60.0% | 100.0%
2026-02-25 17:01:03,840 [INFO] E99 [120/177] | 0.000036 | 15.878172 |  20.0% |  90.0%
2026-02-25 17:01:09,258 [INFO] E99 [160/177] | 0.000028 | 5.477160 |  40.0% |  90.0%
2026-02-25 17:01:12,799 [INFO] 🏁 Epoch 099 | REALITY P@5: 61.6% | P@10: 90.7%
2026-02-25 17:01:18,227 [INFO] E100 [040/177] | 0.000018 | 10.434105 |  20.0% |  80.0%
2026-02-25 17:01:23,737 [INFO] E100 [080/177] | 0.000012 | 10.209038 |  40.0% |  90.0%
2026-02-25 17:01:29,273 [INFO] E100 [120/177] | 0.000008 | 13.195594 |  20.0% |  80.0%
2026-02-25 17:01:34,891 [INFO] E100 [160/177] | 0.000004 | 12.201898 |  20.0% |  80.0%
2026-02-25 17:01:38,578 [INFO] 🏁 Epoch 100 | REALITY P@5: 61.6% | P@10: 90.7%
