--- TREINO CVP v3.0: OTIMIZADO (LR=0.004, DO=0.45, RW=4.0) ---
[06:36:01] EP 01 | Step 0000 | Loss: 1.1283 | P@10: 30.0% | P@20: 25.0%
[06:36:16] EP 01 | Step 0100 | Loss: 0.4481 | P@10: 50.0% | P@20: 60.0%
[06:36:32] EP 01 | Step 0200 | Loss: 0.8308 | P@10: 30.0% | P@20: 55.0%
[06:36:48] EP 01 | Step 0300 | Loss: 1.0777 | P@10: 40.0% | P@20: 35.0%
[06:37:04] EP 01 | Step 0400 | Loss: 1.5532 | P@10: 20.0% | P@20: 30.0%
[06:37:20] EP 01 | Step 0500 | Loss: 1.0190 | P@10: 20.0% | P@20: 20.0%
[06:37:36] EP 01 | Step 0600 | Loss: 0.8047 | P@10: 50.0% | P@20: 55.0%
[06:37:52] EP 01 | Step 0700 | Loss: 1.0367 | P@10: 30.0% | P@20: 50.0%
[06:38:08] EP 01 | Step 0800 | Loss: 0.7015 | P@10: 40.0% | P@20: 60.0%
[06:38:24] EP 01 | Step 0900 | Loss: 0.7540 | P@10: 40.0% | P@20: 50.0%
[06:38:40] EP 01 | Step 1000 | Loss: 0.9756 | P@10: 20.0% | P@20: 50.0%
[06:38:56] EP 01 | Step 1100 | Loss: 0.5926 | P@10: 30.0% | P@20: 55.0%
====================================================================================================
FINAL EP 01 | VAL P@10: 32.52% | VAL P@20: 42.14%
====================================================================================================
EP 01 | LOSS: 0.0000 | P@10: 32.52%
🏆 RECORD: P@10 32.52% (Saved)
[06:39:24] EP 02 | Step 0000 | Loss: 0.8662 | P@10: 30.0% | P@20: 30.0%
[06:39:40] EP 02 | Step 0100 | Loss: 0.8406 | P@10: 40.0% | P@20: 50.0%
[06:39:56] EP 02 | Step 0200 | Loss: 0.9100 | P@10: 10.0% | P@20: 10.0%
[06:40:12] EP 02 | Step 0300 | Loss: 0.7977 | P@10: 10.0% | P@20: 10.0%
[06:40:28] EP 02 | Step 0400 | Loss: 1.0185 | P@10: 20.0% | P@20: 40.0%
[06:40:44] EP 02 | Step 0500 | Loss: 0.8731 | P@10: 50.0% | P@20: 40.0%
[06:41:00] EP 02 | Step 0600 | Loss: 0.3091 | P@10: 40.0% | P@20: 60.0%
[06:41:16] EP 02 | Step 0700 | Loss: 1.0582 | P@10: 40.0% | P@20: 30.0%
[06:41:32] EP 02 | Step 0800 | Loss: 1.0829 | P@10: 30.0% | P@20: 50.0%
[06:41:48] EP 02 | Step 0900 | Loss: 1.0923 | P@10: 20.0% | P@20: 40.0%
[06:42:04] EP 02 | Step 1000 | Loss: 0.8083 | P@10: 10.0% | P@20: 25.0%
[06:42:21] EP 02 | Step 1100 | Loss: 0.9213 | P@10: 30.0% | P@20: 55.0%
====================================================================================================
FINAL EP 02 | VAL P@10: 32.14% | VAL P@20: 40.82%
====================================================================================================
EP 02 | LOSS: 0.0000 | P@10: 32.14%
[06:42:49] EP 03 | Step 0000 | Loss: 0.8138 | P@10: 40.0% | P@20: 45.0%
[06:43:05] EP 03 | Step 0100 | Loss: 0.5958 | P@10: 30.0% | P@20: 40.0%
[06:43:21] EP 03 | Step 0200 | Loss: 0.5550 | P@10: 30.0% | P@20: 60.0%
[06:43:37] EP 03 | Step 0300 | Loss: 0.8736 | P@10: 40.0% | P@20: 35.0%
[06:43:53] EP 03 | Step 0400 | Loss: 0.9389 | P@10: 40.0% | P@20: 55.0%
[06:44:08] EP 03 | Step 0500 | Loss: 0.5620 | P@10: 30.0% | P@20: 65.0%
[06:44:25] EP 03 | Step 0600 | Loss: 0.7496 | P@10: 60.0% | P@20: 45.0%
[06:44:40] EP 03 | Step 0700 | Loss: 0.9585 | P@10: 40.0% | P@20: 50.0%
[06:44:56] EP 03 | Step 0800 | Loss: 0.5645 | P@10: 50.0% | P@20: 55.0%
[06:45:12] EP 03 | Step 0900 | Loss: 0.8602 | P@10: 40.0% | P@20: 50.0%
[06:45:28] EP 03 | Step 1000 | Loss: 0.2862 | P@10: 40.0% | P@20: 70.0%
[06:45:44] EP 03 | Step 1100 | Loss: 0.7326 | P@10: 60.0% | P@20: 45.0%
====================================================================================================
FINAL EP 03 | VAL P@10: 33.50% | VAL P@20: 42.70%
====================================================================================================
EP 03 | LOSS: 0.0000 | P@10: 33.50%
🏆 RECORD: P@10 33.50% (Saved)
[06:46:12] EP 04 | Step 0000 | Loss: 0.8641 | P@10: 10.0% | P@20: 20.0%
[06:46:28] EP 04 | Step 0100 | Loss: 0.8799 | P@10: 40.0% | P@20: 45.0%
[06:46:44] EP 04 | Step 0200 | Loss: 0.7027 | P@10: 40.0% | P@20: 55.0%
[06:47:00] EP 04 | Step 0300 | Loss: 0.5778 | P@10: 50.0% | P@20: 60.0%
[06:47:17] EP 04 | Step 0400 | Loss: 0.7519 | P@10: 50.0% | P@20: 65.0%
[06:47:32] EP 04 | Step 0500 | Loss: 0.9789 | P@10: 40.0% | P@20: 45.0%
[06:47:48] EP 04 | Step 0600 | Loss: 0.6896 | P@10: 50.0% | P@20: 65.0%
[06:48:05] EP 04 | Step 0700 | Loss: 0.6246 | P@10: 50.0% | P@20: 50.0%
[06:48:21] EP 04 | Step 0800 | Loss: 0.4203 | P@10: 50.0% | P@20: 55.0%
[06:48:37] EP 04 | Step 0900 | Loss: 1.1899 | P@10: 50.0% | P@20: 50.0%
[06:48:53] EP 04 | Step 1000 | Loss: 1.1993 | P@10: 20.0% | P@20: 50.0%
[06:49:09] EP 04 | Step 1100 | Loss: 0.9471 | P@10: 40.0% | P@20: 35.0%
====================================================================================================
FINAL EP 04 | VAL P@10: 33.20% | VAL P@20: 43.20%
====================================================================================================
EP 04 | LOSS: 0.0000 | P@10: 33.20%
[06:49:37] EP 05 | Step 0000 | Loss: 0.9893 | P@10: 10.0% | P@20: 15.0%
[06:49:53] EP 05 | Step 0100 | Loss: 0.7088 | P@10: 60.0% | P@20: 55.0%
[06:50:09] EP 05 | Step 0200 | Loss: 0.4953 | P@10: 70.0% | P@20: 65.0%
[06:50:25] EP 05 | Step 0300 | Loss: 0.5748 | P@10: 40.0% | P@20: 55.0%
[06:50:41] EP 05 | Step 0400 | Loss: 0.7437 | P@10: 50.0% | P@20: 45.0%
[06:50:57] EP 05 | Step 0500 | Loss: 0.2297 | P@10: 30.0% | P@20: 70.0%
[06:51:13] EP 05 | Step 0600 | Loss: 0.7314 | P@10: 50.0% | P@20: 40.0%
[06:51:29] EP 05 | Step 0700 | Loss: 1.1520 | P@10: 50.0% | P@20: 40.0%
[06:51:45] EP 05 | Step 0800 | Loss: 0.7407 | P@10: 50.0% | P@20: 45.0%
[06:52:01] EP 05 | Step 0900 | Loss: 0.8686 | P@10: 20.0% | P@20: 45.0%
[06:52:17] EP 05 | Step 1000 | Loss: 0.6490 | P@10: 30.0% | P@20: 45.0%
[06:52:33] EP 05 | Step 1100 | Loss: 0.6997 | P@10: 20.0% | P@20: 40.0%
====================================================================================================
FINAL EP 05 | VAL P@10: 32.59% | VAL P@20: 42.36%
====================================================================================================
EP 05 | LOSS: 0.0000 | P@10: 32.59%
[06:53:01] EP 06 | Step 0000 | Loss: 0.6126 | P@10: 40.0% | P@20: 45.0%
[06:53:17] EP 06 | Step 0100 | Loss: 1.1991 | P@10: 40.0% | P@20: 50.0%
[06:53:33] EP 06 | Step 0200 | Loss: 0.7110 | P@10: 60.0% | P@20: 45.0%
[06:53:49] EP 06 | Step 0300 | Loss: 0.4041 | P@10: 60.0% | P@20: 60.0%
[06:54:05] EP 06 | Step 0400 | Loss: 0.7071 | P@10: 50.0% | P@20: 45.0%
[06:54:21] EP 06 | Step 0500 | Loss: 0.9614 | P@10: 50.0% | P@20: 50.0%
[06:54:37] EP 06 | Step 0600 | Loss: 0.7242 | P@10: 40.0% | P@20: 40.0%
[06:54:53] EP 06 | Step 0700 | Loss: 0.8517 | P@10: 60.0% | P@20: 60.0%
[06:55:09] EP 06 | Step 0800 | Loss: 0.8032 | P@10: 50.0% | P@20: 50.0%
[06:55:25] EP 06 | Step 0900 | Loss: 0.8222 | P@10: 40.0% | P@20: 40.0%
[06:55:42] EP 06 | Step 1000 | Loss: 0.8342 | P@10: 20.0% | P@20: 35.0%
[06:56:00] EP 06 | Step 1100 | Loss: 0.9806 | P@10: 50.0% | P@20: 55.0%
====================================================================================================
FINAL EP 06 | VAL P@10: 32.59% | VAL P@20: 42.06%
====================================================================================================
EP 06 | LOSS: 0.0000 | P@10: 32.59%
[06:56:30] EP 07 | Step 0000 | Loss: 0.6861 | P@10: 50.0% | P@20: 60.0%
[06:56:48] EP 07 | Step 0100 | Loss: 1.0920 | P@10: 40.0% | P@20: 50.0%
[06:57:07] EP 07 | Step 0200 | Loss: 0.3017 | P@10: 50.0% | P@20: 65.0%
[06:57:27] EP 07 | Step 0300 | Loss: 0.6624 | P@10: 40.0% | P@20: 55.0%
[06:57:46] EP 07 | Step 0400 | Loss: 1.3855 | P@10: 30.0% | P@20: 50.0%
[06:58:07] EP 07 | Step 0500 | Loss: 0.8595 | P@10: 40.0% | P@20: 50.0%
[06:58:28] EP 07 | Step 0600 | Loss: 0.8742 | P@10: 70.0% | P@20: 50.0%
[06:58:50] EP 07 | Step 0700 | Loss: 1.2606 | P@10: 60.0% | P@20: 55.0%
[06:59:13] EP 07 | Step 0800 | Loss: 1.0624 | P@10: 40.0% | P@20: 40.0%
[06:59:40] EP 07 | Step 0900 | Loss: 0.5408 | P@10: 40.0% | P@20: 65.0%
[07:00:11] EP 07 | Step 1000 | Loss: 0.9511 | P@10: 40.0% | P@20: 60.0%
[07:00:41] EP 07 | Step 1100 | Loss: 0.6855 | P@10: 50.0% | P@20: 40.0%
====================================================================================================
FINAL EP 07 | VAL P@10: 31.67% | VAL P@20: 41.99%
====================================================================================================
EP 07 | LOSS: 0.0000 | P@10: 31.67%
[07:01:26] EP 08 | Step 0000 | Loss: 0.5817 | P@10: 10.0% | P@20: 10.0%
[07:01:57] EP 08 | Step 0100 | Loss: 0.9051 | P@10: 50.0% | P@20: 45.0%
[07:02:31] EP 08 | Step 0200 | Loss: 0.5657 | P@10: 60.0% | P@20: 55.0%
[07:03:08] EP 08 | Step 0300 | Loss: 0.4834 | P@10: 50.0% | P@20: 55.0%
[07:03:49] EP 08 | Step 0400 | Loss: 1.3247 | P@10: 20.0% | P@20: 40.0%
[07:04:33] EP 08 | Step 0500 | Loss: 0.8312 | P@10: 60.0% | P@20: 45.0%
[07:05:21] EP 08 | Step 0600 | Loss: 1.1251 | P@10: 30.0% | P@20: 45.0%
[07:06:10] EP 08 | Step 0700 | Loss: 1.2541 | P@10: 30.0% | P@20: 40.0%
[07:07:01] EP 08 | Step 0800 | Loss: 0.8543 | P@10: 20.0% | P@20: 20.0%
[07:07:51] EP 08 | Step 0900 | Loss: 0.3643 | P@10: 60.0% | P@20: 60.0%
[07:08:42] EP 08 | Step 1000 | Loss: 1.1442 | P@10: 50.0% | P@20: 40.0%
[07:09:35] EP 08 | Step 1100 | Loss: 0.5530 | P@10: 40.0% | P@20: 45.0%
====================================================================================================
FINAL EP 08 | VAL P@10: 32.31% | VAL P@20: 42.96%
====================================================================================================
EP 08 | LOSS: 0.0000 | P@10: 32.31%
[07:10:46] EP 09 | Step 0000 | Loss: 0.5166 | P@10: 50.0% | P@20: 50.0%
[07:11:40] EP 09 | Step 0100 | Loss: 0.8203 | P@10: 30.0% | P@20: 40.0%
[07:12:36] EP 09 | Step 0200 | Loss: 0.5540 | P@10: 50.0% | P@20: 60.0%
[07:13:34] EP 09 | Step 0300 | Loss: 0.5862 | P@10: 20.0% | P@20: 50.0%
[07:14:30] EP 09 | Step 0400 | Loss: 0.4837 | P@10: 50.0% | P@20: 55.0%
[07:15:28] EP 09 | Step 0500 | Loss: 0.8531 | P@10: 40.0% | P@20: 50.0%
[07:16:28] EP 09 | Step 0600 | Loss: 0.6675 | P@10: 30.0% | P@20: 45.0%
[07:17:32] EP 09 | Step 0700 | Loss: 0.8547 | P@10: 50.0% | P@20: 45.0%
[07:18:36] EP 09 | Step 0800 | Loss: 0.9386 | P@10: 30.0% | P@20: 50.0%
[07:19:41] EP 09 | Step 0900 | Loss: 0.9657 | P@10: 20.0% | P@20: 50.0%
[07:20:45] EP 09 | Step 1000 | Loss: 1.0532 | P@10: 50.0% | P@20: 45.0%
[07:21:48] EP 09 | Step 1100 | Loss: 1.0223 | P@10: 30.0% | P@20: 35.0%
====================================================================================================
FINAL EP 09 | VAL P@10: 32.28% | VAL P@20: 42.81%
====================================================================================================
EP 09 | LOSS: 0.0000 | P@10: 32.28%
[07:23:15] EP 10 | Step 0000 | Loss: 0.7154 | P@10: 20.0% | P@20: 20.0%
[07:24:19] EP 10 | Step 0100 | Loss: 0.5095 | P@10: 40.0% | P@20: 55.0%
[07:25:23] EP 10 | Step 0200 | Loss: 0.7466 | P@10: 50.0% | P@20: 50.0%
[07:26:24] EP 10 | Step 0300 | Loss: 0.8172 | P@10: 30.0% | P@20: 45.0%
[07:27:25] EP 10 | Step 0400 | Loss: 1.1036 | P@10: 30.0% | P@20: 55.0%
[07:28:28] EP 10 | Step 0500 | Loss: 1.1442 | P@10: 50.0% | P@20: 45.0%
[07:29:32] EP 10 | Step 0600 | Loss: 0.9943 | P@10: 40.0% | P@20: 45.0%
[07:30:38] EP 10 | Step 0700 | Loss: 0.6649 | P@10: 50.0% | P@20: 65.0%
[07:31:45] EP 10 | Step 0800 | Loss: 0.6258 | P@10: 40.0% | P@20: 45.0%
[07:32:53] EP 10 | Step 0900 | Loss: 0.6314 | P@10: 40.0% | P@20: 55.0%
[07:33:59] EP 10 | Step 1000 | Loss: 0.5632 | P@10: 40.0% | P@20: 55.0%
[07:35:06] EP 10 | Step 1100 | Loss: 0.8880 | P@10: 30.0% | P@20: 60.0%
====================================================================================================
FINAL EP 10 | VAL P@10: 32.96% | VAL P@20: 41.77%
====================================================================================================
EP 10 | LOSS: 0.0000 | P@10: 32.96%
[07:36:38] EP 11 | Step 0000 | Loss: 0.9588 | P@10: 60.0% | P@20: 55.0%
[07:37:45] EP 11 | Step 0100 | Loss: 0.5158 | P@10: 40.0% | P@20: 55.0%
[07:38:51] EP 11 | Step 0200 | Loss: 0.5802 | P@10: 40.0% | P@20: 60.0%
[07:39:58] EP 11 | Step 0300 | Loss: 0.6174 | P@10: 30.0% | P@20: 40.0%
[07:41:07] EP 11 | Step 0400 | Loss: 0.8154 | P@10: 40.0% | P@20: 45.0%
[07:42:19] EP 11 | Step 0500 | Loss: 0.8455 | P@10: 30.0% | P@20: 50.0%
[07:43:27] EP 11 | Step 0600 | Loss: 0.8483 | P@10: 50.0% | P@20: 50.0%
[07:44:33] EP 11 | Step 0700 | Loss: 1.1980 | P@10: 20.0% | P@20: 40.0%
[07:45:38] EP 11 | Step 0800 | Loss: 0.7246 | P@10: 40.0% | P@20: 45.0%
[07:46:43] EP 11 | Step 0900 | Loss: 0.8863 | P@10: 40.0% | P@20: 30.0%
[07:47:47] EP 11 | Step 1000 | Loss: 0.8889 | P@10: 50.0% | P@20: 50.0%
[07:48:53] EP 11 | Step 1100 | Loss: 0.6927 | P@10: 20.0% | P@20: 60.0%
====================================================================================================
FINAL EP 11 | VAL P@10: 31.70% | VAL P@20: 41.50%
====================================================================================================
EP 11 | LOSS: 0.0000 | P@10: 31.70%
[07:50:23] EP 12 | Step 0000 | Loss: 0.7388 | P@10: 60.0% | P@20: 60.0%
[07:51:27] EP 12 | Step 0100 | Loss: 0.5197 | P@10: 40.0% | P@20: 50.0%
[07:52:30] EP 12 | Step 0200 | Loss: 0.6336 | P@10: 50.0% | P@20: 50.0%
[07:53:33] EP 12 | Step 0300 | Loss: 1.0580 | P@10: 30.0% | P@20: 40.0%
[07:54:40] EP 12 | Step 0400 | Loss: 1.1823 | P@10: 20.0% | P@20: 30.0%
[07:55:48] EP 12 | Step 0500 | Loss: 1.0278 | P@10: 50.0% | P@20: 45.0%
[07:56:54] EP 12 | Step 0600 | Loss: 0.4470 | P@10: 50.0% | P@20: 60.0%
[07:57:57] EP 12 | Step 0700 | Loss: 0.6745 | P@10: 30.0% | P@20: 60.0%
[07:59:01] EP 12 | Step 0800 | Loss: 0.9258 | P@10: 60.0% | P@20: 50.0%
[08:00:01] EP 12 | Step 0900 | Loss: 0.8529 | P@10: 40.0% | P@20: 45.0%
[08:00:57] EP 12 | Step 1000 | Loss: 0.8019 | P@10: 50.0% | P@20: 35.0%
[08:01:51] EP 12 | Step 1100 | Loss: 0.8591 | P@10: 50.0% | P@20: 50.0%
====================================================================================================
FINAL EP 12 | VAL P@10: 33.57% | VAL P@20: 42.16%
====================================================================================================
EP 12 | LOSS: 0.0000 | P@10: 33.57%
🏆 RECORD: P@10 33.57% (Saved)
[08:03:02] EP 13 | Step 0000 | Loss: 1.2931 | P@10: 30.0% | P@20: 40.0%
[08:03:51] EP 13 | Step 0100 | Loss: 0.9601 | P@10: 10.0% | P@20: 20.0%
[08:04:40] EP 13 | Step 0200 | Loss: 1.1086 | P@10: 50.0% | P@20: 45.0%
[08:05:31] EP 13 | Step 0300 | Loss: 0.5817 | P@10: 30.0% | P@20: 60.0%
[08:06:22] EP 13 | Step 0400 | Loss: 0.9789 | P@10: 50.0% | P@20: 35.0%
[08:07:15] EP 13 | Step 0500 | Loss: 1.1327 | P@10: 40.0% | P@20: 55.0%
[08:08:09] EP 13 | Step 0600 | Loss: 1.2297 | P@10: 20.0% | P@20: 40.0%
[08:09:01] EP 13 | Step 0700 | Loss: 0.7977 | P@10: 60.0% | P@20: 75.0%
[08:09:54] EP 13 | Step 0800 | Loss: 0.6960 | P@10: 40.0% | P@20: 45.0%
[08:10:46] EP 13 | Step 0900 | Loss: 0.8507 | P@10: 50.0% | P@20: 40.0%
[08:11:40] EP 13 | Step 1000 | Loss: 1.1033 | P@10: 20.0% | P@20: 35.0%
[08:12:32] EP 13 | Step 1100 | Loss: 1.0929 | P@10: 40.0% | P@20: 55.0%
====================================================================================================
FINAL EP 13 | VAL P@10: 32.38% | VAL P@20: 41.97%
====================================================================================================
EP 13 | LOSS: 0.0000 | P@10: 32.38%
[08:13:44] EP 14 | Step 0000 | Loss: 0.9394 | P@10: 40.0% | P@20: 50.0%
[08:14:37] EP 14 | Step 0100 | Loss: 0.7582 | P@10: 60.0% | P@20: 55.0%
[08:15:29] EP 14 | Step 0200 | Loss: 1.1136 | P@10: 0.0% | P@20: 20.0%
[08:16:20] EP 14 | Step 0300 | Loss: 0.6992 | P@10: 60.0% | P@20: 50.0%
[08:17:13] EP 14 | Step 0400 | Loss: 0.9523 | P@10: 60.0% | P@20: 65.0%
[08:18:06] EP 14 | Step 0500 | Loss: 1.2503 | P@10: 50.0% | P@20: 45.0%
[08:19:00] EP 14 | Step 0600 | Loss: 0.8169 | P@10: 30.0% | P@20: 50.0%
[08:19:55] EP 14 | Step 0700 | Loss: 1.0387 | P@10: 20.0% | P@20: 45.0%
[08:20:50] EP 14 | Step 0800 | Loss: 0.7285 | P@10: 70.0% | P@20: 60.0%
[08:21:47] EP 14 | Step 0900 | Loss: 1.0145 | P@10: 40.0% | P@20: 55.0%
[08:22:45] EP 14 | Step 1000 | Loss: 1.0283 | P@10: 40.0% | P@20: 40.0%
[08:23:43] EP 14 | Step 1100 | Loss: 0.6582 | P@10: 30.0% | P@20: 55.0%
====================================================================================================
FINAL EP 14 | VAL P@10: 33.44% | VAL P@20: 42.43%
====================================================================================================
EP 14 | LOSS: 0.0000 | P@10: 33.44%
[08:25:07] EP 15 | Step 0000 | Loss: 0.7505 | P@10: 40.0% | P@20: 40.0%
[08:26:03] EP 15 | Step 0100 | Loss: 1.0068 | P@10: 40.0% | P@20: 50.0%
[08:27:01] EP 15 | Step 0200 | Loss: 0.8254 | P@10: 40.0% | P@20: 50.0%
[08:27:57] EP 15 | Step 0300 | Loss: 0.4885 | P@10: 50.0% | P@20: 55.0%
[08:28:54] EP 15 | Step 0400 | Loss: 1.4198 | P@10: 30.0% | P@20: 45.0%
[08:29:51] EP 15 | Step 0500 | Loss: 1.1055 | P@10: 30.0% | P@20: 30.0%
[08:30:48] EP 15 | Step 0600 | Loss: 0.6836 | P@10: 70.0% | P@20: 55.0%
[08:31:43] EP 15 | Step 0700 | Loss: 1.2349 | P@10: 30.0% | P@20: 35.0%
[08:32:37] EP 15 | Step 0800 | Loss: 0.7719 | P@10: 30.0% | P@20: 40.0%
[08:33:32] EP 15 | Step 0900 | Loss: 0.6120 | P@10: 50.0% | P@20: 65.0%
[08:34:24] EP 15 | Step 1000 | Loss: 1.0628 | P@10: 20.0% | P@20: 50.0%
[08:35:17] EP 15 | Step 1100 | Loss: 1.1782 | P@10: 30.0% | P@20: 35.0%
====================================================================================================
FINAL EP 15 | VAL P@10: 31.56% | VAL P@20: 41.67%
====================================================================================================
EP 15 | LOSS: 0.0000 | P@10: 31.56%
[08:36:34] EP 16 | Step 0000 | Loss: 0.7950 | P@10: 50.0% | P@20: 45.0%
[08:37:22] EP 16 | Step 0100 | Loss: 0.9376 | P@10: 20.0% | P@20: 60.0%
[08:38:11] EP 16 | Step 0200 | Loss: 0.9308 | P@10: 30.0% | P@20: 55.0%
[08:39:03] EP 16 | Step 0300 | Loss: 0.9323 | P@10: 50.0% | P@20: 55.0%
[08:39:53] EP 16 | Step 0400 | Loss: 0.7785 | P@10: 60.0% | P@20: 60.0%
[08:40:42] EP 16 | Step 0500 | Loss: 0.9871 | P@10: 50.0% | P@20: 50.0%
[08:41:31] EP 16 | Step 0600 | Loss: 0.9591 | P@10: 40.0% | P@20: 45.0%
[08:42:18] EP 16 | Step 0700 | Loss: 0.9672 | P@10: 20.0% | P@20: 55.0%
[08:43:05] EP 16 | Step 0800 | Loss: 1.1517 | P@10: 30.0% | P@20: 55.0%
[08:43:53] EP 16 | Step 0900 | Loss: 0.6567 | P@10: 40.0% | P@20: 60.0%
[08:44:39] EP 16 | Step 1000 | Loss: 0.9481 | P@10: 60.0% | P@20: 55.0%
[08:45:25] EP 16 | Step 1100 | Loss: 0.6037 | P@10: 30.0% | P@20: 65.0%
====================================================================================================
FINAL EP 16 | VAL P@10: 31.80% | VAL P@20: 40.65%
====================================================================================================
EP 16 | LOSS: 0.0000 | P@10: 31.80%
[08:46:35] EP 17 | Step 0000 | Loss: 0.9375 | P@10: 50.0% | P@20: 50.0%
[08:47:19] EP 17 | Step 0100 | Loss: 0.9359 | P@10: 40.0% | P@20: 45.0%
[08:48:01] EP 17 | Step 0200 | Loss: 0.4776 | P@10: 40.0% | P@20: 65.0%
[08:48:43] EP 17 | Step 0300 | Loss: 0.6211 | P@10: 30.0% | P@20: 50.0%
[08:49:26] EP 17 | Step 0400 | Loss: 0.2673 | P@10: 60.0% | P@20: 75.0%
[08:50:09] EP 17 | Step 0500 | Loss: 0.8783 | P@10: 10.0% | P@20: 25.0%
[08:50:51] EP 17 | Step 0600 | Loss: 0.8241 | P@10: 50.0% | P@20: 50.0%
[08:51:34] EP 17 | Step 0700 | Loss: 1.1140 | P@10: 50.0% | P@20: 35.0%
[08:52:17] EP 17 | Step 0800 | Loss: 0.9040 | P@10: 40.0% | P@20: 50.0%
[08:53:00] EP 17 | Step 0900 | Loss: 0.6285 | P@10: 40.0% | P@20: 50.0%
[08:53:43] EP 17 | Step 1000 | Loss: 1.2438 | P@10: 30.0% | P@20: 45.0%
[08:54:25] EP 17 | Step 1100 | Loss: 0.7268 | P@10: 50.0% | P@20: 55.0%
====================================================================================================
FINAL EP 17 | VAL P@10: 32.11% | VAL P@20: 42.02%
====================================================================================================
EP 17 | LOSS: 0.0000 | P@10: 32.11%
[08:55:37] EP 18 | Step 0000 | Loss: 0.7252 | P@10: 50.0% | P@20: 40.0%
[08:56:18] EP 18 | Step 0100 | Loss: 0.7128 | P@10: 50.0% | P@20: 60.0%
[08:56:58] EP 18 | Step 0200 | Loss: 0.6364 | P@10: 30.0% | P@20: 40.0%
[08:57:39] EP 18 | Step 0300 | Loss: 0.7408 | P@10: 40.0% | P@20: 50.0%
[08:58:19] EP 18 | Step 0400 | Loss: 0.5472 | P@10: 50.0% | P@20: 50.0%
[08:58:59] EP 18 | Step 0500 | Loss: 0.6661 | P@10: 60.0% | P@20: 55.0%
[08:59:44] EP 18 | Step 0600 | Loss: 1.5452 | P@10: 10.0% | P@20: 25.0%
[09:00:27] EP 18 | Step 0700 | Loss: 0.6233 | P@10: 50.0% | P@20: 45.0%
[09:01:11] EP 18 | Step 0800 | Loss: 1.0302 | P@10: 40.0% | P@20: 45.0%
[09:01:54] EP 18 | Step 0900 | Loss: 0.9137 | P@10: 30.0% | P@20: 40.0%
[09:02:35] EP 18 | Step 1000 | Loss: 0.8684 | P@10: 60.0% | P@20: 45.0%
[09:03:17] EP 18 | Step 1100 | Loss: 0.5705 | P@10: 50.0% | P@20: 60.0%
====================================================================================================
FINAL EP 18 | VAL P@10: 31.16% | VAL P@20: 41.22%
====================================================================================================
EP 18 | LOSS: 0.0000 | P@10: 31.16%
[09:04:26] EP 19 | Step 0000 | Loss: 0.8017 | P@10: 30.0% | P@20: 60.0%
[09:05:08] EP 19 | Step 0100 | Loss: 0.8779 | P@10: 40.0% | P@20: 60.0%
[09:05:46] EP 19 | Step 0200 | Loss: 1.2094 | P@10: 30.0% | P@20: 30.0%
[09:06:24] EP 19 | Step 0300 | Loss: 0.5992 | P@10: 50.0% | P@20: 55.0%
[09:07:04] EP 19 | Step 0400 | Loss: 0.9782 | P@10: 40.0% | P@20: 60.0%
[09:07:44] EP 19 | Step 0500 | Loss: 1.0690 | P@10: 30.0% | P@20: 45.0%
[09:08:24] EP 19 | Step 0600 | Loss: 0.9517 | P@10: 20.0% | P@20: 30.0%
[09:09:00] EP 19 | Step 0700 | Loss: 0.9759 | P@10: 60.0% | P@20: 65.0%
[09:09:36] EP 19 | Step 0800 | Loss: 0.8786 | P@10: 20.0% | P@20: 50.0%
[09:10:14] EP 19 | Step 0900 | Loss: 0.6892 | P@10: 70.0% | P@20: 60.0%
[09:10:51] EP 19 | Step 1000 | Loss: 0.5253 | P@10: 60.0% | P@20: 70.0%
[09:11:29] EP 19 | Step 1100 | Loss: 0.4860 | P@10: 70.0% | P@20: 65.0%
====================================================================================================
FINAL EP 19 | VAL P@10: 31.43% | VAL P@20: 40.88%
====================================================================================================
EP 19 | LOSS: 0.0000 | P@10: 31.43%
[09:12:33] EP 20 | Step 0000 | Loss: 1.2090 | P@10: 10.0% | P@20: 50.0%
[09:13:11] EP 20 | Step 0100 | Loss: 0.7272 | P@10: 50.0% | P@20: 55.0%
[09:13:46] EP 20 | Step 0200 | Loss: 0.2605 | P@10: 60.0% | P@20: 60.0%
[09:14:21] EP 20 | Step 0300 | Loss: 0.6321 | P@10: 40.0% | P@20: 60.0%
[09:14:56] EP 20 | Step 0400 | Loss: 0.8833 | P@10: 50.0% | P@20: 45.0%
[09:15:30] EP 20 | Step 0500 | Loss: 1.0912 | P@10: 30.0% | P@20: 50.0%
[09:16:04] EP 20 | Step 0600 | Loss: 0.6079 | P@10: 60.0% | P@20: 55.0%
[09:16:37] EP 20 | Step 0700 | Loss: 1.1793 | P@10: 30.0% | P@20: 30.0%
[09:17:10] EP 20 | Step 0800 | Loss: 1.1115 | P@10: 30.0% | P@20: 55.0%
[09:17:43] EP 20 | Step 0900 | Loss: 0.7840 | P@10: 50.0% | P@20: 30.0%
[09:18:15] EP 20 | Step 1000 | Loss: 0.6293 | P@10: 30.0% | P@20: 65.0%
[09:18:48] EP 20 | Step 1100 | Loss: 1.0139 | P@10: 40.0% | P@20: 35.0%
====================================================================================================
FINAL EP 20 | VAL P@10: 32.01% | VAL P@20: 42.64%
====================================================================================================
EP 20 | LOSS: 0.0000 | P@10: 32.01%
[09:19:46] EP 21 | Step 0000 | Loss: 1.3914 | P@10: 20.0% | P@20: 40.0%
[09:20:19] EP 21 | Step 0100 | Loss: 0.7727 | P@10: 40.0% | P@20: 40.0%
[09:20:52] EP 21 | Step 0200 | Loss: 0.8813 | P@10: 40.0% | P@20: 50.0%
[09:21:26] EP 21 | Step 0300 | Loss: 0.8674 | P@10: 50.0% | P@20: 50.0%
[09:21:59] EP 21 | Step 0400 | Loss: 0.9500 | P@10: 40.0% | P@20: 45.0%
[09:22:33] EP 21 | Step 0500 | Loss: 0.7458 | P@10: 60.0% | P@20: 50.0%
[09:23:07] EP 21 | Step 0600 | Loss: 3.7703 | P@10: 0.0% | P@20: 0.0%
[09:23:40] EP 21 | Step 0700 | Loss: 0.6290 | P@10: 60.0% | P@20: 50.0%
[09:24:13] EP 21 | Step 0800 | Loss: 1.1386 | P@10: 20.0% | P@20: 35.0%
[09:24:46] EP 21 | Step 0900 | Loss: 0.9582 | P@10: 40.0% | P@20: 55.0%
[09:25:20] EP 21 | Step 1000 | Loss: 1.4406 | P@10: 30.0% | P@20: 30.0%
[09:25:53] EP 21 | Step 1100 | Loss: 0.7585 | P@10: 50.0% | P@20: 50.0%
====================================================================================================
FINAL EP 21 | VAL P@10: 31.60% | VAL P@20: 41.85%
====================================================================================================
EP 21 | LOSS: 0.0000 | P@10: 31.60%
[09:26:49] EP 22 | Step 0000 | Loss: 0.9163 | P@10: 30.0% | P@20: 50.0%
[09:27:22] EP 22 | Step 0100 | Loss: 0.8721 | P@10: 70.0% | P@20: 45.0%
[09:27:55] EP 22 | Step 0200 | Loss: 0.4408 | P@10: 60.0% | P@20: 60.0%
[09:28:27] EP 22 | Step 0300 | Loss: 0.7068 | P@10: 50.0% | P@20: 60.0%
[09:29:00] EP 22 | Step 0400 | Loss: 0.5849 | P@10: 50.0% | P@20: 70.0%
[09:29:36] EP 22 | Step 0500 | Loss: 0.8247 | P@10: 60.0% | P@20: 55.0%
[09:30:11] EP 22 | Step 0600 | Loss: 0.4196 | P@10: 60.0% | P@20: 55.0%
[09:30:46] EP 22 | Step 0700 | Loss: 1.0213 | P@10: 30.0% | P@20: 50.0%
[09:31:21] EP 22 | Step 0800 | Loss: 0.7632 | P@10: 50.0% | P@20: 65.0%
[09:31:55] EP 22 | Step 0900 | Loss: 0.8375 | P@10: 50.0% | P@20: 50.0%
[09:32:29] EP 22 | Step 1000 | Loss: 0.6907 | P@10: 50.0% | P@20: 65.0%
[09:33:02] EP 22 | Step 1100 | Loss: 0.7051 | P@10: 40.0% | P@20: 40.0%
====================================================================================================
FINAL EP 22 | VAL P@10: 33.23% | VAL P@20: 42.26%
====================================================================================================
EP 22 | LOSS: 0.0000 | P@10: 33.23%
[09:33:59] EP 23 | Step 0000 | Loss: 1.0245 | P@10: 20.0% | P@20: 40.0%
[09:34:31] EP 23 | Step 0100 | Loss: 1.2678 | P@10: 0.0% | P@20: 35.0%
[09:35:04] EP 23 | Step 0200 | Loss: 1.0873 | P@10: 50.0% | P@20: 60.0%
[09:35:35] EP 23 | Step 0300 | Loss: 0.8223 | P@10: 50.0% | P@20: 55.0%
[09:36:08] EP 23 | Step 0400 | Loss: 0.7536 | P@10: 40.0% | P@20: 40.0%
[09:36:40] EP 23 | Step 0500 | Loss: 1.0234 | P@10: 40.0% | P@20: 55.0%
[09:37:12] EP 23 | Step 0600 | Loss: 0.6534 | P@10: 40.0% | P@20: 50.0%
[09:37:45] EP 23 | Step 0700 | Loss: 0.8801 | P@10: 30.0% | P@20: 45.0%
[09:38:17] EP 23 | Step 0800 | Loss: 1.1958 | P@10: 30.0% | P@20: 45.0%
[09:38:49] EP 23 | Step 0900 | Loss: 0.5638 | P@10: 70.0% | P@20: 50.0%
[09:39:22] EP 23 | Step 1000 | Loss: 0.9330 | P@10: 40.0% | P@20: 50.0%
[09:39:55] EP 23 | Step 1100 | Loss: 0.6573 | P@10: 60.0% | P@20: 45.0%
====================================================================================================
FINAL EP 23 | VAL P@10: 31.97% | VAL P@20: 41.29%
====================================================================================================
EP 23 | LOSS: 0.0000 | P@10: 31.97%
[09:40:51] EP 24 | Step 0000 | Loss: 0.7976 | P@10: 50.0% | P@20: 50.0%
[09:41:24] EP 24 | Step 0100 | Loss: 1.1721 | P@10: 10.0% | P@20: 20.0%
[09:41:56] EP 24 | Step 0200 | Loss: 1.2412 | P@10: 30.0% | P@20: 45.0%
[09:42:29] EP 24 | Step 0300 | Loss: 0.5191 | P@10: 30.0% | P@20: 55.0%
[09:43:02] EP 24 | Step 0400 | Loss: 0.8504 | P@10: 40.0% | P@20: 45.0%
[09:43:35] EP 24 | Step 0500 | Loss: 1.2400 | P@10: 40.0% | P@20: 55.0%
[09:44:08] EP 24 | Step 0600 | Loss: 0.6437 | P@10: 60.0% | P@20: 65.0%
[09:44:43] EP 24 | Step 0700 | Loss: 0.7632 | P@10: 40.0% | P@20: 50.0%
[09:45:17] EP 24 | Step 0800 | Loss: 0.7664 | P@10: 30.0% | P@20: 45.0%
[09:45:51] EP 24 | Step 0900 | Loss: 0.5125 | P@10: 70.0% | P@20: 65.0%
[09:46:25] EP 24 | Step 1000 | Loss: 0.4675 | P@10: 50.0% | P@20: 60.0%
[09:46:59] EP 24 | Step 1100 | Loss: 1.1869 | P@10: 30.0% | P@20: 40.0%
====================================================================================================
FINAL EP 24 | VAL P@10: 32.76% | VAL P@20: 41.96%
====================================================================================================
EP 24 | LOSS: 0.0000 | P@10: 32.76%
[09:47:55] EP 25 | Step 0000 | Loss: 0.7223 | P@10: 40.0% | P@20: 35.0%
[09:48:28] EP 25 | Step 0100 | Loss: 0.9652 | P@10: 30.0% | P@20: 40.0%
[09:49:01] EP 25 | Step 0200 | Loss: 0.7196 | P@10: 60.0% | P@20: 60.0%
[09:49:34] EP 25 | Step 0300 | Loss: 0.8909 | P@10: 30.0% | P@20: 25.0%
[09:50:06] EP 25 | Step 0400 | Loss: 0.8448 | P@10: 50.0% | P@20: 40.0%
[09:50:38] EP 25 | Step 0500 | Loss: 1.4527 | P@10: 20.0% | P@20: 60.0%
[09:51:10] EP 25 | Step 0600 | Loss: 0.6865 | P@10: 50.0% | P@20: 75.0%
[09:51:42] EP 25 | Step 0700 | Loss: 0.6893 | P@10: 60.0% | P@20: 50.0%
[09:52:15] EP 25 | Step 0800 | Loss: 1.0848 | P@10: 40.0% | P@20: 45.0%
[09:52:48] EP 25 | Step 0900 | Loss: 1.1831 | P@10: 30.0% | P@20: 50.0%
[09:53:21] EP 25 | Step 1000 | Loss: 0.1467 | P@10: 70.0% | P@20: 75.0%
[09:53:53] EP 25 | Step 1100 | Loss: 0.9830 | P@10: 30.0% | P@20: 45.0%
====================================================================================================
FINAL EP 25 | VAL P@10: 33.47% | VAL P@20: 42.38%
====================================================================================================
EP 25 | LOSS: 0.0000 | P@10: 33.47%
[09:54:48] EP 26 | Step 0000 | Loss: 1.1098 | P@10: 60.0% | P@20: 65.0%
[09:55:19] EP 26 | Step 0100 | Loss: 0.5598 | P@10: 40.0% | P@20: 45.0%
[09:55:50] EP 26 | Step 0200 | Loss: 0.7627 | P@10: 60.0% | P@20: 60.0%
[09:56:20] EP 26 | Step 0300 | Loss: 1.0330 | P@10: 50.0% | P@20: 50.0%
[09:56:51] EP 26 | Step 0400 | Loss: 1.0447 | P@10: 40.0% | P@20: 40.0%
[09:57:22] EP 26 | Step 0500 | Loss: 0.9714 | P@10: 30.0% | P@20: 55.0%
[09:57:52] EP 26 | Step 0600 | Loss: 0.8837 | P@10: 30.0% | P@20: 40.0%
[09:58:22] EP 26 | Step 0700 | Loss: 0.6828 | P@10: 50.0% | P@20: 55.0%
[09:58:52] EP 26 | Step 0800 | Loss: 0.3452 | P@10: 60.0% | P@20: 65.0%
[09:59:23] EP 26 | Step 0900 | Loss: 0.6961 | P@10: 70.0% | P@20: 55.0%
[09:59:53] EP 26 | Step 1000 | Loss: 0.9979 | P@10: 30.0% | P@20: 45.0%
[10:00:24] EP 26 | Step 1100 | Loss: 0.4861 | P@10: 40.0% | P@20: 50.0%
====================================================================================================
FINAL EP 26 | VAL P@10: 32.48% | VAL P@20: 41.90%
====================================================================================================
EP 26 | LOSS: 0.0000 | P@10: 32.48%
[10:01:18] EP 27 | Step 0000 | Loss: 0.7870 | P@10: 20.0% | P@20: 45.0%
[10:01:48] EP 27 | Step 0100 | Loss: 0.6542 | P@10: 30.0% | P@20: 30.0%
[10:02:18] EP 27 | Step 0200 | Loss: 0.6818 | P@10: 40.0% | P@20: 55.0%
[10:02:48] EP 27 | Step 0300 | Loss: 1.2747 | P@10: 40.0% | P@20: 50.0%
[10:03:18] EP 27 | Step 0400 | Loss: 0.7025 | P@10: 50.0% | P@20: 60.0%
[10:03:47] EP 27 | Step 0500 | Loss: 1.2865 | P@10: 40.0% | P@20: 40.0%
[10:04:16] EP 27 | Step 0600 | Loss: 0.7307 | P@10: 50.0% | P@20: 65.0%
[10:04:46] EP 27 | Step 0700 | Loss: 1.0974 | P@10: 20.0% | P@20: 45.0%
[10:05:15] EP 27 | Step 0800 | Loss: 0.7284 | P@10: 40.0% | P@20: 65.0%
[10:05:44] EP 27 | Step 0900 | Loss: 0.2178 | P@10: 50.0% | P@20: 70.0%
[10:06:13] EP 27 | Step 1000 | Loss: 0.4497 | P@10: 60.0% | P@20: 55.0%
[10:06:42] EP 27 | Step 1100 | Loss: 0.9934 | P@10: 40.0% | P@20: 55.0%
====================================================================================================
FINAL EP 27 | VAL P@10: 31.36% | VAL P@20: 41.70%
====================================================================================================
EP 27 | LOSS: 0.0000 | P@10: 31.36%
[10:07:35] EP 28 | Step 0000 | Loss: 0.6577 | P@10: 30.0% | P@20: 35.0%
[10:08:05] EP 28 | Step 0100 | Loss: 0.9506 | P@10: 40.0% | P@20: 50.0%
[10:08:35] EP 28 | Step 0200 | Loss: 1.1704 | P@10: 10.0% | P@20: 35.0%
[10:09:05] EP 28 | Step 0300 | Loss: 1.0420 | P@10: 20.0% | P@20: 40.0%
[10:09:35] EP 28 | Step 0400 | Loss: 0.9773 | P@10: 20.0% | P@20: 45.0%
[10:10:04] EP 28 | Step 0500 | Loss: 0.8966 | P@10: 50.0% | P@20: 55.0%
[10:10:33] EP 28 | Step 0600 | Loss: 1.2647 | P@10: 10.0% | P@20: 40.0%
[10:11:03] EP 28 | Step 0700 | Loss: 0.7381 | P@10: 30.0% | P@20: 35.0%
[10:11:32] EP 28 | Step 0800 | Loss: 0.8706 | P@10: 30.0% | P@20: 40.0%
[10:12:01] EP 28 | Step 0900 | Loss: 0.7112 | P@10: 60.0% | P@20: 50.0%
[10:12:30] EP 28 | Step 1000 | Loss: 0.8469 | P@10: 40.0% | P@20: 40.0%
[10:13:00] EP 28 | Step 1100 | Loss: 1.0573 | P@10: 20.0% | P@20: 45.0%
====================================================================================================
FINAL EP 28 | VAL P@10: 33.88% | VAL P@20: 43.27%
====================================================================================================
EP 28 | LOSS: 0.0000 | P@10: 33.88%
🏆 RECORD: P@10 33.88% (Saved)
[10:13:51] EP 29 | Step 0000 | Loss: 1.1357 | P@10: 40.0% | P@20: 45.0%
[10:14:20] EP 29 | Step 0100 | Loss: 0.3568 | P@10: 50.0% | P@20: 60.0%
[10:14:49] EP 29 | Step 0200 | Loss: 0.7666 | P@10: 30.0% | P@20: 50.0%
[10:15:18] EP 29 | Step 0300 | Loss: 0.8810 | P@10: 50.0% | P@20: 50.0%
[10:15:47] EP 29 | Step 0400 | Loss: 0.9222 | P@10: 30.0% | P@20: 35.0%
[10:16:16] EP 29 | Step 0500 | Loss: 0.4670 | P@10: 30.0% | P@20: 35.0%
[10:16:45] EP 29 | Step 0600 | Loss: 0.6678 | P@10: 50.0% | P@20: 60.0%
[10:17:14] EP 29 | Step 0700 | Loss: 0.3306 | P@10: 40.0% | P@20: 60.0%
[10:17:43] EP 29 | Step 0800 | Loss: 1.0284 | P@10: 30.0% | P@20: 20.0%
[10:18:12] EP 29 | Step 0900 | Loss: 0.7332 | P@10: 70.0% | P@20: 50.0%
[10:18:40] EP 29 | Step 1000 | Loss: 0.9553 | P@10: 30.0% | P@20: 45.0%
[10:19:09] EP 29 | Step 1100 | Loss: 0.9191 | P@10: 20.0% | P@20: 55.0%
====================================================================================================
FINAL EP 29 | VAL P@10: 32.86% | VAL P@20: 42.36%
====================================================================================================
EP 29 | LOSS: 0.0000 | P@10: 32.86%
[10:20:01] EP 30 | Step 0000 | Loss: 0.4906 | P@10: 70.0% | P@20: 70.0%
[10:20:30] EP 30 | Step 0100 | Loss: 0.5723 | P@10: 50.0% | P@20: 55.0%
[10:20:59] EP 30 | Step 0200 | Loss: 0.5681 | P@10: 50.0% | P@20: 55.0%
[10:21:27] EP 30 | Step 0300 | Loss: 1.1433 | P@10: 20.0% | P@20: 40.0%
[10:21:56] EP 30 | Step 0400 | Loss: 0.5247 | P@10: 30.0% | P@20: 55.0%
[10:22:25] EP 30 | Step 0500 | Loss: 0.7026 | P@10: 50.0% | P@20: 55.0%
[10:22:54] EP 30 | Step 0600 | Loss: 0.4879 | P@10: 80.0% | P@20: 55.0%
[10:23:22] EP 30 | Step 0700 | Loss: 0.6091 | P@10: 40.0% | P@20: 50.0%
[10:23:52] EP 30 | Step 0800 | Loss: 0.4423 | P@10: 60.0% | P@20: 55.0%
[10:24:20] EP 30 | Step 0900 | Loss: 0.5993 | P@10: 40.0% | P@20: 70.0%
[10:24:49] EP 30 | Step 1000 | Loss: 0.7049 | P@10: 50.0% | P@20: 50.0%
[10:25:18] EP 30 | Step 1100 | Loss: 1.1331 | P@10: 50.0% | P@20: 35.0%
====================================================================================================
FINAL EP 30 | VAL P@10: 32.99% | VAL P@20: 41.67%
====================================================================================================
EP 30 | LOSS: 0.0000 | P@10: 32.99%
[10:26:09] EP 31 | Step 0000 | Loss: 0.5577 | P@10: 60.0% | P@20: 60.0%
[10:26:37] EP 31 | Step 0100 | Loss: 0.7354 | P@10: 50.0% | P@20: 55.0%
[10:27:05] EP 31 | Step 0200 | Loss: 0.9229 | P@10: 30.0% | P@20: 45.0%
[10:27:33] EP 31 | Step 0300 | Loss: 1.1440 | P@10: 20.0% | P@20: 35.0%
[10:28:02] EP 31 | Step 0400 | Loss: 0.7280 | P@10: 0.0% | P@20: 15.0%
[10:28:30] EP 31 | Step 0500 | Loss: 0.9117 | P@10: 20.0% | P@20: 55.0%
[10:28:59] EP 31 | Step 0600 | Loss: 0.7773 | P@10: 50.0% | P@20: 55.0%
[10:29:28] EP 31 | Step 0700 | Loss: 1.0934 | P@10: 40.0% | P@20: 45.0%
[10:29:56] EP 31 | Step 0800 | Loss: 0.7035 | P@10: 40.0% | P@20: 55.0%
[10:30:24] EP 31 | Step 0900 | Loss: 1.1628 | P@10: 40.0% | P@20: 50.0%
[10:30:52] EP 31 | Step 1000 | Loss: 0.7262 | P@10: 50.0% | P@20: 45.0%
[10:31:20] EP 31 | Step 1100 | Loss: 0.7759 | P@10: 20.0% | P@20: 55.0%
====================================================================================================
FINAL EP 31 | VAL P@10: 28.84% | VAL P@20: 39.01%
====================================================================================================
EP 31 | LOSS: 0.0000 | P@10: 28.84%
[10:32:11] EP 32 | Step 0000 | Loss: 0.5714 | P@10: 60.0% | P@20: 45.0%
[10:32:38] EP 32 | Step 0100 | Loss: 0.6392 | P@10: 30.0% | P@20: 50.0%
[10:33:06] EP 32 | Step 0200 | Loss: 1.1177 | P@10: 40.0% | P@20: 45.0%
[10:33:34] EP 32 | Step 0300 | Loss: 0.6713 | P@10: 50.0% | P@20: 50.0%
[10:34:02] EP 32 | Step 0400 | Loss: 0.7123 | P@10: 60.0% | P@20: 55.0%
[10:34:29] EP 32 | Step 0500 | Loss: 0.9440 | P@10: 50.0% | P@20: 50.0%
[10:34:57] EP 32 | Step 0600 | Loss: 0.6869 | P@10: 50.0% | P@20: 55.0%
[10:35:26] EP 32 | Step 0700 | Loss: 0.4071 | P@10: 40.0% | P@20: 70.0%
[10:35:54] EP 32 | Step 0800 | Loss: 1.0907 | P@10: 30.0% | P@20: 55.0%
[10:36:22] EP 32 | Step 0900 | Loss: 0.8181 | P@10: 20.0% | P@20: 45.0%
[10:36:50] EP 32 | Step 1000 | Loss: 0.6558 | P@10: 70.0% | P@20: 50.0%
[10:37:18] EP 32 | Step 1100 | Loss: 0.5657 | P@10: 50.0% | P@20: 50.0%
====================================================================================================
FINAL EP 32 | VAL P@10: 33.88% | VAL P@20: 42.62%
====================================================================================================
EP 32 | LOSS: 0.0000 | P@10: 33.88%
[10:38:09] EP 33 | Step 0000 | Loss: 0.9401 | P@10: 30.0% | P@20: 55.0%
[10:38:37] EP 33 | Step 0100 | Loss: 0.5388 | P@10: 50.0% | P@20: 50.0%
[10:39:05] EP 33 | Step 0200 | Loss: 0.9544 | P@10: 50.0% | P@20: 60.0%
[10:39:32] EP 33 | Step 0300 | Loss: 0.9976 | P@10: 20.0% | P@20: 45.0%
[10:40:00] EP 33 | Step 0400 | Loss: 0.7517 | P@10: 40.0% | P@20: 40.0%
[10:40:28] EP 33 | Step 0500 | Loss: 0.5961 | P@10: 50.0% | P@20: 50.0%
[10:40:55] EP 33 | Step 0600 | Loss: 0.5132 | P@10: 50.0% | P@20: 55.0%
[10:41:23] EP 33 | Step 0700 | Loss: 0.3654 | P@10: 70.0% | P@20: 65.0%
[10:41:51] EP 33 | Step 0800 | Loss: 0.8549 | P@10: 60.0% | P@20: 55.0%
[10:42:19] EP 33 | Step 0900 | Loss: 0.6782 | P@10: 60.0% | P@20: 55.0%
[10:42:47] EP 33 | Step 1000 | Loss: 0.7303 | P@10: 50.0% | P@20: 60.0%
[10:43:14] EP 33 | Step 1100 | Loss: 1.2736 | P@10: 30.0% | P@20: 40.0%
====================================================================================================
FINAL EP 33 | VAL P@10: 31.84% | VAL P@20: 42.31%
====================================================================================================
EP 33 | LOSS: 0.0000 | P@10: 31.84%
[10:44:03] EP 34 | Step 0000 | Loss: 0.8417 | P@10: 40.0% | P@20: 55.0%
[10:44:30] EP 34 | Step 0100 | Loss: 0.7390 | P@10: 30.0% | P@20: 45.0%
[10:44:57] EP 34 | Step 0200 | Loss: 0.8175 | P@10: 30.0% | P@20: 35.0%
[10:45:24] EP 34 | Step 0300 | Loss: 1.1163 | P@10: 30.0% | P@20: 35.0%
[10:45:51] EP 34 | Step 0400 | Loss: 0.7961 | P@10: 20.0% | P@20: 65.0%
[10:46:18] EP 34 | Step 0500 | Loss: 1.3376 | P@10: 30.0% | P@20: 40.0%
[10:46:45] EP 34 | Step 0600 | Loss: 0.8000 | P@10: 60.0% | P@20: 65.0%
[10:47:13] EP 34 | Step 0700 | Loss: 0.6945 | P@10: 40.0% | P@20: 60.0%
[10:47:40] EP 34 | Step 0800 | Loss: 1.0590 | P@10: 0.0% | P@20: 25.0%
[10:48:09] EP 34 | Step 0900 | Loss: 1.1954 | P@10: 60.0% | P@20: 55.0%
[10:48:37] EP 34 | Step 1000 | Loss: 1.6335 | P@10: 20.0% | P@20: 40.0%
[10:49:04] EP 34 | Step 1100 | Loss: 0.7548 | P@10: 30.0% | P@20: 45.0%
====================================================================================================
FINAL EP 34 | VAL P@10: 32.14% | VAL P@20: 40.78%
====================================================================================================
EP 34 | LOSS: 0.0000 | P@10: 32.14%
[10:49:54] EP 35 | Step 0000 | Loss: 0.6877 | P@10: 60.0% | P@20: 60.0%
[10:50:22] EP 35 | Step 0100 | Loss: 0.4011 | P@10: 50.0% | P@20: 60.0%
[10:50:50] EP 35 | Step 0200 | Loss: 0.9257 | P@10: 50.0% | P@20: 55.0%
[10:51:18] EP 35 | Step 0300 | Loss: 1.0023 | P@10: 30.0% | P@20: 45.0%
[10:51:46] EP 35 | Step 0400 | Loss: 1.2215 | P@10: 40.0% | P@20: 50.0%
[10:52:14] EP 35 | Step 0500 | Loss: 0.5356 | P@10: 50.0% | P@20: 65.0%
[10:52:41] EP 35 | Step 0600 | Loss: 0.5779 | P@10: 50.0% | P@20: 60.0%
[10:53:09] EP 35 | Step 0700 | Loss: 1.2650 | P@10: 40.0% | P@20: 35.0%
[10:53:37] EP 35 | Step 0800 | Loss: 1.0323 | P@10: 30.0% | P@20: 35.0%
[10:54:05] EP 35 | Step 0900 | Loss: 0.6853 | P@10: 60.0% | P@20: 55.0%
[10:54:33] EP 35 | Step 1000 | Loss: 1.1654 | P@10: 10.0% | P@20: 40.0%
[10:55:01] EP 35 | Step 1100 | Loss: 1.0652 | P@10: 20.0% | P@20: 45.0%
====================================================================================================
FINAL EP 35 | VAL P@10: 32.18% | VAL P@20: 42.74%
====================================================================================================
EP 35 | LOSS: 0.0000 | P@10: 32.18%
[10:55:51] EP 36 | Step 0000 | Loss: 0.7668 | P@10: 60.0% | P@20: 50.0%
[10:56:19] EP 36 | Step 0100 | Loss: 1.2659 | P@10: 10.0% | P@20: 25.0%
[10:56:46] EP 36 | Step 0200 | Loss: 0.8612 | P@10: 40.0% | P@20: 50.0%
[10:57:14] EP 36 | Step 0300 | Loss: 1.0119 | P@10: 10.0% | P@20: 10.0%
[10:57:42] EP 36 | Step 0400 | Loss: 0.7817 | P@10: 40.0% | P@20: 60.0%
[10:58:10] EP 36 | Step 0500 | Loss: 0.7000 | P@10: 30.0% | P@20: 35.0%
[10:58:39] EP 36 | Step 0600 | Loss: 0.8957 | P@10: 20.0% | P@20: 45.0%
[10:59:06] EP 36 | Step 0700 | Loss: 0.4906 | P@10: 30.0% | P@20: 55.0%
[10:59:35] EP 36 | Step 0800 | Loss: 0.8745 | P@10: 30.0% | P@20: 60.0%
[11:00:03] EP 36 | Step 0900 | Loss: 0.8124 | P@10: 60.0% | P@20: 45.0%
[11:00:32] EP 36 | Step 1000 | Loss: 1.0647 | P@10: 0.0% | P@20: 40.0%
[11:01:00] EP 36 | Step 1100 | Loss: 0.8477 | P@10: 50.0% | P@20: 50.0%
====================================================================================================
FINAL EP 36 | VAL P@10: 32.07% | VAL P@20: 42.04%
====================================================================================================
EP 36 | LOSS: 0.0000 | P@10: 32.07%
[11:01:51] EP 37 | Step 0000 | Loss: 1.1050 | P@10: 40.0% | P@20: 50.0%
[11:02:19] EP 37 | Step 0100 | Loss: 0.8764 | P@10: 30.0% | P@20: 45.0%
[11:02:48] EP 37 | Step 0200 | Loss: 0.6693 | P@10: 40.0% | P@20: 50.0%
[11:03:17] EP 37 | Step 0300 | Loss: 0.9648 | P@10: 40.0% | P@20: 40.0%
[11:03:45] EP 37 | Step 0400 | Loss: 0.3957 | P@10: 60.0% | P@20: 55.0%
[11:04:13] EP 37 | Step 0500 | Loss: 1.1093 | P@10: 20.0% | P@20: 40.0%
[11:04:41] EP 37 | Step 0600 | Loss: 0.4973 | P@10: 40.0% | P@20: 50.0%
[11:05:09] EP 37 | Step 0700 | Loss: 0.8588 | P@10: 30.0% | P@20: 35.0%
[11:05:37] EP 37 | Step 0800 | Loss: 0.8733 | P@10: 30.0% | P@20: 50.0%
[11:06:05] EP 37 | Step 0900 | Loss: 1.0846 | P@10: 50.0% | P@20: 55.0%
[11:06:33] EP 37 | Step 1000 | Loss: 0.6088 | P@10: 50.0% | P@20: 55.0%
[11:07:02] EP 37 | Step 1100 | Loss: 0.8562 | P@10: 40.0% | P@20: 55.0%
====================================================================================================
FINAL EP 37 | VAL P@10: 32.99% | VAL P@20: 43.38%
====================================================================================================
EP 37 | LOSS: 0.0000 | P@10: 32.99%
[11:07:52] EP 38 | Step 0000 | Loss: 0.9774 | P@10: 40.0% | P@20: 60.0%
[11:08:20] EP 38 | Step 0100 | Loss: 0.8917 | P@10: 30.0% | P@20: 45.0%
[11:08:47] EP 38 | Step 0200 | Loss: 1.0780 | P@10: 40.0% | P@20: 45.0%
[11:09:15] EP 38 | Step 0300 | Loss: 0.5189 | P@10: 50.0% | P@20: 60.0%
[11:09:43] EP 38 | Step 0400 | Loss: 0.6152 | P@10: 40.0% | P@20: 60.0%
[11:10:11] EP 38 | Step 0500 | Loss: 0.4079 | P@10: 60.0% | P@20: 55.0%
[11:10:39] EP 38 | Step 0600 | Loss: 0.5882 | P@10: 50.0% | P@20: 55.0%
[11:11:06] EP 38 | Step 0700 | Loss: 0.9062 | P@10: 50.0% | P@20: 45.0%
[11:11:34] EP 38 | Step 0800 | Loss: 0.7207 | P@10: 20.0% | P@20: 40.0%
[11:12:01] EP 38 | Step 0900 | Loss: 1.0048 | P@10: 40.0% | P@20: 50.0%
[11:12:29] EP 38 | Step 1000 | Loss: 0.8056 | P@10: 50.0% | P@20: 55.0%
[11:12:56] EP 38 | Step 1100 | Loss: 1.0421 | P@10: 50.0% | P@20: 50.0%
====================================================================================================
FINAL EP 38 | VAL P@10: 32.35% | VAL P@20: 41.70%
====================================================================================================
EP 38 | LOSS: 0.0000 | P@10: 32.35%
[11:13:46] EP 39 | Step 0000 | Loss: 0.9614 | P@10: 60.0% | P@20: 50.0%
[11:14:14] EP 39 | Step 0100 | Loss: 1.0473 | P@10: 30.0% | P@20: 35.0%
[11:14:41] EP 39 | Step 0200 | Loss: 1.0325 | P@10: 40.0% | P@20: 45.0%
[11:15:09] EP 39 | Step 0300 | Loss: 0.6545 | P@10: 40.0% | P@20: 45.0%
[11:15:36] EP 39 | Step 0400 | Loss: 0.4923 | P@10: 50.0% | P@20: 55.0%
[11:16:03] EP 39 | Step 0500 | Loss: 1.1118 | P@10: 30.0% | P@20: 35.0%
[11:16:31] EP 39 | Step 0600 | Loss: 0.6947 | P@10: 20.0% | P@20: 50.0%
[11:16:58] EP 39 | Step 0700 | Loss: 0.6241 | P@10: 30.0% | P@20: 55.0%
[11:17:26] EP 39 | Step 0800 | Loss: 0.4755 | P@10: 50.0% | P@20: 75.0%
[11:17:53] EP 39 | Step 0900 | Loss: 0.6126 | P@10: 60.0% | P@20: 60.0%
[11:18:21] EP 39 | Step 1000 | Loss: 1.1136 | P@10: 30.0% | P@20: 45.0%
[11:18:48] EP 39 | Step 1100 | Loss: 1.0384 | P@10: 40.0% | P@20: 50.0%
====================================================================================================
FINAL EP 39 | VAL P@10: 33.23% | VAL P@20: 42.69%
====================================================================================================
EP 39 | LOSS: 0.0000 | P@10: 33.23%
[11:19:39] EP 40 | Step 0000 | Loss: 0.6739 | P@10: 50.0% | P@20: 60.0%
[11:20:07] EP 40 | Step 0100 | Loss: 0.6561 | P@10: 30.0% | P@20: 50.0%
[11:20:35] EP 40 | Step 0200 | Loss: 0.5205 | P@10: 40.0% | P@20: 70.0%
[11:21:03] EP 40 | Step 0300 | Loss: 0.9942 | P@10: 20.0% | P@20: 40.0%
[11:21:31] EP 40 | Step 0400 | Loss: 0.9878 | P@10: 20.0% | P@20: 50.0%
[11:21:59] EP 40 | Step 0500 | Loss: 0.7907 | P@10: 60.0% | P@20: 60.0%
[11:22:26] EP 40 | Step 0600 | Loss: 0.6363 | P@10: 40.0% | P@20: 50.0%
[11:22:55] EP 40 | Step 0700 | Loss: 0.7752 | P@10: 70.0% | P@20: 50.0%
[11:23:23] EP 40 | Step 0800 | Loss: 0.5999 | P@10: 40.0% | P@20: 40.0%
[11:23:52] EP 40 | Step 0900 | Loss: 0.8227 | P@10: 50.0% | P@20: 50.0%
[11:24:21] EP 40 | Step 1000 | Loss: 0.9627 | P@10: 40.0% | P@20: 45.0%
[11:24:50] EP 40 | Step 1100 | Loss: 0.9709 | P@10: 50.0% | P@20: 40.0%
====================================================================================================
FINAL EP 40 | VAL P@10: 32.04% | VAL P@20: 41.79%
====================================================================================================
EP 40 | LOSS: 0.0000 | P@10: 32.04%
[11:25:42] EP 41 | Step 0000 | Loss: 0.7524 | P@10: 60.0% | P@20: 50.0%
[11:26:11] EP 41 | Step 0100 | Loss: 0.6170 | P@10: 50.0% | P@20: 40.0%
[11:26:39] EP 41 | Step 0200 | Loss: 0.8702 | P@10: 40.0% | P@20: 55.0%
[11:27:08] EP 41 | Step 0300 | Loss: 0.5315 | P@10: 60.0% | P@20: 60.0%
[11:27:36] EP 41 | Step 0400 | Loss: 0.5119 | P@10: 50.0% | P@20: 50.0%
[11:28:05] EP 41 | Step 0500 | Loss: 1.0054 | P@10: 20.0% | P@20: 45.0%
[11:28:34] EP 41 | Step 0600 | Loss: 0.7494 | P@10: 30.0% | P@20: 45.0%
[11:29:02] EP 41 | Step 0700 | Loss: 0.7670 | P@10: 50.0% | P@20: 50.0%
[11:29:30] EP 41 | Step 0800 | Loss: 0.7569 | P@10: 60.0% | P@20: 45.0%
[11:29:59] EP 41 | Step 0900 | Loss: 0.4172 | P@10: 50.0% | P@20: 60.0%
[11:30:27] EP 41 | Step 1000 | Loss: 0.7097 | P@10: 50.0% | P@20: 50.0%
[11:30:56] EP 41 | Step 1100 | Loss: 1.0620 | P@10: 50.0% | P@20: 50.0%
====================================================================================================
FINAL EP 41 | VAL P@10: 32.69% | VAL P@20: 42.50%
====================================================================================================
EP 41 | LOSS: 0.0000 | P@10: 32.69%
[11:31:48] EP 42 | Step 0000 | Loss: 0.5269 | P@10: 50.0% | P@20: 70.0%
[11:32:17] EP 42 | Step 0100 | Loss: 1.0529 | P@10: 40.0% | P@20: 50.0%
[11:32:45] EP 42 | Step 0200 | Loss: 0.8528 | P@10: 40.0% | P@20: 55.0%
[11:33:14] EP 42 | Step 0300 | Loss: 0.6178 | P@10: 30.0% | P@20: 45.0%
[11:33:42] EP 42 | Step 0400 | Loss: 1.2242 | P@10: 30.0% | P@20: 40.0%
[11:34:11] EP 42 | Step 0500 | Loss: 0.7495 | P@10: 40.0% | P@20: 50.0%
[11:34:39] EP 42 | Step 0600 | Loss: 1.0485 | P@10: 10.0% | P@20: 20.0%
[11:35:07] EP 42 | Step 0700 | Loss: 0.3593 | P@10: 30.0% | P@20: 55.0%
[11:35:36] EP 42 | Step 0800 | Loss: 0.7631 | P@10: 40.0% | P@20: 50.0%
[11:36:05] EP 42 | Step 0900 | Loss: 1.6562 | P@10: 30.0% | P@20: 30.0%
[11:36:34] EP 42 | Step 1000 | Loss: 0.7820 | P@10: 40.0% | P@20: 55.0%
[11:37:02] EP 42 | Step 1100 | Loss: 0.9422 | P@10: 30.0% | P@20: 55.0%
====================================================================================================
FINAL EP 42 | VAL P@10: 32.14% | VAL P@20: 42.67%
====================================================================================================
EP 42 | LOSS: 0.0000 | P@10: 32.14%
[11:37:54] EP 43 | Step 0000 | Loss: 0.5895 | P@10: 50.0% | P@20: 50.0%
[11:38:22] EP 43 | Step 0100 | Loss: 0.9373 | P@10: 30.0% | P@20: 50.0%
[11:38:51] EP 43 | Step 0200 | Loss: 0.6823 | P@10: 40.0% | P@20: 50.0%
[11:39:19] EP 43 | Step 0300 | Loss: 0.6354 | P@10: 60.0% | P@20: 50.0%
[11:39:47] EP 43 | Step 0400 | Loss: 0.8325 | P@10: 30.0% | P@20: 45.0%
[11:40:16] EP 43 | Step 0500 | Loss: 1.2035 | P@10: 30.0% | P@20: 40.0%
[11:40:44] EP 43 | Step 0600 | Loss: 0.9703 | P@10: 30.0% | P@20: 45.0%
[11:41:13] EP 43 | Step 0700 | Loss: 0.1948 | P@10: 50.0% | P@20: 60.0%
[11:41:42] EP 43 | Step 0800 | Loss: 0.7721 | P@10: 50.0% | P@20: 40.0%
[11:42:12] EP 43 | Step 0900 | Loss: 1.0109 | P@10: 30.0% | P@20: 50.0%
[11:42:41] EP 43 | Step 1000 | Loss: 0.7406 | P@10: 40.0% | P@20: 50.0%
[11:43:10] EP 43 | Step 1100 | Loss: 1.5186 | P@10: 40.0% | P@20: 45.0%
====================================================================================================
FINAL EP 43 | VAL P@10: 32.31% | VAL P@20: 42.52%
====================================================================================================
EP 43 | LOSS: 0.0000 | P@10: 32.31%
[11:44:02] EP 44 | Step 0000 | Loss: 0.6546 | P@10: 40.0% | P@20: 45.0%
[11:44:31] EP 44 | Step 0100 | Loss: 0.7287 | P@10: 40.0% | P@20: 55.0%
[11:45:00] EP 44 | Step 0200 | Loss: 0.9991 | P@10: 20.0% | P@20: 40.0%
[11:45:29] EP 44 | Step 0300 | Loss: 0.7581 | P@10: 40.0% | P@20: 50.0%
[11:45:57] EP 44 | Step 0400 | Loss: 0.5264 | P@10: 50.0% | P@20: 45.0%
[11:46:26] EP 44 | Step 0500 | Loss: 0.3873 | P@10: 60.0% | P@20: 55.0%
[11:46:54] EP 44 | Step 0600 | Loss: 1.0944 | P@10: 50.0% | P@20: 60.0%
[11:47:23] EP 44 | Step 0700 | Loss: 1.0378 | P@10: 20.0% | P@20: 40.0%
[11:47:52] EP 44 | Step 0800 | Loss: 0.6743 | P@10: 60.0% | P@20: 65.0%
[11:48:21] EP 44 | Step 0900 | Loss: 0.9605 | P@10: 40.0% | P@20: 40.0%
[11:48:50] EP 44 | Step 1000 | Loss: 0.8471 | P@10: 40.0% | P@20: 70.0%
[11:49:18] EP 44 | Step 1100 | Loss: 0.8172 | P@10: 60.0% | P@20: 45.0%
====================================================================================================
FINAL EP 44 | VAL P@10: 32.79% | VAL P@20: 42.81%
====================================================================================================
EP 44 | LOSS: 0.0000 | P@10: 32.79%
[11:50:10] EP 45 | Step 0000 | Loss: 0.4415 | P@10: 60.0% | P@20: 50.0%
[11:50:39] EP 45 | Step 0100 | Loss: 0.6228 | P@10: 70.0% | P@20: 50.0%
[11:51:08] EP 45 | Step 0200 | Loss: 1.0204 | P@10: 50.0% | P@20: 35.0%
[11:51:36] EP 45 | Step 0300 | Loss: 0.7263 | P@10: 10.0% | P@20: 10.0%
[11:52:05] EP 45 | Step 0400 | Loss: 0.8183 | P@10: 30.0% | P@20: 55.0%
[11:52:34] EP 45 | Step 0500 | Loss: 0.9095 | P@10: 10.0% | P@20: 30.0%
[11:53:03] EP 45 | Step 0600 | Loss: 0.8778 | P@10: 40.0% | P@20: 50.0%
[11:53:32] EP 45 | Step 0700 | Loss: 0.8492 | P@10: 20.0% | P@20: 55.0%
[11:54:01] EP 45 | Step 0800 | Loss: 0.8863 | P@10: 40.0% | P@20: 50.0%
[11:54:29] EP 45 | Step 0900 | Loss: 0.7358 | P@10: 20.0% | P@20: 35.0%
[11:54:58] EP 45 | Step 1000 | Loss: 0.4906 | P@10: 60.0% | P@20: 65.0%
[11:55:27] EP 45 | Step 1100 | Loss: 1.0518 | P@10: 60.0% | P@20: 45.0%
====================================================================================================
FINAL EP 45 | VAL P@10: 32.38% | VAL P@20: 41.99%
====================================================================================================
EP 45 | LOSS: 0.0000 | P@10: 32.38%
[11:56:18] EP 46 | Step 0000 | Loss: 1.4005 | P@10: 30.0% | P@20: 45.0%
[11:56:47] EP 46 | Step 0100 | Loss: 0.4996 | P@10: 50.0% | P@20: 60.0%
[11:57:15] EP 46 | Step 0200 | Loss: 0.3251 | P@10: 60.0% | P@20: 65.0%
[11:57:44] EP 46 | Step 0300 | Loss: 0.6542 | P@10: 20.0% | P@20: 60.0%
[11:58:12] EP 46 | Step 0400 | Loss: 0.7465 | P@10: 50.0% | P@20: 55.0%
[11:58:41] EP 46 | Step 0500 | Loss: 0.7028 | P@10: 30.0% | P@20: 60.0%
[11:59:09] EP 46 | Step 0600 | Loss: 1.0008 | P@10: 30.0% | P@20: 40.0%
[11:59:37] EP 46 | Step 0700 | Loss: 0.5690 | P@10: 50.0% | P@20: 50.0%
[12:00:06] EP 46 | Step 0800 | Loss: 0.8604 | P@10: 40.0% | P@20: 65.0%
[12:00:34] EP 46 | Step 0900 | Loss: 1.0320 | P@10: 40.0% | P@20: 40.0%
[12:01:03] EP 46 | Step 1000 | Loss: 0.8236 | P@10: 30.0% | P@20: 50.0%
[12:01:31] EP 46 | Step 1100 | Loss: 0.8122 | P@10: 50.0% | P@20: 50.0%
====================================================================================================
FINAL EP 46 | VAL P@10: 31.16% | VAL P@20: 42.23%
====================================================================================================
EP 46 | LOSS: 0.0000 | P@10: 31.16%
[12:02:22] EP 47 | Step 0000 | Loss: 0.7584 | P@10: 40.0% | P@20: 45.0%
[12:02:51] EP 47 | Step 0100 | Loss: 1.3876 | P@10: 10.0% | P@20: 40.0%
[12:03:20] EP 47 | Step 0200 | Loss: 0.8327 | P@10: 50.0% | P@20: 50.0%
[12:03:48] EP 47 | Step 0300 | Loss: 0.6656 | P@10: 30.0% | P@20: 65.0%
[12:04:16] EP 47 | Step 0400 | Loss: 0.5904 | P@10: 40.0% | P@20: 65.0%
[12:04:44] EP 47 | Step 0500 | Loss: 0.7214 | P@10: 60.0% | P@20: 55.0%
[12:05:13] EP 47 | Step 0600 | Loss: 1.1589 | P@10: 40.0% | P@20: 45.0%
[12:05:41] EP 47 | Step 0700 | Loss: 0.5763 | P@10: 40.0% | P@20: 65.0%
[12:06:09] EP 47 | Step 0800 | Loss: 1.1375 | P@10: 30.0% | P@20: 35.0%
[12:06:38] EP 47 | Step 0900 | Loss: 0.7737 | P@10: 30.0% | P@20: 55.0%
[12:07:06] EP 47 | Step 1000 | Loss: 1.1648 | P@10: 20.0% | P@20: 25.0%
[12:07:34] EP 47 | Step 1100 | Loss: 0.8451 | P@10: 20.0% | P@20: 15.0%
====================================================================================================
FINAL EP 47 | VAL P@10: 31.94% | VAL P@20: 41.51%
====================================================================================================
EP 47 | LOSS: 0.0000 | P@10: 31.94%
[12:08:25] EP 48 | Step 0000 | Loss: 0.5296 | P@10: 50.0% | P@20: 50.0%
[12:08:54] EP 48 | Step 0100 | Loss: 0.6330 | P@10: 40.0% | P@20: 55.0%
[12:09:22] EP 48 | Step 0200 | Loss: 0.7993 | P@10: 50.0% | P@20: 55.0%
[12:09:51] EP 48 | Step 0300 | Loss: 0.5210 | P@10: 50.0% | P@20: 60.0%
[12:10:19] EP 48 | Step 0400 | Loss: 0.8982 | P@10: 30.0% | P@20: 45.0%
[12:10:48] EP 48 | Step 0500 | Loss: 1.0918 | P@10: 20.0% | P@20: 40.0%
[12:11:17] EP 48 | Step 0600 | Loss: 0.6606 | P@10: 40.0% | P@20: 50.0%
[12:11:45] EP 48 | Step 0700 | Loss: 0.7889 | P@10: 40.0% | P@20: 50.0%
[12:12:14] EP 48 | Step 0800 | Loss: 0.2565 | P@10: 30.0% | P@20: 75.0%
[12:12:42] EP 48 | Step 0900 | Loss: 0.6258 | P@10: 10.0% | P@20: 10.0%
[12:13:11] EP 48 | Step 1000 | Loss: 1.1905 | P@10: 50.0% | P@20: 45.0%
[12:13:39] EP 48 | Step 1100 | Loss: 0.3682 | P@10: 40.0% | P@20: 50.0%
====================================================================================================
FINAL EP 48 | VAL P@10: 31.94% | VAL P@20: 41.96%
====================================================================================================
EP 48 | LOSS: 0.0000 | P@10: 31.94%
[12:14:31] EP 49 | Step 0000 | Loss: 0.3251 | P@10: 40.0% | P@20: 60.0%
[12:15:00] EP 49 | Step 0100 | Loss: 0.6214 | P@10: 50.0% | P@20: 55.0%
[12:15:28] EP 49 | Step 0200 | Loss: 0.7893 | P@10: 20.0% | P@20: 30.0%
[12:15:57] EP 49 | Step 0300 | Loss: 0.8487 | P@10: 50.0% | P@20: 50.0%
[12:16:26] EP 49 | Step 0400 | Loss: 0.8933 | P@10: 50.0% | P@20: 55.0%
[12:16:55] EP 49 | Step 0500 | Loss: 0.8366 | P@10: 10.0% | P@20: 35.0%
[12:17:23] EP 49 | Step 0600 | Loss: 0.7172 | P@10: 40.0% | P@20: 50.0%
[12:17:51] EP 49 | Step 0700 | Loss: 0.2434 | P@10: 60.0% | P@20: 75.0%
[12:18:20] EP 49 | Step 0800 | Loss: 0.4753 | P@10: 60.0% | P@20: 60.0%
[12:18:49] EP 49 | Step 0900 | Loss: 0.8420 | P@10: 40.0% | P@20: 55.0%
[12:19:18] EP 49 | Step 1000 | Loss: 0.7898 | P@10: 40.0% | P@20: 55.0%
[12:19:47] EP 49 | Step 1100 | Loss: 0.6919 | P@10: 20.0% | P@20: 60.0%
====================================================================================================
FINAL EP 49 | VAL P@10: 31.73% | VAL P@20: 41.14%
====================================================================================================
EP 49 | LOSS: 0.0000 | P@10: 31.73%
[12:20:38] EP 50 | Step 0000 | Loss: 0.8959 | P@10: 30.0% | P@20: 40.0%
[12:21:07] EP 50 | Step 0100 | Loss: 0.5158 | P@10: 30.0% | P@20: 55.0%
[12:21:36] EP 50 | Step 0200 | Loss: 0.7786 | P@10: 60.0% | P@20: 45.0%
[12:22:06] EP 50 | Step 0300 | Loss: 0.6690 | P@10: 40.0% | P@20: 55.0%
[12:22:34] EP 50 | Step 0400 | Loss: 0.5533 | P@10: 10.0% | P@20: 10.0%
[12:23:03] EP 50 | Step 0500 | Loss: 0.6516 | P@10: 60.0% | P@20: 30.0%
[12:23:32] EP 50 | Step 0600 | Loss: 0.5290 | P@10: 50.0% | P@20: 50.0%
[12:24:01] EP 50 | Step 0700 | Loss: 1.0261 | P@10: 30.0% | P@20: 50.0%
[12:24:30] EP 50 | Step 0800 | Loss: 0.6036 | P@10: 50.0% | P@20: 55.0%
[12:24:59] EP 50 | Step 0900 | Loss: 0.6873 | P@10: 40.0% | P@20: 50.0%
[12:25:28] EP 50 | Step 1000 | Loss: 0.7048 | P@10: 50.0% | P@20: 35.0%
[12:25:57] EP 50 | Step 1100 | Loss: 0.6522 | P@10: 50.0% | P@20: 45.0%
====================================================================================================
FINAL EP 50 | VAL P@10: 32.18% | VAL P@20: 41.43%
====================================================================================================
EP 50 | LOSS: 0.0000 | P@10: 32.18%
[12:26:49] EP 51 | Step 0000 | Loss: 0.7378 | P@10: 30.0% | P@20: 45.0%
[12:27:18] EP 51 | Step 0100 | Loss: 0.4168 | P@10: 50.0% | P@20: 55.0%
[12:27:46] EP 51 | Step 0200 | Loss: 0.2956 | P@10: 40.0% | P@20: 60.0%
[12:28:15] EP 51 | Step 0300 | Loss: 0.4796 | P@10: 30.0% | P@20: 60.0%
[12:28:44] EP 51 | Step 0400 | Loss: 0.4693 | P@10: 50.0% | P@20: 70.0%
[12:29:14] EP 51 | Step 0500 | Loss: 0.7988 | P@10: 40.0% | P@20: 50.0%
[12:29:43] EP 51 | Step 0600 | Loss: 0.8218 | P@10: 30.0% | P@20: 50.0%
[12:30:11] EP 51 | Step 0700 | Loss: 0.7676 | P@10: 50.0% | P@20: 55.0%
[12:30:40] EP 51 | Step 0800 | Loss: 0.6624 | P@10: 40.0% | P@20: 55.0%
[12:31:09] EP 51 | Step 0900 | Loss: 0.6634 | P@10: 30.0% | P@20: 45.0%
[12:31:38] EP 51 | Step 1000 | Loss: 0.8106 | P@10: 40.0% | P@20: 50.0%
[12:32:07] EP 51 | Step 1100 | Loss: 0.6385 | P@10: 40.0% | P@20: 60.0%
====================================================================================================
FINAL EP 51 | VAL P@10: 31.97% | VAL P@20: 41.67%
====================================================================================================
EP 51 | LOSS: 0.0000 | P@10: 31.97%
[12:32:58] EP 52 | Step 0000 | Loss: 0.3205 | P@10: 50.0% | P@20: 70.0%
[12:33:28] EP 52 | Step 0100 | Loss: 0.6985 | P@10: 50.0% | P@20: 55.0%
[12:33:57] EP 52 | Step 0200 | Loss: 0.5811 | P@10: 30.0% | P@20: 55.0%
[12:34:25] EP 52 | Step 0300 | Loss: 0.4633 | P@10: 70.0% | P@20: 70.0%
[12:34:54] EP 52 | Step 0400 | Loss: 0.6449 | P@10: 30.0% | P@20: 55.0%
[12:35:23] EP 52 | Step 0500 | Loss: 0.7285 | P@10: 30.0% | P@20: 35.0%
[12:35:52] EP 52 | Step 0600 | Loss: 1.1563 | P@10: 20.0% | P@20: 45.0%
[12:36:20] EP 52 | Step 0700 | Loss: 0.4836 | P@10: 60.0% | P@20: 65.0%
[12:36:49] EP 52 | Step 0800 | Loss: 0.7507 | P@10: 20.0% | P@20: 55.0%
[12:37:17] EP 52 | Step 0900 | Loss: 0.5316 | P@10: 60.0% | P@20: 65.0%
[12:37:45] EP 52 | Step 1000 | Loss: 1.1236 | P@10: 20.0% | P@20: 35.0%
[12:38:14] EP 52 | Step 1100 | Loss: 0.7407 | P@10: 20.0% | P@20: 30.0%
====================================================================================================
FINAL EP 52 | VAL P@10: 31.43% | VAL P@20: 40.94%
====================================================================================================
EP 52 | LOSS: 0.0000 | P@10: 31.43%
[12:39:05] EP 53 | Step 0000 | Loss: 1.0091 | P@10: 50.0% | P@20: 55.0%
[12:39:34] EP 53 | Step 0100 | Loss: 0.7692 | P@10: 10.0% | P@20: 20.0%
[12:40:02] EP 53 | Step 0200 | Loss: 0.8994 | P@10: 0.0% | P@20: 20.0%
[12:40:31] EP 53 | Step 0300 | Loss: 0.8266 | P@10: 50.0% | P@20: 55.0%
[12:41:00] EP 53 | Step 0400 | Loss: 1.1072 | P@10: 50.0% | P@20: 45.0%
[12:41:28] EP 53 | Step 0500 | Loss: 0.2137 | P@10: 60.0% | P@20: 80.0%
[12:41:57] EP 53 | Step 0600 | Loss: 0.2954 | P@10: 50.0% | P@20: 50.0%
[12:42:26] EP 53 | Step 0700 | Loss: 0.4232 | P@10: 40.0% | P@20: 60.0%
[12:42:55] EP 53 | Step 0800 | Loss: 0.6207 | P@10: 30.0% | P@20: 50.0%
[12:43:24] EP 53 | Step 0900 | Loss: 0.7673 | P@10: 50.0% | P@20: 55.0%
[12:43:52] EP 53 | Step 1000 | Loss: 0.6243 | P@10: 60.0% | P@20: 50.0%
[12:44:21] EP 53 | Step 1100 | Loss: 0.8092 | P@10: 30.0% | P@20: 40.0%
====================================================================================================
FINAL EP 53 | VAL P@10: 31.80% | VAL P@20: 41.34%
====================================================================================================
EP 53 | LOSS: 0.0000 | P@10: 31.80%
[12:45:13] EP 54 | Step 0000 | Loss: 0.6838 | P@10: 50.0% | P@20: 50.0%
[12:45:42] EP 54 | Step 0100 | Loss: 0.4472 | P@10: 60.0% | P@20: 45.0%
[12:46:10] EP 54 | Step 0200 | Loss: 0.7688 | P@10: 30.0% | P@20: 40.0%
[12:46:39] EP 54 | Step 0300 | Loss: 0.6211 | P@10: 50.0% | P@20: 40.0%
[12:47:07] EP 54 | Step 0400 | Loss: 0.8759 | P@10: 40.0% | P@20: 35.0%
[12:47:36] EP 54 | Step 0500 | Loss: 0.6920 | P@10: 10.0% | P@20: 25.0%
[12:48:05] EP 54 | Step 0600 | Loss: 0.5731 | P@10: 60.0% | P@20: 45.0%
[12:48:34] EP 54 | Step 0700 | Loss: 0.7551 | P@10: 50.0% | P@20: 45.0%
[12:49:03] EP 54 | Step 0800 | Loss: 0.5368 | P@10: 40.0% | P@20: 60.0%
[12:49:32] EP 54 | Step 0900 | Loss: 0.3546 | P@10: 40.0% | P@20: 60.0%
[12:50:01] EP 54 | Step 1000 | Loss: 0.5567 | P@10: 40.0% | P@20: 55.0%
[12:50:30] EP 54 | Step 1100 | Loss: 0.3294 | P@10: 70.0% | P@20: 65.0%
====================================================================================================
FINAL EP 54 | VAL P@10: 31.19% | VAL P@20: 41.19%
====================================================================================================
EP 54 | LOSS: 0.0000 | P@10: 31.19%
[12:51:22] EP 55 | Step 0000 | Loss: 1.0461 | P@10: 20.0% | P@20: 25.0%
[12:51:51] EP 55 | Step 0100 | Loss: 0.7601 | P@10: 40.0% | P@20: 55.0%
[12:52:20] EP 55 | Step 0200 | Loss: 0.9390 | P@10: 40.0% | P@20: 40.0%
[12:52:49] EP 55 | Step 0300 | Loss: 0.6786 | P@10: 30.0% | P@20: 55.0%
[12:53:18] EP 55 | Step 0400 | Loss: 0.3959 | P@10: 60.0% | P@20: 50.0%
[12:53:46] EP 55 | Step 0500 | Loss: 0.8088 | P@10: 70.0% | P@20: 55.0%
[12:54:15] EP 55 | Step 0600 | Loss: 1.0893 | P@10: 40.0% | P@20: 40.0%
[12:54:45] EP 55 | Step 0700 | Loss: 1.5386 | P@10: 30.0% | P@20: 40.0%
[12:55:14] EP 55 | Step 0800 | Loss: 0.5228 | P@10: 40.0% | P@20: 50.0%
[12:55:42] EP 55 | Step 0900 | Loss: 0.7170 | P@10: 40.0% | P@20: 50.0%
[12:56:11] EP 55 | Step 1000 | Loss: 0.7317 | P@10: 30.0% | P@20: 40.0%
[12:56:41] EP 55 | Step 1100 | Loss: 1.0170 | P@10: 50.0% | P@20: 50.0%
====================================================================================================
FINAL EP 55 | VAL P@10: 30.37% | VAL P@20: 40.36%
====================================================================================================
EP 55 | LOSS: 0.0000 | P@10: 30.37%
[12:57:32] EP 56 | Step 0000 | Loss: 0.1343 | P@10: 70.0% | P@20: 65.0%
[12:58:01] EP 56 | Step 0100 | Loss: 0.4322 | P@10: 40.0% | P@20: 55.0%
[12:58:30] EP 56 | Step 0200 | Loss: 0.7218 | P@10: 30.0% | P@20: 55.0%
[12:58:58] EP 56 | Step 0300 | Loss: 0.9795 | P@10: 40.0% | P@20: 40.0%
[12:59:27] EP 56 | Step 0400 | Loss: 0.5885 | P@10: 40.0% | P@20: 45.0%
[12:59:56] EP 56 | Step 0500 | Loss: 0.1689 | P@10: 40.0% | P@20: 60.0%
[13:00:25] EP 56 | Step 0600 | Loss: 1.1624 | P@10: 30.0% | P@20: 45.0%
[13:00:54] EP 56 | Step 0700 | Loss: 0.7488 | P@10: 40.0% | P@20: 60.0%
[13:01:23] EP 56 | Step 0800 | Loss: 0.9758 | P@10: 30.0% | P@20: 50.0%
[13:01:51] EP 56 | Step 0900 | Loss: 0.8456 | P@10: 20.0% | P@20: 50.0%
[13:02:20] EP 56 | Step 1000 | Loss: 0.8418 | P@10: 50.0% | P@20: 40.0%
[13:02:49] EP 56 | Step 1100 | Loss: 0.5861 | P@10: 50.0% | P@20: 45.0%
====================================================================================================
FINAL EP 56 | VAL P@10: 31.02% | VAL P@20: 40.92%
====================================================================================================
EP 56 | LOSS: 0.0000 | P@10: 31.02%
[13:03:41] EP 57 | Step 0000 | Loss: 0.8959 | P@10: 40.0% | P@20: 50.0%
[13:04:10] EP 57 | Step 0100 | Loss: 0.6025 | P@10: 20.0% | P@20: 45.0%
[13:04:40] EP 57 | Step 0200 | Loss: 0.5269 | P@10: 50.0% | P@20: 45.0%
[13:05:09] EP 57 | Step 0300 | Loss: 0.9055 | P@10: 40.0% | P@20: 50.0%
[13:05:38] EP 57 | Step 0400 | Loss: 0.7385 | P@10: 10.0% | P@20: 20.0%
[13:06:07] EP 57 | Step 0500 | Loss: 0.5276 | P@10: 60.0% | P@20: 40.0%
[13:06:37] EP 57 | Step 0600 | Loss: 0.5154 | P@10: 60.0% | P@20: 65.0%
[13:07:06] EP 57 | Step 0700 | Loss: 0.7069 | P@10: 40.0% | P@20: 65.0%
[13:07:35] EP 57 | Step 0800 | Loss: 0.1112 | P@10: 50.0% | P@20: 65.0%
[13:08:04] EP 57 | Step 0900 | Loss: 0.3086 | P@10: 60.0% | P@20: 65.0%
[13:08:33] EP 57 | Step 1000 | Loss: 0.7093 | P@10: 40.0% | P@20: 50.0%
[13:09:02] EP 57 | Step 1100 | Loss: 0.4832 | P@10: 60.0% | P@20: 50.0%
====================================================================================================
FINAL EP 57 | VAL P@10: 31.09% | VAL P@20: 40.83%
====================================================================================================
EP 57 | LOSS: 0.0000 | P@10: 31.09%
[13:09:54] EP 58 | Step 0000 | Loss: 0.6289 | P@10: 40.0% | P@20: 55.0%
[13:10:23] EP 58 | Step 0100 | Loss: 0.8118 | P@10: 40.0% | P@20: 60.0%
[13:10:52] EP 58 | Step 0200 | Loss: 0.3745 | P@10: 40.0% | P@20: 55.0%
[13:11:21] EP 58 | Step 0300 | Loss: 1.1924 | P@10: 30.0% | P@20: 40.0%
[13:11:50] EP 58 | Step 0400 | Loss: 0.8496 | P@10: 50.0% | P@20: 45.0%
[13:12:20] EP 58 | Step 0500 | Loss: 0.2487 | P@10: 70.0% | P@20: 60.0%
[13:12:49] EP 58 | Step 0600 | Loss: 0.7284 | P@10: 50.0% | P@20: 50.0%
[13:13:18] EP 58 | Step 0700 | Loss: 1.0767 | P@10: 60.0% | P@20: 35.0%
[13:13:47] EP 58 | Step 0800 | Loss: 0.6622 | P@10: 10.0% | P@20: 15.0%
[13:14:16] EP 58 | Step 0900 | Loss: 0.3319 | P@10: 50.0% | P@20: 65.0%
[13:14:46] EP 58 | Step 1000 | Loss: 0.7302 | P@10: 30.0% | P@20: 40.0%
[13:15:14] EP 58 | Step 1100 | Loss: 0.9528 | P@10: 50.0% | P@20: 45.0%
====================================================================================================
FINAL EP 58 | VAL P@10: 30.54% | VAL P@20: 40.10%
====================================================================================================
EP 58 | LOSS: 0.0000 | P@10: 30.54%
[13:16:06] EP 59 | Step 0000 | Loss: 0.4143 | P@10: 30.0% | P@20: 55.0%
[13:16:35] EP 59 | Step 0100 | Loss: 0.9935 | P@10: 40.0% | P@20: 30.0%
[13:17:04] EP 59 | Step 0200 | Loss: 0.2227 | P@10: 30.0% | P@20: 60.0%
[13:17:34] EP 59 | Step 0300 | Loss: 0.4937 | P@10: 30.0% | P@20: 50.0%
[13:18:03] EP 59 | Step 0400 | Loss: 0.6090 | P@10: 50.0% | P@20: 45.0%
[13:18:32] EP 59 | Step 0500 | Loss: 0.9271 | P@10: 30.0% | P@20: 45.0%
[13:19:01] EP 59 | Step 0600 | Loss: 0.2801 | P@10: 50.0% | P@20: 65.0%
[13:19:30] EP 59 | Step 0700 | Loss: 0.3108 | P@10: 60.0% | P@20: 75.0%
[13:19:59] EP 59 | Step 0800 | Loss: 0.2597 | P@10: 50.0% | P@20: 60.0%
[13:20:28] EP 59 | Step 0900 | Loss: 0.6828 | P@10: 50.0% | P@20: 60.0%
[13:20:57] EP 59 | Step 1000 | Loss: 0.3229 | P@10: 50.0% | P@20: 65.0%
[13:21:26] EP 59 | Step 1100 | Loss: 0.8287 | P@10: 20.0% | P@20: 50.0%
====================================================================================================
FINAL EP 59 | VAL P@10: 30.75% | VAL P@20: 40.87%
====================================================================================================
EP 59 | LOSS: 0.0000 | P@10: 30.75%
[13:22:18] EP 60 | Step 0000 | Loss: 0.9159 | P@10: 50.0% | P@20: 45.0%
[13:22:47] EP 60 | Step 0100 | Loss: 1.0310 | P@10: 20.0% | P@20: 45.0%
[13:23:17] EP 60 | Step 0200 | Loss: 0.2756 | P@10: 60.0% | P@20: 60.0%
[13:23:46] EP 60 | Step 0300 | Loss: 0.4980 | P@10: 40.0% | P@20: 65.0%
[13:24:15] EP 60 | Step 0400 | Loss: 1.0329 | P@10: 50.0% | P@20: 50.0%
[13:24:44] EP 60 | Step 0500 | Loss: 1.1595 | P@10: 20.0% | P@20: 40.0%
[13:25:13] EP 60 | Step 0600 | Loss: 0.9597 | P@10: 50.0% | P@20: 40.0%
[13:25:42] EP 60 | Step 0700 | Loss: 0.8901 | P@10: 40.0% | P@20: 50.0%
[13:26:12] EP 60 | Step 0800 | Loss: 0.3947 | P@10: 50.0% | P@20: 45.0%
[13:26:40] EP 60 | Step 0900 | Loss: 0.3417 | P@10: 60.0% | P@20: 55.0%
[13:27:10] EP 60 | Step 1000 | Loss: 0.4115 | P@10: 50.0% | P@20: 45.0%
[13:27:39] EP 60 | Step 1100 | Loss: 0.9653 | P@10: 60.0% | P@20: 55.0%
====================================================================================================
FINAL EP 60 | VAL P@10: 30.51% | VAL P@20: 40.14%
====================================================================================================
EP 60 | LOSS: 0.0000 | P@10: 30.51%
