2026-02-27 16:24:58,408 [INFO] 
🚀 TREINO JULES (ESTABILIZADO 29 CANAIS): INTERIOR
2026-02-27 16:25:00,207 [INFO]    [INTERIOR] E01 | Step [01/41] | Loss: 8.0597 | P@10: 90.0% | P@20: 45.0%
2026-02-27 16:25:03,478 [INFO]    [INTERIOR] E01 | Step [05/41] | Loss: 11.4116 | P@10: 0.0% | P@20: 0.0%
2026-02-27 16:25:07,247 [INFO]    [INTERIOR] E01 | Step [10/41] | Loss: 7.4969 | P@10: 90.0% | P@20: 45.0%
2026-02-27 16:25:11,154 [INFO]    [INTERIOR] E01 | Step [15/41] | Loss: 8.2154 | P@10: 90.0% | P@20: 45.0%
2026-02-27 16:25:15,107 [INFO]    [INTERIOR] E01 | Step [20/41] | Loss: 8.3007 | P@10: 90.0% | P@20: 45.0%
2026-02-27 16:25:19,038 [INFO]    [INTERIOR] E01 | Step [25/41] | Loss: 8.6499 | P@10: 90.0% | P@20: 45.0%
2026-02-27 16:25:22,817 [INFO]    [INTERIOR] E01 | Step [30/41] | Loss: 7.3605 | P@10: 90.0% | P@20: 45.0%
2026-02-27 16:25:26,544 [INFO]    [INTERIOR] E01 | Step [35/41] | Loss: 7.9874 | P@10: 90.0% | P@20: 45.0%
2026-02-27 16:25:30,387 [INFO]    [INTERIOR] E01 | Step [40/41] | Loss: 9.0661 | P@10: 90.0% | P@20: 45.0%
2026-02-27 16:25:32,098 [INFO] [INTERIOR] Epoch 01 Final | Val P@10: 90.0% | P@20: 45.0%
2026-02-27 16:25:32,117 [INFO] 🏆 NOVO RECORDE INTERIOR (P@20): 45.0%
2026-02-27 16:25:32,871 [INFO]    [INTERIOR] E02 | Step [01/41] | Loss: 8.3713 | P@10: 90.0% | P@20: 45.0%
2026-02-27 16:25:35,741 [INFO]    [INTERIOR] E02 | Step [05/41] | Loss: 8.0696 | P@10: 90.0% | P@20: 45.0%
2026-02-27 16:25:39,161 [INFO]    [INTERIOR] E02 | Step [10/41] | Loss: 8.5667 | P@10: 90.0% | P@20: 45.0%
2026-02-27 16:25:42,471 [INFO]    [INTERIOR] E02 | Step [15/41] | Loss: 8.3838 | P@10: 0.0% | P@20: 0.0%
2026-02-27 16:25:45,795 [INFO]    [INTERIOR] E02 | Step [20/41] | Loss: 8.3706 | P@10: 90.0% | P@20: 45.0%
2026-02-27 16:25:49,070 [INFO]    [INTERIOR] E02 | Step [25/41] | Loss: 8.1998 | P@10: 90.0% | P@20: 45.0%
2026-02-27 16:25:52,233 [INFO]    [INTERIOR] E02 | Step [30/41] | Loss: 6.4481 | P@10: 90.0% | P@20: 45.0%
2026-02-27 16:25:55,399 [INFO]    [INTERIOR] E02 | Step [35/41] | Loss: 8.8526 | P@10: 90.0% | P@20: 45.0%
2026-02-27 16:25:58,583 [INFO]    [INTERIOR] E02 | Step [40/41] | Loss: 9.0166 | P@10: 90.0% | P@20: 45.0%
2026-02-27 16:25:59,953 [INFO] [INTERIOR] Epoch 02 Final | Val P@10: 90.0% | P@20: 45.0%
2026-02-27 16:26:00,606 [INFO]    [INTERIOR] E03 | Step [01/41] | Loss: 7.8799 | P@10: 90.0% | P@20: 45.0%
2026-02-27 16:26:03,201 [INFO]    [INTERIOR] E03 | Step [05/41] | Loss: 8.9403 | P@10: 90.0% | P@20: 45.0%
2026-02-27 16:26:06,393 [INFO]    [INTERIOR] E03 | Step [10/41] | Loss: 7.7429 | P@10: 90.0% | P@20: 45.0%
2026-02-27 16:26:09,611 [INFO]    [INTERIOR] E03 | Step [15/41] | Loss: 8.1661 | P@10: 90.0% | P@20: 45.0%
2026-02-27 16:26:12,723 [INFO]    [INTERIOR] E03 | Step [20/41] | Loss: 7.9114 | P@10: 90.0% | P@20: 45.0%
2026-02-27 16:26:15,958 [INFO]    [INTERIOR] E03 | Step [25/41] | Loss: 7.8588 | P@10: 90.0% | P@20: 45.0%
2026-02-27 16:26:19,315 [INFO]    [INTERIOR] E03 | Step [30/41] | Loss: 7.5345 | P@10: 0.0% | P@20: 0.0%
2026-02-27 16:26:22,313 [INFO]    [INTERIOR] E03 | Step [35/41] | Loss: 7.8977 | P@10: 90.0% | P@20: 45.0%
2026-02-27 16:26:25,450 [INFO]    [INTERIOR] E03 | Step [40/41] | Loss: 7.9122 | P@10: 90.0% | P@20: 45.0%
2026-02-27 16:26:26,903 [INFO] [INTERIOR] Epoch 03 Final | Val P@10: 90.0% | P@20: 45.0%
2026-02-27 16:26:27,518 [INFO]    [INTERIOR] E04 | Step [01/41] | Loss: 6.8119 | P@10: 90.0% | P@20: 45.0%
2026-02-27 16:26:29,958 [INFO]    [INTERIOR] E04 | Step [05/41] | Loss: 7.7016 | P@10: 90.0% | P@20: 45.0%
2026-02-27 16:26:32,952 [INFO]    [INTERIOR] E04 | Step [10/41] | Loss: 8.0722 | P@10: 90.0% | P@20: 45.0%
2026-02-27 16:26:35,986 [INFO]    [INTERIOR] E04 | Step [15/41] | Loss: 8.0817 | P@10: 90.0% | P@20: 45.0%
2026-02-27 16:26:38,932 [INFO]    [INTERIOR] E04 | Step [20/41] | Loss: 8.2239 | P@10: 90.0% | P@20: 45.0%
2026-02-27 16:26:41,955 [INFO]    [INTERIOR] E04 | Step [25/41] | Loss: 7.5683 | P@10: 0.0% | P@20: 0.0%
2026-02-27 16:26:45,076 [INFO]    [INTERIOR] E04 | Step [30/41] | Loss: 8.4036 | P@10: 90.0% | P@20: 45.0%
2026-02-27 16:26:48,176 [INFO]    [INTERIOR] E04 | Step [35/41] | Loss: 8.1731 | P@10: 90.0% | P@20: 45.0%
2026-02-27 16:26:51,243 [INFO]    [INTERIOR] E04 | Step [40/41] | Loss: 9.4873 | P@10: 90.0% | P@20: 45.0%
2026-02-27 16:26:52,730 [INFO] [INTERIOR] Epoch 04 Final | Val P@10: 90.0% | P@20: 45.0%
2026-02-27 16:26:53,364 [INFO]    [INTERIOR] E05 | Step [01/41] | Loss: 7.9782 | P@10: 90.0% | P@20: 45.0%
2026-02-27 16:26:55,864 [INFO]    [INTERIOR] E05 | Step [05/41] | Loss: 9.8020 | P@10: 90.0% | P@20: 45.0%
2026-02-27 16:26:58,938 [INFO]    [INTERIOR] E05 | Step [10/41] | Loss: 7.6344 | P@10: 90.0% | P@20: 45.0%
2026-02-27 16:27:02,079 [INFO]    [INTERIOR] E05 | Step [15/41] | Loss: 8.4115 | P@10: 0.0% | P@20: 0.0%
2026-02-27 16:27:05,263 [INFO]    [INTERIOR] E05 | Step [20/41] | Loss: 7.4994 | P@10: 90.0% | P@20: 45.0%
2026-02-27 16:27:08,498 [INFO]    [INTERIOR] E05 | Step [25/41] | Loss: 7.8421 | P@10: 90.0% | P@20: 45.0%
2026-02-27 16:27:11,821 [INFO]    [INTERIOR] E05 | Step [30/41] | Loss: 7.8103 | P@10: 90.0% | P@20: 45.0%
2026-02-27 16:27:15,291 [INFO]    [INTERIOR] E05 | Step [35/41] | Loss: 7.8789 | P@10: 90.0% | P@20: 45.0%
2026-02-27 16:27:18,683 [INFO]    [INTERIOR] E05 | Step [40/41] | Loss: 8.6473 | P@10: 90.0% | P@20: 45.0%
2026-02-27 16:27:20,308 [INFO] [INTERIOR] Epoch 05 Final | Val P@10: 90.0% | P@20: 45.0%
2026-02-27 16:27:21,032 [INFO]    [INTERIOR] E06 | Step [01/41] | Loss: 8.8026 | P@10: 90.0% | P@20: 45.0%
2026-02-27 16:27:23,828 [INFO]    [INTERIOR] E06 | Step [05/41] | Loss: 7.7840 | P@10: 90.0% | P@20: 45.0%
2026-02-27 16:27:27,610 [INFO]    [INTERIOR] E06 | Step [10/41] | Loss: 8.0784 | P@10: 90.0% | P@20: 45.0%
2026-02-27 16:27:31,575 [INFO]    [INTERIOR] E06 | Step [15/41] | Loss: 8.4179 | P@10: 90.0% | P@20: 45.0%
2026-02-27 16:27:35,879 [INFO]    [INTERIOR] E06 | Step [20/41] | Loss: 8.2244 | P@10: 90.0% | P@20: 45.0%
2026-02-27 16:27:41,185 [INFO]    [INTERIOR] E06 | Step [25/41] | Loss: 8.3611 | P@10: 90.0% | P@20: 45.0%
2026-02-27 16:27:46,277 [INFO]    [INTERIOR] E06 | Step [30/41] | Loss: 8.0004 | P@10: 0.0% | P@20: 0.0%
2026-02-27 16:27:51,079 [INFO]    [INTERIOR] E06 | Step [35/41] | Loss: 8.0992 | P@10: 90.0% | P@20: 45.0%
2026-02-27 16:27:56,466 [INFO]    [INTERIOR] E06 | Step [40/41] | Loss: 9.6590 | P@10: 90.0% | P@20: 45.0%
2026-02-27 16:27:58,755 [INFO] [INTERIOR] Epoch 06 Final | Val P@10: 90.0% | P@20: 45.0%
2026-02-27 16:27:59,713 [INFO]    [INTERIOR] E07 | Step [01/41] | Loss: 7.5374 | P@10: 90.0% | P@20: 45.0%
2026-02-27 16:28:03,725 [INFO]    [INTERIOR] E07 | Step [05/41] | Loss: 8.0865 | P@10: 90.0% | P@20: 45.0%
2026-02-27 16:28:07,539 [INFO]    [INTERIOR] E07 | Step [10/41] | Loss: 8.0566 | P@10: 90.0% | P@20: 45.0%
2026-02-27 16:28:11,332 [INFO]    [INTERIOR] E07 | Step [15/41] | Loss: 8.0869 | P@10: 90.0% | P@20: 45.0%
2026-02-27 16:28:15,212 [INFO]    [INTERIOR] E07 | Step [20/41] | Loss: 8.0503 | P@10: 90.0% | P@20: 45.0%
2026-02-27 16:28:19,084 [INFO]    [INTERIOR] E07 | Step [25/41] | Loss: 8.0502 | P@10: 90.0% | P@20: 45.0%
2026-02-27 16:28:23,022 [INFO]    [INTERIOR] E07 | Step [30/41] | Loss: 8.0514 | P@10: 90.0% | P@20: 45.0%
2026-02-27 16:28:26,950 [INFO]    [INTERIOR] E07 | Step [35/41] | Loss: 8.0522 | P@10: 90.0% | P@20: 45.0%
2026-02-27 16:28:30,880 [INFO]    [INTERIOR] E07 | Step [40/41] | Loss: 8.0158 | P@10: 0.0% | P@20: 0.0%
2026-02-27 16:28:32,867 [INFO] [INTERIOR] Epoch 07 Final | Val P@10: 90.0% | P@20: 45.0%
2026-02-27 16:28:33,671 [INFO]    [INTERIOR] E08 | Step [01/41] | Loss: 8.0515 | P@10: 90.0% | P@20: 45.0%
2026-02-27 16:28:36,771 [INFO]    [INTERIOR] E08 | Step [05/41] | Loss: 8.0598 | P@10: 90.0% | P@20: 45.0%
2026-02-27 16:28:40,761 [INFO]    [INTERIOR] E08 | Step [10/41] | Loss: 8.0513 | P@10: 90.0% | P@20: 45.0%
2026-02-27 16:28:44,533 [INFO]    [INTERIOR] E08 | Step [15/41] | Loss: 8.0139 | P@10: 0.0% | P@20: 0.0%
2026-02-27 16:28:48,280 [INFO]    [INTERIOR] E08 | Step [20/41] | Loss: 8.0690 | P@10: 90.0% | P@20: 45.0%
2026-02-27 16:28:51,799 [INFO]    [INTERIOR] E08 | Step [25/41] | Loss: 8.1235 | P@10: 90.0% | P@20: 45.0%
2026-02-27 16:28:55,376 [INFO]    [INTERIOR] E08 | Step [30/41] | Loss: 8.0874 | P@10: 90.0% | P@20: 45.0%
2026-02-27 16:28:58,857 [INFO]    [INTERIOR] E08 | Step [35/41] | Loss: 8.0868 | P@10: 90.0% | P@20: 45.0%
2026-02-27 16:29:02,220 [INFO]    [INTERIOR] E08 | Step [40/41] | Loss: 8.0867 | P@10: 90.0% | P@20: 45.0%
2026-02-27 16:29:03,908 [INFO] [INTERIOR] Epoch 08 Final | Val P@10: 90.0% | P@20: 45.0%
2026-02-27 16:29:04,605 [INFO]    [INTERIOR] E09 | Step [01/41] | Loss: 8.0524 | P@10: 90.0% | P@20: 45.0%
2026-02-27 16:29:07,324 [INFO]    [INTERIOR] E09 | Step [05/41] | Loss: 8.0885 | P@10: 90.0% | P@20: 45.0%
2026-02-27 16:29:10,774 [INFO]    [INTERIOR] E09 | Step [10/41] | Loss: 8.0107 | P@10: 0.0% | P@20: 0.0%
2026-02-27 16:29:14,242 [INFO]    [INTERIOR] E09 | Step [15/41] | Loss: 8.1558 | P@10: 90.0% | P@20: 45.0%
2026-02-27 16:29:17,710 [INFO]    [INTERIOR] E09 | Step [20/41] | Loss: 8.0537 | P@10: 90.0% | P@20: 45.0%
2026-02-27 16:29:21,177 [INFO]    [INTERIOR] E09 | Step [25/41] | Loss: 8.0511 | P@10: 90.0% | P@20: 45.0%
2026-02-27 16:29:24,706 [INFO]    [INTERIOR] E09 | Step [30/41] | Loss: 8.0502 | P@10: 90.0% | P@20: 45.0%
2026-02-27 16:29:28,274 [INFO]    [INTERIOR] E09 | Step [35/41] | Loss: 8.0166 | P@10: 0.0% | P@20: 0.0%
2026-02-27 16:29:31,803 [INFO]    [INTERIOR] E09 | Step [40/41] | Loss: 8.0199 | P@10: 0.0% | P@20: 0.0%
2026-02-27 16:29:33,567 [INFO] [INTERIOR] Epoch 09 Final | Val P@10: 90.0% | P@20: 45.0%
2026-02-27 16:29:34,299 [INFO]    [INTERIOR] E10 | Step [01/41] | Loss: 8.0471 | P@10: 90.0% | P@20: 45.0%
2026-02-27 16:29:37,093 [INFO]    [INTERIOR] E10 | Step [05/41] | Loss: 8.0129 | P@10: 0.0% | P@20: 0.0%
2026-02-27 16:29:40,659 [INFO]    [INTERIOR] E10 | Step [10/41] | Loss: 8.0502 | P@10: 90.0% | P@20: 45.0%
2026-02-27 16:29:44,171 [INFO]    [INTERIOR] E10 | Step [15/41] | Loss: 8.1256 | P@10: 90.0% | P@20: 45.0%
2026-02-27 16:29:47,666 [INFO]    [INTERIOR] E10 | Step [20/41] | Loss: 8.0525 | P@10: 90.0% | P@20: 45.0%
2026-02-27 16:29:51,576 [INFO]    [INTERIOR] E10 | Step [25/41] | Loss: 8.1207 | P@10: 90.0% | P@20: 45.0%
2026-02-27 16:29:55,405 [INFO]    [INTERIOR] E10 | Step [30/41] | Loss: 8.0513 | P@10: 90.0% | P@20: 45.0%
2026-02-27 16:29:58,989 [INFO]    [INTERIOR] E10 | Step [35/41] | Loss: 8.0871 | P@10: 90.0% | P@20: 45.0%
2026-02-27 16:30:02,617 [INFO]    [INTERIOR] E10 | Step [40/41] | Loss: 8.0592 | P@10: 90.0% | P@20: 45.0%
2026-02-27 16:30:04,442 [INFO] [INTERIOR] Epoch 10 Final | Val P@10: 90.0% | P@20: 45.0%
2026-02-27 16:30:05,196 [INFO]    [INTERIOR] E11 | Step [01/41] | Loss: 8.0167 | P@10: 0.0% | P@20: 0.0%
2026-02-27 16:30:08,117 [INFO]    [INTERIOR] E11 | Step [05/41] | Loss: 8.0512 | P@10: 90.0% | P@20: 45.0%
2026-02-27 16:30:11,754 [INFO]    [INTERIOR] E11 | Step [10/41] | Loss: 8.0873 | P@10: 90.0% | P@20: 45.0%
2026-02-27 16:30:15,626 [INFO]    [INTERIOR] E11 | Step [15/41] | Loss: 8.0512 | P@10: 90.0% | P@20: 45.0%
2026-02-27 16:30:19,328 [INFO]    [INTERIOR] E11 | Step [20/41] | Loss: 8.0517 | P@10: 90.0% | P@20: 45.0%
2026-02-27 16:30:23,172 [INFO]    [INTERIOR] E11 | Step [25/41] | Loss: 8.0596 | P@10: 90.0% | P@20: 45.0%
2026-02-27 16:30:27,123 [INFO]    [INTERIOR] E11 | Step [30/41] | Loss: 8.0556 | P@10: 90.0% | P@20: 45.0%
2026-02-27 16:30:30,865 [INFO]    [INTERIOR] E11 | Step [35/41] | Loss: 8.0505 | P@10: 90.0% | P@20: 45.0%
2026-02-27 16:30:34,581 [INFO]    [INTERIOR] E11 | Step [40/41] | Loss: 8.0470 | P@10: 90.0% | P@20: 45.0%
2026-02-27 16:30:36,501 [INFO] [INTERIOR] Epoch 11 Final | Val P@10: 90.0% | P@20: 45.0%
2026-02-27 16:30:37,305 [INFO]    [INTERIOR] E12 | Step [01/41] | Loss: 8.0529 | P@10: 90.0% | P@20: 45.0%
2026-02-27 16:30:40,399 [INFO]    [INTERIOR] E12 | Step [05/41] | Loss: 8.0185 | P@10: 0.0% | P@20: 0.0%
2026-02-27 16:30:44,181 [INFO]    [INTERIOR] E12 | Step [10/41] | Loss: 8.0517 | P@10: 90.0% | P@20: 45.0%
2026-02-27 16:30:47,980 [INFO]    [INTERIOR] E12 | Step [15/41] | Loss: 8.0892 | P@10: 90.0% | P@20: 45.0%
2026-02-27 16:30:51,855 [INFO]    [INTERIOR] E12 | Step [20/41] | Loss: 8.0520 | P@10: 90.0% | P@20: 45.0%
2026-02-27 16:30:55,732 [INFO]    [INTERIOR] E12 | Step [25/41] | Loss: 8.0507 | P@10: 90.0% | P@20: 45.0%
2026-02-27 16:30:59,595 [INFO]    [INTERIOR] E12 | Step [30/41] | Loss: 8.0483 | P@10: 90.0% | P@20: 45.0%
2026-02-27 16:31:03,486 [INFO]    [INTERIOR] E12 | Step [35/41] | Loss: 8.0184 | P@10: 0.0% | P@20: 0.0%
2026-02-27 16:31:07,296 [INFO]    [INTERIOR] E12 | Step [40/41] | Loss: 8.0558 | P@10: 90.0% | P@20: 45.0%
2026-02-27 16:31:09,124 [INFO] [INTERIOR] Epoch 12 Final | Val P@10: 90.0% | P@20: 45.0%
2026-02-27 16:31:09,861 [INFO]    [INTERIOR] E13 | Step [01/41] | Loss: 8.0557 | P@10: 90.0% | P@20: 45.0%
2026-02-27 16:31:12,811 [INFO]    [INTERIOR] E13 | Step [05/41] | Loss: 8.0511 | P@10: 90.0% | P@20: 45.0%
2026-02-27 16:31:16,434 [INFO]    [INTERIOR] E13 | Step [10/41] | Loss: 8.0641 | P@10: 90.0% | P@20: 45.0%
2026-02-27 16:31:20,006 [INFO]    [INTERIOR] E13 | Step [15/41] | Loss: 8.1238 | P@10: 90.0% | P@20: 45.0%
2026-02-27 16:31:23,409 [INFO]    [INTERIOR] E13 | Step [20/41] | Loss: 8.0196 | P@10: 0.0% | P@20: 0.0%
2026-02-27 16:31:26,825 [INFO]    [INTERIOR] E13 | Step [25/41] | Loss: 8.0510 | P@10: 90.0% | P@20: 45.0%
2026-02-27 16:31:30,119 [INFO]    [INTERIOR] E13 | Step [30/41] | Loss: 8.0556 | P@10: 90.0% | P@20: 45.0%
2026-02-27 16:31:33,366 [INFO]    [INTERIOR] E13 | Step [35/41] | Loss: 8.0520 | P@10: 90.0% | P@20: 45.0%
2026-02-27 16:31:36,619 [INFO]    [INTERIOR] E13 | Step [40/41] | Loss: 8.0134 | P@10: 0.0% | P@20: 0.0%
2026-02-27 16:31:38,198 [INFO] [INTERIOR] Epoch 13 Final | Val P@10: 90.0% | P@20: 45.0%
2026-02-27 16:31:38,859 [INFO]    [INTERIOR] E14 | Step [01/41] | Loss: 8.1221 | P@10: 90.0% | P@20: 45.0%
2026-02-27 16:31:41,412 [INFO]    [INTERIOR] E14 | Step [05/41] | Loss: 8.0534 | P@10: 90.0% | P@20: 45.0%
2026-02-27 16:31:44,632 [INFO]    [INTERIOR] E14 | Step [10/41] | Loss: 8.0143 | P@10: 0.0% | P@20: 0.0%
2026-02-27 16:31:47,899 [INFO]    [INTERIOR] E14 | Step [15/41] | Loss: 8.0512 | P@10: 90.0% | P@20: 45.0%
2026-02-27 16:31:51,141 [INFO]    [INTERIOR] E14 | Step [20/41] | Loss: 8.0532 | P@10: 90.0% | P@20: 45.0%
2026-02-27 16:31:54,364 [INFO]    [INTERIOR] E14 | Step [25/41] | Loss: 8.0500 | P@10: 90.0% | P@20: 45.0%
2026-02-27 16:31:57,696 [INFO]    [INTERIOR] E14 | Step [30/41] | Loss: 8.0556 | P@10: 90.0% | P@20: 45.0%
2026-02-27 16:32:00,895 [INFO]    [INTERIOR] E14 | Step [35/41] | Loss: 8.0557 | P@10: 90.0% | P@20: 45.0%
2026-02-27 16:32:04,202 [INFO]    [INTERIOR] E14 | Step [40/41] | Loss: 8.0873 | P@10: 90.0% | P@20: 45.0%
2026-02-27 16:32:05,794 [INFO] [INTERIOR] Epoch 14 Final | Val P@10: 90.0% | P@20: 45.0%
2026-02-27 16:32:06,451 [INFO]    [INTERIOR] E15 | Step [01/41] | Loss: 8.0515 | P@10: 90.0% | P@20: 45.0%
2026-02-27 16:32:09,089 [INFO]    [INTERIOR] E15 | Step [05/41] | Loss: 8.0879 | P@10: 90.0% | P@20: 45.0%
2026-02-27 16:32:12,331 [INFO]    [INTERIOR] E15 | Step [10/41] | Loss: 8.1242 | P@10: 90.0% | P@20: 45.0%
2026-02-27 16:32:15,569 [INFO]    [INTERIOR] E15 | Step [15/41] | Loss: 8.0638 | P@10: 90.0% | P@20: 45.0%
2026-02-27 16:32:18,868 [INFO]    [INTERIOR] E15 | Step [20/41] | Loss: 8.0556 | P@10: 90.0% | P@20: 45.0%
2026-02-27 16:32:22,101 [INFO]    [INTERIOR] E15 | Step [25/41] | Loss: 8.1966 | P@10: 90.0% | P@20: 45.0%
2026-02-27 16:32:25,391 [INFO]    [INTERIOR] E15 | Step [30/41] | Loss: 8.0177 | P@10: 0.0% | P@20: 0.0%
2026-02-27 16:32:28,672 [INFO]    [INTERIOR] E15 | Step [35/41] | Loss: 8.0880 | P@10: 90.0% | P@20: 45.0%
2026-02-27 16:32:31,933 [INFO]    [INTERIOR] E15 | Step [40/41] | Loss: 8.0868 | P@10: 90.0% | P@20: 45.0%
2026-02-27 16:32:33,588 [INFO] [INTERIOR] Epoch 15 Final | Val P@10: 90.0% | P@20: 45.0%
2026-02-27 16:32:34,255 [INFO]    [INTERIOR] E16 | Step [01/41] | Loss: 8.0981 | P@10: 90.0% | P@20: 45.0%
2026-02-27 16:32:36,912 [INFO]    [INTERIOR] E16 | Step [05/41] | Loss: 8.0556 | P@10: 90.0% | P@20: 45.0%
2026-02-27 16:32:40,251 [INFO]    [INTERIOR] E16 | Step [10/41] | Loss: 8.0185 | P@10: 0.0% | P@20: 0.0%
2026-02-27 16:32:43,619 [INFO]    [INTERIOR] E16 | Step [15/41] | Loss: 8.0556 | P@10: 90.0% | P@20: 45.0%
2026-02-27 16:32:46,928 [INFO]    [INTERIOR] E16 | Step [20/41] | Loss: 8.0871 | P@10: 90.0% | P@20: 45.0%
2026-02-27 16:32:50,220 [INFO]    [INTERIOR] E16 | Step [25/41] | Loss: 8.0949 | P@10: 90.0% | P@20: 45.0%
2026-02-27 16:32:53,600 [INFO]    [INTERIOR] E16 | Step [30/41] | Loss: 8.0865 | P@10: 90.0% | P@20: 45.0%
2026-02-27 16:32:56,899 [INFO]    [INTERIOR] E16 | Step [35/41] | Loss: 8.0895 | P@10: 90.0% | P@20: 45.0%
2026-02-27 16:33:00,246 [INFO]    [INTERIOR] E16 | Step [40/41] | Loss: 8.1230 | P@10: 90.0% | P@20: 45.0%
2026-02-27 16:33:01,891 [INFO] [INTERIOR] Epoch 16 Final | Val P@10: 90.0% | P@20: 45.0%
2026-02-27 16:33:02,573 [INFO]    [INTERIOR] E17 | Step [01/41] | Loss: 8.0879 | P@10: 90.0% | P@20: 45.0%
2026-02-27 16:33:05,384 [INFO]    [INTERIOR] E17 | Step [05/41] | Loss: 8.0523 | P@10: 90.0% | P@20: 45.0%
2026-02-27 16:33:08,746 [INFO]    [INTERIOR] E17 | Step [10/41] | Loss: 8.0641 | P@10: 90.0% | P@20: 45.0%
2026-02-27 16:33:12,161 [INFO]    [INTERIOR] E17 | Step [15/41] | Loss: 8.1237 | P@10: 90.0% | P@20: 45.0%
2026-02-27 16:33:15,552 [INFO]    [INTERIOR] E17 | Step [20/41] | Loss: 8.0176 | P@10: 0.0% | P@20: 0.0%
2026-02-27 16:33:19,017 [INFO]    [INTERIOR] E17 | Step [25/41] | Loss: 8.0164 | P@10: 0.0% | P@20: 0.0%
2026-02-27 16:33:22,435 [INFO]    [INTERIOR] E17 | Step [30/41] | Loss: 8.0874 | P@10: 90.0% | P@20: 45.0%
2026-02-27 16:33:25,927 [INFO]    [INTERIOR] E17 | Step [35/41] | Loss: 8.0506 | P@10: 90.0% | P@20: 45.0%
2026-02-27 16:33:29,473 [INFO]    [INTERIOR] E17 | Step [40/41] | Loss: 8.0870 | P@10: 90.0% | P@20: 45.0%
2026-02-27 16:33:31,159 [INFO] [INTERIOR] Epoch 17 Final | Val P@10: 90.0% | P@20: 45.0%
2026-02-27 16:33:31,874 [INFO]    [INTERIOR] E18 | Step [01/41] | Loss: 8.0513 | P@10: 90.0% | P@20: 45.0%
2026-02-27 16:33:34,691 [INFO]    [INTERIOR] E18 | Step [05/41] | Loss: 8.1249 | P@10: 90.0% | P@20: 45.0%
2026-02-27 16:33:38,190 [INFO]    [INTERIOR] E18 | Step [10/41] | Loss: 8.0869 | P@10: 90.0% | P@20: 45.0%
2026-02-27 16:33:41,696 [INFO]    [INTERIOR] E18 | Step [15/41] | Loss: 8.0609 | P@10: 90.0% | P@20: 45.0%
2026-02-27 16:33:45,219 [INFO]    [INTERIOR] E18 | Step [20/41] | Loss: 8.0214 | P@10: 0.0% | P@20: 0.0%
2026-02-27 16:33:48,743 [INFO]    [INTERIOR] E18 | Step [25/41] | Loss: 8.0888 | P@10: 90.0% | P@20: 45.0%
2026-02-27 16:33:52,339 [INFO]    [INTERIOR] E18 | Step [30/41] | Loss: 8.0866 | P@10: 90.0% | P@20: 45.0%
2026-02-27 16:33:55,972 [INFO]    [INTERIOR] E18 | Step [35/41] | Loss: 8.0134 | P@10: 0.0% | P@20: 0.0%
2026-02-27 16:33:59,556 [INFO]    [INTERIOR] E18 | Step [40/41] | Loss: 8.0599 | P@10: 90.0% | P@20: 45.0%
2026-02-27 16:34:01,350 [INFO] [INTERIOR] Epoch 18 Final | Val P@10: 90.0% | P@20: 45.0%
2026-02-27 16:34:02,147 [INFO]    [INTERIOR] E19 | Step [01/41] | Loss: 8.0878 | P@10: 90.0% | P@20: 45.0%
2026-02-27 16:34:05,079 [INFO]    [INTERIOR] E19 | Step [05/41] | Loss: 8.1269 | P@10: 90.0% | P@20: 45.0%
2026-02-27 16:34:08,732 [INFO]    [INTERIOR] E19 | Step [10/41] | Loss: 8.0234 | P@10: 0.0% | P@20: 0.0%
2026-02-27 16:34:12,383 [INFO]    [INTERIOR] E19 | Step [15/41] | Loss: 8.0497 | P@10: 90.0% | P@20: 45.0%
2026-02-27 16:34:16,046 [INFO]    [INTERIOR] E19 | Step [20/41] | Loss: 8.0598 | P@10: 90.0% | P@20: 45.0%
2026-02-27 16:34:19,802 [INFO]    [INTERIOR] E19 | Step [25/41] | Loss: 8.0510 | P@10: 90.0% | P@20: 45.0%
2026-02-27 16:34:23,465 [INFO]    [INTERIOR] E19 | Step [30/41] | Loss: 8.0531 | P@10: 90.0% | P@20: 45.0%
2026-02-27 16:34:27,430 [INFO]    [INTERIOR] E19 | Step [35/41] | Loss: 8.0878 | P@10: 90.0% | P@20: 45.0%
2026-02-27 16:34:31,147 [INFO]    [INTERIOR] E19 | Step [40/41] | Loss: 8.0865 | P@10: 90.0% | P@20: 45.0%
2026-02-27 16:34:32,944 [INFO] [INTERIOR] Epoch 19 Final | Val P@10: 90.0% | P@20: 45.0%
2026-02-27 16:34:33,702 [INFO]    [INTERIOR] E20 | Step [01/41] | Loss: 8.0559 | P@10: 90.0% | P@20: 45.0%
2026-02-27 16:34:36,487 [INFO]    [INTERIOR] E20 | Step [05/41] | Loss: 8.0504 | P@10: 90.0% | P@20: 45.0%
2026-02-27 16:34:39,941 [INFO]    [INTERIOR] E20 | Step [10/41] | Loss: 8.1520 | P@10: 90.0% | P@20: 45.0%
2026-02-27 16:34:43,250 [INFO]    [INTERIOR] E20 | Step [15/41] | Loss: 8.0651 | P@10: 90.0% | P@20: 45.0%
2026-02-27 16:34:46,497 [INFO]    [INTERIOR] E20 | Step [20/41] | Loss: 8.0870 | P@10: 90.0% | P@20: 45.0%
2026-02-27 16:34:49,763 [INFO]    [INTERIOR] E20 | Step [25/41] | Loss: 8.0877 | P@10: 90.0% | P@20: 45.0%
2026-02-27 16:34:52,909 [INFO]    [INTERIOR] E20 | Step [30/41] | Loss: 8.0877 | P@10: 90.0% | P@20: 45.0%
2026-02-27 16:34:56,028 [INFO]    [INTERIOR] E20 | Step [35/41] | Loss: 8.0872 | P@10: 90.0% | P@20: 45.0%
2026-02-27 16:34:59,141 [INFO]    [INTERIOR] E20 | Step [40/41] | Loss: 8.0507 | P@10: 90.0% | P@20: 45.0%
2026-02-27 16:35:00,623 [INFO] [INTERIOR] Epoch 20 Final | Val P@10: 90.0% | P@20: 45.0%
2026-02-27 16:35:01,250 [INFO]    [INTERIOR] E21 | Step [01/41] | Loss: 8.0501 | P@10: 90.0% | P@20: 45.0%
2026-02-27 16:35:03,772 [INFO]    [INTERIOR] E21 | Step [05/41] | Loss: 8.1220 | P@10: 90.0% | P@20: 45.0%
2026-02-27 16:35:06,829 [INFO]    [INTERIOR] E21 | Step [10/41] | Loss: 8.0166 | P@10: 0.0% | P@20: 0.0%
2026-02-27 16:35:09,858 [INFO]    [INTERIOR] E21 | Step [15/41] | Loss: 8.0507 | P@10: 90.0% | P@20: 45.0%
2026-02-27 16:35:12,899 [INFO]    [INTERIOR] E21 | Step [20/41] | Loss: 8.0866 | P@10: 90.0% | P@20: 45.0%
2026-02-27 16:35:15,944 [INFO]    [INTERIOR] E21 | Step [25/41] | Loss: 8.0496 | P@10: 90.0% | P@20: 45.0%
2026-02-27 16:35:19,006 [INFO]    [INTERIOR] E21 | Step [30/41] | Loss: 8.0542 | P@10: 90.0% | P@20: 45.0%
2026-02-27 16:35:21,990 [INFO]    [INTERIOR] E21 | Step [35/41] | Loss: 8.0135 | P@10: 0.0% | P@20: 0.0%
2026-02-27 16:35:25,130 [INFO]    [INTERIOR] E21 | Step [40/41] | Loss: 8.1274 | P@10: 90.0% | P@20: 45.0%
2026-02-27 16:35:26,646 [INFO] [INTERIOR] Epoch 21 Final | Val P@10: 90.0% | P@20: 45.0%
2026-02-27 16:35:27,276 [INFO]    [INTERIOR] E22 | Step [01/41] | Loss: 8.0591 | P@10: 90.0% | P@20: 45.0%
2026-02-27 16:35:29,854 [INFO]    [INTERIOR] E22 | Step [05/41] | Loss: 8.0515 | P@10: 90.0% | P@20: 45.0%
2026-02-27 16:35:33,055 [INFO]    [INTERIOR] E22 | Step [10/41] | Loss: 8.1603 | P@10: 90.0% | P@20: 45.0%
2026-02-27 16:35:36,091 [INFO]    [INTERIOR] E22 | Step [15/41] | Loss: 8.0560 | P@10: 90.0% | P@20: 45.0%
2026-02-27 16:35:39,186 [INFO]    [INTERIOR] E22 | Step [20/41] | Loss: 8.0619 | P@10: 90.0% | P@20: 45.0%
2026-02-27 16:35:42,252 [INFO]    [INTERIOR] E22 | Step [25/41] | Loss: 8.0505 | P@10: 90.0% | P@20: 45.0%
2026-02-27 16:35:45,370 [INFO]    [INTERIOR] E22 | Step [30/41] | Loss: 8.0529 | P@10: 90.0% | P@20: 45.0%
2026-02-27 16:35:48,480 [INFO]    [INTERIOR] E22 | Step [35/41] | Loss: 8.0105 | P@10: 0.0% | P@20: 0.0%
2026-02-27 16:35:51,624 [INFO]    [INTERIOR] E22 | Step [40/41] | Loss: 8.0593 | P@10: 90.0% | P@20: 45.0%
2026-02-27 16:35:53,116 [INFO] [INTERIOR] Epoch 22 Final | Val P@10: 90.0% | P@20: 45.0%
2026-02-27 16:35:53,743 [INFO]    [INTERIOR] E23 | Step [01/41] | Loss: 8.0638 | P@10: 90.0% | P@20: 45.0%
2026-02-27 16:35:56,248 [INFO]    [INTERIOR] E23 | Step [05/41] | Loss: 8.0508 | P@10: 90.0% | P@20: 45.0%
2026-02-27 16:35:59,414 [INFO]    [INTERIOR] E23 | Step [10/41] | Loss: 8.0140 | P@10: 0.0% | P@20: 0.0%
2026-02-27 16:36:02,716 [INFO]    [INTERIOR] E23 | Step [15/41] | Loss: 8.0195 | P@10: 0.0% | P@20: 0.0%
2026-02-27 16:36:05,874 [INFO]    [INTERIOR] E23 | Step [20/41] | Loss: 8.0600 | P@10: 90.0% | P@20: 45.0%
2026-02-27 16:36:08,999 [INFO]    [INTERIOR] E23 | Step [25/41] | Loss: 8.0869 | P@10: 90.0% | P@20: 45.0%
2026-02-27 16:36:12,150 [INFO]    [INTERIOR] E23 | Step [30/41] | Loss: 8.0512 | P@10: 90.0% | P@20: 45.0%
2026-02-27 16:36:15,318 [INFO]    [INTERIOR] E23 | Step [35/41] | Loss: 8.0873 | P@10: 90.0% | P@20: 45.0%
2026-02-27 16:36:18,510 [INFO]    [INTERIOR] E23 | Step [40/41] | Loss: 8.1236 | P@10: 90.0% | P@20: 45.0%
2026-02-27 16:36:20,079 [INFO] [INTERIOR] Epoch 23 Final | Val P@10: 90.0% | P@20: 45.0%
2026-02-27 16:36:20,729 [INFO]    [INTERIOR] E24 | Step [01/41] | Loss: 8.0515 | P@10: 90.0% | P@20: 45.0%
2026-02-27 16:36:23,358 [INFO]    [INTERIOR] E24 | Step [05/41] | Loss: 8.0592 | P@10: 90.0% | P@20: 45.0%
2026-02-27 16:36:26,637 [INFO]    [INTERIOR] E24 | Step [10/41] | Loss: 8.0158 | P@10: 0.0% | P@20: 0.0%
2026-02-27 16:36:29,879 [INFO]    [INTERIOR] E24 | Step [15/41] | Loss: 8.0505 | P@10: 90.0% | P@20: 45.0%
2026-02-27 16:36:33,054 [INFO]    [INTERIOR] E24 | Step [20/41] | Loss: 8.0589 | P@10: 90.0% | P@20: 45.0%
2026-02-27 16:36:36,395 [INFO]    [INTERIOR] E24 | Step [25/41] | Loss: 8.0496 | P@10: 90.0% | P@20: 45.0%
2026-02-27 16:36:39,713 [INFO]    [INTERIOR] E24 | Step [30/41] | Loss: 8.0560 | P@10: 90.0% | P@20: 45.0%
2026-02-27 16:36:42,980 [INFO]    [INTERIOR] E24 | Step [35/41] | Loss: 8.0521 | P@10: 90.0% | P@20: 45.0%
2026-02-27 16:36:46,285 [INFO]    [INTERIOR] E24 | Step [40/41] | Loss: 8.0878 | P@10: 90.0% | P@20: 45.0%
2026-02-27 16:36:47,862 [INFO] [INTERIOR] Epoch 24 Final | Val P@10: 90.0% | P@20: 45.0%
2026-02-27 16:36:48,556 [INFO]    [INTERIOR] E25 | Step [01/41] | Loss: 8.0878 | P@10: 90.0% | P@20: 45.0%
2026-02-27 16:36:51,229 [INFO]    [INTERIOR] E25 | Step [05/41] | Loss: 8.0530 | P@10: 90.0% | P@20: 45.0%
2026-02-27 16:36:54,580 [INFO]    [INTERIOR] E25 | Step [10/41] | Loss: 8.0559 | P@10: 90.0% | P@20: 45.0%
2026-02-27 16:36:57,955 [INFO]    [INTERIOR] E25 | Step [15/41] | Loss: 8.0590 | P@10: 90.0% | P@20: 45.0%
2026-02-27 16:37:01,350 [INFO]    [INTERIOR] E25 | Step [20/41] | Loss: 8.0516 | P@10: 90.0% | P@20: 45.0%
2026-02-27 16:37:04,733 [INFO]    [INTERIOR] E25 | Step [25/41] | Loss: 8.0147 | P@10: 0.0% | P@20: 0.0%
2026-02-27 16:37:08,190 [INFO]    [INTERIOR] E25 | Step [30/41] | Loss: 8.1215 | P@10: 90.0% | P@20: 45.0%
2026-02-27 16:37:11,609 [INFO]    [INTERIOR] E25 | Step [35/41] | Loss: 8.1593 | P@10: 90.0% | P@20: 45.0%
2026-02-27 16:37:15,057 [INFO]    [INTERIOR] E25 | Step [40/41] | Loss: 8.0146 | P@10: 0.0% | P@20: 0.0%
2026-02-27 16:37:16,702 [INFO] [INTERIOR] Epoch 25 Final | Val P@10: 90.0% | P@20: 45.0%
2026-02-27 16:37:17,418 [INFO]    [INTERIOR] E26 | Step [01/41] | Loss: 8.0510 | P@10: 90.0% | P@20: 45.0%
2026-02-27 16:37:20,171 [INFO]    [INTERIOR] E26 | Step [05/41] | Loss: 8.1640 | P@10: 90.0% | P@20: 45.0%
2026-02-27 16:37:23,632 [INFO]    [INTERIOR] E26 | Step [10/41] | Loss: 8.1568 | P@10: 90.0% | P@20: 45.0%
2026-02-27 16:37:27,122 [INFO]    [INTERIOR] E26 | Step [15/41] | Loss: 8.0529 | P@10: 90.0% | P@20: 45.0%
2026-02-27 16:37:30,648 [INFO]    [INTERIOR] E26 | Step [20/41] | Loss: 8.1305 | P@10: 90.0% | P@20: 45.0%
2026-02-27 16:37:34,233 [INFO]    [INTERIOR] E26 | Step [25/41] | Loss: 8.1209 | P@10: 90.0% | P@20: 45.0%
2026-02-27 16:37:37,735 [INFO]    [INTERIOR] E26 | Step [30/41] | Loss: 8.1287 | P@10: 90.0% | P@20: 45.0%
2026-02-27 16:37:41,312 [INFO]    [INTERIOR] E26 | Step [35/41] | Loss: 8.0522 | P@10: 90.0% | P@20: 45.0%
2026-02-27 16:37:44,825 [INFO]    [INTERIOR] E26 | Step [40/41] | Loss: 8.0543 | P@10: 90.0% | P@20: 45.0%
2026-02-27 16:37:46,576 [INFO] [INTERIOR] Epoch 26 Final | Val P@10: 90.0% | P@20: 45.0%
2026-02-27 16:37:47,308 [INFO]    [INTERIOR] E27 | Step [01/41] | Loss: 8.0876 | P@10: 90.0% | P@20: 45.0%
2026-02-27 16:37:50,137 [INFO]    [INTERIOR] E27 | Step [05/41] | Loss: 8.0556 | P@10: 90.0% | P@20: 45.0%
2026-02-27 16:37:53,751 [INFO]    [INTERIOR] E27 | Step [10/41] | Loss: 8.1228 | P@10: 90.0% | P@20: 45.0%
2026-02-27 16:37:57,094 [INFO]    [INTERIOR] E27 | Step [15/41] | Loss: 8.0508 | P@10: 90.0% | P@20: 45.0%
2026-02-27 16:38:00,457 [INFO]    [INTERIOR] E27 | Step [20/41] | Loss: 8.0185 | P@10: 0.0% | P@20: 0.0%
2026-02-27 16:38:03,700 [INFO]    [INTERIOR] E27 | Step [25/41] | Loss: 8.0949 | P@10: 90.0% | P@20: 45.0%
2026-02-27 16:38:06,891 [INFO]    [INTERIOR] E27 | Step [30/41] | Loss: 8.0871 | P@10: 90.0% | P@20: 45.0%
2026-02-27 16:38:10,059 [INFO]    [INTERIOR] E27 | Step [35/41] | Loss: 8.0518 | P@10: 90.0% | P@20: 45.0%
2026-02-27 16:38:13,025 [INFO]    [INTERIOR] E27 | Step [40/41] | Loss: 8.0558 | P@10: 90.0% | P@20: 45.0%
2026-02-27 16:38:14,462 [INFO] [INTERIOR] Epoch 27 Final | Val P@10: 90.0% | P@20: 45.0%
2026-02-27 16:38:15,095 [INFO]    [INTERIOR] E28 | Step [01/41] | Loss: 8.0873 | P@10: 90.0% | P@20: 45.0%
2026-02-27 16:38:17,568 [INFO]    [INTERIOR] E28 | Step [05/41] | Loss: 8.0499 | P@10: 90.0% | P@20: 45.0%
2026-02-27 16:38:20,543 [INFO]    [INTERIOR] E28 | Step [10/41] | Loss: 8.0556 | P@10: 90.0% | P@20: 45.0%
2026-02-27 16:38:23,502 [INFO]    [INTERIOR] E28 | Step [15/41] | Loss: 8.0520 | P@10: 90.0% | P@20: 45.0%
2026-02-27 16:38:26,427 [INFO]    [INTERIOR] E28 | Step [20/41] | Loss: 8.0193 | P@10: 0.0% | P@20: 0.0%
2026-02-27 16:38:29,394 [INFO]    [INTERIOR] E28 | Step [25/41] | Loss: 8.0895 | P@10: 90.0% | P@20: 45.0%
2026-02-27 16:38:32,267 [INFO]    [INTERIOR] E28 | Step [30/41] | Loss: 8.0587 | P@10: 90.0% | P@20: 45.0%
2026-02-27 16:38:35,159 [INFO]    [INTERIOR] E28 | Step [35/41] | Loss: 8.0517 | P@10: 90.0% | P@20: 45.0%
2026-02-27 16:38:38,076 [INFO]    [INTERIOR] E28 | Step [40/41] | Loss: 8.0508 | P@10: 90.0% | P@20: 45.0%
2026-02-27 16:38:39,478 [INFO] [INTERIOR] Epoch 28 Final | Val P@10: 90.0% | P@20: 45.0%
2026-02-27 16:38:40,098 [INFO]    [INTERIOR] E29 | Step [01/41] | Loss: 8.0875 | P@10: 90.0% | P@20: 45.0%
2026-02-27 16:38:42,449 [INFO]    [INTERIOR] E29 | Step [05/41] | Loss: 8.0866 | P@10: 90.0% | P@20: 45.0%
2026-02-27 16:38:45,368 [INFO]    [INTERIOR] E29 | Step [10/41] | Loss: 8.0631 | P@10: 90.0% | P@20: 45.0%
2026-02-27 16:38:48,334 [INFO]    [INTERIOR] E29 | Step [15/41] | Loss: 8.0506 | P@10: 90.0% | P@20: 45.0%
2026-02-27 16:38:51,274 [INFO]    [INTERIOR] E29 | Step [20/41] | Loss: 8.0517 | P@10: 90.0% | P@20: 45.0%
2026-02-27 16:38:54,252 [INFO]    [INTERIOR] E29 | Step [25/41] | Loss: 8.0513 | P@10: 90.0% | P@20: 45.0%
2026-02-27 16:38:57,184 [INFO]    [INTERIOR] E29 | Step [30/41] | Loss: 8.0522 | P@10: 90.0% | P@20: 45.0%
2026-02-27 16:39:00,155 [INFO]    [INTERIOR] E29 | Step [35/41] | Loss: 8.0513 | P@10: 90.0% | P@20: 45.0%
2026-02-27 16:39:03,157 [INFO]    [INTERIOR] E29 | Step [40/41] | Loss: 8.0466 | P@10: 90.0% | P@20: 45.0%
2026-02-27 16:39:04,579 [INFO] [INTERIOR] Epoch 29 Final | Val P@10: 90.0% | P@20: 45.0%
2026-02-27 16:39:05,186 [INFO]    [INTERIOR] E30 | Step [01/41] | Loss: 8.0870 | P@10: 90.0% | P@20: 45.0%
2026-02-27 16:39:07,619 [INFO]    [INTERIOR] E30 | Step [05/41] | Loss: 8.0170 | P@10: 0.0% | P@20: 0.0%
2026-02-27 16:39:10,609 [INFO]    [INTERIOR] E30 | Step [10/41] | Loss: 8.0598 | P@10: 90.0% | P@20: 45.0%
2026-02-27 16:39:13,659 [INFO]    [INTERIOR] E30 | Step [15/41] | Loss: 8.0865 | P@10: 90.0% | P@20: 45.0%
2026-02-27 16:39:16,675 [INFO]    [INTERIOR] E30 | Step [20/41] | Loss: 8.0503 | P@10: 90.0% | P@20: 45.0%
2026-02-27 16:39:19,784 [INFO]    [INTERIOR] E30 | Step [25/41] | Loss: 8.0556 | P@10: 90.0% | P@20: 45.0%
2026-02-27 16:39:22,849 [INFO]    [INTERIOR] E30 | Step [30/41] | Loss: 8.0196 | P@10: 0.0% | P@20: 0.0%
2026-02-27 16:39:25,893 [INFO]    [INTERIOR] E30 | Step [35/41] | Loss: 8.0885 | P@10: 90.0% | P@20: 45.0%
2026-02-27 16:39:28,960 [INFO]    [INTERIOR] E30 | Step [40/41] | Loss: 8.1001 | P@10: 90.0% | P@20: 45.0%
2026-02-27 16:39:30,427 [INFO] [INTERIOR] Epoch 30 Final | Val P@10: 90.0% | P@20: 45.0%
2026-02-27 16:39:31,091 [INFO]    [INTERIOR] E31 | Step [01/41] | Loss: 8.0598 | P@10: 90.0% | P@20: 45.0%
2026-02-27 16:39:33,593 [INFO]    [INTERIOR] E31 | Step [05/41] | Loss: 8.0521 | P@10: 90.0% | P@20: 45.0%
2026-02-27 16:39:36,665 [INFO]    [INTERIOR] E31 | Step [10/41] | Loss: 8.0170 | P@10: 0.0% | P@20: 0.0%
2026-02-27 16:39:39,779 [INFO]    [INTERIOR] E31 | Step [15/41] | Loss: 8.0606 | P@10: 90.0% | P@20: 45.0%
2026-02-27 16:39:42,878 [INFO]    [INTERIOR] E31 | Step [20/41] | Loss: 8.0511 | P@10: 90.0% | P@20: 45.0%
2026-02-27 16:39:46,012 [INFO]    [INTERIOR] E31 | Step [25/41] | Loss: 8.1235 | P@10: 90.0% | P@20: 45.0%
2026-02-27 16:39:49,238 [INFO]    [INTERIOR] E31 | Step [30/41] | Loss: 8.0547 | P@10: 90.0% | P@20: 45.0%
2026-02-27 16:39:52,361 [INFO]    [INTERIOR] E31 | Step [35/41] | Loss: 8.0640 | P@10: 90.0% | P@20: 45.0%
2026-02-27 16:39:55,548 [INFO]    [INTERIOR] E31 | Step [40/41] | Loss: 8.0880 | P@10: 90.0% | P@20: 45.0%
2026-02-27 16:39:57,124 [INFO] [INTERIOR] Epoch 31 Final | Val P@10: 90.0% | P@20: 45.0%
2026-02-27 16:39:57,783 [INFO]    [INTERIOR] E32 | Step [01/41] | Loss: 8.1580 | P@10: 90.0% | P@20: 45.0%
2026-02-27 16:40:00,348 [INFO]    [INTERIOR] E32 | Step [05/41] | Loss: 8.0529 | P@10: 90.0% | P@20: 45.0%
2026-02-27 16:40:03,661 [INFO]    [INTERIOR] E32 | Step [10/41] | Loss: 8.0558 | P@10: 90.0% | P@20: 45.0%
2026-02-27 16:40:06,959 [INFO]    [INTERIOR] E32 | Step [15/41] | Loss: 8.0514 | P@10: 90.0% | P@20: 45.0%
2026-02-27 16:40:10,217 [INFO]    [INTERIOR] E32 | Step [20/41] | Loss: 8.0559 | P@10: 90.0% | P@20: 45.0%
2026-02-27 16:40:13,382 [INFO]    [INTERIOR] E32 | Step [25/41] | Loss: 8.0594 | P@10: 90.0% | P@20: 45.0%
2026-02-27 16:40:16,649 [INFO]    [INTERIOR] E32 | Step [30/41] | Loss: 8.0558 | P@10: 90.0% | P@20: 45.0%
2026-02-27 16:40:19,994 [INFO]    [INTERIOR] E32 | Step [35/41] | Loss: 8.1261 | P@10: 90.0% | P@20: 45.0%
2026-02-27 16:40:23,281 [INFO]    [INTERIOR] E32 | Step [40/41] | Loss: 8.1631 | P@10: 90.0% | P@20: 45.0%
2026-02-27 16:40:24,875 [INFO] [INTERIOR] Epoch 32 Final | Val P@10: 90.0% | P@20: 45.0%
2026-02-27 16:40:25,540 [INFO]    [INTERIOR] E33 | Step [01/41] | Loss: 8.0529 | P@10: 90.0% | P@20: 45.0%
2026-02-27 16:40:28,146 [INFO]    [INTERIOR] E33 | Step [05/41] | Loss: 8.0532 | P@10: 90.0% | P@20: 45.0%
2026-02-27 16:40:31,463 [INFO]    [INTERIOR] E33 | Step [10/41] | Loss: 8.0892 | P@10: 90.0% | P@20: 45.0%
2026-02-27 16:40:34,829 [INFO]    [INTERIOR] E33 | Step [15/41] | Loss: 8.0603 | P@10: 90.0% | P@20: 45.0%
2026-02-27 16:40:38,150 [INFO]    [INTERIOR] E33 | Step [20/41] | Loss: 8.0530 | P@10: 90.0% | P@20: 45.0%
2026-02-27 16:40:41,482 [INFO]    [INTERIOR] E33 | Step [25/41] | Loss: 8.0605 | P@10: 90.0% | P@20: 45.0%
2026-02-27 16:40:44,917 [INFO]    [INTERIOR] E33 | Step [30/41] | Loss: 8.0167 | P@10: 0.0% | P@20: 0.0%
2026-02-27 16:40:48,325 [INFO]    [INTERIOR] E33 | Step [35/41] | Loss: 8.0519 | P@10: 90.0% | P@20: 45.0%
2026-02-27 16:40:51,682 [INFO]    [INTERIOR] E33 | Step [40/41] | Loss: 8.0867 | P@10: 90.0% | P@20: 45.0%
2026-02-27 16:40:53,300 [INFO] [INTERIOR] Epoch 33 Final | Val P@10: 90.0% | P@20: 45.0%
2026-02-27 16:40:54,003 [INFO]    [INTERIOR] E34 | Step [01/41] | Loss: 8.1205 | P@10: 90.0% | P@20: 45.0%
2026-02-27 16:40:56,877 [INFO]    [INTERIOR] E34 | Step [05/41] | Loss: 8.0142 | P@10: 0.0% | P@20: 0.0%
2026-02-27 16:41:00,369 [INFO]    [INTERIOR] E34 | Step [10/41] | Loss: 8.0514 | P@10: 90.0% | P@20: 45.0%
2026-02-27 16:41:03,802 [INFO]    [INTERIOR] E34 | Step [15/41] | Loss: 8.0522 | P@10: 90.0% | P@20: 45.0%
2026-02-27 16:41:07,279 [INFO]    [INTERIOR] E34 | Step [20/41] | Loss: 8.0519 | P@10: 90.0% | P@20: 45.0%
2026-02-27 16:41:10,784 [INFO]    [INTERIOR] E34 | Step [25/41] | Loss: 8.0486 | P@10: 90.0% | P@20: 45.0%
2026-02-27 16:41:14,188 [INFO]    [INTERIOR] E34 | Step [30/41] | Loss: 8.0601 | P@10: 90.0% | P@20: 45.0%
2026-02-27 16:41:17,507 [INFO]    [INTERIOR] E34 | Step [35/41] | Loss: 8.0526 | P@10: 90.0% | P@20: 45.0%
2026-02-27 16:41:20,703 [INFO]    [INTERIOR] E34 | Step [40/41] | Loss: 8.0512 | P@10: 90.0% | P@20: 45.0%
2026-02-27 16:41:22,247 [INFO] [INTERIOR] Epoch 34 Final | Val P@10: 90.0% | P@20: 45.0%
2026-02-27 16:41:22,877 [INFO]    [INTERIOR] E35 | Step [01/41] | Loss: 8.0511 | P@10: 90.0% | P@20: 45.0%
2026-02-27 16:41:25,380 [INFO]    [INTERIOR] E35 | Step [05/41] | Loss: 8.0874 | P@10: 90.0% | P@20: 45.0%
2026-02-27 16:41:28,451 [INFO]    [INTERIOR] E35 | Step [10/41] | Loss: 8.0521 | P@10: 90.0% | P@20: 45.0%
2026-02-27 16:41:31,474 [INFO]    [INTERIOR] E35 | Step [15/41] | Loss: 8.0515 | P@10: 90.0% | P@20: 45.0%
2026-02-27 16:41:34,365 [INFO]    [INTERIOR] E35 | Step [20/41] | Loss: 8.0503 | P@10: 90.0% | P@20: 45.0%
2026-02-27 16:41:37,355 [INFO]    [INTERIOR] E35 | Step [25/41] | Loss: 8.0556 | P@10: 90.0% | P@20: 45.0%
2026-02-27 16:41:40,319 [INFO]    [INTERIOR] E35 | Step [30/41] | Loss: 8.0594 | P@10: 90.0% | P@20: 45.0%
2026-02-27 16:41:43,333 [INFO]    [INTERIOR] E35 | Step [35/41] | Loss: 8.1215 | P@10: 90.0% | P@20: 45.0%
2026-02-27 16:41:46,341 [INFO]    [INTERIOR] E35 | Step [40/41] | Loss: 8.0869 | P@10: 90.0% | P@20: 45.0%
2026-02-27 16:41:47,823 [INFO] [INTERIOR] Epoch 35 Final | Val P@10: 90.0% | P@20: 45.0%
2026-02-27 16:41:48,506 [INFO]    [INTERIOR] E36 | Step [01/41] | Loss: 8.0556 | P@10: 90.0% | P@20: 45.0%
2026-02-27 16:41:50,920 [INFO]    [INTERIOR] E36 | Step [05/41] | Loss: 8.0515 | P@10: 90.0% | P@20: 45.0%
2026-02-27 16:41:53,927 [INFO]    [INTERIOR] E36 | Step [10/41] | Loss: 8.0592 | P@10: 90.0% | P@20: 45.0%
2026-02-27 16:41:56,955 [INFO]    [INTERIOR] E36 | Step [15/41] | Loss: 8.0506 | P@10: 90.0% | P@20: 45.0%
2026-02-27 16:41:59,949 [INFO]    [INTERIOR] E36 | Step [20/41] | Loss: 8.0510 | P@10: 90.0% | P@20: 45.0%
2026-02-27 16:42:02,994 [INFO]    [INTERIOR] E36 | Step [25/41] | Loss: 8.0178 | P@10: 0.0% | P@20: 0.0%
2026-02-27 16:42:06,012 [INFO]    [INTERIOR] E36 | Step [30/41] | Loss: 8.1236 | P@10: 90.0% | P@20: 45.0%
2026-02-27 16:42:09,054 [INFO]    [INTERIOR] E36 | Step [35/41] | Loss: 8.0148 | P@10: 0.0% | P@20: 0.0%
2026-02-27 16:42:12,179 [INFO]    [INTERIOR] E36 | Step [40/41] | Loss: 8.0874 | P@10: 90.0% | P@20: 45.0%
2026-02-27 16:42:13,645 [INFO] [INTERIOR] Epoch 36 Final | Val P@10: 90.0% | P@20: 45.0%
2026-02-27 16:42:14,279 [INFO]    [INTERIOR] E37 | Step [01/41] | Loss: 8.1213 | P@10: 90.0% | P@20: 45.0%
2026-02-27 16:42:16,740 [INFO]    [INTERIOR] E37 | Step [05/41] | Loss: 8.0871 | P@10: 90.0% | P@20: 45.0%
2026-02-27 16:42:19,849 [INFO]    [INTERIOR] E37 | Step [10/41] | Loss: 8.0880 | P@10: 90.0% | P@20: 45.0%
2026-02-27 16:42:22,975 [INFO]    [INTERIOR] E37 | Step [15/41] | Loss: 8.0556 | P@10: 90.0% | P@20: 45.0%
2026-02-27 16:42:26,103 [INFO]    [INTERIOR] E37 | Step [20/41] | Loss: 8.0508 | P@10: 90.0% | P@20: 45.0%
2026-02-27 16:42:29,193 [INFO]    [INTERIOR] E37 | Step [25/41] | Loss: 8.0508 | P@10: 90.0% | P@20: 45.0%
2026-02-27 16:42:32,250 [INFO]    [INTERIOR] E37 | Step [30/41] | Loss: 8.0158 | P@10: 0.0% | P@20: 0.0%
2026-02-27 16:42:35,420 [INFO]    [INTERIOR] E37 | Step [35/41] | Loss: 8.0556 | P@10: 90.0% | P@20: 45.0%
2026-02-27 16:42:38,656 [INFO]    [INTERIOR] E37 | Step [40/41] | Loss: 8.1617 | P@10: 90.0% | P@20: 45.0%
2026-02-27 16:42:40,191 [INFO] [INTERIOR] Epoch 37 Final | Val P@10: 90.0% | P@20: 45.0%
2026-02-27 16:42:40,844 [INFO]    [INTERIOR] E38 | Step [01/41] | Loss: 8.0599 | P@10: 90.0% | P@20: 45.0%
2026-02-27 16:42:43,480 [INFO]    [INTERIOR] E38 | Step [05/41] | Loss: 8.1544 | P@10: 90.0% | P@20: 45.0%
2026-02-27 16:42:46,708 [INFO]    [INTERIOR] E38 | Step [10/41] | Loss: 8.0514 | P@10: 90.0% | P@20: 45.0%
2026-02-27 16:42:49,952 [INFO]    [INTERIOR] E38 | Step [15/41] | Loss: 8.0882 | P@10: 90.0% | P@20: 45.0%
2026-02-27 16:42:53,189 [INFO]    [INTERIOR] E38 | Step [20/41] | Loss: 8.0154 | P@10: 0.0% | P@20: 0.0%
2026-02-27 16:42:56,387 [INFO]    [INTERIOR] E38 | Step [25/41] | Loss: 8.0874 | P@10: 90.0% | P@20: 45.0%
2026-02-27 16:42:59,691 [INFO]    [INTERIOR] E38 | Step [30/41] | Loss: 8.0877 | P@10: 90.0% | P@20: 45.0%
2026-02-27 16:43:02,918 [INFO]    [INTERIOR] E38 | Step [35/41] | Loss: 8.0515 | P@10: 90.0% | P@20: 45.0%
2026-02-27 16:43:06,192 [INFO]    [INTERIOR] E38 | Step [40/41] | Loss: 8.0593 | P@10: 90.0% | P@20: 45.0%
2026-02-27 16:43:07,788 [INFO] [INTERIOR] Epoch 38 Final | Val P@10: 90.0% | P@20: 45.0%
2026-02-27 16:43:08,494 [INFO]    [INTERIOR] E39 | Step [01/41] | Loss: 8.0522 | P@10: 90.0% | P@20: 45.0%
2026-02-27 16:43:11,162 [INFO]    [INTERIOR] E39 | Step [05/41] | Loss: 8.1237 | P@10: 90.0% | P@20: 45.0%
2026-02-27 16:43:14,484 [INFO]    [INTERIOR] E39 | Step [10/41] | Loss: 8.0148 | P@10: 0.0% | P@20: 0.0%
2026-02-27 16:43:17,767 [INFO]    [INTERIOR] E39 | Step [15/41] | Loss: 8.0519 | P@10: 90.0% | P@20: 45.0%
2026-02-27 16:43:21,100 [INFO]    [INTERIOR] E39 | Step [20/41] | Loss: 8.0873 | P@10: 90.0% | P@20: 45.0%
2026-02-27 16:43:24,523 [INFO]    [INTERIOR] E39 | Step [25/41] | Loss: 8.0641 | P@10: 90.0% | P@20: 45.0%
2026-02-27 16:43:28,014 [INFO]    [INTERIOR] E39 | Step [30/41] | Loss: 8.1219 | P@10: 90.0% | P@20: 45.0%
2026-02-27 16:43:31,464 [INFO]    [INTERIOR] E39 | Step [35/41] | Loss: 8.0601 | P@10: 90.0% | P@20: 45.0%
2026-02-27 16:43:34,938 [INFO]    [INTERIOR] E39 | Step [40/41] | Loss: 8.0878 | P@10: 90.0% | P@20: 45.0%
2026-02-27 16:43:36,568 [INFO] [INTERIOR] Epoch 39 Final | Val P@10: 90.0% | P@20: 45.0%
2026-02-27 16:43:37,283 [INFO]    [INTERIOR] E40 | Step [01/41] | Loss: 8.0511 | P@10: 90.0% | P@20: 45.0%
2026-02-27 16:43:39,987 [INFO]    [INTERIOR] E40 | Step [05/41] | Loss: 8.0516 | P@10: 90.0% | P@20: 45.0%
2026-02-27 16:43:43,195 [INFO]    [INTERIOR] E40 | Step [10/41] | Loss: 8.0503 | P@10: 90.0% | P@20: 45.0%
2026-02-27 16:43:46,469 [INFO]    [INTERIOR] E40 | Step [15/41] | Loss: 8.0499 | P@10: 90.0% | P@20: 45.0%
2026-02-27 16:43:49,590 [INFO]    [INTERIOR] E40 | Step [20/41] | Loss: 8.0139 | P@10: 0.0% | P@20: 0.0%
2026-02-27 16:43:52,671 [INFO]    [INTERIOR] E40 | Step [25/41] | Loss: 8.0874 | P@10: 90.0% | P@20: 45.0%
2026-02-27 16:43:55,748 [INFO]    [INTERIOR] E40 | Step [30/41] | Loss: 8.0177 | P@10: 0.0% | P@20: 0.0%
2026-02-27 16:43:58,699 [INFO]    [INTERIOR] E40 | Step [35/41] | Loss: 8.0873 | P@10: 90.0% | P@20: 45.0%
2026-02-27 16:44:01,691 [INFO]    [INTERIOR] E40 | Step [40/41] | Loss: 8.0509 | P@10: 90.0% | P@20: 45.0%
2026-02-27 16:44:03,076 [INFO] [INTERIOR] Epoch 40 Final | Val P@10: 90.0% | P@20: 45.0%
2026-02-27 16:44:03,651 [INFO]    [INTERIOR] E41 | Step [01/41] | Loss: 8.0510 | P@10: 90.0% | P@20: 45.0%
2026-02-27 16:44:06,012 [INFO]    [INTERIOR] E41 | Step [05/41] | Loss: 8.0631 | P@10: 90.0% | P@20: 45.0%
2026-02-27 16:44:08,906 [INFO]    [INTERIOR] E41 | Step [10/41] | Loss: 8.0509 | P@10: 90.0% | P@20: 45.0%
2026-02-27 16:44:11,784 [INFO]    [INTERIOR] E41 | Step [15/41] | Loss: 8.0521 | P@10: 90.0% | P@20: 45.0%
2026-02-27 16:44:14,657 [INFO]    [INTERIOR] E41 | Step [20/41] | Loss: 8.0193 | P@10: 0.0% | P@20: 0.0%
2026-02-27 16:44:17,517 [INFO]    [INTERIOR] E41 | Step [25/41] | Loss: 8.0625 | P@10: 90.0% | P@20: 45.0%
2026-02-27 16:44:20,395 [INFO]    [INTERIOR] E41 | Step [30/41] | Loss: 8.0876 | P@10: 90.0% | P@20: 45.0%
2026-02-27 16:44:23,271 [INFO]    [INTERIOR] E41 | Step [35/41] | Loss: 8.0653 | P@10: 90.0% | P@20: 45.0%
2026-02-27 16:44:26,205 [INFO]    [INTERIOR] E41 | Step [40/41] | Loss: 8.0510 | P@10: 90.0% | P@20: 45.0%
2026-02-27 16:44:27,619 [INFO] [INTERIOR] Epoch 41 Final | Val P@10: 90.0% | P@20: 45.0%
2026-02-27 16:44:28,212 [INFO]    [INTERIOR] E42 | Step [01/41] | Loss: 8.0507 | P@10: 90.0% | P@20: 45.0%
2026-02-27 16:44:30,602 [INFO]    [INTERIOR] E42 | Step [05/41] | Loss: 8.0514 | P@10: 90.0% | P@20: 45.0%
2026-02-27 16:44:33,462 [INFO]    [INTERIOR] E42 | Step [10/41] | Loss: 8.0556 | P@10: 90.0% | P@20: 45.0%
2026-02-27 16:44:36,398 [INFO]    [INTERIOR] E42 | Step [15/41] | Loss: 8.0500 | P@10: 90.0% | P@20: 45.0%
2026-02-27 16:44:39,292 [INFO]    [INTERIOR] E42 | Step [20/41] | Loss: 8.0866 | P@10: 90.0% | P@20: 45.0%
2026-02-27 16:44:42,274 [INFO]    [INTERIOR] E42 | Step [25/41] | Loss: 8.0872 | P@10: 90.0% | P@20: 45.0%
2026-02-27 16:44:45,181 [INFO]    [INTERIOR] E42 | Step [30/41] | Loss: 8.0880 | P@10: 90.0% | P@20: 45.0%
2026-02-27 16:44:48,155 [INFO]    [INTERIOR] E42 | Step [35/41] | Loss: 8.0878 | P@10: 90.0% | P@20: 45.0%
2026-02-27 16:44:51,114 [INFO]    [INTERIOR] E42 | Step [40/41] | Loss: 8.0512 | P@10: 90.0% | P@20: 45.0%
2026-02-27 16:44:52,521 [INFO] [INTERIOR] Epoch 42 Final | Val P@10: 90.0% | P@20: 45.0%
2026-02-27 16:44:53,131 [INFO]    [INTERIOR] E43 | Step [01/41] | Loss: 8.0603 | P@10: 90.0% | P@20: 45.0%
2026-02-27 16:44:55,516 [INFO]    [INTERIOR] E43 | Step [05/41] | Loss: 8.1268 | P@10: 90.0% | P@20: 45.0%
2026-02-27 16:44:58,458 [INFO]    [INTERIOR] E43 | Step [10/41] | Loss: 8.0596 | P@10: 90.0% | P@20: 45.0%
2026-02-27 16:45:01,468 [INFO]    [INTERIOR] E43 | Step [15/41] | Loss: 8.1193 | P@10: 90.0% | P@20: 45.0%
2026-02-27 16:45:04,450 [INFO]    [INTERIOR] E43 | Step [20/41] | Loss: 8.0527 | P@10: 90.0% | P@20: 45.0%
2026-02-27 16:45:07,510 [INFO]    [INTERIOR] E43 | Step [25/41] | Loss: 8.1265 | P@10: 90.0% | P@20: 45.0%
2026-02-27 16:45:10,491 [INFO]    [INTERIOR] E43 | Step [30/41] | Loss: 8.1293 | P@10: 90.0% | P@20: 45.0%
2026-02-27 16:45:13,565 [INFO]    [INTERIOR] E43 | Step [35/41] | Loss: 8.0600 | P@10: 90.0% | P@20: 45.0%
2026-02-27 16:45:16,622 [INFO]    [INTERIOR] E43 | Step [40/41] | Loss: 8.0867 | P@10: 90.0% | P@20: 45.0%
2026-02-27 16:45:18,113 [INFO] [INTERIOR] Epoch 43 Final | Val P@10: 90.0% | P@20: 45.0%
2026-02-27 16:45:18,747 [INFO]    [INTERIOR] E44 | Step [01/41] | Loss: 8.0536 | P@10: 90.0% | P@20: 45.0%
2026-02-27 16:45:21,193 [INFO]    [INTERIOR] E44 | Step [05/41] | Loss: 8.0536 | P@10: 90.0% | P@20: 45.0%
2026-02-27 16:45:24,233 [INFO]    [INTERIOR] E44 | Step [10/41] | Loss: 8.1234 | P@10: 90.0% | P@20: 45.0%
2026-02-27 16:45:27,444 [INFO]    [INTERIOR] E44 | Step [15/41] | Loss: 8.0504 | P@10: 90.0% | P@20: 45.0%
2026-02-27 16:45:30,620 [INFO]    [INTERIOR] E44 | Step [20/41] | Loss: 8.0505 | P@10: 90.0% | P@20: 45.0%
2026-02-27 16:45:33,704 [INFO]    [INTERIOR] E44 | Step [25/41] | Loss: 8.0500 | P@10: 90.0% | P@20: 45.0%
2026-02-27 16:45:36,797 [INFO]    [INTERIOR] E44 | Step [30/41] | Loss: 8.0869 | P@10: 90.0% | P@20: 45.0%
2026-02-27 16:45:39,874 [INFO]    [INTERIOR] E44 | Step [35/41] | Loss: 8.0596 | P@10: 90.0% | P@20: 45.0%
2026-02-27 16:45:43,031 [INFO]    [INTERIOR] E44 | Step [40/41] | Loss: 8.0510 | P@10: 90.0% | P@20: 45.0%
2026-02-27 16:45:44,547 [INFO] [INTERIOR] Epoch 44 Final | Val P@10: 90.0% | P@20: 45.0%
2026-02-27 16:45:45,186 [INFO]    [INTERIOR] E45 | Step [01/41] | Loss: 8.0508 | P@10: 90.0% | P@20: 45.0%
2026-02-27 16:45:47,752 [INFO]    [INTERIOR] E45 | Step [05/41] | Loss: 8.0876 | P@10: 90.0% | P@20: 45.0%
2026-02-27 16:45:50,997 [INFO]    [INTERIOR] E45 | Step [10/41] | Loss: 8.0486 | P@10: 90.0% | P@20: 45.0%
2026-02-27 16:45:54,140 [INFO]    [INTERIOR] E45 | Step [15/41] | Loss: 8.0509 | P@10: 90.0% | P@20: 45.0%
2026-02-27 16:45:57,358 [INFO]    [INTERIOR] E45 | Step [20/41] | Loss: 8.0874 | P@10: 90.0% | P@20: 45.0%
2026-02-27 16:46:00,520 [INFO]    [INTERIOR] E45 | Step [25/41] | Loss: 8.0596 | P@10: 90.0% | P@20: 45.0%
2026-02-27 16:46:03,759 [INFO]    [INTERIOR] E45 | Step [30/41] | Loss: 8.0596 | P@10: 90.0% | P@20: 45.0%
2026-02-27 16:46:06,947 [INFO]    [INTERIOR] E45 | Step [35/41] | Loss: 8.0916 | P@10: 90.0% | P@20: 45.0%
2026-02-27 16:46:10,206 [INFO]    [INTERIOR] E45 | Step [40/41] | Loss: 8.0525 | P@10: 90.0% | P@20: 45.0%
2026-02-27 16:46:11,761 [INFO] [INTERIOR] Epoch 45 Final | Val P@10: 90.0% | P@20: 45.0%
2026-02-27 16:46:12,428 [INFO]    [INTERIOR] E46 | Step [01/41] | Loss: 8.0182 | P@10: 0.0% | P@20: 0.0%
2026-02-27 16:46:15,105 [INFO]    [INTERIOR] E46 | Step [05/41] | Loss: 8.0166 | P@10: 0.0% | P@20: 0.0%
2026-02-27 16:46:18,424 [INFO]    [INTERIOR] E46 | Step [10/41] | Loss: 8.1242 | P@10: 90.0% | P@20: 45.0%
2026-02-27 16:46:21,700 [INFO]    [INTERIOR] E46 | Step [15/41] | Loss: 8.0879 | P@10: 90.0% | P@20: 45.0%
2026-02-27 16:46:24,992 [INFO]    [INTERIOR] E46 | Step [20/41] | Loss: 8.1238 | P@10: 90.0% | P@20: 45.0%
2026-02-27 16:46:28,348 [INFO]    [INTERIOR] E46 | Step [25/41] | Loss: 8.0514 | P@10: 90.0% | P@20: 45.0%
2026-02-27 16:46:31,618 [INFO]    [INTERIOR] E46 | Step [30/41] | Loss: 8.0154 | P@10: 0.0% | P@20: 0.0%
2026-02-27 16:46:35,009 [INFO]    [INTERIOR] E46 | Step [35/41] | Loss: 8.1582 | P@10: 90.0% | P@20: 45.0%
2026-02-27 16:46:38,477 [INFO]    [INTERIOR] E46 | Step [40/41] | Loss: 8.0557 | P@10: 90.0% | P@20: 45.0%
2026-02-27 16:46:40,088 [INFO] [INTERIOR] Epoch 46 Final | Val P@10: 90.0% | P@20: 45.0%
2026-02-27 16:46:40,782 [INFO]    [INTERIOR] E47 | Step [01/41] | Loss: 8.0520 | P@10: 90.0% | P@20: 45.0%
2026-02-27 16:46:43,479 [INFO]    [INTERIOR] E47 | Step [05/41] | Loss: 8.1223 | P@10: 90.0% | P@20: 45.0%
2026-02-27 16:46:46,891 [INFO]    [INTERIOR] E47 | Step [10/41] | Loss: 8.0595 | P@10: 90.0% | P@20: 45.0%
2026-02-27 16:46:50,402 [INFO]    [INTERIOR] E47 | Step [15/41] | Loss: 8.0556 | P@10: 90.0% | P@20: 45.0%
2026-02-27 16:46:53,842 [INFO]    [INTERIOR] E47 | Step [20/41] | Loss: 8.0517 | P@10: 90.0% | P@20: 45.0%
2026-02-27 16:46:57,258 [INFO]    [INTERIOR] E47 | Step [25/41] | Loss: 8.0634 | P@10: 90.0% | P@20: 45.0%
2026-02-27 16:47:00,492 [INFO]    [INTERIOR] E47 | Step [30/41] | Loss: 8.0517 | P@10: 90.0% | P@20: 45.0%
2026-02-27 16:47:03,695 [INFO]    [INTERIOR] E47 | Step [35/41] | Loss: 8.0635 | P@10: 90.0% | P@20: 45.0%
2026-02-27 16:47:06,952 [INFO]    [INTERIOR] E47 | Step [40/41] | Loss: 8.0643 | P@10: 90.0% | P@20: 45.0%
2026-02-27 16:47:08,453 [INFO] [INTERIOR] Epoch 47 Final | Val P@10: 90.0% | P@20: 45.0%
2026-02-27 16:47:09,107 [INFO]    [INTERIOR] E48 | Step [01/41] | Loss: 8.0879 | P@10: 90.0% | P@20: 45.0%
2026-02-27 16:47:11,563 [INFO]    [INTERIOR] E48 | Step [05/41] | Loss: 8.0142 | P@10: 0.0% | P@20: 0.0%
2026-02-27 16:47:14,598 [INFO]    [INTERIOR] E48 | Step [10/41] | Loss: 8.0599 | P@10: 90.0% | P@20: 45.0%
2026-02-27 16:47:17,481 [INFO]    [INTERIOR] E48 | Step [15/41] | Loss: 8.0516 | P@10: 90.0% | P@20: 45.0%
2026-02-27 16:47:20,389 [INFO]    [INTERIOR] E48 | Step [20/41] | Loss: 8.0556 | P@10: 90.0% | P@20: 45.0%
2026-02-27 16:47:23,325 [INFO]    [INTERIOR] E48 | Step [25/41] | Loss: 8.0482 | P@10: 90.0% | P@20: 45.0%
2026-02-27 16:47:26,314 [INFO]    [INTERIOR] E48 | Step [30/41] | Loss: 8.0146 | P@10: 0.0% | P@20: 0.0%
2026-02-27 16:47:29,241 [INFO]    [INTERIOR] E48 | Step [35/41] | Loss: 8.0926 | P@10: 90.0% | P@20: 45.0%
2026-02-27 16:47:32,230 [INFO]    [INTERIOR] E48 | Step [40/41] | Loss: 8.0877 | P@10: 90.0% | P@20: 45.0%
2026-02-27 16:47:33,728 [INFO] [INTERIOR] Epoch 48 Final | Val P@10: 90.0% | P@20: 45.0%
2026-02-27 16:47:34,321 [INFO]    [INTERIOR] E49 | Step [01/41] | Loss: 8.0626 | P@10: 90.0% | P@20: 45.0%
2026-02-27 16:47:36,776 [INFO]    [INTERIOR] E49 | Step [05/41] | Loss: 8.0873 | P@10: 90.0% | P@20: 45.0%
2026-02-27 16:47:39,776 [INFO]    [INTERIOR] E49 | Step [10/41] | Loss: 8.0947 | P@10: 90.0% | P@20: 45.0%
2026-02-27 16:47:42,762 [INFO]    [INTERIOR] E49 | Step [15/41] | Loss: 8.0872 | P@10: 90.0% | P@20: 45.0%
2026-02-27 16:47:45,768 [INFO]    [INTERIOR] E49 | Step [20/41] | Loss: 8.0164 | P@10: 0.0% | P@20: 0.0%
2026-02-27 16:47:48,792 [INFO]    [INTERIOR] E49 | Step [25/41] | Loss: 8.0516 | P@10: 90.0% | P@20: 45.0%
2026-02-27 16:47:51,888 [INFO]    [INTERIOR] E49 | Step [30/41] | Loss: 8.0516 | P@10: 90.0% | P@20: 45.0%
2026-02-27 16:47:54,882 [INFO]    [INTERIOR] E49 | Step [35/41] | Loss: 8.0639 | P@10: 90.0% | P@20: 45.0%
2026-02-27 16:47:57,942 [INFO]    [INTERIOR] E49 | Step [40/41] | Loss: 8.0876 | P@10: 90.0% | P@20: 45.0%
2026-02-27 16:47:59,393 [INFO] [INTERIOR] Epoch 49 Final | Val P@10: 90.0% | P@20: 45.0%
2026-02-27 16:48:00,050 [INFO]    [INTERIOR] E50 | Step [01/41] | Loss: 8.0876 | P@10: 90.0% | P@20: 45.0%
2026-02-27 16:48:02,514 [INFO]    [INTERIOR] E50 | Step [05/41] | Loss: 8.0961 | P@10: 90.0% | P@20: 45.0%
2026-02-27 16:48:05,563 [INFO]    [INTERIOR] E50 | Step [10/41] | Loss: 8.0160 | P@10: 0.0% | P@20: 0.0%
2026-02-27 16:48:08,588 [INFO]    [INTERIOR] E50 | Step [15/41] | Loss: 8.0556 | P@10: 90.0% | P@20: 45.0%
2026-02-27 16:48:11,691 [INFO]    [INTERIOR] E50 | Step [20/41] | Loss: 8.0599 | P@10: 90.0% | P@20: 45.0%
2026-02-27 16:48:14,742 [INFO]    [INTERIOR] E50 | Step [25/41] | Loss: 8.0878 | P@10: 90.0% | P@20: 45.0%
2026-02-27 16:48:17,816 [INFO]    [INTERIOR] E50 | Step [30/41] | Loss: 8.0598 | P@10: 90.0% | P@20: 45.0%
2026-02-27 16:48:20,909 [INFO]    [INTERIOR] E50 | Step [35/41] | Loss: 8.0516 | P@10: 90.0% | P@20: 45.0%
2026-02-27 16:48:24,045 [INFO]    [INTERIOR] E50 | Step [40/41] | Loss: 8.1226 | P@10: 90.0% | P@20: 45.0%
2026-02-27 16:48:25,546 [INFO] [INTERIOR] Epoch 50 Final | Val P@10: 90.0% | P@20: 45.0%
2026-02-27 16:48:26,235 [INFO]    [INTERIOR] E51 | Step [01/41] | Loss: 8.0514 | P@10: 90.0% | P@20: 45.0%
2026-02-27 16:48:28,860 [INFO]    [INTERIOR] E51 | Step [05/41] | Loss: 8.0170 | P@10: 0.0% | P@20: 0.0%
2026-02-27 16:48:32,080 [INFO]    [INTERIOR] E51 | Step [10/41] | Loss: 8.0557 | P@10: 90.0% | P@20: 45.0%
2026-02-27 16:48:35,243 [INFO]    [INTERIOR] E51 | Step [15/41] | Loss: 8.0513 | P@10: 90.0% | P@20: 45.0%
2026-02-27 16:48:38,513 [INFO]    [INTERIOR] E51 | Step [20/41] | Loss: 8.1621 | P@10: 90.0% | P@20: 45.0%
2026-02-27 16:48:41,824 [INFO]    [INTERIOR] E51 | Step [25/41] | Loss: 8.0508 | P@10: 90.0% | P@20: 45.0%
2026-02-27 16:48:45,077 [INFO]    [INTERIOR] E51 | Step [30/41] | Loss: 8.0556 | P@10: 90.0% | P@20: 45.0%
2026-02-27 16:48:48,292 [INFO]    [INTERIOR] E51 | Step [35/41] | Loss: 8.0507 | P@10: 90.0% | P@20: 45.0%
2026-02-27 16:48:51,558 [INFO]    [INTERIOR] E51 | Step [40/41] | Loss: 8.1228 | P@10: 90.0% | P@20: 45.0%
2026-02-27 16:48:53,150 [INFO] [INTERIOR] Epoch 51 Final | Val P@10: 90.0% | P@20: 45.0%
2026-02-27 16:48:53,836 [INFO]    [INTERIOR] E52 | Step [01/41] | Loss: 8.0521 | P@10: 90.0% | P@20: 45.0%
2026-02-27 16:48:56,518 [INFO]    [INTERIOR] E52 | Step [05/41] | Loss: 8.0868 | P@10: 90.0% | P@20: 45.0%
2026-02-27 16:48:59,863 [INFO]    [INTERIOR] E52 | Step [10/41] | Loss: 8.0867 | P@10: 90.0% | P@20: 45.0%
2026-02-27 16:49:03,187 [INFO]    [INTERIOR] E52 | Step [15/41] | Loss: 8.0528 | P@10: 90.0% | P@20: 45.0%
2026-02-27 16:49:06,581 [INFO]    [INTERIOR] E52 | Step [20/41] | Loss: 8.0521 | P@10: 90.0% | P@20: 45.0%
2026-02-27 16:49:09,917 [INFO]    [INTERIOR] E52 | Step [25/41] | Loss: 8.0160 | P@10: 0.0% | P@20: 0.0%
2026-02-27 16:49:13,309 [INFO]    [INTERIOR] E52 | Step [30/41] | Loss: 8.0151 | P@10: 0.0% | P@20: 0.0%
2026-02-27 16:49:16,559 [INFO]    [INTERIOR] E52 | Step [35/41] | Loss: 8.0143 | P@10: 0.0% | P@20: 0.0%
2026-02-27 16:49:19,789 [INFO]    [INTERIOR] E52 | Step [40/41] | Loss: 8.0880 | P@10: 90.0% | P@20: 45.0%
2026-02-27 16:49:21,341 [INFO] [INTERIOR] Epoch 52 Final | Val P@10: 90.0% | P@20: 45.0%
2026-02-27 16:49:21,997 [INFO]    [INTERIOR] E53 | Step [01/41] | Loss: 8.0509 | P@10: 90.0% | P@20: 45.0%
2026-02-27 16:49:24,510 [INFO]    [INTERIOR] E53 | Step [05/41] | Loss: 8.0650 | P@10: 90.0% | P@20: 45.0%
2026-02-27 16:49:27,535 [INFO]    [INTERIOR] E53 | Step [10/41] | Loss: 8.1253 | P@10: 90.0% | P@20: 45.0%
2026-02-27 16:49:30,550 [INFO]    [INTERIOR] E53 | Step [15/41] | Loss: 8.0694 | P@10: 90.0% | P@20: 45.0%
2026-02-27 16:49:33,518 [INFO]    [INTERIOR] E53 | Step [20/41] | Loss: 8.0878 | P@10: 90.0% | P@20: 45.0%
2026-02-27 16:49:36,547 [INFO]    [INTERIOR] E53 | Step [25/41] | Loss: 8.0513 | P@10: 90.0% | P@20: 45.0%
2026-02-27 16:49:39,483 [INFO]    [INTERIOR] E53 | Step [30/41] | Loss: 8.0638 | P@10: 90.0% | P@20: 45.0%
2026-02-27 16:49:42,404 [INFO]    [INTERIOR] E53 | Step [35/41] | Loss: 8.0873 | P@10: 90.0% | P@20: 45.0%
2026-02-27 16:49:45,344 [INFO]    [INTERIOR] E53 | Step [40/41] | Loss: 8.0625 | P@10: 90.0% | P@20: 45.0%
2026-02-27 16:49:46,751 [INFO] [INTERIOR] Epoch 53 Final | Val P@10: 90.0% | P@20: 45.0%
2026-02-27 16:49:47,383 [INFO]    [INTERIOR] E54 | Step [01/41] | Loss: 8.0557 | P@10: 90.0% | P@20: 45.0%
2026-02-27 16:49:49,808 [INFO]    [INTERIOR] E54 | Step [05/41] | Loss: 8.0176 | P@10: 0.0% | P@20: 0.0%
2026-02-27 16:49:52,735 [INFO]    [INTERIOR] E54 | Step [10/41] | Loss: 8.0622 | P@10: 90.0% | P@20: 45.0%
2026-02-27 16:49:55,714 [INFO]    [INTERIOR] E54 | Step [15/41] | Loss: 8.1562 | P@10: 90.0% | P@20: 45.0%
2026-02-27 16:49:58,751 [INFO]    [INTERIOR] E54 | Step [20/41] | Loss: 8.0170 | P@10: 0.0% | P@20: 0.0%
2026-02-27 16:50:01,789 [INFO]    [INTERIOR] E54 | Step [25/41] | Loss: 8.0556 | P@10: 90.0% | P@20: 45.0%
2026-02-27 16:50:04,969 [INFO]    [INTERIOR] E54 | Step [30/41] | Loss: 8.0631 | P@10: 90.0% | P@20: 45.0%
2026-02-27 16:50:07,961 [INFO]    [INTERIOR] E54 | Step [35/41] | Loss: 8.1241 | P@10: 90.0% | P@20: 45.0%
2026-02-27 16:50:10,996 [INFO]    [INTERIOR] E54 | Step [40/41] | Loss: 8.0878 | P@10: 90.0% | P@20: 45.0%
2026-02-27 16:50:12,397 [INFO] [INTERIOR] Epoch 54 Final | Val P@10: 90.0% | P@20: 45.0%
2026-02-27 16:50:13,036 [INFO]    [INTERIOR] E55 | Step [01/41] | Loss: 8.1244 | P@10: 90.0% | P@20: 45.0%
2026-02-27 16:50:15,526 [INFO]    [INTERIOR] E55 | Step [05/41] | Loss: 8.0878 | P@10: 90.0% | P@20: 45.0%
2026-02-27 16:50:18,582 [INFO]    [INTERIOR] E55 | Step [10/41] | Loss: 8.0599 | P@10: 90.0% | P@20: 45.0%
2026-02-27 16:50:21,645 [INFO]    [INTERIOR] E55 | Step [15/41] | Loss: 8.0877 | P@10: 90.0% | P@20: 45.0%
2026-02-27 16:50:25,044 [INFO]    [INTERIOR] E55 | Step [20/41] | Loss: 8.0513 | P@10: 90.0% | P@20: 45.0%
2026-02-27 16:50:28,533 [INFO]    [INTERIOR] E55 | Step [25/41] | Loss: 8.0513 | P@10: 90.0% | P@20: 45.0%
2026-02-27 16:50:31,771 [INFO]    [INTERIOR] E55 | Step [30/41] | Loss: 8.1237 | P@10: 90.0% | P@20: 45.0%
2026-02-27 16:50:34,906 [INFO]    [INTERIOR] E55 | Step [35/41] | Loss: 8.0556 | P@10: 90.0% | P@20: 45.0%
2026-02-27 16:50:38,022 [INFO]    [INTERIOR] E55 | Step [40/41] | Loss: 8.0504 | P@10: 90.0% | P@20: 45.0%
2026-02-27 16:50:39,577 [INFO] [INTERIOR] Epoch 55 Final | Val P@10: 90.0% | P@20: 45.0%
2026-02-27 16:50:40,212 [INFO]    [INTERIOR] E56 | Step [01/41] | Loss: 8.0516 | P@10: 90.0% | P@20: 45.0%
2026-02-27 16:50:42,772 [INFO]    [INTERIOR] E56 | Step [05/41] | Loss: 8.0556 | P@10: 90.0% | P@20: 45.0%
2026-02-27 16:50:46,005 [INFO]    [INTERIOR] E56 | Step [10/41] | Loss: 8.0517 | P@10: 90.0% | P@20: 45.0%
2026-02-27 16:50:49,417 [INFO]    [INTERIOR] E56 | Step [15/41] | Loss: 8.0517 | P@10: 90.0% | P@20: 45.0%
2026-02-27 16:50:52,949 [INFO]    [INTERIOR] E56 | Step [20/41] | Loss: 8.1587 | P@10: 90.0% | P@20: 45.0%
2026-02-27 16:50:56,672 [INFO]    [INTERIOR] E56 | Step [25/41] | Loss: 8.0874 | P@10: 90.0% | P@20: 45.0%
2026-02-27 16:50:59,897 [INFO]    [INTERIOR] E56 | Step [30/41] | Loss: 8.0874 | P@10: 90.0% | P@20: 45.0%
2026-02-27 16:51:03,342 [INFO]    [INTERIOR] E56 | Step [35/41] | Loss: 8.0515 | P@10: 90.0% | P@20: 45.0%
2026-02-27 16:51:07,098 [INFO]    [INTERIOR] E56 | Step [40/41] | Loss: 8.0875 | P@10: 90.0% | P@20: 45.0%
2026-02-27 16:51:08,847 [INFO] [INTERIOR] Epoch 56 Final | Val P@10: 90.0% | P@20: 45.0%
2026-02-27 16:51:09,620 [INFO]    [INTERIOR] E57 | Step [01/41] | Loss: 8.0556 | P@10: 90.0% | P@20: 45.0%
2026-02-27 16:51:12,690 [INFO]    [INTERIOR] E57 | Step [05/41] | Loss: 8.0515 | P@10: 90.0% | P@20: 45.0%
2026-02-27 16:51:16,570 [INFO]    [INTERIOR] E57 | Step [10/41] | Loss: 8.0515 | P@10: 90.0% | P@20: 45.0%
2026-02-27 16:51:20,542 [INFO]    [INTERIOR] E57 | Step [15/41] | Loss: 8.0516 | P@10: 90.0% | P@20: 45.0%
2026-02-27 16:51:24,252 [INFO]    [INTERIOR] E57 | Step [20/41] | Loss: 8.0512 | P@10: 90.0% | P@20: 45.0%
2026-02-27 16:51:28,149 [INFO]    [INTERIOR] E57 | Step [25/41] | Loss: 8.0157 | P@10: 0.0% | P@20: 0.0%
2026-02-27 16:51:31,639 [INFO]    [INTERIOR] E57 | Step [30/41] | Loss: 8.0515 | P@10: 90.0% | P@20: 45.0%
2026-02-27 16:51:34,962 [INFO]    [INTERIOR] E57 | Step [35/41] | Loss: 8.0875 | P@10: 90.0% | P@20: 45.0%
2026-02-27 16:51:38,355 [INFO]    [INTERIOR] E57 | Step [40/41] | Loss: 8.0515 | P@10: 90.0% | P@20: 45.0%
2026-02-27 16:51:39,964 [INFO] [INTERIOR] Epoch 57 Final | Val P@10: 90.0% | P@20: 45.0%
2026-02-27 16:51:40,669 [INFO]    [INTERIOR] E58 | Step [01/41] | Loss: 8.0875 | P@10: 90.0% | P@20: 45.0%
2026-02-27 16:51:43,423 [INFO]    [INTERIOR] E58 | Step [05/41] | Loss: 8.0875 | P@10: 90.0% | P@20: 45.0%
2026-02-27 16:51:46,884 [INFO]    [INTERIOR] E58 | Step [10/41] | Loss: 8.0156 | P@10: 0.0% | P@20: 0.0%
2026-02-27 16:51:50,096 [INFO]    [INTERIOR] E58 | Step [15/41] | Loss: 8.0516 | P@10: 90.0% | P@20: 45.0%
2026-02-27 16:51:53,369 [INFO]    [INTERIOR] E58 | Step [20/41] | Loss: 8.0874 | P@10: 90.0% | P@20: 45.0%
2026-02-27 16:51:56,503 [INFO]    [INTERIOR] E58 | Step [25/41] | Loss: 8.0556 | P@10: 90.0% | P@20: 45.0%
2026-02-27 16:51:59,537 [INFO]    [INTERIOR] E58 | Step [30/41] | Loss: 8.0158 | P@10: 0.0% | P@20: 0.0%
2026-02-27 16:52:02,661 [INFO]    [INTERIOR] E58 | Step [35/41] | Loss: 8.0874 | P@10: 90.0% | P@20: 45.0%
2026-02-27 16:52:05,591 [INFO]    [INTERIOR] E58 | Step [40/41] | Loss: 8.0596 | P@10: 90.0% | P@20: 45.0%
2026-02-27 16:52:07,034 [INFO] [INTERIOR] Epoch 58 Final | Val P@10: 90.0% | P@20: 45.0%
2026-02-27 16:52:07,633 [INFO]    [INTERIOR] E59 | Step [01/41] | Loss: 8.0874 | P@10: 90.0% | P@20: 45.0%
2026-02-27 16:52:09,954 [INFO]    [INTERIOR] E59 | Step [05/41] | Loss: 8.0516 | P@10: 90.0% | P@20: 45.0%
2026-02-27 16:52:12,880 [INFO]    [INTERIOR] E59 | Step [10/41] | Loss: 8.0874 | P@10: 90.0% | P@20: 45.0%
2026-02-27 16:52:15,701 [INFO]    [INTERIOR] E59 | Step [15/41] | Loss: 8.0637 | P@10: 90.0% | P@20: 45.0%
2026-02-27 16:52:18,653 [INFO]    [INTERIOR] E59 | Step [20/41] | Loss: 8.0516 | P@10: 90.0% | P@20: 45.0%
2026-02-27 16:52:21,578 [INFO]    [INTERIOR] E59 | Step [25/41] | Loss: 8.0157 | P@10: 0.0% | P@20: 0.0%
2026-02-27 16:52:24,590 [INFO]    [INTERIOR] E59 | Step [30/41] | Loss: 8.0516 | P@10: 90.0% | P@20: 45.0%
2026-02-27 16:52:27,668 [INFO]    [INTERIOR] E59 | Step [35/41] | Loss: 8.1233 | P@10: 90.0% | P@20: 45.0%
2026-02-27 16:52:30,638 [INFO]    [INTERIOR] E59 | Step [40/41] | Loss: 8.0597 | P@10: 90.0% | P@20: 45.0%
2026-02-27 16:52:32,122 [INFO] [INTERIOR] Epoch 59 Final | Val P@10: 90.0% | P@20: 45.0%
2026-02-27 16:52:32,773 [INFO]    [INTERIOR] E60 | Step [01/41] | Loss: 8.0516 | P@10: 90.0% | P@20: 45.0%
2026-02-27 16:52:35,168 [INFO]    [INTERIOR] E60 | Step [05/41] | Loss: 8.1233 | P@10: 90.0% | P@20: 45.0%
2026-02-27 16:52:38,246 [INFO]    [INTERIOR] E60 | Step [10/41] | Loss: 8.0556 | P@10: 90.0% | P@20: 45.0%
2026-02-27 16:52:41,195 [INFO]    [INTERIOR] E60 | Step [15/41] | Loss: 8.0597 | P@10: 90.0% | P@20: 45.0%
2026-02-27 16:52:44,202 [INFO]    [INTERIOR] E60 | Step [20/41] | Loss: 8.0874 | P@10: 90.0% | P@20: 45.0%
2026-02-27 16:52:47,192 [INFO]    [INTERIOR] E60 | Step [25/41] | Loss: 8.0874 | P@10: 90.0% | P@20: 45.0%
2026-02-27 16:52:50,236 [INFO]    [INTERIOR] E60 | Step [30/41] | Loss: 8.0556 | P@10: 90.0% | P@20: 45.0%
2026-02-27 16:52:53,301 [INFO]    [INTERIOR] E60 | Step [35/41] | Loss: 8.0597 | P@10: 90.0% | P@20: 45.0%
2026-02-27 16:52:56,341 [INFO]    [INTERIOR] E60 | Step [40/41] | Loss: 8.0516 | P@10: 90.0% | P@20: 45.0%
2026-02-27 16:52:57,849 [INFO] [INTERIOR] Epoch 60 Final | Val P@10: 90.0% | P@20: 45.0%
