2026-02-27 07:22:59,899 [INFO] 
================================================================================
2026-02-27 07:22:59,899 [INFO] 🚀 INICIANDO TREINAMENTO ESTABILIZADO: FORTALEZA
2026-02-27 07:22:59,899 [INFO] ================================================================================
2026-02-27 07:23:02,070 [INFO] 🎬 Iniciando Treinamento: 80 épocas | Oversampling Ativo
2026-02-27 07:23:03,738 [INFO]    E01 | Batch [001/082] | Loss: 6.0045 | P@10:   0.0% | P@20:  25.0%
2026-02-27 07:23:31,464 [INFO]    E01 | Batch [020/082] | Loss: 3.2110 | P@10:  40.0% | P@20:  60.0%
2026-02-27 07:24:00,459 [INFO]    E01 | Batch [040/082] | Loss: 7.0295 | P@10:  20.0% | P@20:  25.0%
2026-02-27 07:24:29,422 [INFO]    E01 | Batch [060/082] | Loss: 4.3499 | P@10:  30.0% | P@20:  55.0%
2026-02-27 07:24:58,785 [INFO]    E01 | Batch [080/082] | Loss: 5.9688 | P@10:  40.0% | P@20:  45.0%
2026-02-27 07:25:05,669 [INFO] [FORTALEZA] E01 | REALITY P@10: 33.4% | P@20: 52.3%
2026-02-27 07:25:05,692 [INFO] 🏆 NOVO RECORDE FORTALEZA: P@20=52.3%
2026-02-27 07:25:07,233 [INFO]    E02 | Batch [001/082] | Loss: 7.6266 | P@10:  30.0% | P@20:  30.0%
2026-02-27 07:25:35,103 [INFO]    E02 | Batch [020/082] | Loss: 4.3858 | P@10:  20.0% | P@20:  40.0%
2026-02-27 07:26:04,330 [INFO]    E02 | Batch [040/082] | Loss: 6.1701 | P@10:  40.0% | P@20:  40.0%
2026-02-27 07:26:33,979 [INFO]    E02 | Batch [060/082] | Loss: 6.1693 | P@10:  30.0% | P@20:  45.0%
2026-02-27 07:27:02,894 [INFO]    E02 | Batch [080/082] | Loss: 3.1006 | P@10:  40.0% | P@20:  60.0%
2026-02-27 07:27:09,844 [INFO] [FORTALEZA] E02 | REALITY P@10: 33.9% | P@20: 51.4%
2026-02-27 07:27:11,338 [INFO]    E03 | Batch [001/082] | Loss: 4.8435 | P@10:  20.0% | P@20:  45.0%
2026-02-27 07:27:39,437 [INFO]    E03 | Batch [020/082] | Loss: 1.9435 | P@10:  40.0% | P@20:  45.0%
2026-02-27 07:28:10,080 [INFO]    E03 | Batch [040/082] | Loss: 4.5405 | P@10:  30.0% | P@20:  45.0%
2026-02-27 07:28:41,310 [INFO]    E03 | Batch [060/082] | Loss: 4.7081 | P@10:  20.0% | P@20:  30.0%
2026-02-27 07:29:13,839 [INFO]    E03 | Batch [080/082] | Loss: 5.7415 | P@10:  10.0% | P@20:  35.0%
2026-02-27 07:29:21,490 [INFO] [FORTALEZA] E03 | REALITY P@10: 31.3% | P@20: 50.4%
2026-02-27 07:29:23,113 [INFO]    E04 | Batch [001/082] | Loss: 3.6323 | P@10:  20.0% | P@20:  25.0%
2026-02-27 07:29:55,079 [INFO]    E04 | Batch [020/082] | Loss: 4.2276 | P@10:  40.0% | P@20:  50.0%
2026-02-27 07:30:29,522 [INFO]    E04 | Batch [040/082] | Loss: 2.6945 | P@10:  60.0% | P@20:  60.0%
2026-02-27 07:31:01,336 [INFO]    E04 | Batch [060/082] | Loss: 5.2835 | P@10:  40.0% | P@20:  45.0%
2026-02-27 07:31:31,941 [INFO]    E04 | Batch [080/082] | Loss: 4.6134 | P@10:  40.0% | P@20:  55.0%
2026-02-27 07:31:39,099 [INFO] [FORTALEZA] E04 | REALITY P@10: 32.1% | P@20: 50.4%
2026-02-27 07:31:40,626 [INFO]    E05 | Batch [001/082] | Loss: 2.9638 | P@10:  50.0% | P@20:  50.0%
2026-02-27 07:32:10,006 [INFO]    E05 | Batch [020/082] | Loss: 3.3820 | P@10:  40.0% | P@20:  60.0%
2026-02-27 07:32:41,988 [INFO]    E05 | Batch [040/082] | Loss: 4.8260 | P@10:  40.0% | P@20:  60.0%
2026-02-27 07:33:14,582 [INFO]    E05 | Batch [060/082] | Loss: 3.8329 | P@10:  20.0% | P@20:  55.0%
2026-02-27 07:33:48,220 [INFO]    E05 | Batch [080/082] | Loss: 3.5904 | P@10:  60.0% | P@20:  45.0%
2026-02-27 07:33:56,520 [INFO] [FORTALEZA] E05 | REALITY P@10: 29.7% | P@20: 48.9%
2026-02-27 07:33:58,327 [INFO]    E06 | Batch [001/082] | Loss: 5.5838 | P@10:  20.0% | P@20:  45.0%
2026-02-27 07:34:28,392 [INFO]    E06 | Batch [020/082] | Loss: 4.4426 | P@10:  10.0% | P@20:  35.0%
2026-02-27 07:34:58,343 [INFO]    E06 | Batch [040/082] | Loss: 3.4930 | P@10:  40.0% | P@20:  55.0%
2026-02-27 07:35:28,830 [INFO]    E06 | Batch [060/082] | Loss: 4.5055 | P@10:  40.0% | P@20:  50.0%
2026-02-27 07:36:00,446 [INFO]    E06 | Batch [080/082] | Loss: 2.5671 | P@10:  50.0% | P@20:  55.0%
2026-02-27 07:36:07,964 [INFO] [FORTALEZA] E06 | REALITY P@10: 25.4% | P@20: 42.6%
2026-02-27 07:36:09,636 [INFO]    E07 | Batch [001/082] | Loss: 4.9316 | P@10:  30.0% | P@20:  50.0%
2026-02-27 07:36:43,153 [INFO]    E07 | Batch [020/082] | Loss: 4.6250 | P@10:  40.0% | P@20:  45.0%
2026-02-27 07:37:17,908 [INFO]    E07 | Batch [040/082] | Loss: 1.6351 | P@10:  40.0% | P@20:  65.0%
2026-02-27 07:37:50,232 [INFO]    E07 | Batch [060/082] | Loss: 5.8936 | P@10:  20.0% | P@20:  30.0%
2026-02-27 07:38:19,970 [INFO]    E07 | Batch [080/082] | Loss: 2.2261 | P@10:  60.0% | P@20:  55.0%
2026-02-27 07:38:26,986 [INFO] [FORTALEZA] E07 | REALITY P@10: 26.3% | P@20: 43.9%
2026-02-27 07:38:28,514 [INFO]    E08 | Batch [001/082] | Loss: 2.9410 | P@10:  30.0% | P@20:  30.0%
2026-02-27 07:38:57,279 [INFO]    E08 | Batch [020/082] | Loss: 3.7697 | P@10:  40.0% | P@20:  50.0%
2026-02-27 07:39:28,543 [INFO]    E08 | Batch [040/082] | Loss: 3.6455 | P@10:  40.0% | P@20:  35.0%
2026-02-27 07:40:00,680 [INFO]    E08 | Batch [060/082] | Loss: 4.1386 | P@10:  30.0% | P@20:  40.0%
2026-02-27 07:40:34,707 [INFO]    E08 | Batch [080/082] | Loss: 2.1252 | P@10:  50.0% | P@20:  55.0%
2026-02-27 07:40:43,109 [INFO] [FORTALEZA] E08 | REALITY P@10: 25.6% | P@20: 47.8%
2026-02-27 07:40:44,790 [INFO]    E09 | Batch [001/082] | Loss: 2.0701 | P@10:  40.0% | P@20:  55.0%
2026-02-27 07:41:16,545 [INFO]    E09 | Batch [020/082] | Loss: 1.8275 | P@10:  30.0% | P@20:  70.0%
2026-02-27 07:41:47,703 [INFO]    E09 | Batch [040/082] | Loss: 3.8320 | P@10:  40.0% | P@20:  45.0%
2026-02-27 07:42:19,254 [INFO]    E09 | Batch [060/082] | Loss: 1.7415 | P@10:  30.0% | P@20:  60.0%
2026-02-27 07:42:52,080 [INFO]    E09 | Batch [080/082] | Loss: 2.8504 | P@10:  50.0% | P@20:  50.0%
2026-02-27 07:42:59,983 [INFO] [FORTALEZA] E09 | REALITY P@10: 25.6% | P@20: 43.4%
2026-02-27 07:43:01,686 [INFO]    E10 | Batch [001/082] | Loss: 4.0374 | P@10:  50.0% | P@20:  50.0%
2026-02-27 07:43:34,349 [INFO]    E10 | Batch [020/082] | Loss: 3.2079 | P@10:  50.0% | P@20:  55.0%
2026-02-27 07:44:06,899 [INFO]    E10 | Batch [040/082] | Loss: 1.6415 | P@10:  40.0% | P@20:  65.0%
2026-02-27 07:44:36,712 [INFO]    E10 | Batch [060/082] | Loss: 1.7584 | P@10:  70.0% | P@20:  70.0%
2026-02-27 07:45:07,185 [INFO]    E10 | Batch [080/082] | Loss: 3.0182 | P@10:  40.0% | P@20:  70.0%
2026-02-27 07:45:14,612 [INFO] [FORTALEZA] E10 | REALITY P@10: 24.0% | P@20: 43.1%
2026-02-27 07:45:16,232 [INFO]    E11 | Batch [001/082] | Loss: 2.3127 | P@10:  50.0% | P@20:  50.0%
2026-02-27 07:45:46,431 [INFO]    E11 | Batch [020/082] | Loss: 1.4424 | P@10:  40.0% | P@20:  60.0%
2026-02-27 07:46:19,625 [INFO]    E11 | Batch [040/082] | Loss: 3.6784 | P@10:  20.0% | P@20:  40.0%
2026-02-27 07:46:53,072 [INFO]    E11 | Batch [060/082] | Loss: 4.4325 | P@10:  30.0% | P@20:  70.0%
2026-02-27 07:47:27,142 [INFO]    E11 | Batch [080/082] | Loss: 1.0772 | P@10:  70.0% | P@20:  70.0%
2026-02-27 07:47:34,643 [INFO] [FORTALEZA] E11 | REALITY P@10: 17.1% | P@20: 37.6%
2026-02-27 07:47:36,214 [INFO]    E12 | Batch [001/082] | Loss: 2.6904 | P@10:  70.0% | P@20:  70.0%
2026-02-27 07:48:04,463 [INFO]    E12 | Batch [020/082] | Loss: 2.2918 | P@10:  60.0% | P@20:  65.0%
2026-02-27 07:48:34,786 [INFO]    E12 | Batch [040/082] | Loss: 3.2605 | P@10:  40.0% | P@20:  55.0%
2026-02-27 07:49:06,142 [INFO]    E12 | Batch [060/082] | Loss: 3.0284 | P@10:  40.0% | P@20:  40.0%
2026-02-27 07:49:38,641 [INFO]    E12 | Batch [080/082] | Loss: 2.0093 | P@10:  60.0% | P@20:  55.0%
2026-02-27 07:49:46,593 [INFO] [FORTALEZA] E12 | REALITY P@10: 22.9% | P@20: 40.1%
2026-02-27 07:49:48,305 [INFO]    E13 | Batch [001/082] | Loss: 2.2372 | P@10:  40.0% | P@20:  65.0%
2026-02-27 07:50:19,831 [INFO]    E13 | Batch [020/082] | Loss: 2.4011 | P@10:  50.0% | P@20:  65.0%
2026-02-27 07:50:53,987 [INFO]    E13 | Batch [040/082] | Loss: 3.1928 | P@10:  50.0% | P@20:  45.0%
2026-02-27 07:51:25,492 [INFO]    E13 | Batch [060/082] | Loss: 2.0804 | P@10:  40.0% | P@20:  75.0%
2026-02-27 07:51:57,046 [INFO]    E13 | Batch [080/082] | Loss: 2.3394 | P@10:  60.0% | P@20:  65.0%
2026-02-27 07:52:04,554 [INFO] [FORTALEZA] E13 | REALITY P@10: 21.4% | P@20: 39.1%
2026-02-27 07:52:06,198 [INFO]    E14 | Batch [001/082] | Loss: 2.1416 | P@10:  40.0% | P@20:  60.0%
2026-02-27 07:52:37,374 [INFO]    E14 | Batch [020/082] | Loss: 1.2857 | P@10:  70.0% | P@20:  80.0%
2026-02-27 07:53:10,737 [INFO]    E14 | Batch [040/082] | Loss: 0.9366 | P@10:  60.0% | P@20:  50.0%
2026-02-27 07:53:43,230 [INFO]    E14 | Batch [060/082] | Loss: 1.4025 | P@10:  70.0% | P@20:  75.0%
2026-02-27 07:54:13,767 [INFO]    E14 | Batch [080/082] | Loss: 2.0839 | P@10:  30.0% | P@20:  55.0%
2026-02-27 07:54:21,204 [INFO] [FORTALEZA] E14 | REALITY P@10: 24.4% | P@20: 41.4%
2026-02-27 07:54:22,771 [INFO]    E15 | Batch [001/082] | Loss: 1.8900 | P@10:  50.0% | P@20:  70.0%
2026-02-27 07:54:53,025 [INFO]    E15 | Batch [020/082] | Loss: 1.5223 | P@10:  70.0% | P@20:  65.0%
2026-02-27 07:55:26,402 [INFO]    E15 | Batch [040/082] | Loss: 1.7661 | P@10:  60.0% | P@20:  55.0%
2026-02-27 07:56:01,035 [INFO]    E15 | Batch [060/082] | Loss: 2.6789 | P@10:  50.0% | P@20:  75.0%
2026-02-27 07:56:32,531 [INFO]    E15 | Batch [080/082] | Loss: 3.7374 | P@10:  40.0% | P@20:  50.0%
2026-02-27 07:56:39,770 [INFO] [FORTALEZA] E15 | REALITY P@10: 23.1% | P@20: 37.9%
2026-02-27 07:56:41,315 [INFO]    E16 | Batch [001/082] | Loss: 5.8781 | P@10:  30.0% | P@20:  50.0%
2026-02-27 07:57:11,100 [INFO]    E16 | Batch [020/082] | Loss: 1.8587 | P@10:  60.0% | P@20:  60.0%
2026-02-27 07:57:43,284 [INFO]    E16 | Batch [040/082] | Loss: 1.3752 | P@10:  60.0% | P@20:  75.0%
2026-02-27 07:58:17,040 [INFO]    E16 | Batch [060/082] | Loss: 1.1567 | P@10:  70.0% | P@20:  80.0%
2026-02-27 07:58:50,443 [INFO]    E16 | Batch [080/082] | Loss: 1.6650 | P@10:  80.0% | P@20:  70.0%
2026-02-27 07:58:57,664 [INFO] [FORTALEZA] E16 | REALITY P@10: 25.7% | P@20: 40.3%
2026-02-27 07:58:59,249 [INFO]    E17 | Batch [001/082] | Loss: 1.4277 | P@10:  70.0% | P@20:  60.0%
2026-02-27 07:59:28,537 [INFO]    E17 | Batch [020/082] | Loss: 0.6571 | P@10:  50.0% | P@20:  85.0%
2026-02-27 08:00:00,052 [INFO]    E17 | Batch [040/082] | Loss: 1.7316 | P@10:  40.0% | P@20:  70.0%
2026-02-27 08:00:32,769 [INFO]    E17 | Batch [060/082] | Loss: 2.0096 | P@10:  60.0% | P@20:  60.0%
2026-02-27 08:01:07,172 [INFO]    E17 | Batch [080/082] | Loss: 2.3001 | P@10:  60.0% | P@20:  55.0%
2026-02-27 08:01:15,266 [INFO] [FORTALEZA] E17 | REALITY P@10: 23.6% | P@20: 40.1%
2026-02-27 08:01:17,047 [INFO]    E18 | Batch [001/082] | Loss: 1.4064 | P@10:  50.0% | P@20:  75.0%
2026-02-27 08:01:47,157 [INFO]    E18 | Batch [020/082] | Loss: 1.2473 | P@10:  50.0% | P@20:  70.0%
2026-02-27 08:02:18,281 [INFO]    E18 | Batch [040/082] | Loss: 1.9692 | P@10:  80.0% | P@20:  75.0%
2026-02-27 08:02:50,528 [INFO]    E18 | Batch [060/082] | Loss: 1.1978 | P@10:  60.0% | P@20:  75.0%
2026-02-27 08:03:23,964 [INFO]    E18 | Batch [080/082] | Loss: 2.0064 | P@10:  80.0% | P@20:  80.0%
2026-02-27 08:03:32,149 [INFO] [FORTALEZA] E18 | REALITY P@10: 21.1% | P@20: 35.9%
2026-02-27 08:03:33,910 [INFO]    E19 | Batch [001/082] | Loss: 2.1635 | P@10:  50.0% | P@20:  65.0%
2026-02-27 08:04:05,816 [INFO]    E19 | Batch [020/082] | Loss: 1.2852 | P@10:  50.0% | P@20:  65.0%
2026-02-27 08:04:35,811 [INFO]    E19 | Batch [040/082] | Loss: 1.4710 | P@10:  70.0% | P@20:  85.0%
2026-02-27 08:05:05,883 [INFO]    E19 | Batch [060/082] | Loss: 2.4951 | P@10:  50.0% | P@20:  65.0%
2026-02-27 08:05:36,673 [INFO]    E19 | Batch [080/082] | Loss: 2.0595 | P@10:  60.0% | P@20:  75.0%
2026-02-27 08:05:44,067 [INFO] [FORTALEZA] E19 | REALITY P@10: 20.6% | P@20: 38.6%
2026-02-27 08:05:45,689 [INFO]    E20 | Batch [001/082] | Loss: 1.3291 | P@10:  50.0% | P@20:  70.0%
2026-02-27 08:06:15,983 [INFO]    E20 | Batch [020/082] | Loss: 1.0332 | P@10:  70.0% | P@20:  75.0%
2026-02-27 08:06:48,707 [INFO]    E20 | Batch [040/082] | Loss: 1.3107 | P@10:  70.0% | P@20:  75.0%
2026-02-27 08:07:22,857 [INFO]    E20 | Batch [060/082] | Loss: 0.9460 | P@10:  60.0% | P@20:  55.0%
2026-02-27 08:07:55,307 [INFO]    E20 | Batch [080/082] | Loss: 1.0666 | P@10:  60.0% | P@20:  70.0%
2026-02-27 08:08:02,578 [INFO] [FORTALEZA] E20 | REALITY P@10: 20.9% | P@20: 41.6%
2026-02-27 08:08:04,129 [INFO]    E21 | Batch [001/082] | Loss: 0.8336 | P@10:  70.0% | P@20:  85.0%
2026-02-27 08:08:34,075 [INFO]    E21 | Batch [020/082] | Loss: 1.0163 | P@10:  80.0% | P@20:  70.0%
2026-02-27 08:09:06,271 [INFO]    E21 | Batch [040/082] | Loss: 2.1183 | P@10:  70.0% | P@20:  70.0%
2026-02-27 08:09:39,472 [INFO]    E21 | Batch [060/082] | Loss: 1.8408 | P@10:  50.0% | P@20:  90.0%
2026-02-27 08:10:13,264 [INFO]    E21 | Batch [080/082] | Loss: 1.8043 | P@10:  70.0% | P@20:  65.0%
2026-02-27 08:10:20,731 [INFO] [FORTALEZA] E21 | REALITY P@10: 18.1% | P@20: 34.6%
2026-02-27 08:10:22,294 [INFO]    E22 | Batch [001/082] | Loss: 0.8416 | P@10:  60.0% | P@20:  75.0%
2026-02-27 08:10:51,553 [INFO]    E22 | Batch [020/082] | Loss: 1.3096 | P@10:  60.0% | P@20:  70.0%
2026-02-27 08:11:23,066 [INFO]    E22 | Batch [040/082] | Loss: 1.3457 | P@10:  60.0% | P@20:  85.0%
2026-02-27 08:11:55,920 [INFO]    E22 | Batch [060/082] | Loss: 1.9596 | P@10:  70.0% | P@20:  70.0%
2026-02-27 08:12:30,283 [INFO]    E22 | Batch [080/082] | Loss: 1.1424 | P@10:  60.0% | P@20:  75.0%
2026-02-27 08:12:38,408 [INFO] [FORTALEZA] E22 | REALITY P@10: 20.0% | P@20: 36.7%
2026-02-27 08:12:40,101 [INFO]    E23 | Batch [001/082] | Loss: 2.0804 | P@10:  50.0% | P@20:  65.0%
2026-02-27 08:13:09,579 [INFO]    E23 | Batch [020/082] | Loss: 1.1985 | P@10:  60.0% | P@20:  70.0%
2026-02-27 08:13:39,841 [INFO]    E23 | Batch [040/082] | Loss: 0.5898 | P@10:  80.0% | P@20:  65.0%
2026-02-27 08:14:10,798 [INFO]    E23 | Batch [060/082] | Loss: 1.0243 | P@10:  60.0% | P@20:  80.0%
2026-02-27 08:14:42,326 [INFO]    E23 | Batch [080/082] | Loss: 0.8726 | P@10:  70.0% | P@20:  70.0%
2026-02-27 08:14:50,008 [INFO] [FORTALEZA] E23 | REALITY P@10: 20.0% | P@20: 36.4%
2026-02-27 08:14:51,605 [INFO]    E24 | Batch [001/082] | Loss: 0.7898 | P@10:  60.0% | P@20:  70.0%
2026-02-27 08:15:22,714 [INFO]    E24 | Batch [020/082] | Loss: 1.1879 | P@10:  40.0% | P@20:  65.0%
2026-02-27 08:15:57,468 [INFO]    E24 | Batch [040/082] | Loss: 1.2993 | P@10:  70.0% | P@20:  65.0%
2026-02-27 08:16:30,848 [INFO]    E24 | Batch [060/082] | Loss: 1.8656 | P@10:  70.0% | P@20:  75.0%
2026-02-27 08:17:02,042 [INFO]    E24 | Batch [080/082] | Loss: 2.1795 | P@10:  40.0% | P@20:  75.0%
2026-02-27 08:17:09,543 [INFO] [FORTALEZA] E24 | REALITY P@10: 19.4% | P@20: 36.8%
2026-02-27 08:17:11,109 [INFO]    E25 | Batch [001/082] | Loss: 0.9950 | P@10:  60.0% | P@20:  75.0%
2026-02-27 08:17:41,928 [INFO]    E25 | Batch [020/082] | Loss: 1.0324 | P@10:  70.0% | P@20:  60.0%
2026-02-27 08:18:14,681 [INFO]    E25 | Batch [040/082] | Loss: 2.9568 | P@10:  40.0% | P@20:  55.0%
2026-02-27 08:18:48,994 [INFO]    E25 | Batch [060/082] | Loss: 1.6804 | P@10:  70.0% | P@20:  80.0%
2026-02-27 08:19:20,672 [INFO]    E25 | Batch [080/082] | Loss: 1.5802 | P@10:  60.0% | P@20:  70.0%
2026-02-27 08:19:27,722 [INFO] [FORTALEZA] E25 | REALITY P@10: 21.0% | P@20: 37.1%
2026-02-27 08:19:29,262 [INFO]    E26 | Batch [001/082] | Loss: 0.8209 | P@10:  60.0% | P@20:  80.0%
2026-02-27 08:19:58,046 [INFO]    E26 | Batch [020/082] | Loss: 1.8459 | P@10:  60.0% | P@20:  60.0%
2026-02-27 08:20:29,351 [INFO]    E26 | Batch [040/082] | Loss: 1.9776 | P@10:  70.0% | P@20:  70.0%
2026-02-27 08:21:00,879 [INFO]    E26 | Batch [060/082] | Loss: 1.5662 | P@10:  50.0% | P@20:  75.0%
2026-02-27 08:21:34,090 [INFO]    E26 | Batch [080/082] | Loss: 1.8677 | P@10:  50.0% | P@20:  60.0%
2026-02-27 08:21:42,172 [INFO] [FORTALEZA] E26 | REALITY P@10: 23.7% | P@20: 41.5%
2026-02-27 08:21:43,902 [INFO]    E27 | Batch [001/082] | Loss: 1.7806 | P@10:  50.0% | P@20:  85.0%
2026-02-27 08:22:16,423 [INFO]    E27 | Batch [020/082] | Loss: 1.1922 | P@10:  60.0% | P@20:  75.0%
2026-02-27 08:22:49,865 [INFO]    E27 | Batch [040/082] | Loss: 1.0579 | P@10:  70.0% | P@20:  85.0%
2026-02-27 08:23:19,769 [INFO]    E27 | Batch [060/082] | Loss: 1.5049 | P@10:  60.0% | P@20:  80.0%
2026-02-27 08:23:50,612 [INFO]    E27 | Batch [080/082] | Loss: 1.5105 | P@10:  60.0% | P@20:  70.0%
2026-02-27 08:23:57,923 [INFO] [FORTALEZA] E27 | REALITY P@10: 21.7% | P@20: 39.9%
2026-02-27 08:23:59,469 [INFO]    E28 | Batch [001/082] | Loss: 2.3622 | P@10:  60.0% | P@20:  65.0%
2026-02-27 08:24:28,956 [INFO]    E28 | Batch [020/082] | Loss: 1.7885 | P@10:  50.0% | P@20:  55.0%
2026-02-27 08:25:01,521 [INFO]    E28 | Batch [040/082] | Loss: 1.4364 | P@10:  60.0% | P@20:  65.0%
2026-02-27 08:25:34,923 [INFO]    E28 | Batch [060/082] | Loss: 1.2608 | P@10:  90.0% | P@20:  55.0%
2026-02-27 08:26:09,653 [INFO]    E28 | Batch [080/082] | Loss: 1.3120 | P@10:  60.0% | P@20:  55.0%
2026-02-27 08:26:17,753 [INFO] [FORTALEZA] E28 | REALITY P@10: 23.0% | P@20: 39.1%
2026-02-27 08:26:19,431 [INFO]    E29 | Batch [001/082] | Loss: 0.9393 | P@10:  60.0% | P@20:  75.0%
2026-02-27 08:26:49,016 [INFO]    E29 | Batch [020/082] | Loss: 1.2252 | P@10:  60.0% | P@20:  70.0%
2026-02-27 08:27:20,438 [INFO]    E29 | Batch [040/082] | Loss: 0.8583 | P@10:  80.0% | P@20:  85.0%
2026-02-27 08:27:52,971 [INFO]    E29 | Batch [060/082] | Loss: 0.6526 | P@10:  70.0% | P@20:  80.0%
2026-02-27 08:28:26,813 [INFO]    E29 | Batch [080/082] | Loss: 0.7295 | P@10:  50.0% | P@20:  95.0%
2026-02-27 08:28:35,078 [INFO] [FORTALEZA] E29 | REALITY P@10: 22.9% | P@20: 35.6%
2026-02-27 08:28:36,826 [INFO]    E30 | Batch [001/082] | Loss: 0.9487 | P@10:  60.0% | P@20:  75.0%
2026-02-27 08:29:08,870 [INFO]    E30 | Batch [020/082] | Loss: 0.8502 | P@10:  80.0% | P@20:  90.0%
2026-02-27 08:29:39,772 [INFO]    E30 | Batch [040/082] | Loss: 0.8326 | P@10:  80.0% | P@20:  80.0%
2026-02-27 08:30:11,457 [INFO]    E30 | Batch [060/082] | Loss: 0.7925 | P@10:  60.0% | P@20:  75.0%
2026-02-27 08:30:44,183 [INFO]    E30 | Batch [080/082] | Loss: 1.5535 | P@10:  40.0% | P@20:  60.0%
2026-02-27 08:30:52,299 [INFO] [FORTALEZA] E30 | REALITY P@10: 21.4% | P@20: 38.3%
2026-02-27 08:30:54,022 [INFO]    E31 | Batch [001/082] | Loss: 2.1211 | P@10:  60.0% | P@20:  60.0%
2026-02-27 08:31:27,279 [INFO]    E31 | Batch [020/082] | Loss: 1.0100 | P@10:  60.0% | P@20:  80.0%
2026-02-27 08:31:59,635 [INFO]    E31 | Batch [040/082] | Loss: 0.9199 | P@10:  60.0% | P@20:  90.0%
2026-02-27 08:32:30,581 [INFO]    E31 | Batch [060/082] | Loss: 0.8263 | P@10:  40.0% | P@20:  80.0%
2026-02-27 08:33:02,337 [INFO]    E31 | Batch [080/082] | Loss: 0.6750 | P@10:  50.0% | P@20:  85.0%
2026-02-27 08:33:10,126 [INFO] [FORTALEZA] E31 | REALITY P@10: 23.0% | P@20: 39.1%
2026-02-27 08:33:11,811 [INFO]    E32 | Batch [001/082] | Loss: 0.9663 | P@10:  80.0% | P@20:  70.0%
2026-02-27 08:33:43,599 [INFO]    E32 | Batch [020/082] | Loss: 0.7655 | P@10:  80.0% | P@20:  65.0%
2026-02-27 08:34:17,277 [INFO]    E32 | Batch [040/082] | Loss: 1.4818 | P@10:  80.0% | P@20:  70.0%
2026-02-27 08:34:48,351 [INFO]    E32 | Batch [060/082] | Loss: 1.4217 | P@10:  60.0% | P@20:  80.0%
2026-02-27 08:35:20,119 [INFO]    E32 | Batch [080/082] | Loss: 0.5745 | P@10:  60.0% | P@20:  85.0%
2026-02-27 08:35:27,868 [INFO] [FORTALEZA] E32 | REALITY P@10: 23.9% | P@20: 39.4%
2026-02-27 08:35:29,450 [INFO]    E33 | Batch [001/082] | Loss: 0.3071 | P@10:  80.0% | P@20:  55.0%
2026-02-27 08:36:00,372 [INFO]    E33 | Batch [020/082] | Loss: 0.3208 | P@10:  60.0% | P@20:  60.0%
2026-02-27 08:36:34,483 [INFO]    E33 | Batch [040/082] | Loss: 0.6918 | P@10:  90.0% | P@20:  85.0%
2026-02-27 08:37:07,318 [INFO]    E33 | Batch [060/082] | Loss: 1.3494 | P@10:  50.0% | P@20:  75.0%
2026-02-27 08:37:38,423 [INFO]    E33 | Batch [080/082] | Loss: 1.1661 | P@10:  70.0% | P@20:  60.0%
2026-02-27 08:37:45,875 [INFO] [FORTALEZA] E33 | REALITY P@10: 23.9% | P@20: 41.3%
2026-02-27 08:37:47,523 [INFO]    E34 | Batch [001/082] | Loss: 0.9149 | P@10:  80.0% | P@20:  75.0%
2026-02-27 08:38:18,445 [INFO]    E34 | Batch [020/082] | Loss: 0.7806 | P@10:  60.0% | P@20:  80.0%
2026-02-27 08:38:51,552 [INFO]    E34 | Batch [040/082] | Loss: 0.9527 | P@10:  60.0% | P@20:  85.0%
2026-02-27 08:39:25,517 [INFO]    E34 | Batch [060/082] | Loss: 1.0663 | P@10:  80.0% | P@20:  55.0%
2026-02-27 08:39:56,719 [INFO]    E34 | Batch [080/082] | Loss: 0.8182 | P@10:  60.0% | P@20:  80.0%
2026-02-27 08:40:04,166 [INFO] [FORTALEZA] E34 | REALITY P@10: 23.9% | P@20: 40.7%
2026-02-27 08:40:05,764 [INFO]    E35 | Batch [001/082] | Loss: 0.9861 | P@10:  50.0% | P@20:  85.0%
2026-02-27 08:40:35,833 [INFO]    E35 | Batch [020/082] | Loss: 1.5540 | P@10:  90.0% | P@20:  70.0%
2026-02-27 08:41:08,537 [INFO]    E35 | Batch [040/082] | Loss: 1.3012 | P@10:  60.0% | P@20:  80.0%
2026-02-27 08:41:42,016 [INFO]    E35 | Batch [060/082] | Loss: 1.3047 | P@10:  80.0% | P@20:  60.0%
2026-02-27 08:42:15,361 [INFO]    E35 | Batch [080/082] | Loss: 0.9487 | P@10:  80.0% | P@20:  80.0%
2026-02-27 08:42:22,525 [INFO] [FORTALEZA] E35 | REALITY P@10: 22.1% | P@20: 35.0%
2026-02-27 08:42:24,086 [INFO]    E36 | Batch [001/082] | Loss: 0.5940 | P@10:  90.0% | P@20:  60.0%
2026-02-27 08:42:53,878 [INFO]    E36 | Batch [020/082] | Loss: 0.5627 | P@10:  60.0% | P@20:  40.0%
2026-02-27 08:43:26,049 [INFO]    E36 | Batch [040/082] | Loss: 1.0606 | P@10:  80.0% | P@20:  80.0%
2026-02-27 08:43:59,312 [INFO]    E36 | Batch [060/082] | Loss: 0.6179 | P@10:  60.0% | P@20:  90.0%
2026-02-27 08:44:34,251 [INFO]    E36 | Batch [080/082] | Loss: 0.8996 | P@10:  70.0% | P@20:  75.0%
2026-02-27 08:44:42,383 [INFO] [FORTALEZA] E36 | REALITY P@10: 22.0% | P@20: 36.2%
2026-02-27 08:44:44,085 [INFO]    E37 | Batch [001/082] | Loss: 1.4408 | P@10:  80.0% | P@20:  70.0%
2026-02-27 08:45:13,583 [INFO]    E37 | Batch [020/082] | Loss: 1.0252 | P@10:  70.0% | P@20:  75.0%
2026-02-27 08:45:44,312 [INFO]    E37 | Batch [040/082] | Loss: 0.7787 | P@10:  80.0% | P@20:  90.0%
2026-02-27 08:46:15,844 [INFO]    E37 | Batch [060/082] | Loss: 1.1433 | P@10:  60.0% | P@20:  90.0%
2026-02-27 08:46:47,844 [INFO]    E37 | Batch [080/082] | Loss: 0.7203 | P@10:  80.0% | P@20:  60.0%
2026-02-27 08:46:55,648 [INFO] [FORTALEZA] E37 | REALITY P@10: 21.3% | P@20: 35.8%
2026-02-27 08:46:57,339 [INFO]    E38 | Batch [001/082] | Loss: 0.7138 | P@10:  80.0% | P@20:  65.0%
2026-02-27 08:47:29,251 [INFO]    E38 | Batch [020/082] | Loss: 0.8259 | P@10:  70.0% | P@20:  95.0%
2026-02-27 08:48:04,109 [INFO]    E38 | Batch [040/082] | Loss: 1.0337 | P@10:  70.0% | P@20:  55.0%
2026-02-27 08:48:36,995 [INFO]    E38 | Batch [060/082] | Loss: 0.5992 | P@10:  60.0% | P@20:  70.0%
2026-02-27 08:49:08,753 [INFO]    E38 | Batch [080/082] | Loss: 0.4407 | P@10:  60.0% | P@20:  90.0%
2026-02-27 08:49:16,388 [INFO] [FORTALEZA] E38 | REALITY P@10: 21.4% | P@20: 40.1%
2026-02-27 08:49:17,973 [INFO]    E39 | Batch [001/082] | Loss: 1.1445 | P@10:  70.0% | P@20:  55.0%
2026-02-27 08:49:49,322 [INFO]    E39 | Batch [020/082] | Loss: 0.6872 | P@10:  80.0% | P@20:  65.0%
2026-02-27 08:50:23,389 [INFO]    E39 | Batch [040/082] | Loss: 1.2140 | P@10:  60.0% | P@20:  85.0%
2026-02-27 08:50:57,667 [INFO]    E39 | Batch [060/082] | Loss: 1.2541 | P@10:  60.0% | P@20:  85.0%
2026-02-27 08:51:29,051 [INFO]    E39 | Batch [080/082] | Loss: 0.6107 | P@10:  60.0% | P@20:  70.0%
2026-02-27 08:51:36,621 [INFO] [FORTALEZA] E39 | REALITY P@10: 20.7% | P@20: 36.6%
2026-02-27 08:51:38,202 [INFO]    E40 | Batch [001/082] | Loss: 0.5425 | P@10:  70.0% | P@20:  85.0%
2026-02-27 08:52:08,746 [INFO]    E40 | Batch [020/082] | Loss: 0.9814 | P@10:  80.0% | P@20:  80.0%
2026-02-27 08:52:41,954 [INFO]    E40 | Batch [040/082] | Loss: 0.5377 | P@10:  70.0% | P@20:  90.0%
2026-02-27 08:53:16,563 [INFO]    E40 | Batch [060/082] | Loss: 0.8971 | P@10:  70.0% | P@20:  85.0%
2026-02-27 08:53:49,853 [INFO]    E40 | Batch [080/082] | Loss: 1.1446 | P@10:  70.0% | P@20:  55.0%
2026-02-27 08:53:57,229 [INFO] [FORTALEZA] E40 | REALITY P@10: 21.0% | P@20: 40.2%
2026-02-27 08:53:58,791 [INFO]    E41 | Batch [001/082] | Loss: 0.9275 | P@10:  60.0% | P@20:  75.0%
2026-02-27 08:54:29,132 [INFO]    E41 | Batch [020/082] | Loss: 0.9160 | P@10:  70.0% | P@20:  90.0%
2026-02-27 08:55:02,499 [INFO]    E41 | Batch [040/082] | Loss: 1.1268 | P@10:  70.0% | P@20:  80.0%
2026-02-27 08:55:37,044 [INFO]    E41 | Batch [060/082] | Loss: 0.4796 | P@10:  70.0% | P@20:  80.0%
2026-02-27 08:56:12,183 [INFO]    E41 | Batch [080/082] | Loss: 0.8052 | P@10:  70.0% | P@20:  65.0%
2026-02-27 08:56:19,943 [INFO] [FORTALEZA] E41 | REALITY P@10: 21.3% | P@20: 35.2%
2026-02-27 08:56:21,549 [INFO]    E42 | Batch [001/082] | Loss: 1.1086 | P@10:  30.0% | P@20:  85.0%
2026-02-27 08:56:51,268 [INFO]    E42 | Batch [020/082] | Loss: 0.6563 | P@10:  70.0% | P@20:  90.0%
2026-02-27 08:57:23,446 [INFO]    E42 | Batch [040/082] | Loss: 0.8871 | P@10:  60.0% | P@20:  80.0%
2026-02-27 08:57:57,595 [INFO]    E42 | Batch [060/082] | Loss: 1.1853 | P@10:  60.0% | P@20:  70.0%
2026-02-27 08:58:32,641 [INFO]    E42 | Batch [080/082] | Loss: 0.8126 | P@10:  80.0% | P@20:  55.0%
2026-02-27 08:58:41,113 [INFO] [FORTALEZA] E42 | REALITY P@10: 22.7% | P@20: 40.0%
2026-02-27 08:58:42,899 [INFO]    E43 | Batch [001/082] | Loss: 0.9541 | P@10:  70.0% | P@20:  70.0%
2026-02-27 08:59:13,723 [INFO]    E43 | Batch [020/082] | Loss: 0.7985 | P@10:  90.0% | P@20:  60.0%
2026-02-27 08:59:45,438 [INFO]    E43 | Batch [040/082] | Loss: 0.4833 | P@10:  80.0% | P@20:  75.0%
2026-02-27 09:00:18,515 [INFO]    E43 | Batch [060/082] | Loss: 1.0143 | P@10:  60.0% | P@20:  85.0%
2026-02-27 09:00:53,894 [INFO]    E43 | Batch [080/082] | Loss: 0.6513 | P@10:  80.0% | P@20:  50.0%
2026-02-27 09:01:02,346 [INFO] [FORTALEZA] E43 | REALITY P@10: 24.6% | P@20: 40.4%
2026-02-27 09:01:04,201 [INFO]    E44 | Batch [001/082] | Loss: 1.0003 | P@10:  40.0% | P@20:  70.0%
2026-02-27 09:01:38,856 [INFO]    E44 | Batch [020/082] | Loss: 0.6659 | P@10:  80.0% | P@20:  75.0%
2026-02-27 09:02:11,051 [INFO]    E44 | Batch [040/082] | Loss: 0.4237 | P@10:  70.0% | P@20:  65.0%
2026-02-27 09:02:43,728 [INFO]    E44 | Batch [060/082] | Loss: 0.5885 | P@10:  60.0% | P@20:  85.0%
2026-02-27 09:03:17,139 [INFO]    E44 | Batch [080/082] | Loss: 0.5466 | P@10:  70.0% | P@20:  85.0%
2026-02-27 09:03:25,162 [INFO] [FORTALEZA] E44 | REALITY P@10: 21.9% | P@20: 37.6%
2026-02-27 09:03:26,936 [INFO]    E45 | Batch [001/082] | Loss: 0.6838 | P@10:  60.0% | P@20:  85.0%
2026-02-27 09:04:00,284 [INFO]    E45 | Batch [020/082] | Loss: 0.8306 | P@10:  90.0% | P@20:  75.0%
2026-02-27 09:04:35,382 [INFO]    E45 | Batch [040/082] | Loss: 0.5292 | P@10:  80.0% | P@20:  65.0%
2026-02-27 09:05:11,158 [INFO]    E45 | Batch [060/082] | Loss: 0.4612 | P@10:  70.0% | P@20:  95.0%
2026-02-27 09:05:43,656 [INFO]    E45 | Batch [080/082] | Loss: 0.7396 | P@10:  40.0% | P@20:  90.0%
2026-02-27 09:05:51,358 [INFO] [FORTALEZA] E45 | REALITY P@10: 19.1% | P@20: 34.4%
2026-02-27 09:05:53,005 [INFO]    E46 | Batch [001/082] | Loss: 0.4012 | P@10:  70.0% | P@20:  80.0%
2026-02-27 09:06:25,529 [INFO]    E46 | Batch [020/082] | Loss: 0.9747 | P@10:  70.0% | P@20:  75.0%
2026-02-27 09:07:01,065 [INFO]    E46 | Batch [040/082] | Loss: 0.4662 | P@10:  60.0% | P@20:  95.0%
2026-02-27 09:07:39,056 [INFO]    E46 | Batch [060/082] | Loss: 0.5032 | P@10:  60.0% | P@20:  75.0%
2026-02-27 09:08:14,228 [INFO]    E46 | Batch [080/082] | Loss: 0.9727 | P@10:  60.0% | P@20:  50.0%
2026-02-27 09:08:21,837 [INFO] [FORTALEZA] E46 | REALITY P@10: 21.7% | P@20: 37.6%
2026-02-27 09:08:23,554 [INFO]    E47 | Batch [001/082] | Loss: 0.8187 | P@10:  60.0% | P@20:  85.0%
2026-02-27 09:08:56,147 [INFO]    E47 | Batch [020/082] | Loss: 0.9187 | P@10:  70.0% | P@20:  85.0%
2026-02-27 09:09:30,228 [INFO]    E47 | Batch [040/082] | Loss: 0.7095 | P@10:  90.0% | P@20:  70.0%
2026-02-27 09:10:06,916 [INFO]    E47 | Batch [060/082] | Loss: 0.3955 | P@10:  70.0% | P@20:  85.0%
2026-02-27 09:10:43,875 [INFO]    E47 | Batch [080/082] | Loss: 0.4131 | P@10:  90.0% | P@20:  75.0%
2026-02-27 09:10:51,624 [INFO] [FORTALEZA] E47 | REALITY P@10: 19.7% | P@20: 35.1%
2026-02-27 09:10:53,346 [INFO]    E48 | Batch [001/082] | Loss: 0.5831 | P@10:  70.0% | P@20:  85.0%
2026-02-27 09:11:25,147 [INFO]    E48 | Batch [020/082] | Loss: 0.3445 | P@10:  60.0% | P@20:  85.0%
2026-02-27 09:11:59,576 [INFO]    E48 | Batch [040/082] | Loss: 0.5779 | P@10:  50.0% | P@20:  85.0%
2026-02-27 09:12:35,689 [INFO]    E48 | Batch [060/082] | Loss: 0.3980 | P@10:  40.0% | P@20:  85.0%
2026-02-27 09:13:13,451 [INFO]    E48 | Batch [080/082] | Loss: 0.4965 | P@10:  50.0% | P@20:  95.0%
2026-02-27 09:13:21,646 [INFO] [FORTALEZA] E48 | REALITY P@10: 21.9% | P@20: 37.1%
2026-02-27 09:13:23,370 [INFO]    E49 | Batch [001/082] | Loss: 0.6096 | P@10:  60.0% | P@20:  70.0%
2026-02-27 09:13:56,163 [INFO]    E49 | Batch [020/082] | Loss: 0.4559 | P@10:  60.0% | P@20:  95.0%
2026-02-27 09:14:31,936 [INFO]    E49 | Batch [040/082] | Loss: 0.6415 | P@10:  70.0% | P@20:  80.0%
2026-02-27 09:15:08,874 [INFO]    E49 | Batch [060/082] | Loss: 0.7020 | P@10:  60.0% | P@20:  90.0%
2026-02-27 09:15:47,998 [INFO]    E49 | Batch [080/082] | Loss: 0.7748 | P@10:  70.0% | P@20:  75.0%
2026-02-27 09:15:56,086 [INFO] [FORTALEZA] E49 | REALITY P@10: 21.7% | P@20: 36.5%
2026-02-27 09:15:57,785 [INFO]    E50 | Batch [001/082] | Loss: 0.5257 | P@10:  70.0% | P@20:  95.0%
2026-02-27 09:16:30,040 [INFO]    E50 | Batch [020/082] | Loss: 0.6086 | P@10:  70.0% | P@20:  95.0%
2026-02-27 09:17:04,875 [INFO]    E50 | Batch [040/082] | Loss: 0.4161 | P@10:  70.0% | P@20:  85.0%
2026-02-27 09:17:40,977 [INFO]    E50 | Batch [060/082] | Loss: 0.3563 | P@10:  60.0% | P@20:  85.0%
2026-02-27 09:18:18,035 [INFO]    E50 | Batch [080/082] | Loss: 0.6878 | P@10:  90.0% | P@20:  80.0%
2026-02-27 09:18:26,759 [INFO] [FORTALEZA] E50 | REALITY P@10: 22.9% | P@20: 38.0%
2026-02-27 09:18:28,606 [INFO]    E51 | Batch [001/082] | Loss: 0.9492 | P@10:  70.0% | P@20:  75.0%
2026-02-27 09:19:00,853 [INFO]    E51 | Batch [020/082] | Loss: 0.4916 | P@10:  60.0% | P@20:  85.0%
2026-02-27 09:19:33,852 [INFO]    E51 | Batch [040/082] | Loss: 0.9277 | P@10:  80.0% | P@20:  70.0%
2026-02-27 09:20:07,498 [INFO]    E51 | Batch [060/082] | Loss: 0.5745 | P@10:  70.0% | P@20:  80.0%
2026-02-27 09:20:42,389 [INFO]    E51 | Batch [080/082] | Loss: 0.8980 | P@10:  80.0% | P@20:  80.0%
2026-02-27 09:20:50,518 [INFO] [FORTALEZA] E51 | REALITY P@10: 21.1% | P@20: 35.9%
2026-02-27 09:20:52,305 [INFO]    E52 | Batch [001/082] | Loss: 0.5722 | P@10:  80.0% | P@20:  80.0%
2026-02-27 09:21:27,307 [INFO]    E52 | Batch [020/082] | Loss: 1.3994 | P@10:  60.0% | P@20:  55.0%
2026-02-27 09:22:06,565 [INFO]    E52 | Batch [040/082] | Loss: 1.3405 | P@10:  80.0% | P@20:  65.0%
2026-02-27 09:22:40,799 [INFO]    E52 | Batch [060/082] | Loss: 0.5181 | P@10:  70.0% | P@20:  85.0%
2026-02-27 09:23:15,730 [INFO]    E52 | Batch [080/082] | Loss: 0.9769 | P@10:  70.0% | P@20:  70.0%
2026-02-27 09:23:23,821 [INFO] [FORTALEZA] E52 | REALITY P@10: 22.0% | P@20: 37.8%
2026-02-27 09:23:25,553 [INFO]    E53 | Batch [001/082] | Loss: 0.5261 | P@10:  80.0% | P@20:  90.0%
2026-02-27 09:23:59,752 [INFO]    E53 | Batch [020/082] | Loss: 0.8894 | P@10:  80.0% | P@20:  65.0%
2026-02-27 09:24:37,879 [INFO]    E53 | Batch [040/082] | Loss: 0.5348 | P@10:  70.0% | P@20:  80.0%
2026-02-27 09:25:12,378 [INFO]    E53 | Batch [060/082] | Loss: 0.8487 | P@10:  90.0% | P@20:  75.0%
2026-02-27 09:25:46,986 [INFO]    E53 | Batch [080/082] | Loss: 0.4469 | P@10:  60.0% | P@20:  95.0%
2026-02-27 09:25:55,093 [INFO] [FORTALEZA] E53 | REALITY P@10: 24.4% | P@20: 38.6%
2026-02-27 09:25:56,796 [INFO]    E54 | Batch [001/082] | Loss: 0.9087 | P@10:  80.0% | P@20:  75.0%
2026-02-27 09:26:31,095 [INFO]    E54 | Batch [020/082] | Loss: 0.6024 | P@10:  50.0% | P@20:  75.0%
2026-02-27 09:27:08,653 [INFO]    E54 | Batch [040/082] | Loss: 0.4353 | P@10:  50.0% | P@20: 100.0%
2026-02-27 09:27:44,460 [INFO]    E54 | Batch [060/082] | Loss: 0.4701 | P@10:  60.0% | P@20:  85.0%
2026-02-27 09:28:17,462 [INFO]    E54 | Batch [080/082] | Loss: 0.5194 | P@10:  60.0% | P@20:  85.0%
2026-02-27 09:28:25,307 [INFO] [FORTALEZA] E54 | REALITY P@10: 23.1% | P@20: 36.2%
2026-02-27 09:28:27,024 [INFO]    E55 | Batch [001/082] | Loss: 0.6190 | P@10:  70.0% | P@20:  80.0%
2026-02-27 09:28:59,606 [INFO]    E55 | Batch [020/082] | Loss: 0.3637 | P@10:  90.0% | P@20:  70.0%
2026-02-27 09:29:35,088 [INFO]    E55 | Batch [040/082] | Loss: 0.9228 | P@10:  80.0% | P@20:  60.0%
2026-02-27 09:30:11,259 [INFO]    E55 | Batch [060/082] | Loss: 0.5323 | P@10:  70.0% | P@20:  70.0%
2026-02-27 09:30:49,056 [INFO]    E55 | Batch [080/082] | Loss: 0.6645 | P@10:  70.0% | P@20:  65.0%
2026-02-27 09:30:57,234 [INFO] [FORTALEZA] E55 | REALITY P@10: 21.9% | P@20: 37.1%
2026-02-27 09:30:58,965 [INFO]    E56 | Batch [001/082] | Loss: 0.5850 | P@10:  70.0% | P@20:  75.0%
2026-02-27 09:31:30,299 [INFO]    E56 | Batch [020/082] | Loss: 0.7223 | P@10:  80.0% | P@20:  80.0%
2026-02-27 09:32:03,947 [INFO]    E56 | Batch [040/082] | Loss: 0.6288 | P@10:  70.0% | P@20:  90.0%
2026-02-27 09:32:39,421 [INFO]    E56 | Batch [060/082] | Loss: 0.5494 | P@10:  60.0% | P@20:  90.0%
2026-02-27 09:33:15,924 [INFO]    E56 | Batch [080/082] | Loss: 1.3125 | P@10:  60.0% | P@20:  80.0%
2026-02-27 09:33:24,564 [INFO] [FORTALEZA] E56 | REALITY P@10: 23.4% | P@20: 35.5%
2026-02-27 09:33:26,432 [INFO]    E57 | Batch [001/082] | Loss: 0.3755 | P@10:  80.0% | P@20:  95.0%
2026-02-27 09:33:59,217 [INFO]    E57 | Batch [020/082] | Loss: 0.9294 | P@10:  80.0% | P@20:  65.0%
2026-02-27 09:34:33,291 [INFO]    E57 | Batch [040/082] | Loss: 0.5288 | P@10:  50.0% | P@20:  90.0%
2026-02-27 09:35:08,843 [INFO]    E57 | Batch [060/082] | Loss: 0.6769 | P@10:  60.0% | P@20:  65.0%
2026-02-27 09:35:45,727 [INFO]    E57 | Batch [080/082] | Loss: 0.9984 | P@10:  50.0% | P@20:  95.0%
2026-02-27 09:35:54,504 [INFO] [FORTALEZA] E57 | REALITY P@10: 23.7% | P@20: 40.1%
2026-02-27 09:35:56,363 [INFO]    E58 | Batch [001/082] | Loss: 0.5959 | P@10:  80.0% | P@20:  80.0%
2026-02-27 09:36:29,104 [INFO]    E58 | Batch [020/082] | Loss: 0.3598 | P@10:  70.0% | P@20:  90.0%
2026-02-27 09:37:01,462 [INFO]    E58 | Batch [040/082] | Loss: 0.4703 | P@10:  60.0% | P@20:  80.0%
2026-02-27 09:37:34,141 [INFO]    E58 | Batch [060/082] | Loss: 0.8830 | P@10:  70.0% | P@20:  70.0%
2026-02-27 09:38:07,725 [INFO]    E58 | Batch [080/082] | Loss: 0.4249 | P@10:  60.0% | P@20:  95.0%
2026-02-27 09:38:15,577 [INFO] [FORTALEZA] E58 | REALITY P@10: 21.1% | P@20: 37.9%
2026-02-27 09:38:17,283 [INFO]    E59 | Batch [001/082] | Loss: 0.9168 | P@10:  60.0% | P@20:  75.0%
2026-02-27 09:38:50,577 [INFO]    E59 | Batch [020/082] | Loss: 0.3865 | P@10:  70.0% | P@20:  95.0%
2026-02-27 09:39:26,769 [INFO]    E59 | Batch [040/082] | Loss: 0.2696 | P@10:  70.0% | P@20:  90.0%
2026-02-27 09:40:02,505 [INFO]    E59 | Batch [060/082] | Loss: 0.4304 | P@10:  80.0% | P@20:  85.0%
2026-02-27 09:40:36,056 [INFO]    E59 | Batch [080/082] | Loss: 0.7705 | P@10:  70.0% | P@20:  95.0%
2026-02-27 09:40:43,975 [INFO] [FORTALEZA] E59 | REALITY P@10: 22.1% | P@20: 38.1%
2026-02-27 09:40:45,653 [INFO]    E60 | Batch [001/082] | Loss: 0.3984 | P@10:  80.0% | P@20:  85.0%
2026-02-27 09:41:19,158 [INFO]    E60 | Batch [020/082] | Loss: 0.9608 | P@10:  80.0% | P@20:  85.0%
2026-02-27 09:41:54,880 [INFO]    E60 | Batch [040/082] | Loss: 0.2069 | P@10:  90.0% | P@20:  65.0%
2026-02-27 09:42:31,708 [INFO]    E60 | Batch [060/082] | Loss: 0.6122 | P@10:  80.0% | P@20:  85.0%
2026-02-27 09:43:05,129 [INFO]    E60 | Batch [080/082] | Loss: 0.5193 | P@10:  70.0% | P@20:  80.0%
2026-02-27 09:43:12,978 [INFO] [FORTALEZA] E60 | REALITY P@10: 22.1% | P@20: 36.0%
2026-02-27 09:43:14,641 [INFO]    E61 | Batch [001/082] | Loss: 0.6094 | P@10:  70.0% | P@20:  70.0%
2026-02-27 09:43:47,818 [INFO]    E61 | Batch [020/082] | Loss: 0.2250 | P@10:  60.0% | P@20:  85.0%
2026-02-27 09:44:23,903 [INFO]    E61 | Batch [040/082] | Loss: 0.6509 | P@10:  70.0% | P@20:  85.0%
2026-02-27 09:45:01,480 [INFO]    E61 | Batch [060/082] | Loss: 0.4178 | P@10:  80.0% | P@20:  85.0%
2026-02-27 09:45:37,938 [INFO]    E61 | Batch [080/082] | Loss: 0.6157 | P@10:  90.0% | P@20:  85.0%
2026-02-27 09:45:46,128 [INFO] [FORTALEZA] E61 | REALITY P@10: 23.6% | P@20: 37.8%
2026-02-27 09:45:47,894 [INFO]    E62 | Batch [001/082] | Loss: 0.7846 | P@10:  70.0% | P@20:  80.0%
2026-02-27 09:46:19,777 [INFO]    E62 | Batch [020/082] | Loss: 0.7103 | P@10:  60.0% | P@20: 100.0%
2026-02-27 09:46:54,328 [INFO]    E62 | Batch [040/082] | Loss: 0.4318 | P@10:  80.0% | P@20:  55.0%
2026-02-27 09:47:29,579 [INFO]    E62 | Batch [060/082] | Loss: 0.6826 | P@10:  80.0% | P@20:  75.0%
2026-02-27 09:48:07,191 [INFO]    E62 | Batch [080/082] | Loss: 0.3137 | P@10:  70.0% | P@20:  85.0%
2026-02-27 09:48:16,044 [INFO] [FORTALEZA] E62 | REALITY P@10: 18.3% | P@20: 34.5%
2026-02-27 09:48:17,976 [INFO]    E63 | Batch [001/082] | Loss: 0.4174 | P@10:  60.0% | P@20:  85.0%
2026-02-27 09:48:51,934 [INFO]    E63 | Batch [020/082] | Loss: 0.6842 | P@10:  90.0% | P@20:  80.0%
2026-02-27 09:49:26,538 [INFO]    E63 | Batch [040/082] | Loss: 0.4847 | P@10:  80.0% | P@20:  70.0%
2026-02-27 09:50:01,740 [INFO]    E63 | Batch [060/082] | Loss: 0.3793 | P@10:  70.0% | P@20: 100.0%
2026-02-27 09:50:38,128 [INFO]    E63 | Batch [080/082] | Loss: 0.8791 | P@10:  70.0% | P@20:  80.0%
2026-02-27 09:50:46,986 [INFO] [FORTALEZA] E63 | REALITY P@10: 20.6% | P@20: 35.3%
2026-02-27 09:50:48,855 [INFO]    E64 | Batch [001/082] | Loss: 0.8007 | P@10:  60.0% | P@20:  90.0%
2026-02-27 09:51:22,482 [INFO]    E64 | Batch [020/082] | Loss: 1.0856 | P@10:  70.0% | P@20:  85.0%
2026-02-27 09:51:55,377 [INFO]    E64 | Batch [040/082] | Loss: 0.3508 | P@10:  80.0% | P@20:  65.0%
2026-02-27 09:52:28,989 [INFO]    E64 | Batch [060/082] | Loss: 0.4026 | P@10:  70.0% | P@20:  85.0%
2026-02-27 09:53:03,673 [INFO]    E64 | Batch [080/082] | Loss: 0.6117 | P@10:  70.0% | P@20:  85.0%
2026-02-27 09:53:11,908 [INFO] [FORTALEZA] E64 | REALITY P@10: 22.9% | P@20: 38.6%
2026-02-27 09:53:13,721 [INFO]    E65 | Batch [001/082] | Loss: 0.5489 | P@10:  50.0% | P@20:  80.0%
2026-02-27 09:53:48,470 [INFO]    E65 | Batch [020/082] | Loss: 0.6103 | P@10:  80.0% | P@20:  60.0%
2026-02-27 09:54:26,115 [INFO]    E65 | Batch [040/082] | Loss: 0.4518 | P@10:  60.0% | P@20:  90.0%
2026-02-27 09:55:01,760 [INFO]    E65 | Batch [060/082] | Loss: 0.4131 | P@10:  60.0% | P@20:  95.0%
2026-02-27 09:55:36,818 [INFO]    E65 | Batch [080/082] | Loss: 0.7114 | P@10:  70.0% | P@20:  85.0%
2026-02-27 09:55:44,925 [INFO] [FORTALEZA] E65 | REALITY P@10: 23.0% | P@20: 37.2%
2026-02-27 09:55:46,615 [INFO]    E66 | Batch [001/082] | Loss: 0.3682 | P@10:  60.0% | P@20:  85.0%
2026-02-27 09:56:20,876 [INFO]    E66 | Batch [020/082] | Loss: 0.4256 | P@10:  70.0% | P@20:  85.0%
2026-02-27 09:56:57,743 [INFO]    E66 | Batch [040/082] | Loss: 0.2356 | P@10:  50.0% | P@20:  45.0%
2026-02-27 09:57:33,991 [INFO]    E66 | Batch [060/082] | Loss: 0.6974 | P@10:  90.0% | P@20:  65.0%
2026-02-27 09:58:08,010 [INFO]    E66 | Batch [080/082] | Loss: 0.4495 | P@10:  70.0% | P@20:  75.0%
2026-02-27 09:58:16,094 [INFO] [FORTALEZA] E66 | REALITY P@10: 23.3% | P@20: 38.1%
2026-02-27 09:58:17,882 [INFO]    E67 | Batch [001/082] | Loss: 0.4404 | P@10:  40.0% | P@20:  90.0%
2026-02-27 09:58:51,802 [INFO]    E67 | Batch [020/082] | Loss: 0.6002 | P@10:  70.0% | P@20:  70.0%
2026-02-27 09:59:28,885 [INFO]    E67 | Batch [040/082] | Loss: 0.2599 | P@10:  70.0% | P@20:  45.0%
2026-02-27 10:00:05,725 [INFO]    E67 | Batch [060/082] | Loss: 0.3437 | P@10:  60.0% | P@20:  90.0%
2026-02-27 10:00:39,706 [INFO]    E67 | Batch [080/082] | Loss: 0.6174 | P@10:  90.0% | P@20:  60.0%
2026-02-27 10:00:47,516 [INFO] [FORTALEZA] E67 | REALITY P@10: 22.0% | P@20: 37.4%
2026-02-27 10:00:49,157 [INFO]    E68 | Batch [001/082] | Loss: 0.2899 | P@10:  60.0% | P@20:  80.0%
2026-02-27 10:01:23,013 [INFO]    E68 | Batch [020/082] | Loss: 0.4342 | P@10:  80.0% | P@20:  85.0%
2026-02-27 10:01:59,970 [INFO]    E68 | Batch [040/082] | Loss: 0.5421 | P@10:  80.0% | P@20:  75.0%
2026-02-27 10:02:37,794 [INFO]    E68 | Batch [060/082] | Loss: 0.4501 | P@10:  50.0% | P@20:  85.0%
2026-02-27 10:03:11,735 [INFO]    E68 | Batch [080/082] | Loss: 0.4539 | P@10: 100.0% | P@20:  60.0%
2026-02-27 10:03:19,639 [INFO] [FORTALEZA] E68 | REALITY P@10: 22.6% | P@20: 35.9%
2026-02-27 10:03:21,361 [INFO]    E69 | Batch [001/082] | Loss: 0.4341 | P@10:  80.0% | P@20:  75.0%
2026-02-27 10:03:54,660 [INFO]    E69 | Batch [020/082] | Loss: 0.2752 | P@10:  70.0% | P@20: 100.0%
2026-02-27 10:04:30,891 [INFO]    E69 | Batch [040/082] | Loss: 0.3043 | P@10:  50.0% | P@20:  85.0%
2026-02-27 10:05:08,961 [INFO]    E69 | Batch [060/082] | Loss: 0.5510 | P@10:  80.0% | P@20:  75.0%
2026-02-27 10:05:43,122 [INFO]    E69 | Batch [080/082] | Loss: 0.2787 | P@10:  80.0% | P@20:  90.0%
2026-02-27 10:05:50,847 [INFO] [FORTALEZA] E69 | REALITY P@10: 21.1% | P@20: 37.6%
2026-02-27 10:05:52,566 [INFO]    E70 | Batch [001/082] | Loss: 0.6310 | P@10:  60.0% | P@20:  70.0%
2026-02-27 10:06:26,210 [INFO]    E70 | Batch [020/082] | Loss: 0.3578 | P@10:  80.0% | P@20:  95.0%
2026-02-27 10:07:03,237 [INFO]    E70 | Batch [040/082] | Loss: 0.9644 | P@10:  80.0% | P@20:  80.0%
2026-02-27 10:07:40,891 [INFO]    E70 | Batch [060/082] | Loss: 0.4156 | P@10:  70.0% | P@20:  70.0%
2026-02-27 10:08:15,437 [INFO]    E70 | Batch [080/082] | Loss: 0.3466 | P@10:  60.0% | P@20:  90.0%
2026-02-27 10:08:23,451 [INFO] [FORTALEZA] E70 | REALITY P@10: 24.3% | P@20: 39.0%
2026-02-27 10:08:25,244 [INFO]    E71 | Batch [001/082] | Loss: 0.7528 | P@10:  50.0% | P@20:  95.0%
2026-02-27 10:08:58,699 [INFO]    E71 | Batch [020/082] | Loss: 0.3128 | P@10:  70.0% | P@20:  90.0%
2026-02-27 10:09:35,895 [INFO]    E71 | Batch [040/082] | Loss: 0.2681 | P@10:  70.0% | P@20:  70.0%
2026-02-27 10:10:13,926 [INFO]    E71 | Batch [060/082] | Loss: 0.6145 | P@10:  70.0% | P@20:  85.0%
2026-02-27 10:10:47,912 [INFO]    E71 | Batch [080/082] | Loss: 0.2560 | P@10:  60.0% | P@20:  90.0%
2026-02-27 10:10:55,549 [INFO] [FORTALEZA] E71 | REALITY P@10: 23.7% | P@20: 38.0%
2026-02-27 10:10:57,207 [INFO]    E72 | Batch [001/082] | Loss: 0.2823 | P@10:  70.0% | P@20:  85.0%
2026-02-27 10:11:29,279 [INFO]    E72 | Batch [020/082] | Loss: 0.5387 | P@10:  70.0% | P@20:  80.0%
2026-02-27 10:12:04,301 [INFO]    E72 | Batch [040/082] | Loss: 0.4963 | P@10:  70.0% | P@20:  75.0%
2026-02-27 10:12:40,185 [INFO]    E72 | Batch [060/082] | Loss: 0.2538 | P@10:  70.0% | P@20:  85.0%
2026-02-27 10:13:18,104 [INFO]    E72 | Batch [080/082] | Loss: 0.3088 | P@10:  80.0% | P@20:  60.0%
2026-02-27 10:13:27,213 [INFO] [FORTALEZA] E72 | REALITY P@10: 22.7% | P@20: 38.2%
2026-02-27 10:13:29,092 [INFO]    E73 | Batch [001/082] | Loss: 0.3383 | P@10:  70.0% | P@20:  85.0%
2026-02-27 10:14:03,293 [INFO]    E73 | Batch [020/082] | Loss: 0.6061 | P@10:  60.0% | P@20:  75.0%
2026-02-27 10:14:37,973 [INFO]    E73 | Batch [040/082] | Loss: 0.5518 | P@10:  70.0% | P@20:  90.0%
2026-02-27 10:15:13,382 [INFO]    E73 | Batch [060/082] | Loss: 0.2549 | P@10:  70.0% | P@20:  75.0%
2026-02-27 10:15:50,013 [INFO]    E73 | Batch [080/082] | Loss: 0.3007 | P@10:  80.0% | P@20:  95.0%
2026-02-27 10:15:59,075 [INFO] [FORTALEZA] E73 | REALITY P@10: 23.3% | P@20: 37.4%
2026-02-27 10:16:01,117 [INFO]    E74 | Batch [001/082] | Loss: 0.2994 | P@10:  60.0% | P@20:  90.0%
2026-02-27 10:16:36,965 [INFO]    E74 | Batch [020/082] | Loss: 0.5241 | P@10:  90.0% | P@20:  65.0%
2026-02-27 10:17:13,116 [INFO]    E74 | Batch [040/082] | Loss: 0.7390 | P@10:  60.0% | P@20:  85.0%
2026-02-27 10:17:50,543 [INFO]    E74 | Batch [060/082] | Loss: 0.2014 | P@10:  60.0% | P@20:  40.0%
2026-02-27 10:18:24,214 [INFO]    E74 | Batch [080/082] | Loss: 0.4309 | P@10:  70.0% | P@20:  80.0%
2026-02-27 10:18:31,641 [INFO] [FORTALEZA] E74 | REALITY P@10: 23.9% | P@20: 38.5%
2026-02-27 10:18:33,214 [INFO]    E75 | Batch [001/082] | Loss: 0.3260 | P@10:  80.0% | P@20:  80.0%
2026-02-27 10:19:04,340 [INFO]    E75 | Batch [020/082] | Loss: 0.2464 | P@10:  60.0% | P@20:  85.0%
2026-02-27 10:19:38,465 [INFO]    E75 | Batch [040/082] | Loss: 0.5819 | P@10:  70.0% | P@20:  70.0%
2026-02-27 10:20:14,051 [INFO]    E75 | Batch [060/082] | Loss: 0.4948 | P@10:  80.0% | P@20:  90.0%
2026-02-27 10:20:50,605 [INFO]    E75 | Batch [080/082] | Loss: 0.6106 | P@10:  60.0% | P@20:  65.0%
2026-02-27 10:20:59,159 [INFO] [FORTALEZA] E75 | REALITY P@10: 24.1% | P@20: 37.2%
2026-02-27 10:21:01,146 [INFO]    E76 | Batch [001/082] | Loss: 0.4539 | P@10:  80.0% | P@20:  90.0%
2026-02-27 10:21:37,698 [INFO]    E76 | Batch [020/082] | Loss: 0.4295 | P@10:  50.0% | P@20:  95.0%
2026-02-27 10:22:13,598 [INFO]    E76 | Batch [040/082] | Loss: 0.5526 | P@10:  60.0% | P@20:  95.0%
2026-02-27 10:22:50,104 [INFO]    E76 | Batch [060/082] | Loss: 0.5229 | P@10:  70.0% | P@20:  75.0%
2026-02-27 10:23:26,881 [INFO]    E76 | Batch [080/082] | Loss: 0.3198 | P@10:  80.0% | P@20:  85.0%
2026-02-27 10:23:34,657 [INFO] [FORTALEZA] E76 | REALITY P@10: 22.7% | P@20: 37.5%
2026-02-27 10:23:36,458 [INFO]    E77 | Batch [001/082] | Loss: 0.4673 | P@10:  70.0% | P@20:  85.0%
2026-02-27 10:24:08,537 [INFO]    E77 | Batch [020/082] | Loss: 0.2381 | P@10:  80.0% | P@20:  50.0%
2026-02-27 10:24:43,247 [INFO]    E77 | Batch [040/082] | Loss: 0.5076 | P@10:  50.0% | P@20:  90.0%
2026-02-27 10:25:19,940 [INFO]    E77 | Batch [060/082] | Loss: 0.9750 | P@10:  80.0% | P@20:  75.0%
2026-02-27 10:25:58,255 [INFO]    E77 | Batch [080/082] | Loss: 0.3349 | P@10: 100.0% | P@20:  60.0%
2026-02-27 10:26:06,375 [INFO] [FORTALEZA] E77 | REALITY P@10: 22.7% | P@20: 37.7%
2026-02-27 10:26:08,140 [INFO]    E78 | Batch [001/082] | Loss: 0.1897 | P@10:  50.0% | P@20:  90.0%
2026-02-27 10:26:40,154 [INFO]    E78 | Batch [020/082] | Loss: 0.3758 | P@10:  70.0% | P@20:  80.0%
2026-02-27 10:27:15,071 [INFO]    E78 | Batch [040/082] | Loss: 0.2477 | P@10:  70.0% | P@20:  75.0%
2026-02-27 10:27:51,473 [INFO]    E78 | Batch [060/082] | Loss: 0.2265 | P@10:  50.0% | P@20:  95.0%
2026-02-27 10:28:28,810 [INFO]    E78 | Batch [080/082] | Loss: 0.7318 | P@10:  60.0% | P@20:  80.0%
2026-02-27 10:28:37,005 [INFO] [FORTALEZA] E78 | REALITY P@10: 23.1% | P@20: 37.9%
2026-02-27 10:28:38,716 [INFO]    E79 | Batch [001/082] | Loss: 0.4699 | P@10:  90.0% | P@20:  80.0%
2026-02-27 10:29:10,584 [INFO]    E79 | Batch [020/082] | Loss: 0.4174 | P@10:  60.0% | P@20:  90.0%
2026-02-27 10:29:45,683 [INFO]    E79 | Batch [040/082] | Loss: 0.5028 | P@10:  70.0% | P@20:  90.0%
2026-02-27 10:30:21,840 [INFO]    E79 | Batch [060/082] | Loss: 0.2573 | P@10:  70.0% | P@20:  90.0%
2026-02-27 10:30:59,241 [INFO]    E79 | Batch [080/082] | Loss: 0.4659 | P@10:  60.0% | P@20:  75.0%
2026-02-27 10:31:07,379 [INFO] [FORTALEZA] E79 | REALITY P@10: 23.9% | P@20: 37.9%
2026-02-27 10:31:09,056 [INFO]    E80 | Batch [001/082] | Loss: 0.7723 | P@10:  90.0% | P@20:  55.0%
2026-02-27 10:31:41,736 [INFO]    E80 | Batch [020/082] | Loss: 0.3786 | P@10:  60.0% | P@20:  85.0%
2026-02-27 10:32:17,212 [INFO]    E80 | Batch [040/082] | Loss: 0.2506 | P@10:  50.0% | P@20:  95.0%
2026-02-27 10:32:52,979 [INFO]    E80 | Batch [060/082] | Loss: 0.4235 | P@10:  60.0% | P@20:  95.0%
2026-02-27 10:33:31,048 [INFO]    E80 | Batch [080/082] | Loss: 0.2998 | P@10:  50.0% | P@20:  95.0%
2026-02-27 10:33:39,862 [INFO] [FORTALEZA] E80 | REALITY P@10: 24.1% | P@20: 37.9%
