2026-02-25 14:24:28,876 [INFO] ==================================================
2026-02-25 14:24:28,877 [INFO] ⚡ INICIANDO TREINAMENTO: FORTALEZA (STANDALONE - 30 EPOCHS)
2026-02-25 14:24:28,877 [INFO] ==================================================
2026-02-25 14:24:28,877 [INFO] Carregando dados de: C:\Users\STI01\Desktop\Projetos\st-gcn_Jules\data\processed\processed_fortaleza.pkl
2026-02-25 14:24:29,272 [INFO] --- AUDITORIA DE BLINDAGEM ---
2026-02-25 14:24:29,272 [INFO] TREINO: 2023-09-17 até 2025-10-25
2026-02-25 14:24:29,272 [INFO] LASTRO (INÉDITO): 2025-11-09 até 2026-02-06
2026-02-25 14:24:29,282 [INFO] GAP DE SEGURANÇA: 14 dias
2026-02-25 14:24:29,282 [INFO] ------------------------------
2026-02-25 14:24:29,282 [INFO] Dataset: Treino=680 | Val=90 | Lastro Inédito=90
2026-02-25 14:24:30,125 [INFO] 🎬 Iniciando Loop de Treinamento: 30 épocas | 54 passos/época
2026-02-25 14:24:30,126 [INFO] ====================================================================================================
2026-02-25 14:24:30,126 [INFO] PASSO           | LR         | LOSS       | P@10     | P@20    
2026-02-25 14:24:30,126 [INFO] ====================================================================================================
2026-02-25 14:24:32,881 [INFO] E01 [002/054] | 0.000800 | 13.886574 |  30.0% |  40.0%
2026-02-25 14:24:35,721 [INFO] E01 [004/054] | 0.000802 | 3.748037 |  50.0% |  45.0%
2026-02-25 14:24:38,352 [INFO] E01 [006/054] | 0.000805 | 1.014637 |  20.0% |  40.0%
2026-02-25 14:24:41,066 [INFO] E01 [008/054] | 0.000809 | 1.703999 |  30.0% |  35.0%
2026-02-25 14:24:43,780 [INFO] E01 [010/054] | 0.000815 | 2.755246 |  20.0% |  40.0%
2026-02-25 14:24:46,166 [INFO] E01 [012/054] | 0.000822 | 0.952918 |  20.0% |  60.0%
2026-02-25 14:24:48,571 [INFO] E01 [014/054] | 0.000831 | 0.934474 |  20.0% |  40.0%
2026-02-25 14:24:51,025 [INFO] E01 [016/054] | 0.000841 | 1.061058 |  40.0% |  55.0%
2026-02-25 14:24:53,397 [INFO] E01 [018/054] | 0.000852 | 0.922354 |  60.0% |  45.0%
2026-02-25 14:24:55,787 [INFO] E01 [020/054] | 0.000865 | 1.398348 |  30.0% |  45.0%
2026-02-25 14:24:58,227 [INFO] E01 [022/054] | 0.000880 | 1.309104 |  40.0% |  55.0%
2026-02-25 14:25:00,675 [INFO] E01 [024/054] | 0.000895 | 1.336256 |  20.0% |  55.0%
2026-02-25 14:25:03,103 [INFO] E01 [026/054] | 0.000913 | 0.834849 |  30.0% |  35.0%
2026-02-25 14:25:05,549 [INFO] E01 [028/054] | 0.000931 | 0.569605 |  30.0% |  50.0%
2026-02-25 14:25:07,959 [INFO] E01 [030/054] | 0.000952 | 1.161416 |  30.0% |  50.0%
2026-02-25 14:25:10,494 [INFO] E01 [032/054] | 0.000973 | 1.101050 |  40.0% |  40.0%
2026-02-25 14:25:12,975 [INFO] E01 [034/054] | 0.000996 | 1.591907 |  40.0% |  55.0%
2026-02-25 14:25:15,653 [INFO] E01 [036/054] | 0.001021 | 1.227393 |  20.0% |  50.0%
2026-02-25 14:25:18,399 [INFO] E01 [038/054] | 0.001046 | 0.819474 |  50.0% |  55.0%
2026-02-25 14:25:20,888 [INFO] E01 [040/054] | 0.001074 | 1.677149 |  10.0% |  40.0%
2026-02-25 14:25:23,441 [INFO] E01 [042/054] | 0.001102 | 1.090718 |  40.0% |  50.0%
2026-02-25 14:25:25,930 [INFO] E01 [044/054] | 0.001132 | 1.116321 |  20.0% |  55.0%
2026-02-25 14:25:28,642 [INFO] E01 [046/054] | 0.001164 | 0.919250 |  20.0% |  60.0%
2026-02-25 14:25:31,446 [INFO] E01 [048/054] | 0.001196 | 1.240698 |  30.0% |  50.0%
2026-02-25 14:25:34,157 [INFO] E01 [050/054] | 0.001231 | 1.000453 |  30.0% |  35.0%
