2026-03-15 20:11:39,935 [INFO] 
================================================================================
2026-03-15 20:11:39,935 [INFO] 🚀 RETREINO INTERIOR — 33 CANAIS (Multi-Scale Momentum + Cold Streak)
2026-03-15 20:11:39,935 [INFO] ⚙️ PARAMS: LR=0.005 | WINDOW=120 | DROPOUT=0.3 | K=10 | DEVICE=cpu
2026-03-15 20:11:39,935 [INFO] ================================================================================
2026-03-15 20:11:40,379 [INFO] 📦 Interior: 50 nós, 1526 timesteps, 29 canais originais
2026-03-15 20:11:40,391 [INFO] 📊 CVLI canal 0: 949/76300 não-zeros (1.24%)
2026-03-15 20:11:40,391 [INFO] 📊 Max CVLI por nó (top 10): [8.0, 4.0, 4.0, 4.0, 4.0, 4.0, 3.0, 2.0, 2.0, 2.0]
2026-03-15 20:11:40,392 [INFO] 🔧 Calculando canais de Multi-Scale Momentum + Cold Streak...
2026-03-15 20:11:40,449 [INFO] ✅ Features estendidas: shape=(50, 1526, 33) (33 canais)
2026-03-15 20:11:41,075 [INFO] 📐 Total de janelas construídas: 1399
2026-03-15 20:11:41,075 [INFO] 🔀 Split: 1189 treino | 210 validação
2026-03-15 20:11:47,980 [INFO] E001 | Batch 001 | LR: 0.00020 | Loss: 1.0137 | Grad: 1.4300 | P@2: 0.0%
2026-03-15 20:11:53,163 [INFO] E001 | Batch 002 | LR: 0.00020 | Loss: 0.9816 | Grad: 1.4032 | P@9: 33.3%
2026-03-15 20:11:59,158 [INFO] E001 | Batch 003 | LR: 0.00020 | Loss: 0.9638 | Grad: 1.5707 | P@2: 0.0%
2026-03-15 20:12:05,416 [INFO] E001 | Batch 004 | LR: 0.00020 | Loss: 0.9360 | Grad: 1.7176 | P@4: 50.0%
2026-03-15 20:12:11,134 [INFO] E001 | Batch 005 | LR: 0.00020 | Loss: 0.9967 | Grad: 1.8985 | P@4: 25.0%
2026-03-15 20:12:16,492 [INFO] E001 | Batch 006 | LR: 0.00020 | Loss: 0.8155 | Grad: 1.8975 | P@7: 42.9%
2026-03-15 20:12:22,399 [INFO] E001 | Batch 007 | LR: 0.00020 | Loss: 0.9792 | Grad: 2.0625 | P@8: 25.0%
2026-03-15 20:12:33,903 [INFO] E001 | Batch 008 | LR: 0.00020 | Loss: 1.0117 | Grad: 1.9467 | P@4: 0.0%
2026-03-15 20:12:50,720 [INFO] E001 | Batch 009 | LR: 0.00020 | Loss: 1.0910 | Grad: 1.9044 | P@3: 0.0%
2026-03-15 20:13:18,781 [INFO] E001 | Batch 010 | LR: 0.00020 | Loss: 1.0188 | Grad: 2.2032 | P@4: 0.0%
2026-03-15 20:13:47,885 [INFO] E001 | Batch 011 | LR: 0.00020 | Loss: 0.5105 | Grad: 1.6261 | P@6: 50.0%
2026-03-15 20:14:16,222 [INFO] E001 | Batch 012 | LR: 0.00020 | Loss: 0.9596 | Grad: 1.6884 | P@2: 0.0%
2026-03-15 20:15:24,846 [INFO] E001 | Batch 013 | LR: 0.00020 | Loss: 0.5845 | Grad: 1.6881 | P@4: 50.0%
2026-03-15 20:16:27,465 [INFO] E001 | Batch 014 | LR: 0.00020 | Loss: 0.7158 | Grad: 1.6438 | P@2: 50.0%
2026-03-15 20:16:49,931 [INFO] E001 | Batch 015 | LR: 0.00020 | Loss: 1.3110 | Grad: 1.6751 | P@8: 25.0%
2026-03-15 20:16:59,930 [INFO] E001 | Batch 016 | LR: 0.00020 | Loss: 1.0172 | Grad: 1.9448 | P@4: 50.0%
2026-03-15 20:17:06,956 [INFO] E001 | Batch 017 | LR: 0.00020 | Loss: 1.4025 | Grad: 1.5197 | P@3: 33.3%
2026-03-15 20:17:12,760 [INFO] E001 | Batch 018 | LR: 0.00020 | Loss: 0.6759 | Grad: 2.0885 | P@3: 0.0%
2026-03-15 20:17:18,931 [INFO] E001 | Batch 019 | LR: 0.00020 | Loss: 0.5798 | Grad: 1.8880 | P@1: 0.0%
2026-03-15 20:18:20,735 [INFO] E001 | Batch 021 | LR: 0.00021 | Loss: 1.1520 | Grad: 1.8346 | P@3: 0.0%
2026-03-15 20:18:50,432 [INFO] E001 | Batch 022 | LR: 0.00021 | Loss: 0.4938 | Grad: 1.7735 | P@4: 25.0%
2026-03-15 20:19:19,665 [INFO] E001 | Batch 023 | LR: 0.00021 | Loss: 1.1786 | Grad: 1.4694 | P@5: 40.0%
2026-03-15 20:19:53,549 [INFO] E001 | Batch 024 | LR: 0.00021 | Loss: 0.6549 | Grad: 1.5803 | P@2: 0.0%
2026-03-15 20:20:20,012 [INFO] E001 | Batch 025 | LR: 0.00021 | Loss: 0.3681 | Grad: 1.5523 | P@6: 50.0%
2026-03-15 20:20:48,781 [INFO] E001 | Batch 026 | LR: 0.00021 | Loss: 0.0773 | Grad: 1.5118 | P@2: 0.0%
2026-03-15 20:21:08,635 [INFO] E001 | Batch 027 | LR: 0.00021 | Loss: 0.5000 | Grad: 1.3814 | P@5: 40.0%
2026-03-15 20:21:20,946 [INFO] E001 | Batch 028 | LR: 0.00021 | Loss: 0.6667 | Grad: 1.7690 | P@4: 25.0%
2026-03-15 20:21:45,995 [INFO] E001 | Batch 029 | LR: 0.00021 | Loss: 1.0697 | Grad: 1.6024 | P@4: 0.0%
2026-03-15 20:21:56,132 [INFO] E001 | Batch 030 | LR: 0.00021 | Loss: 0.3991 | Grad: 1.4802 | P@3: 33.3%
2026-03-15 20:22:01,599 [INFO] E001 | Batch 031 | LR: 0.00021 | Loss: 0.1093 | Grad: 1.5652 | P@4: 25.0%
2026-03-15 20:22:07,583 [INFO] E001 | Batch 032 | LR: 0.00021 | Loss: 0.3436 | Grad: 1.3812 | P@3: 33.3%
2026-03-15 20:22:35,006 [INFO] E001 | Batch 033 | LR: 0.00021 | Loss: 0.3551 | Grad: 1.2903 | P@6: 33.3%
2026-03-15 20:23:04,801 [INFO] E001 | Batch 034 | LR: 0.00022 | Loss: 0.1764 | Grad: 1.5194 | P@5: 60.0%
2026-03-15 20:23:33,159 [INFO] E001 | Batch 035 | LR: 0.00022 | Loss: 1.0346 | Grad: 1.7231 | P@3: 0.0%
2026-03-15 20:24:05,795 [INFO] E001 | Batch 036 | LR: 0.00022 | Loss: 0.7992 | Grad: 1.6538 | P@6: 33.3%
2026-03-15 20:24:38,533 [INFO] E001 | Batch 037 | LR: 0.00022 | Loss: 1.1262 | Grad: 1.8268 | P@3: 0.0%
2026-03-15 20:26:19,594 [INFO] 
---> ÉPOCA 001 | Val P@10: 47.27% | Loss: 0.7404 | Grad: 1.6888 | Recorde: 47.27% <---

2026-03-15 20:26:19,676 [INFO] 💎 NOVO RECORDE: P@10=47.27% → models/active/interior_retrain_64.pth
2026-03-15 20:26:44,536 [INFO] E002 | Batch 001 | LR: 0.00022 | Loss: 0.6547 | Grad: 1.4199 | P@3: 33.3%
2026-03-15 20:27:10,331 [INFO] E002 | Batch 002 | LR: 0.00022 | Loss: 0.5412 | Grad: 1.5621 | P@3: 66.7%
2026-03-15 20:27:41,554 [INFO] E002 | Batch 003 | LR: 0.00022 | Loss: 0.3155 | Grad: 1.4863 | P@3: 66.7%
2026-03-15 20:28:11,184 [INFO] E002 | Batch 004 | LR: 0.00022 | Loss: 1.0790 | Grad: 1.5759 | P@5: 20.0%
2026-03-15 20:28:40,918 [INFO] E002 | Batch 005 | LR: 0.00022 | Loss: 0.4971 | Grad: 1.5520 | P@4: 50.0%
2026-03-15 20:29:12,190 [INFO] E002 | Batch 006 | LR: 0.00023 | Loss: 1.4872 | Grad: 2.2262 | P@5: 20.0%
2026-03-15 20:29:42,121 [INFO] E002 | Batch 007 | LR: 0.00023 | Loss: 0.8181 | Grad: 1.4611 | P@3: 0.0%
2026-03-15 20:30:03,043 [INFO] E002 | Batch 008 | LR: 0.00023 | Loss: 0.2058 | Grad: 1.5422 | P@1: 0.0%
2026-03-15 20:30:17,109 [INFO] E002 | Batch 009 | LR: 0.00023 | Loss: 0.1795 | Grad: 1.5268 | P@2: 50.0%
2026-03-15 20:30:43,697 [INFO] E002 | Batch 010 | LR: 0.00023 | Loss: 1.1761 | Grad: 1.6065 | P@9: 22.2%
2026-03-15 20:31:16,498 [INFO] E002 | Batch 011 | LR: 0.00023 | Loss: 0.2581 | Grad: 1.6148 | P@2: 50.0%
2026-03-15 20:31:37,282 [INFO] E002 | Batch 012 | LR: 0.00023 | Loss: 0.6959 | Grad: 1.8328 | P@6: 33.3%
